melos run test
  └> melos run test:select --no-select
     └> RUNNING

melos run test:select
  └> melos exec -c 1 -- flutter test
     └> RUNNING

$ melos exec
  └> flutter test
     └> RUNNING (in 30 packages)

--------------------------------------------------------------------------------
behavior_tree:
Resolving dependencies in `/Users/taormina/Code/flame`...
Downloading packages...
  _fe_analyzer_shared 85.0.0 (92.0.0 available)
  analyzer 7.7.1 (9.0.0 available)
  async 2.11.0 (2.13.0 available)
  bloc 8.1.4 (9.1.0 available)
  boolean_selector 2.1.1 (2.1.2 available)
  build 3.1.0 (4.0.2 available)
  build_resolvers 3.0.3 (3.0.4 available)
  build_runner 2.7.1 (2.10.1 available)
  build_runner_core 9.3.1 (9.3.2 available)
  characters 1.4.0 (1.4.1 available)
  charcode 1.3.1 (1.4.0 available)
  cli_launcher 0.3.1 (0.3.2+1 available)
  dart_style 3.1.1 (3.1.2 available)
  dartdoc 8.3.4 (9.0.0 available)
  devtools_app_shared 0.3.1 (0.4.0 available)
  devtools_extensions 0.3.1 (0.4.0 available)
  devtools_shared 11.2.1 (12.0.0 available)
  dtd 2.5.1 (4.0.0 available)
  file 7.0.0 (7.0.1 available)
  flutter_bloc 8.1.6 (9.1.1 available)
  flutter_riverpod 2.6.1 (3.0.3 available)
  glob 2.1.2 (2.1.3 available)
  http 1.2.2 (1.5.0 available)
  http_parser 4.1.0 (4.1.2 available)
  io 1.0.4 (1.0.5 available)
  js 0.6.7 (0.7.2 available)
  json_rpc_2 3.0.3 (4.0.0 available)
  material_color_utilities 0.11.1 (0.13.0 available)
  melos 7.0.0-dev.10 (7.3.0 available)
  mockito 5.5.0 (5.5.1 available)
  mustache_template 2.0.0 (2.0.2 available)
  platform 3.1.5 (3.1.6 available)
  pool 1.5.1 (1.5.2 available)
  process 5.0.2 (5.0.5 available)
  quiver 3.2.1 (3.2.2 available)
  riverpod 2.6.1 (3.0.3 available)
  source_gen 3.1.0 (4.0.2 available)
  source_span 1.10.0 (1.10.1 available)
  string_scanner 1.3.0 (1.4.1 available)
  term_glyph 1.2.1 (1.2.2 available)
Got dependencies in `/Users/taormina/Code/flame`!
40 packages have newer versions incompatible with dependency constraints.
Try `flutter pub outdated` for more information.
00:00 +0: loading /Users/taormina/Code/flame/packages/flame_behavior_tree/behavior_tree/test/inverter_test.dart                                                                                        00:01 +0: loading /Users/taormina/Code/flame/packages/flame_behavior_tree/behavior_tree/test/inverter_test.dart                                                                                        00:01 +0: /Users/taormina/Code/flame/packages/flame_behavior_tree/behavior_tree/test/inverter_test.dart: Inverter can be instantiated.                                                                 00:01 +1: /Users/taormina/Code/flame/packages/flame_behavior_tree/behavior_tree/test/inverter_test.dart: Inverter can be instantiated.                                                                 00:01 +2: /Users/taormina/Code/flame/packages/flame_behavior_tree/behavior_tree/test/inverter_test.dart: Inverter can be instantiated.                                                                 00:01 +3: /Users/taormina/Code/flame/packages/flame_behavior_tree/behavior_tree/test/limiter_test.dart: Limiter can be instantiated.                                                                   00:01 +4: /Users/taormina/Code/flame/packages/flame_behavior_tree/behavior_tree/test/inverter_test.dart: Inverter default status is inverted child status.                                             00:01 +5: /Users/taormina/Code/flame/packages/flame_behavior_tree/behavior_tree/test/inverter_test.dart: Inverter default status is inverted child status.                                             00:01 +6: /Users/taormina/Code/flame/packages/flame_behavior_tree/behavior_tree/test/inverter_test.dart: Inverter default status is inverted child status.                                             00:01 +6: /Users/taormina/Code/flame/packages/flame_behavior_tree/behavior_tree/test/limiter_test.dart: Limiter limits tick count of child.                                                            00:01 +7: /Users/taormina/Code/flame/packages/flame_behavior_tree/behavior_tree/test/limiter_test.dart: Limiter limits tick count of child.                                                            00:01 +8: /Users/taormina/Code/flame/packages/flame_behavior_tree/behavior_tree/test/limiter_test.dart: Limiter limits tick count of child.                                                            00:01 +8: /Users/taormina/Code/flame/packages/flame_behavior_tree/behavior_tree/test/inverter_test.dart: Inverter keeping running if child is running.                                                 00:01 +9: /Users/taormina/Code/flame/packages/flame_behavior_tree/behavior_tree/test/limiter_test.dart: Limiter overrides status after crossing limit.                                                 00:01 +10: /Users/taormina/Code/flame/packages/flame_behavior_tree/behavior_tree/test/limiter_test.dart: Limiter overrides status after crossing limit.                                                00:01 +10: loading /Users/taormina/Code/flame/packages/flame_behavior_tree/behavior_tree/test/task_test.dart                                                                                           00:01 +10: /Users/taormina/Code/flame/packages/flame_behavior_tree/behavior_tree/test/task_test.dart: Task returns the status returned by the task callback                                            00:01 +11: /Users/taormina/Code/flame/packages/flame_behavior_tree/behavior_tree/test/task_test.dart: Task returns the status returned by the task callback                                            00:01 +11: /Users/taormina/Code/flame/packages/flame_behavior_tree/behavior_tree/test/task_test.dart: Task executes the task callback when ticked                                                      00:01 +12: /Users/taormina/Code/flame/packages/flame_behavior_tree/behavior_tree/test/task_test.dart: Task executes the task callback when ticked                                                      00:01 +12: loading /Users/taormina/Code/flame/packages/flame_behavior_tree/behavior_tree/test/selector_test.dart                                                                                       00:01 +12: /Users/taormina/Code/flame/packages/flame_behavior_tree/behavior_tree/test/selector_test.dart: Selector can be instantiated without the children.                                           00:01 +13: /Users/taormina/Code/flame/packages/flame_behavior_tree/behavior_tree/test/selector_test.dart: Selector can be instantiated without the children.                                           00:01 +13: /Users/taormina/Code/flame/packages/flame_behavior_tree/behavior_tree/test/selector_test.dart: Selector can be instantiated with the children.                                              00:01 +14: /Users/taormina/Code/flame/packages/flame_behavior_tree/behavior_tree/test/selector_test.dart: Selector can be instantiated with the children.                                              00:01 +14: /Users/taormina/Code/flame/packages/flame_behavior_tree/behavior_tree/test/selector_test.dart: Selector default status is not started.                                                      00:01 +15: /Users/taormina/Code/flame/packages/flame_behavior_tree/behavior_tree/test/selector_test.dart: Selector default status is not started.                                                      00:01 +15: /Users/taormina/Code/flame/packages/flame_behavior_tree/behavior_tree/test/selector_test.dart: Selector can be ticked without the children.                                                 00:01 +16: /Users/taormina/Code/flame/packages/flame_behavior_tree/behavior_tree/test/selector_test.dart: Selector can be ticked without the children.                                                 00:01 +16: /Users/taormina/Code/flame/packages/flame_behavior_tree/behavior_tree/test/selector_test.dart: Selector can be ticked with the children.                                                    00:01 +17: /Users/taormina/Code/flame/packages/flame_behavior_tree/behavior_tree/test/selector_test.dart: Selector can be ticked with the children.                                                    00:01 +17: /Users/taormina/Code/flame/packages/flame_behavior_tree/behavior_tree/test/selector_test.dart: Selector succeeds if any one of the children succeeds.                                       00:01 +18: /Users/taormina/Code/flame/packages/flame_behavior_tree/behavior_tree/test/selector_test.dart: Selector succeeds if any one of the children succeeds.                                       00:01 +18: /Users/taormina/Code/flame/packages/flame_behavior_tree/behavior_tree/test/selector_test.dart: Selector fails if all of the children fail.                                                  00:01 +19: /Users/taormina/Code/flame/packages/flame_behavior_tree/behavior_tree/test/selector_test.dart: Selector fails if all of the children fail.                                                  00:01 +19: /Users/taormina/Code/flame/packages/flame_behavior_tree/behavior_tree/test/selector_test.dart: Selector runs until all children fail.                                                       00:01 +20: /Users/taormina/Code/flame/packages/flame_behavior_tree/behavior_tree/test/selector_test.dart: Selector runs until all children fail.                                                       00:01 +20: /Users/taormina/Code/flame/packages/flame_behavior_tree/behavior_tree/test/selector_test.dart: Selector runs until one of the children succeeds.                                            00:01 +21: /Users/taormina/Code/flame/packages/flame_behavior_tree/behavior_tree/test/selector_test.dart: Selector runs until one of the children succeeds.                                            00:01 +21: loading /Users/taormina/Code/flame/packages/flame_behavior_tree/behavior_tree/test/sequence_test.dart                                                                                       00:01 +21: /Users/taormina/Code/flame/packages/flame_behavior_tree/behavior_tree/test/sequence_test.dart: Sequence can be instantiated without the children.                                           00:01 +22: /Users/taormina/Code/flame/packages/flame_behavior_tree/behavior_tree/test/sequence_test.dart: Sequence can be instantiated without the children.                                           00:01 +22: /Users/taormina/Code/flame/packages/flame_behavior_tree/behavior_tree/test/sequence_test.dart: Sequence can be instantiated with the children.                                              00:01 +23: /Users/taormina/Code/flame/packages/flame_behavior_tree/behavior_tree/test/sequence_test.dart: Sequence can be instantiated with the children.                                              00:01 +23: /Users/taormina/Code/flame/packages/flame_behavior_tree/behavior_tree/test/sequence_test.dart: Sequence default status is not started.                                                      00:01 +24: /Users/taormina/Code/flame/packages/flame_behavior_tree/behavior_tree/test/sequence_test.dart: Sequence default status is not started.                                                      00:01 +24: /Users/taormina/Code/flame/packages/flame_behavior_tree/behavior_tree/test/sequence_test.dart: Sequence can be ticked without the children.                                                 00:01 +25: /Users/taormina/Code/flame/packages/flame_behavior_tree/behavior_tree/test/sequence_test.dart: Sequence can be ticked without the children.                                                 00:01 +25: /Users/taormina/Code/flame/packages/flame_behavior_tree/behavior_tree/test/sequence_test.dart: Sequence can be ticked with the children.                                                    00:01 +26: /Users/taormina/Code/flame/packages/flame_behavior_tree/behavior_tree/test/sequence_test.dart: Sequence can be ticked with the children.                                                    00:01 +26: /Users/taormina/Code/flame/packages/flame_behavior_tree/behavior_tree/test/sequence_test.dart: Sequence succeeds if all of the children succeed.                                            00:01 +27: /Users/taormina/Code/flame/packages/flame_behavior_tree/behavior_tree/test/async_task_test.dart: AsyncTask sets status to running when ticked.                                              00:01 +28: /Users/taormina/Code/flame/packages/flame_behavior_tree/behavior_tree/test/async_task_test.dart: AsyncTask sets status to running when ticked.                                              00:01 +29: /Users/taormina/Code/flame/packages/flame_behavior_tree/behavior_tree/test/async_task_test.dart: AsyncTask sets status to running when ticked.                                              00:01 +30: /Users/taormina/Code/flame/packages/flame_behavior_tree/behavior_tree/test/sequence_test.dart: Sequence runs until all children succeed.                                                    00:01 +31: /Users/taormina/Code/flame/packages/flame_behavior_tree/behavior_tree/test/async_task_test.dart: AsyncTask updates status to the returned value of the callback.                            00:02 +32: /Users/taormina/Code/flame/packages/flame_behavior_tree/behavior_tree/test/async_task_test.dart: AsyncTask updates status to the returned value of the callback.                            00:02 +32: All tests passed!                                                                                                                                                                           
behavior_tree: SUCCESS
--------------------------------------------------------------------------------
flame:
Resolving dependencies in `/Users/taormina/Code/flame`...
Downloading packages...
  _fe_analyzer_shared 85.0.0 (92.0.0 available)
  analyzer 7.7.1 (9.0.0 available)
  async 2.11.0 (2.13.0 available)
  bloc 8.1.4 (9.1.0 available)
  boolean_selector 2.1.1 (2.1.2 available)
  build 3.1.0 (4.0.2 available)
  build_resolvers 3.0.3 (3.0.4 available)
  build_runner 2.7.1 (2.10.1 available)
  build_runner_core 9.3.1 (9.3.2 available)
  characters 1.4.0 (1.4.1 available)
  charcode 1.3.1 (1.4.0 available)
  cli_launcher 0.3.1 (0.3.2+1 available)
  dart_style 3.1.1 (3.1.2 available)
  dartdoc 8.3.4 (9.0.0 available)
  devtools_app_shared 0.3.1 (0.4.0 available)
  devtools_extensions 0.3.1 (0.4.0 available)
  devtools_shared 11.2.1 (12.0.0 available)
  dtd 2.5.1 (4.0.0 available)
  file 7.0.0 (7.0.1 available)
  flutter_bloc 8.1.6 (9.1.1 available)
  flutter_riverpod 2.6.1 (3.0.3 available)
  glob 2.1.2 (2.1.3 available)
  http 1.2.2 (1.5.0 available)
  http_parser 4.1.0 (4.1.2 available)
  io 1.0.4 (1.0.5 available)
  js 0.6.7 (0.7.2 available)
  json_rpc_2 3.0.3 (4.0.0 available)
  material_color_utilities 0.11.1 (0.13.0 available)
  melos 7.0.0-dev.10 (7.3.0 available)
  mockito 5.5.0 (5.5.1 available)
  mustache_template 2.0.0 (2.0.2 available)
  platform 3.1.5 (3.1.6 available)
  pool 1.5.1 (1.5.2 available)
  process 5.0.2 (5.0.5 available)
  quiver 3.2.1 (3.2.2 available)
  riverpod 2.6.1 (3.0.3 available)
  source_gen 3.1.0 (4.0.2 available)
  source_span 1.10.0 (1.10.1 available)
  string_scanner 1.3.0 (1.4.1 available)
  term_glyph 1.2.1 (1.2.2 available)
Got dependencies in `/Users/taormina/Code/flame`!
40 packages have newer versions incompatible with dependency constraints.
Try `flutter pub outdated` for more information.
00:00 +0: loading /Users/taormina/Code/flame/packages/flame/test/spritesheet_test.dart                                                                                                                 00:01 +0: loading /Users/taormina/Code/flame/packages/flame/test/spritesheet_test.dart                                                                                                                 00:01 +0: /Users/taormina/Code/flame/packages/flame/test/spritesheet_test.dart: SpriteSheet calculates all field from SpriteSheet                                                                      00:01 +1: /Users/taormina/Code/flame/packages/flame/test/spritesheet_test.dart: SpriteSheet calculates all field from SpriteSheet                                                                      00:01 +1: /Users/taormina/Code/flame/packages/flame/test/spritesheet_test.dart: SpriteSheet calculates columns and rows with margin and spacing                                                        00:01 +2: /Users/taormina/Code/flame/packages/flame/test/spritesheet_test.dart: SpriteSheet calculates columns and rows with margin and spacing                                                        00:01 +2: /Users/taormina/Code/flame/packages/flame/test/spritesheet_test.dart: SpriteSheet calculates srcSize with margin and spacing                                                                 00:01 +3: /Users/taormina/Code/flame/packages/flame/test/spritesheet_test.dart: SpriteSheet calculates srcSize with margin and spacing                                                                 00:01 +3: /Users/taormina/Code/flame/packages/flame/test/spritesheet_test.dart: SpriteSheet assign the correct time in sprite                                                                          00:01 +4: /Users/taormina/Code/flame/packages/flame/test/spritesheet_test.dart: SpriteSheet assign the correct time in sprite                                                                          00:01 +4: /Users/taormina/Code/flame/packages/flame/test/spritesheet_test.dart: SpriteSheet throws error when stepTimes.length != spriteSheet.length                                                   00:01 +5: /Users/taormina/Code/flame/packages/flame/test/spritesheet_test.dart: SpriteSheet throws error when stepTimes.length != spriteSheet.length                                                   00:01 +5: /Users/taormina/Code/flame/packages/flame/test/spritesheet_test.dart: SpriteSheet return sprite based on row and column                                                                      00:01 +6: /Users/taormina/Code/flame/packages/flame/test/spritesheet_test.dart: SpriteSheet return sprite based on row and column                                                                      00:01 +6: /Users/taormina/Code/flame/packages/flame/test/spritesheet_test.dart: SpriteSheet return sprite based on id                                                                                  00:01 +7: /Users/taormina/Code/flame/packages/flame/test/spritesheet_test.dart: SpriteSheet return sprite based on id                                                                                  00:01 +7: /Users/taormina/Code/flame/packages/flame/test/spritesheet_test.dart: SpriteSheet create sprite animation frame data based on row and column                                                 00:01 +8: /Users/taormina/Code/flame/packages/flame/test/spritesheet_test.dart: SpriteSheet create sprite animation frame data based on row and column                                                 00:01 +8: /Users/taormina/Code/flame/packages/flame/test/spritesheet_test.dart: SpriteSheet create sprite animation frame data based on id                                                             00:01 +9: /Users/taormina/Code/flame/packages/flame/test/spritesheet_test.dart: SpriteSheet create sprite animation frame data based on id                                                             00:01 +9: loading /Users/taormina/Code/flame/packages/flame/test/experimental/has_world_test.dart                                                                                                      00:01 +9: /Users/taormina/Code/flame/packages/flame/test/experimental/has_world_test.dart: HasWorldReference component with default HasWorldReference                                                  00:01 +10: /Users/taormina/Code/flame/packages/flame/test/experimental/has_world_test.dart: HasWorldReference component with default HasWorldReference                                                 00:01 +10: /Users/taormina/Code/flame/packages/flame/test/experimental/has_world_test.dart: HasWorldReference component with typed HasWorldReference                                                   00:01 +11: /Users/taormina/Code/flame/packages/flame/test/experimental/has_world_test.dart: HasWorldReference component with typed HasWorldReference                                                   00:01 +11: /Users/taormina/Code/flame/packages/flame/test/experimental/has_world_test.dart: HasWorldReference world reference accessed too early                                                       00:01 +12: /Users/taormina/Code/flame/packages/flame/test/experimental/has_world_test.dart: HasWorldReference world reference accessed too early                                                       00:01 +12: /Users/taormina/Code/flame/packages/flame/test/experimental/has_world_test.dart: HasWorldReference game reference of wrong type                                                             00:01 +13: /Users/taormina/Code/flame/packages/flame/test/experimental/has_world_test.dart: HasWorldReference game reference of wrong type                                                             00:01 +13: /Users/taormina/Code/flame/packages/flame/test/experimental/has_world_test.dart: HasWorldReference game reference propagates quickly                                                        00:01 +14: /Users/taormina/Code/flame/packages/flame/test/experimental/has_world_test.dart: HasWorldReference game reference propagates quickly                                                        00:01 +14: /Users/taormina/Code/flame/packages/flame/test/experimental/has_world_test.dart: HasWorldReference simple test                                                                              00:01 +15: /Users/taormina/Code/flame/packages/flame/test/experimental/has_world_test.dart: HasWorldReference simple test                                                                              00:01 +15: /Users/taormina/Code/flame/packages/flame/test/experimental/has_world_test.dart: HasWorldReference gameRef can be mocked                                                                    00:01 +16: /Users/taormina/Code/flame/packages/flame/test/experimental/has_world_test.dart: HasWorldReference gameRef can be mocked                                                                    00:01 +16: loading /Users/taormina/Code/flame/packages/flame/test/experimental/linear_layout_component_test.dart                                                                                       00:01 +16: /Users/taormina/Code/flame/packages/flame/test/experimental/linear_layout_component_test.dart: LinearLayoutComponent mainAxisAlignment [RowComponent] mainAxisAlignment = start             00:01 +17: /Users/taormina/Code/flame/packages/flame/test/experimental/linear_layout_component_test.dart: LinearLayoutComponent mainAxisAlignment [RowComponent] mainAxisAlignment = start             00:01 +18: /Users/taormina/Code/flame/packages/flame/test/experimental/linear_layout_component_test.dart: LinearLayoutComponent mainAxisAlignment [RowComponent] mainAxisAlignment = start             00:01 +19: /Users/taormina/Code/flame/packages/flame/test/experimental/linear_layout_component_test.dart: LinearLayoutComponent mainAxisAlignment [RowComponent] mainAxisAlignment = start             00:01 +20: /Users/taormina/Code/flame/packages/flame/test/experimental/linear_layout_component_test.dart: LinearLayoutComponent mainAxisAlignment [RowComponent] mainAxisAlignment = start             00:01 +21: /Users/taormina/Code/flame/packages/flame/test/experimental/linear_layout_component_test.dart: LinearLayoutComponent mainAxisAlignment [RowComponent] mainAxisAlignment = start             00:01 +22: /Users/taormina/Code/flame/packages/flame/test/experimental/linear_layout_component_test.dart: LinearLayoutComponent mainAxisAlignment [RowComponent] mainAxisAlignment = start             00:01 +23: /Users/taormina/Code/flame/packages/flame/test/experimental/linear_layout_component_test.dart: LinearLayoutComponent mainAxisAlignment [RowComponent] mainAxisAlignment = start             00:01 +24: /Users/taormina/Code/flame/packages/flame/test/experimental/linear_layout_component_test.dart: LinearLayoutComponent mainAxisAlignment [RowComponent] mainAxisAlignment = start             00:01 +25: /Users/taormina/Code/flame/packages/flame/test/experimental/linear_layout_component_test.dart: LinearLayoutComponent mainAxisAlignment [RowComponent] mainAxisAlignment = start             00:01 +26: /Users/taormina/Code/flame/packages/flame/test/experimental/linear_layout_component_test.dart: LinearLayoutComponent mainAxisAlignment [RowComponent] mainAxisAlignment = start             00:01 +27: /Users/taormina/Code/flame/packages/flame/test/experimental/linear_layout_component_test.dart: LinearLayoutComponent mainAxisAlignment [RowComponent] mainAxisAlignment = start             00:01 +28: /Users/taormina/Code/flame/packages/flame/test/experimental/linear_layout_component_test.dart: LinearLayoutComponent mainAxisAlignment [RowComponent] mainAxisAlignment = start             00:01 +29: /Users/taormina/Code/flame/packages/flame/test/experimental/linear_layout_component_test.dart: LinearLayoutComponent mainAxisAlignment [RowComponent] mainAxisAlignment = start             00:01 +30: /Users/taormina/Code/flame/packages/flame/test/experimental/linear_layout_component_test.dart: LinearLayoutComponent mainAxisAlignment [RowComponent] mainAxisAlignment = start             00:01 +31: /Users/taormina/Code/flame/packages/flame/test/experimental/linear_layout_component_test.dart: LinearLayoutComponent mainAxisAlignment [RowComponent] mainAxisAlignment = start             00:01 +32: /Users/taormina/Code/flame/packages/flame/test/experimental/linear_layout_component_test.dart: LinearLayoutComponent mainAxisAlignment [RowComponent] mainAxisAlignment = start             00:01 +33: /Users/taormina/Code/flame/packages/flame/test/experimental/linear_layout_component_test.dart: LinearLayoutComponent mainAxisAlignment [RowComponent] mainAxisAlignment = start             00:01 +34: /Users/taormina/Code/flame/packages/flame/test/experimental/linear_layout_component_test.dart: LinearLayoutComponent mainAxisAlignment [RowComponent] mainAxisAlignment = start             00:01 +35: /Users/taormina/Code/flame/packages/flame/test/experimental/linear_layout_component_test.dart: LinearLayoutComponent mainAxisAlignment [RowComponent] mainAxisAlignment = start             00:01 +36: /Users/taormina/Code/flame/packages/flame/test/experimental/linear_layout_component_test.dart: LinearLayoutComponent mainAxisAlignment [RowComponent] mainAxisAlignment = start             00:01 +37: /Users/taormina/Code/flame/packages/flame/test/experimental/linear_layout_component_test.dart: LinearLayoutComponent mainAxisAlignment [RowComponent] mainAxisAlignment = start             00:01 +38: /Users/taormina/Code/flame/packages/flame/test/experimental/linear_layout_component_test.dart: LinearLayoutComponent mainAxisAlignment [RowComponent] mainAxisAlignment = start             00:01 +39: /Users/taormina/Code/flame/packages/flame/test/experimental/linear_layout_component_test.dart: LinearLayoutComponent mainAxisAlignment [RowComponent] mainAxisAlignment = start             00:01 +40: /Users/taormina/Code/flame/packages/flame/test/experimental/linear_layout_component_test.dart: LinearLayoutComponent mainAxisAlignment [RowComponent] mainAxisAlignment = start             00:01 +41: /Users/taormina/Code/flame/packages/flame/test/experimental/linear_layout_component_test.dart: LinearLayoutComponent mainAxisAlignment [RowComponent] mainAxisAlignment = start             00:01 +42: /Users/taormina/Code/flame/packages/flame/test/experimental/linear_layout_component_test.dart: LinearLayoutComponent mainAxisAlignment [RowComponent] mainAxisAlignment = start             00:01 +42: /Users/taormina/Code/flame/packages/flame/test/experimental/linear_layout_component_test.dart: LinearLayoutComponent mainAxisAlignment [ColumnComponent] mainAxisAlignment = start          00:01 +43: /Users/taormina/Code/flame/packages/flame/test/experimental/linear_layout_component_test.dart: LinearLayoutComponent mainAxisAlignment [ColumnComponent] mainAxisAlignment = start          00:01 +43: /Users/taormina/Code/flame/packages/flame/test/experimental/linear_layout_component_test.dart: LinearLayoutComponent mainAxisAlignment [RowComponent] mainAxisAlignment = end               00:01 +44: /Users/taormina/Code/flame/packages/flame/test/experimental/linear_layout_component_test.dart: LinearLayoutComponent mainAxisAlignment [RowComponent] mainAxisAlignment = end               00:01 +44: /Users/taormina/Code/flame/packages/flame/test/experimental/linear_layout_component_test.dart: LinearLayoutComponent mainAxisAlignment [ColumnComponent] mainAxisAlignment = end            00:01 +45: /Users/taormina/Code/flame/packages/flame/test/experimental/linear_layout_component_test.dart: LinearLayoutComponent mainAxisAlignment [ColumnComponent] mainAxisAlignment = end            00:01 +45: /Users/taormina/Code/flame/packages/flame/test/experimental/linear_layout_component_test.dart: LinearLayoutComponent mainAxisAlignment [RowComponent] mainAxisAlignment = center, gap = 20  00:01 +46: /Users/taormina/Code/flame/packages/flame/test/experimental/linear_layout_component_test.dart: LinearLayoutComponent mainAxisAlignment [RowComponent] mainAxisAlignment = center, gap = 20  00:01 +46: /Users/taormina/Code/flame/packages/flame/test/experimental/linear_layout_component_test.dart: ... mainAxisAlignment [ColumnComponent] mainAxisAlignment = center, gap = 20                 00:01 +47: /Users/taormina/Code/flame/packages/flame/test/experimental/linear_layout_component_test.dart: ... mainAxisAlignment [ColumnComponent] mainAxisAlignment = center, gap = 20                 00:01 +47: /Users/taormina/Code/flame/packages/flame/test/experimental/linear_layout_component_test.dart: LinearLayoutComponent mainAxisAlignment [RowComponent] mainAxisAlignment = spaceBetween      00:01 +48: /Users/taormina/Code/flame/packages/flame/test/experimental/linear_layout_component_test.dart: LinearLayoutComponent mainAxisAlignment [RowComponent] mainAxisAlignment = spaceBetween      00:01 +48: /Users/taormina/Code/flame/packages/flame/test/experimental/linear_layout_component_test.dart: LinearLayoutComponent mainAxisAlignment [ColumnComponent] mainAxisAlignment = spaceBetween   00:01 +49: /Users/taormina/Code/flame/packages/flame/test/experimental/linear_layout_component_test.dart: LinearLayoutComponent mainAxisAlignment [ColumnComponent] mainAxisAlignment = spaceBetween   00:01 +49: /Users/taormina/Code/flame/packages/flame/test/experimental/linear_layout_component_test.dart: LinearLayoutComponent mainAxisAlignment [RowComponent] mainAxisAlignment = spaceAround       00:01 +50: /Users/taormina/Code/flame/packages/flame/test/experimental/linear_layout_component_test.dart: LinearLayoutComponent mainAxisAlignment [RowComponent] mainAxisAlignment = spaceAround       00:01 +50: /Users/taormina/Code/flame/packages/flame/test/experimental/linear_layout_component_test.dart: LinearLayoutComponent mainAxisAlignment [ColumnComponent] mainAxisAlignment = spaceAround    00:01 +51: /Users/taormina/Code/flame/packages/flame/test/experimental/linear_layout_component_test.dart: LinearLayoutComponent mainAxisAlignment [ColumnComponent] mainAxisAlignment = spaceAround    00:01 +51: /Users/taormina/Code/flame/packages/flame/test/experimental/linear_layout_component_test.dart: LinearLayoutComponent mainAxisAlignment [RowComponent] mainAxisAlignment = spaceEvenly       00:01 +52: /Users/taormina/Code/flame/packages/flame/test/experimental/linear_layout_component_test.dart: LinearLayoutComponent mainAxisAlignment [RowComponent] mainAxisAlignment = spaceEvenly       00:01 +52: /Users/taormina/Code/flame/packages/flame/test/experimental/linear_layout_component_test.dart: LinearLayoutComponent mainAxisAlignment [ColumnComponent] mainAxisAlignment = spaceEvenly    00:01 +53: /Users/taormina/Code/flame/packages/flame/test/experimental/linear_layout_component_test.dart: LinearLayoutComponent mainAxisAlignment [ColumnComponent] mainAxisAlignment = spaceEvenly    00:01 +53: /Users/taormina/Code/flame/packages/flame/test/experimental/linear_layout_component_test.dart: ... mainAxisAlignment [RowComponent] set mainAxisAlignment to spaceEvenly then end           00:01 +54: /Users/taormina/Code/flame/packages/flame/test/experimental/linear_layout_component_test.dart: ... mainAxisAlignment [RowComponent] set mainAxisAlignment to spaceEvenly then end           00:01 +54: /Users/taormina/Code/flame/packages/flame/test/experimental/linear_layout_component_test.dart: ... mainAxisAlignment [ColumnComponent] set mainAxisAlignment to spaceEvenly then end        00:01 +55: /Users/taormina/Code/flame/packages/flame/test/experimental/linear_layout_component_test.dart: ... mainAxisAlignment [ColumnComponent] set mainAxisAlignment to spaceEvenly then end        00:01 +55: /Users/taormina/Code/flame/packages/flame/test/experimental/linear_layout_component_test.dart: LinearLayoutComponent crossAxisAlignment [RowComponent] crossAlignment = start               00:01 +56: /Users/taormina/Code/flame/packages/flame/test/experimental/linear_layout_component_test.dart: LinearLayoutComponent crossAxisAlignment [RowComponent] crossAlignment = start               00:01 +56: /Users/taormina/Code/flame/packages/flame/test/experimental/linear_layout_component_test.dart: LinearLayoutComponent crossAxisAlignment [ColumnComponent] crossAlignment = start            00:01 +57: /Users/taormina/Code/flame/packages/flame/test/experimental/linear_layout_component_test.dart: LinearLayoutComponent crossAxisAlignment [ColumnComponent] crossAlignment = start            00:01 +57: /Users/taormina/Code/flame/packages/flame/test/experimental/linear_layout_component_test.dart: LinearLayoutComponent crossAxisAlignment [RowComponent] crossAlignment = center              00:01 +58: /Users/taormina/Code/flame/packages/flame/test/experimental/linear_layout_component_test.dart: LinearLayoutComponent crossAxisAlignment [RowComponent] crossAlignment = center              00:01 +58: /Users/taormina/Code/flame/packages/flame/test/experimental/linear_layout_component_test.dart: LinearLayoutComponent crossAxisAlignment [ColumnComponent] crossAlignment = center           00:01 +59: /Users/taormina/Code/flame/packages/flame/test/experimental/linear_layout_component_test.dart: LinearLayoutComponent crossAxisAlignment [ColumnComponent] crossAlignment = center           00:01 +59: /Users/taormina/Code/flame/packages/flame/test/experimental/linear_layout_component_test.dart: LinearLayoutComponent crossAxisAlignment [RowComponent] crossAlignment = end                 00:01 +60: /Users/taormina/Code/flame/packages/flame/test/experimental/linear_layout_component_test.dart: LinearLayoutComponent crossAxisAlignment [RowComponent] crossAlignment = end                 00:01 +60: /Users/taormina/Code/flame/packages/flame/test/experimental/linear_layout_component_test.dart: LinearLayoutComponent crossAxisAlignment [ColumnComponent] crossAlignment = end              00:01 +61: /Users/taormina/Code/flame/packages/flame/test/experimental/linear_layout_component_test.dart: LinearLayoutComponent crossAxisAlignment [ColumnComponent] crossAlignment = end              00:01 +61: /Users/taormina/Code/flame/packages/flame/test/experimental/linear_layout_component_test.dart: LinearLayoutComponent size [RowComponent] size=null sets size to intrinsicSize               00:01 +62: /Users/taormina/Code/flame/packages/flame/test/experimental/linear_layout_component_test.dart: LinearLayoutComponent size [RowComponent] size=null sets size to intrinsicSize               00:01 +62: /Users/taormina/Code/flame/packages/flame/test/experimental/linear_layout_component_test.dart: LinearLayoutComponent size [ColumnComponent] size=null sets size to intrinsicSize            00:01 +63: /Users/taormina/Code/flame/packages/flame/test/experimental/linear_layout_component_test.dart: LinearLayoutComponent size [ColumnComponent] size=null sets size to intrinsicSize            00:01 +63: /Users/taormina/Code/flame/packages/flame/test/experimental/linear_layout_component_test.dart: LinearLayoutComponent size [RowComponent] size=null ignores mainAxisAlignment                00:01 +64: /Users/taormina/Code/flame/packages/flame/test/experimental/linear_layout_component_test.dart: LinearLayoutComponent size [RowComponent] size=null ignores mainAxisAlignment                00:01 +64: /Users/taormina/Code/flame/packages/flame/test/experimental/linear_layout_component_test.dart: LinearLayoutComponent size [ColumnComponent] size=null ignores mainAxisAlignment             00:01 +65: /Users/taormina/Code/flame/packages/flame/test/experimental/linear_layout_component_test.dart: LinearLayoutComponent size [ColumnComponent] size=null ignores mainAxisAlignment             00:01 +65: /Users/taormina/Code/flame/packages/flame/test/experimental/linear_layout_component_test.dart: LinearLayoutComponent size [RowComponent] size=null respects supported crossAxisAlignments   00:01 +66: /Users/taormina/Code/flame/packages/flame/test/experimental/linear_layout_component_test.dart: LinearLayoutComponent size [RowComponent] size=null respects supported crossAxisAlignments   00:01 +66: /Users/taormina/Code/flame/packages/flame/test/experimental/linear_layout_component_test.dart: LinearLayoutComponent size [ColumnComponent] size=null respects supported crossAxisAlignments00:01 +67: /Users/taormina/Code/flame/packages/flame/test/experimental/linear_layout_component_test.dart: LinearLayoutComponent size [ColumnComponent] size=null respects supported crossAxisAlignments00:01 +67: /Users/taormina/Code/flame/packages/flame/test/experimental/linear_layout_component_test.dart: ... size [RowComponent] size=null with CrossAxisAlignment.stretch expands children as usual  00:01 +68: /Users/taormina/Code/flame/packages/flame/test/experimental/linear_layout_component_test.dart: ... size [RowComponent] size=null with CrossAxisAlignment.stretch expands children as usual  00:01 +68: /Users/taormina/Code/flame/packages/flame/test/experimental/linear_layout_component_test.dart: ... [ColumnComponent] size=null with CrossAxisAlignment.stretch expands children as usual    00:01 +69: /Users/taormina/Code/flame/packages/flame/test/experimental/linear_layout_component_test.dart: ... [ColumnComponent] size=null with CrossAxisAlignment.stretch expands children as usual    00:01 +69: /Users/taormina/Code/flame/packages/flame/test/experimental/linear_layout_component_test.dart: ... children [RowComponent] size responds when children are added and then resized           00:01 +70: /Users/taormina/Code/flame/packages/flame/test/experimental/linear_layout_component_test.dart: ... children [RowComponent] size responds when children are added and then resized           00:01 +70: /Users/taormina/Code/flame/packages/flame/test/experimental/linear_layout_component_test.dart: ... children [ColumnComponent] size responds when children are added and then resized        00:01 +71: /Users/taormina/Code/flame/packages/flame/test/experimental/linear_layout_component_test.dart: ... children [ColumnComponent] size responds when children are added and then resized        00:01 +71: /Users/taormina/Code/flame/packages/flame/test/experimental/linear_layout_component_test.dart: ... children [RowComponent] ExpandedComponent among children are sized correctly             00:01 +72: /Users/taormina/Code/flame/packages/flame/test/experimental/linear_layout_component_test.dart: ... children [RowComponent] ExpandedComponent among children are sized correctly             00:01 +72: /Users/taormina/Code/flame/packages/flame/test/experimental/linear_layout_component_test.dart: ... children [ColumnComponent] ExpandedComponent among children are sized correctly          00:01 +73: /Users/taormina/Code/flame/packages/flame/test/experimental/linear_layout_component_test.dart: ... children [ColumnComponent] ExpandedComponent among children are sized correctly          00:01 +73: loading /Users/taormina/Code/flame/packages/flame/test/experimental/geometry/shapes/circle_test.dart                                                                                        00:01 +73: /Users/taormina/Code/flame/packages/flame/test/experimental/geometry/shapes/circle_test.dart: Circle simple properties                                                                      00:01 +74: /Users/taormina/Code/flame/packages/flame/test/experimental/geometry/shapes/circle_test.dart: Circle simple properties                                                                      00:01 +74: /Users/taormina/Code/flame/packages/flame/test/experimental/geometry/shapes/circle_test.dart: Circle negative radius                                                                        00:01 +75: /Users/taormina/Code/flame/packages/flame/test/experimental/geometry/shapes/circle_test.dart: Circle negative radius                                                                        00:01 +75: /Users/taormina/Code/flame/packages/flame/test/experimental/geometry/shapes/circle_test.dart: Circle zero-radius circle                                                                     00:01 +76: /Users/taormina/Code/flame/packages/flame/test/experimental/geometry/shapes/circle_test.dart: Circle zero-radius circle                                                                     00:01 +76: /Users/taormina/Code/flame/packages/flame/test/experimental/geometry/shapes/circle_test.dart: Circle aabb                                                                                   00:01 +77: /Users/taormina/Code/flame/packages/flame/test/experimental/geometry/shapes/circle_test.dart: Circle aabb                                                                                   00:01 +77: /Users/taormina/Code/flame/packages/flame/test/experimental/geometry/shapes/circle_test.dart: Circle containsPoint [seed=484072415]                                                         00:01 +78: /Users/taormina/Code/flame/packages/flame/test/experimental/geometry/shapes/circle_test.dart: Circle containsPoint [seed=484072415]                                                         00:01 +78: /Users/taormina/Code/flame/packages/flame/test/experimental/geometry/shapes/circle_test.dart: Circle move                                                                                   00:01 +79: /Users/taormina/Code/flame/packages/flame/test/experimental/geometry/shapes/circle_test.dart: Circle move                                                                                   00:01 +79: /Users/taormina/Code/flame/packages/flame/test/experimental/geometry/shapes/circle_test.dart: Circle asPath                                                                                 00:01 +80: /Users/taormina/Code/flame/packages/flame/test/experimental/geometry/shapes/circle_test.dart: Circle asPath                                                                                 00:01 +80: /Users/taormina/Code/flame/packages/flame/test/experimental/geometry/shapes/circle_test.dart: Circle 0-radius circle asPath                                                                 00:01 +81: /Users/taormina/Code/flame/packages/flame/test/experimental/geometry/shapes/circle_test.dart: Circle 0-radius circle asPath                                                                 00:01 +81: /Users/taormina/Code/flame/packages/flame/test/experimental/geometry/shapes/circle_test.dart: Circle project                                                                                00:01 +82: /Users/taormina/Code/flame/packages/flame/test/experimental/geometry/shapes/circle_test.dart: Circle project                                                                                00:01 +82: /Users/taormina/Code/flame/packages/flame/test/experimental/geometry/shapes/circle_test.dart: Circle project with target                                                                    00:01 +83: /Users/taormina/Code/flame/packages/flame/test/experimental/geometry/shapes/circle_test.dart: Circle project with target                                                                    00:01 +83: /Users/taormina/Code/flame/packages/flame/test/experimental/geometry/shapes/circle_test.dart: Circle support                                                                                00:01 +84: /Users/taormina/Code/flame/packages/flame/test/experimental/geometry/shapes/circle_test.dart: Circle support                                                                                00:01 +84: /Users/taormina/Code/flame/packages/flame/test/experimental/geometry/shapes/circle_test.dart: Circle nearestPoint                                                                           00:01 +85: /Users/taormina/Code/flame/packages/flame/test/experimental/geometry/shapes/circle_test.dart: Circle nearestPoint                                                                           00:01 +85: /Users/taormina/Code/flame/packages/flame/test/experimental/geometry/shapes/circle_test.dart: Circle nearestPoint for zero-radius circle                                                    00:01 +86: /Users/taormina/Code/flame/packages/flame/test/experimental/geometry/shapes/circle_test.dart: Circle nearestPoint for zero-radius circle                                                    00:01 +86: /Users/taormina/Code/flame/packages/flame/test/experimental/geometry/shapes/circle_test.dart: Circle nearestPoint object ownership                                                          00:01 +87: /Users/taormina/Code/flame/packages/flame/test/experimental/geometry/shapes/circle_test.dart: Circle nearestPoint object ownership                                                          00:01 +87: /Users/taormina/Code/flame/packages/flame/test/experimental/geometry/shapes/circle_test.dart: Circle fromPoints                                                                             00:01 +88: /Users/taormina/Code/flame/packages/flame/test/experimental/geometry/shapes/circle_test.dart: Circle fromPoints                                                                             00:01 +88: loading /Users/taormina/Code/flame/packages/flame/test/experimental/geometry/shapes/polygon_test.dart                                                                                       00:01 +88: /Users/taormina/Code/flame/packages/flame/test/experimental/geometry/shapes/polygon_test.dart: Polygon invalid polygon                                                                      00:01 +89: /Users/taormina/Code/flame/packages/flame/test/experimental/geometry/shapes/polygon_test.dart: Polygon invalid polygon                                                                      00:01 +89: /Users/taormina/Code/flame/packages/flame/test/experimental/geometry/shapes/polygon_test.dart: Polygon simple triangle                                                                      00:01 +90: /Users/taormina/Code/flame/packages/flame/test/experimental/geometry/shapes/polygon_test.dart: Polygon simple triangle                                                                      00:01 +90: /Users/taormina/Code/flame/packages/flame/test/experimental/geometry/shapes/polygon_test.dart: Polygon triangle with edges in a wrong order                                                 00:01 +91: /Users/taormina/Code/flame/packages/flame/test/experimental/geometry/shapes/polygon_test.dart: Polygon triangle with edges in a wrong order                                                 00:01 +91: /Users/taormina/Code/flame/packages/flame/test/experimental/geometry/shapes/polygon_test.dart: Polygon explicit `convex` flag                                                               00:01 +92: /Users/taormina/Code/flame/packages/flame/test/experimental/geometry/shapes/polygon_test.dart: Polygon explicit `convex` flag                                                               00:01 +92: /Users/taormina/Code/flame/packages/flame/test/experimental/geometry/shapes/polygon_test.dart: Polygon asPath                                                                               00:01 +93: /Users/taormina/Code/flame/packages/flame/test/experimental/geometry/shapes/polygon_test.dart: Polygon asPath                                                                               00:01 +93: /Users/taormina/Code/flame/packages/flame/test/experimental/geometry/shapes/polygon_test.dart: Polygon containsPoint                                                                        00:01 +94: /Users/taormina/Code/flame/packages/flame/test/experimental/geometry/shapes/polygon_test.dart: Polygon containsPoint                                                                        00:01 +94: /Users/taormina/Code/flame/packages/flame/test/experimental/geometry/shapes/polygon_test.dart: Polygon move                                                                                 00:01 +95: /Users/taormina/Code/flame/packages/flame/test/experimental/geometry/shapes/polygon_test.dart: Polygon move                                                                                 00:01 +95: /Users/taormina/Code/flame/packages/flame/test/experimental/geometry/shapes/polygon_test.dart: Polygon support                                                                              00:01 +96: /Users/taormina/Code/flame/packages/flame/test/experimental/geometry/shapes/polygon_test.dart: Polygon support                                                                              00:01 +96: /Users/taormina/Code/flame/packages/flame/test/experimental/geometry/shapes/polygon_test.dart: Polygon weird-shape polygon                                                                  00:01 +97: /Users/taormina/Code/flame/packages/flame/test/experimental/geometry/shapes/polygon_test.dart: Polygon weird-shape polygon                                                                  00:01 +97: /Users/taormina/Code/flame/packages/flame/test/experimental/geometry/shapes/polygon_test.dart: Polygon project                                                                              00:02 +97: /Users/taormina/Code/flame/packages/flame/test/experimental/geometry/shapes/polygon_test.dart: Polygon project                                                                              00:02 +98: /Users/taormina/Code/flame/packages/flame/test/experimental/geometry/shapes/polygon_test.dart: Polygon project                                                                              00:02 +98: /Users/taormina/Code/flame/packages/flame/test/experimental/geometry/shapes/polygon_test.dart: Polygon project with target                                                                  00:02 +99: /Users/taormina/Code/flame/packages/flame/test/experimental/geometry/shapes/polygon_test.dart: Polygon project with target                                                                  00:02 +99: /Users/taormina/Code/flame/packages/flame/test/experimental/geometry/shapes/polygon_test.dart: Polygon project with target and reflection transform                                         00:02 +100: /Users/taormina/Code/flame/packages/flame/test/experimental/geometry/shapes/polygon_test.dart: Polygon project with target and reflection transform                                        00:02 +100: /Users/taormina/Code/flame/packages/flame/test/experimental/geometry/shapes/polygon_test.dart: Polygon project with wrong-shape target                                                     00:02 +101: /Users/taormina/Code/flame/packages/flame/test/experimental/geometry/shapes/polygon_test.dart: Polygon project with wrong-shape target                                                     00:02 +101: /Users/taormina/Code/flame/packages/flame/test/experimental/geometry/shapes/polygon_test.dart: Polygon nearestPoint                                                                        00:02 +102: /Users/taormina/Code/flame/packages/flame/test/experimental/geometry/shapes/polygon_test.dart: Polygon nearestPoint                                                                        00:02 +102: /Users/taormina/Code/flame/packages/flame/test/experimental/geometry/shapes/polygon_test.dart: Polygon nearestPoint with 0-length edges                                                    00:02 +103: /Users/taormina/Code/flame/packages/flame/test/experimental/geometry/shapes/polygon_test.dart: Polygon nearestPoint with 0-length edges                                                    00:02 +103: loading /Users/taormina/Code/flame/packages/flame/test/experimental/geometry/shapes/rectangle_test.dart                                                                                    00:02 +103: /Users/taormina/Code/flame/packages/flame/test/experimental/geometry/shapes/rectangle_test.dart: Rectangle simple rectangle                                                                00:02 +104: /Users/taormina/Code/flame/packages/flame/test/experimental/geometry/shapes/rectangle_test.dart: Rectangle simple rectangle                                                                00:02 +104: /Users/taormina/Code/flame/packages/flame/test/experimental/geometry/shapes/rectangle_test.dart: Rectangle simple rectangle from LTWH                                                      00:02 +105: /Users/taormina/Code/flame/packages/flame/test/experimental/geometry/shapes/rectangle_test.dart: Rectangle simple rectangle from LTWH                                                      00:02 +105: /Users/taormina/Code/flame/packages/flame/test/experimental/geometry/shapes/rectangle_test.dart: Rectangle rectangle with inverted left-right edges                                        00:02 +106: /Users/taormina/Code/flame/packages/flame/test/experimental/geometry/shapes/rectangle_test.dart: Rectangle rectangle with inverted left-right edges                                        00:02 +106: /Users/taormina/Code/flame/packages/flame/test/experimental/geometry/shapes/rectangle_test.dart: Rectangle rectangle with inverted top-bottom edges                                        00:02 +107: /Users/taormina/Code/flame/packages/flame/test/experimental/geometry/shapes/rectangle_test.dart: Rectangle rectangle with inverted top-bottom edges                                        00:02 +107: /Users/taormina/Code/flame/packages/flame/test/experimental/geometry/shapes/rectangle_test.dart: Rectangle .fromPoints                                                                     00:02 +108: /Users/taormina/Code/flame/packages/flame/test/experimental/geometry/shapes/rectangle_test.dart: Rectangle .fromPoints                                                                     00:02 +108: /Users/taormina/Code/flame/packages/flame/test/experimental/geometry/shapes/rectangle_test.dart: Rectangle .fromCenter                                                                     00:02 +109: /Users/taormina/Code/flame/packages/flame/test/experimental/geometry/shapes/rectangle_test.dart: Rectangle .fromCenter                                                                     00:02 +109: /Users/taormina/Code/flame/packages/flame/test/experimental/geometry/shapes/rectangle_test.dart: Rectangle .fromRect                                                                       00:02 +110: /Users/taormina/Code/flame/packages/flame/test/experimental/geometry/shapes/rectangle_test.dart: Rectangle .fromRect                                                                       00:02 +110: /Users/taormina/Code/flame/packages/flame/test/experimental/geometry/shapes/rectangle_test.dart: Rectangle fromRect with negative Rect                                                     00:02 +111: /Users/taormina/Code/flame/packages/flame/test/experimental/geometry/shapes/rectangle_test.dart: Rectangle fromRect with negative Rect                                                     00:02 +111: /Users/taormina/Code/flame/packages/flame/test/experimental/geometry/shapes/rectangle_test.dart: Rectangle 0-size rectangle                                                                00:02 +112: /Users/taormina/Code/flame/packages/flame/test/experimental/geometry/shapes/rectangle_test.dart: Rectangle 0-size rectangle                                                                00:02 +112: /Users/taormina/Code/flame/packages/flame/test/experimental/geometry/shapes/rectangle_test.dart: Rectangle aabb                                                                            00:02 +113: /Users/taormina/Code/flame/packages/flame/test/experimental/geometry/shapes/rectangle_test.dart: Rectangle aabb                                                                            00:02 +113: /Users/taormina/Code/flame/packages/flame/test/experimental/geometry/shapes/rectangle_test.dart: Rectangle asPath                                                                          00:02 +114: /Users/taormina/Code/flame/packages/flame/test/experimental/geometry/shapes/rectangle_test.dart: Rectangle asPath                                                                          00:02 +114: /Users/taormina/Code/flame/packages/flame/test/experimental/geometry/shapes/rectangle_test.dart: Rectangle containsPoint                                                                   00:02 +115: /Users/taormina/Code/flame/packages/flame/test/experimental/geometry/shapes/rectangle_test.dart: Rectangle containsPoint                                                                   00:02 +115: /Users/taormina/Code/flame/packages/flame/test/experimental/geometry/shapes/rectangle_test.dart: Rectangle move                                                                            00:02 +116: /Users/taormina/Code/flame/packages/flame/test/experimental/geometry/shapes/rectangle_test.dart: Rectangle move                                                                            00:02 +116: /Users/taormina/Code/flame/packages/flame/test/experimental/geometry/shapes/rectangle_test.dart: Rectangle project                                                                         00:02 +117: /Users/taormina/Code/flame/packages/flame/test/experimental/geometry/shapes/rectangle_test.dart: Rectangle project                                                                         00:02 +117: /Users/taormina/Code/flame/packages/flame/test/experimental/geometry/shapes/rectangle_test.dart: Rectangle project with target                                                             00:02 +118: /Users/taormina/Code/flame/packages/flame/test/experimental/geometry/shapes/rectangle_test.dart: Rectangle project with target                                                             00:02 +118: loading /Users/taormina/Code/flame/packages/flame/test/experimental/padding_component_test.dart                                                                                            00:02 +118: /Users/taormina/Code/flame/packages/flame/test/experimental/padding_component_test.dart: PaddingComponent properly sizes self and positions child                                          00:02 +119: /Users/taormina/Code/flame/packages/flame/test/experimental/padding_component_test.dart: PaddingComponent properly sizes self and positions child                                          00:02 +120: /Users/taormina/Code/flame/packages/flame/test/experimental/padding_component_test.dart: PaddingComponent properly sizes self and positions child                                          00:02 +121: /Users/taormina/Code/flame/packages/flame/test/experimental/padding_component_test.dart: PaddingComponent properly sizes self and positions child                                          00:02 +122: /Users/taormina/Code/flame/packages/flame/test/experimental/padding_component_test.dart: PaddingComponent properly sizes self and positions child                                          00:02 +123: /Users/taormina/Code/flame/packages/flame/test/timer_test.dart: Timer can be started and stopped, discarding progress                                                                      00:02 +124: /Users/taormina/Code/flame/packages/flame/test/timer_test.dart: Timer can be started and stopped, discarding progress                                                                      00:02 +125: /Users/taormina/Code/flame/packages/flame/test/timer_test.dart: Timer can be started and stopped, discarding progress                                                                      00:02 +126: /Users/taormina/Code/flame/packages/flame/test/timer_test.dart: Timer can be started and stopped, discarding progress                                                                      00:02 +126: /Users/taormina/Code/flame/packages/flame/test/timer_test.dart: Timer can be paused and resumed, retaining progress                                                                        00:02 +127: /Users/taormina/Code/flame/packages/flame/test/timer_test.dart: Timer can be paused and resumed, retaining progress                                                                        00:02 +127: /Users/taormina/Code/flame/packages/flame/test/timer_test.dart: Timer tracks current delta time                                                                                            00:02 +128: /Users/taormina/Code/flame/packages/flame/test/timer_test.dart: Timer tracks current delta time                                                                                            00:02 +128: /Users/taormina/Code/flame/packages/flame/test/timer_test.dart: Timer tracks progress percent capped at 1.0                                                                                00:02 +129: /Users/taormina/Code/flame/packages/flame/test/timer_test.dart: Timer tracks progress percent capped at 1.0                                                                                00:02 +129: /Users/taormina/Code/flame/packages/flame/test/timer_test.dart: Timer onTick fires once if non-repeating                                                                                   00:02 +130: /Users/taormina/Code/flame/packages/flame/test/timer_test.dart: Timer onTick fires once if non-repeating                                                                                   00:02 +130: /Users/taormina/Code/flame/packages/flame/test/timer_test.dart: Timer finishes when complete if non-repeating                                                                              00:02 +131: /Users/taormina/Code/flame/packages/flame/test/timer_test.dart: Timer finishes when complete if non-repeating                                                                              00:02 +131: /Users/taormina/Code/flame/packages/flame/test/timer_test.dart: Timer onTick fires repeatedly if repeating                                                                                 00:02 +132: /Users/taormina/Code/flame/packages/flame/test/timer_test.dart: Timer onTick fires repeatedly if repeating                                                                                 00:02 +132: /Users/taormina/Code/flame/packages/flame/test/timer_test.dart: Timer does not finish past limit if repeating                                                                              00:02 +133: /Users/taormina/Code/flame/packages/flame/test/timer_test.dart: Timer does not finish past limit if repeating                                                                              00:02 +133: /Users/taormina/Code/flame/packages/flame/test/timer_test.dart: Timer when tickCount is provided, tick only the provided amount                                                            00:02 +134: /Users/taormina/Code/flame/packages/flame/test/timer_test.dart: Timer when tickCount is provided, tick only the provided amount                                                            00:02 +134: loading /Users/taormina/Code/flame/packages/flame/test/post_process/post_process_test.dart                                                                                                 00:02 +134: /Users/taormina/Code/flame/packages/flame/test/post_process/post_process_test.dart: PostProcessSequentialGroup render in canvas in sequence                                                00:02 +135: /Users/taormina/Code/flame/packages/flame/test/post_process/post_process_test.dart: PostProcessSequentialGroup render in canvas in sequence                                                00:02 +135: loading /Users/taormina/Code/flame/packages/flame/test/sprite_test.dart                                                                                                                    00:02 +135: /Users/taormina/Code/flame/packages/flame/test/sprite_test.dart: Sprite Render with anchor                                                                                                 00:02 +136: /Users/taormina/Code/flame/packages/flame/test/sprite_test.dart: Sprite Render with anchor                                                                                                 00:02 +137: /Users/taormina/Code/flame/packages/flame/test/sprite_test.dart: Sprite Render with anchor                                                                                                 00:02 +138: /Users/taormina/Code/flame/packages/flame/test/sprite_test.dart: Sprite Render with anchor                                                                                                 00:02 +139: /Users/taormina/Code/flame/packages/flame/test/sprite_test.dart: Sprite Render with anchor                                                                                                 00:02 +140: /Users/taormina/Code/flame/packages/flame/test/sprite_test.dart: Sprite Render with anchor                                                                                                 00:02 +141: /Users/taormina/Code/flame/packages/flame/test/sprite_test.dart: Sprite Render with anchor                                                                                                 00:02 +142: /Users/taormina/Code/flame/packages/flame/test/sprite_test.dart: Sprite Render with anchor                                                                                                 00:02 +143: /Users/taormina/Code/flame/packages/flame/test/sprite_test.dart: Sprite Render with anchor                                                                                                 00:02 +144: /Users/taormina/Code/flame/packages/flame/test/sprite_test.dart: Sprite Render with anchor                                                                                                 00:02 +145: /Users/taormina/Code/flame/packages/flame/test/sprite_test.dart: Sprite Render with anchor                                                                                                 00:02 +146: /Users/taormina/Code/flame/packages/flame/test/sprite_test.dart: Sprite Render with anchor                                                                                                 00:02 +147: /Users/taormina/Code/flame/packages/flame/test/sprite_test.dart: Sprite Render with anchor                                                                                                 00:02 +148: /Users/taormina/Code/flame/packages/flame/test/sprite_test.dart: Sprite Render with anchor                                                                                                 00:02 +149: /Users/taormina/Code/flame/packages/flame/test/sprite_test.dart: Sprite Render with anchor                                                                                                 00:02 +150: /Users/taormina/Code/flame/packages/flame/test/sprite_test.dart: Sprite Render with anchor                                                                                                 00:02 +151: /Users/taormina/Code/flame/packages/flame/test/sprite_test.dart: Sprite Render with anchor                                                                                                 00:02 +152: /Users/taormina/Code/flame/packages/flame/test/sprite_test.dart: Sprite Render with anchor                                                                                                 00:02 +153: /Users/taormina/Code/flame/packages/flame/test/sprite_test.dart: Sprite Render with anchor                                                                                                 00:02 +154: /Users/taormina/Code/flame/packages/flame/test/sprite_test.dart: Sprite Render with anchor                                                                                                 00:02 +155: /Users/taormina/Code/flame/packages/flame/test/sprite_test.dart: Sprite Render with anchor                                                                                                 00:02 +156: /Users/taormina/Code/flame/packages/flame/test/sprite_test.dart: Sprite Render with anchor                                                                                                 00:02 +157: /Users/taormina/Code/flame/packages/flame/test/sprite_test.dart: Sprite Render with anchor                                                                                                 00:02 +158: /Users/taormina/Code/flame/packages/flame/test/sprite_test.dart: Sprite Render with anchor                                                                                                 00:02 +159: /Users/taormina/Code/flame/packages/flame/test/sprite_test.dart: Sprite Render with anchor                                                                                                 00:02 +160: /Users/taormina/Code/flame/packages/flame/test/sprite_test.dart: Sprite Render with anchor                                                                                                 00:02 +161: /Users/taormina/Code/flame/packages/flame/test/sprite_test.dart: Sprite Render with anchor                                                                                                 00:02 +162: /Users/taormina/Code/flame/packages/flame/test/sprite_test.dart: Sprite Render with anchor                                                                                                 00:02 +163: /Users/taormina/Code/flame/packages/flame/test/sprite_test.dart: Sprite Render with anchor                                                                                                 00:02 +164: /Users/taormina/Code/flame/packages/flame/test/sprite_test.dart: Sprite Render with anchor                                                                                                 00:02 +165: /Users/taormina/Code/flame/packages/flame/test/sprite_test.dart: Sprite Render with anchor                                                                                                 00:02 +166: /Users/taormina/Code/flame/packages/flame/test/sprite_test.dart: Sprite Render with anchor                                                                                                 00:03 +166: /Users/taormina/Code/flame/packages/flame/test/sprite_test.dart: Sprite Render with anchor                                                                                                 00:03 +167: /Users/taormina/Code/flame/packages/flame/test/sprite_test.dart: Sprite Render with anchor                                                                                                 00:03 +168: /Users/taormina/Code/flame/packages/flame/test/sprite_test.dart: Sprite Render with anchor                                                                                                 00:03 +169: /Users/taormina/Code/flame/packages/flame/test/sprite_test.dart: Sprite Render with anchor                                                                                                 00:03 +170: /Users/taormina/Code/flame/packages/flame/test/sprite_test.dart: Sprite Render with anchor                                                                                                 00:03 +171: /Users/taormina/Code/flame/packages/flame/test/sprite_test.dart: Sprite Render with anchor                                                                                                 00:03 +172: /Users/taormina/Code/flame/packages/flame/test/sprite_test.dart: Sprite Render with anchor                                                                                                 00:03 +173: /Users/taormina/Code/flame/packages/flame/test/sprite_test.dart: Sprite Render with anchor                                                                                                 00:03 +174: /Users/taormina/Code/flame/packages/flame/test/sprite_test.dart: Sprite Render with anchor                                                                                                 00:03 +175: /Users/taormina/Code/flame/packages/flame/test/sprite_test.dart: Sprite Render with anchor                                                                                                 00:03 +176: /Users/taormina/Code/flame/packages/flame/test/sprite_test.dart: Sprite Render with anchor                                                                                                 00:03 +177: /Users/taormina/Code/flame/packages/flame/test/sprite_test.dart: Sprite Render with anchor                                                                                                 00:03 +178: /Users/taormina/Code/flame/packages/flame/test/sprite_test.dart: Sprite Render with anchor                                                                                                 00:03 +179: /Users/taormina/Code/flame/packages/flame/test/sprite_test.dart: Sprite Render with anchor                                                                                                 00:03 +180: /Users/taormina/Code/flame/packages/flame/test/sprite_test.dart: Sprite Render with anchor                                                                                                 00:03 +181: /Users/taormina/Code/flame/packages/flame/test/sprite_test.dart: Sprite Render with anchor                                                                                                 00:03 +182: /Users/taormina/Code/flame/packages/flame/test/sprite_test.dart: Sprite Render with anchor                                                                                                 00:03 +183: /Users/taormina/Code/flame/packages/flame/test/sprite_test.dart: Sprite Render with anchor                                                                                                 00:03 +184: /Users/taormina/Code/flame/packages/flame/test/sprite_test.dart: Sprite Render with anchor                                                                                                 00:03 +185: /Users/taormina/Code/flame/packages/flame/test/sprite_test.dart: Sprite Render with anchor                                                                                                 00:03 +186: /Users/taormina/Code/flame/packages/flame/test/sprite_test.dart: Sprite Render with anchor                                                                                                 00:03 +187: /Users/taormina/Code/flame/packages/flame/test/sprite_test.dart: Sprite Render with anchor                                                                                                 00:03 +188: /Users/taormina/Code/flame/packages/flame/test/sprite_test.dart: Sprite Render with anchor                                                                                                 00:03 +189: /Users/taormina/Code/flame/packages/flame/test/sprite_test.dart: Sprite Render with anchor                                                                                                 00:03 +190: /Users/taormina/Code/flame/packages/flame/test/sprite_test.dart: Sprite Render with anchor                                                                                                 00:03 +191: /Users/taormina/Code/flame/packages/flame/test/sprite_test.dart: Sprite Render with anchor                                                                                                 00:03 +192: /Users/taormina/Code/flame/packages/flame/test/sprite_test.dart: Sprite Render with anchor                                                                                                 00:03 +193: /Users/taormina/Code/flame/packages/flame/test/sprite_test.dart: Sprite Render with anchor                                                                                                 00:03 +194: /Users/taormina/Code/flame/packages/flame/test/sprite_test.dart: Sprite Render with anchor                                                                                                 00:03 +195: /Users/taormina/Code/flame/packages/flame/test/sprite_test.dart: Sprite Render with anchor                                                                                                 00:03 +196: /Users/taormina/Code/flame/packages/flame/test/sprite_test.dart: Sprite Render with anchor                                                                                                 00:03 +196: /Users/taormina/Code/flame/packages/flame/test/sprite_test.dart: Sprite Render with anchor                                                                                                 
══╡ EXCEPTION CAUGHT BY FLUTTER TEST FRAMEWORK ╞════════════════════════════════════════════════════
The following assertion was thrown while running async test code:
Golden "_goldens/sprite_test_1.png": Pixel test failed, 1.82%, 78783px diff detected.
Failure feedback can be found at /Users/taormina/Code/flame/packages/flame/test/failures

When the exception was thrown, this was the stack:
#0      LocalFileComparator.compare (package:flutter_test/src/_goldens_io.dart:108:5)
<asynchronous suspension>
#1      MatchesGoldenFile.matchAsync.<anonymous closure> (package:flutter_test/src/_matchers_io.dart:124:32)
<asynchronous suspension>
<asynchronous suspension>
#3      _expect.<anonymous closure> (package:matcher/src/expect/expect.dart:123:26)
<asynchronous suspension>
<asynchronous suspension>
#5      expectLater.<anonymous closure> (package:flutter_test/src/widget_tester.dart:508:19)
<asynchronous suspension>
#6      testGolden.<anonymous closure> (package:flame_test/src/test_golden.dart:71:7)
<asynchronous suspension>
#7      testWidgets.<anonymous closure>.<anonymous closure> (package:flutter_test/src/widget_tester.dart:192:15)
<asynchronous suspension>
#8      TestWidgetsFlutterBinding._runTestBody (package:flutter_test/src/binding.dart:1059:5)
<asynchronous suspension>
<asynchronous suspension>
(elided 3 frames from dart:async and package:stack_trace)

The exception was caught asynchronously.
════════════════════════════════════════════════════════════════════════════════════════════════════
00:03 +196 -1: /Users/taormina/Code/flame/packages/flame/test/sprite_test.dart: Sprite Render with anchor [E]                                                                                          
  Test failed. See exception logs above.
  The test description was: Render with anchor
  

To run this test again: /opt/homebrew/Caskroom/flutter/3.3.10/flutter/bin/cache/dart-sdk/bin/dart test /Users/taormina/Code/flame/packages/flame/test/sprite_test.dart -p vm --plain-name 'Sprite Render with anchor'
00:03 +197 -1: /Users/taormina/Code/flame/packages/flame/test/camera/viewports/fixed_aspect_ratio_viewport_test.dart: FixedAspectRatioViewport viewport with tall screen                               00:03 +198 -1: /Users/taormina/Code/flame/packages/flame/test/camera/viewports/fixed_aspect_ratio_viewport_test.dart: FixedAspectRatioViewport viewport with tall screen                               00:03 +199 -1: /Users/taormina/Code/flame/packages/flame/test/camera/viewports/fixed_aspect_ratio_viewport_test.dart: FixedAspectRatioViewport viewport with tall screen                               00:03 +200 -1: /Users/taormina/Code/flame/packages/flame/test/camera/viewports/fixed_size_viewport_test.dart: FixedSizeViewport camera with FixedSizeViewport                                          00:03 +201 -1: /Users/taormina/Code/flame/packages/flame/test/camera/viewports/fixed_size_viewport_test.dart: FixedSizeViewport camera with FixedSizeViewport                                          00:03 +202 -1: /Users/taormina/Code/flame/packages/flame/test/camera/viewports/fixed_size_viewport_test.dart: FixedSizeViewport camera with FixedSizeViewport                                          00:03 +203 -1: /Users/taormina/Code/flame/packages/flame/test/camera/viewports/circular_viewport_test.dart: CircularViewport circular viewport with a HUD element                                      00:03 +204 -1: /Users/taormina/Code/flame/packages/flame/test/camera/viewports/fixed_aspect_ratio_viewport_test.dart: FixedAspectRatioViewport auto-resizing                                           00:03 +205 -1: /Users/taormina/Code/flame/packages/flame/test/camera/viewports/fixed_aspect_ratio_viewport_test.dart: FixedAspectRatioViewport auto-resizing                                           00:03 +206 -1: /Users/taormina/Code/flame/packages/flame/test/camera/viewports/circular_viewport_test.dart: CircularViewport circular viewport with debug mode                                         00:03 +207 -1: /Users/taormina/Code/flame/packages/flame/test/camera/viewports/circular_viewport_test.dart: CircularViewport circular viewport with debug mode                                         00:03 +208 -1: /Users/taormina/Code/flame/packages/flame/test/camera/viewports/fixed_size_viewport_test.dart: FixedSizeViewport Clipping behavior                                                      00:03 +209 -1: /Users/taormina/Code/flame/packages/flame/test/camera/viewports/fixed_size_viewport_test.dart: FixedSizeViewport Clipping behavior                                                      00:03 +210 -1: /Users/taormina/Code/flame/packages/flame/test/camera/viewports/fixed_size_viewport_test.dart: FixedSizeViewport Clipping behavior                                                      00:03 +211 -1: /Users/taormina/Code/flame/packages/flame/test/camera/viewports/fixed_size_viewport_test.dart: FixedSizeViewport Clipping behavior                                                      00:03 +212 -1: /Users/taormina/Code/flame/packages/flame/test/camera/viewports/fixed_size_viewport_test.dart: FixedSizeViewport Clipping behavior                                                      00:03 +213 -1: /Users/taormina/Code/flame/packages/flame/test/camera/viewports/fixed_size_viewport_test.dart: FixedSizeViewport Clipping behavior                                                      00:03 +214 -1: /Users/taormina/Code/flame/packages/flame/test/camera/viewports/fixed_size_viewport_test.dart: FixedSizeViewport Clipping behavior                                                      00:04 +214 -1: /Users/taormina/Code/flame/packages/flame/test/camera/viewports/fixed_size_viewport_test.dart: FixedSizeViewport Clipping behavior                                                      00:04 +215 -1: /Users/taormina/Code/flame/packages/flame/test/camera/viewports/fixed_size_viewport_test.dart: FixedSizeViewport Clipping behavior                                                      00:04 +215 -1: loading /Users/taormina/Code/flame/packages/flame/test/camera/behaviors/follow_behavior_test.dart                                                                                       00:04 +215 -1: /Users/taormina/Code/flame/packages/flame/test/camera/behaviors/follow_behavior_test.dart: FollowBehavior basic properties                                                              00:04 +216 -1: /Users/taormina/Code/flame/packages/flame/test/camera/behaviors/viewport_aware_bounds_behavior_test.dart: ViewportAwareBoundsBehavior setBounds wrt Rectangle                           00:04 +217 -1: /Users/taormina/Code/flame/packages/flame/test/camera/behaviors/viewport_aware_bounds_behavior_test.dart: ViewportAwareBoundsBehavior setBounds wrt Rectangle                           00:04 +218 -1: /Users/taormina/Code/flame/packages/flame/test/camera/behaviors/viewport_aware_bounds_behavior_test.dart: ViewportAwareBoundsBehavior setBounds wrt Rectangle                           00:04 +219 -1: /Users/taormina/Code/flame/packages/flame/test/camera/behaviors/follow_behavior_test.dart: FollowBehavior custom position provider                                                      00:04 +220 -1: /Users/taormina/Code/flame/packages/flame/test/camera/behaviors/viewport_aware_bounds_behavior_test.dart: ViewportAwareBoundsBehavior setBounds wrt RoundedRectangle                    00:04 +221 -1: /Users/taormina/Code/flame/packages/flame/test/camera/behaviors/follow_behavior_test.dart: FollowBehavior simple follow                                                                 00:04 +222 -1: /Users/taormina/Code/flame/packages/flame/test/camera/behaviors/viewport_aware_bounds_behavior_test.dart: ViewportAwareBoundsBehavior setBounds wrt Circle                              00:04 +223 -1: /Users/taormina/Code/flame/packages/flame/test/camera/behaviors/viewport_aware_bounds_behavior_test.dart: ViewportAwareBoundsBehavior setBounds wrt Circle                              00:04 +224 -1: /Users/taormina/Code/flame/packages/flame/test/camera/behaviors/follow_behavior_test.dart: FollowBehavior horizontal-only follow                                                        00:04 +225 -1: /Users/taormina/Code/flame/packages/flame/test/camera/behaviors/viewport_aware_bounds_behavior_test.dart: ViewportAwareBoundsBehavior setBounds explicit null Shape request             00:04 +226 -1: /Users/taormina/Code/flame/packages/flame/test/camera/behaviors/follow_behavior_test.dart: FollowBehavior vertical-only follow                                                          00:04 +227 -1: /Users/taormina/Code/flame/packages/flame/test/camera/behaviors/follow_behavior_test.dart: FollowBehavior vertical-only follow                                                          00:04 +227 -1: loading /Users/taormina/Code/flame/packages/flame/test/camera/behaviors/bounded_position_behavior_test.dart                                                                             00:04 +227 -1: /Users/taormina/Code/flame/packages/flame/test/camera/behaviors/bounded_position_behavior_test.dart: BoundedPositionBehavior target is the parent                                       00:04 +228 -1: /Users/taormina/Code/flame/packages/flame/test/camera/viewfinder_test.dart: Viewfinder default camera centers the view in canvas                                                        00:04 +229 -1: /Users/taormina/Code/flame/packages/flame/test/camera/viewfinder_test.dart: Viewfinder default camera centers the view in canvas                                                        00:04 +230 -1: /Users/taormina/Code/flame/packages/flame/test/camera/viewfinder_test.dart: Viewfinder default camera centers the view in canvas                                                        00:04 +231 -1: /Users/taormina/Code/flame/packages/flame/test/camera/viewfinder_test.dart: Viewfinder default camera centers the view in canvas                                                        00:04 +232 -1: /Users/taormina/Code/flame/packages/flame/test/camera/viewfinder_test.dart: Viewfinder default camera centers the view in canvas                                                        00:04 +233 -1: /Users/taormina/Code/flame/packages/flame/test/camera/viewfinder_test.dart: Viewfinder default camera centers the view in canvas                                                        00:04 +234 -1: /Users/taormina/Code/flame/packages/flame/test/camera/viewfinder_test.dart: Viewfinder default camera centers the view in canvas                                                        00:04 +234 -1: /Users/taormina/Code/flame/packages/flame/test/camera/viewfinder_test.dart: Viewfinder default camera centers on a given world point                                                    00:04 +235 -1: /Users/taormina/Code/flame/packages/flame/test/camera/viewfinder_test.dart: Viewfinder default camera centers on a given world point                                                    00:04 +235 -1: /Users/taormina/Code/flame/packages/flame/test/camera/viewfinder_test.dart: Viewfinder default camera apply zoom > 1                                                                    00:04 +236 -1: /Users/taormina/Code/flame/packages/flame/test/camera/viewfinder_test.dart: Viewfinder default camera apply zoom > 1                                                                    00:04 +236 -1: loading /Users/taormina/Code/flame/packages/flame/test/layout/align_component_test.dart                                                                                                 00:04 +236 -1: /Users/taormina/Code/flame/packages/flame/test/layout/align_component_test.dart: AlignComponent Valid parent                                                                            00:04 +237 -1: /Users/taormina/Code/flame/packages/flame/test/layout/align_component_test.dart: AlignComponent Valid parent                                                                            00:04 +238 -1: /Users/taormina/Code/flame/packages/flame/test/layout/align_component_test.dart: AlignComponent Valid parent                                                                            00:04 +239 -1: /Users/taormina/Code/flame/packages/flame/test/layout/align_component_test.dart: AlignComponent Valid parent                                                                            00:04 +240 -1: /Users/taormina/Code/flame/packages/flame/test/layout/align_component_test.dart: AlignComponent Valid parent                                                                            00:04 +241 -1: /Users/taormina/Code/flame/packages/flame/test/layout/align_component_test.dart: AlignComponent Valid parent                                                                            00:04 +242 -1: /Users/taormina/Code/flame/packages/flame/test/layout/align_component_test.dart: AlignComponent Valid parent                                                                            00:04 +243 -1: /Users/taormina/Code/flame/packages/flame/test/layout/align_component_test.dart: AlignComponent Valid parent                                                                            00:04 +244 -1: /Users/taormina/Code/flame/packages/flame/test/layout/align_component_test.dart: AlignComponent Valid parent                                                                            00:04 +244 -1: /Users/taormina/Code/flame/packages/flame/test/layout/align_component_test.dart: AlignComponent Align placement: golden                                                                 00:04 +245 -1: /Users/taormina/Code/flame/packages/flame/test/layout/align_component_test.dart: AlignComponent Align placement: golden                                                                 00:04 +245 -1: /Users/taormina/Code/flame/packages/flame/test/layout/align_component_test.dart: AlignComponent Child's alignment remains valid when game resizes                                       00:04 +246 -1: /Users/taormina/Code/flame/packages/flame/test/layout/align_component_test.dart: AlignComponent Child's alignment remains valid when game resizes                                       00:04 +246 -1: /Users/taormina/Code/flame/packages/flame/test/layout/align_component_test.dart: AlignComponent Changing alignment value                                                                00:04 +247 -1: /Users/taormina/Code/flame/packages/flame/test/layout/align_component_test.dart: AlignComponent Changing alignment value                                                                00:04 +247 -1: loading /Users/taormina/Code/flame/packages/flame/test/nine_tile_box_test.dart                                                                                                          00:04 +247 -1: /Users/taormina/Code/flame/packages/flame/test/nine_tile_box_test.dart: NineTileBox Render with default grid                                                                            00:05 +247 -1: /Users/taormina/Code/flame/packages/flame/test/nine_tile_box_test.dart: NineTileBox Render with default grid                                                                            00:05 +248 -1: /Users/taormina/Code/flame/packages/flame/test/nine_tile_box_test.dart: NineTileBox Render with default grid                                                                            00:05 +249 -1: /Users/taormina/Code/flame/packages/flame/test/nine_tile_box_test.dart: NineTileBox Render with default grid                                                                            00:05 +250 -1: /Users/taormina/Code/flame/packages/flame/test/nine_tile_box_test.dart: NineTileBox Render with default grid                                                                            00:05 +251 -1: /Users/taormina/Code/flame/packages/flame/test/nine_tile_box_test.dart: NineTileBox Render with default grid                                                                            00:05 +252 -1: /Users/taormina/Code/flame/packages/flame/test/nine_tile_box_test.dart: NineTileBox Render with default grid                                                                            00:05 +253 -1: /Users/taormina/Code/flame/packages/flame/test/nine_tile_box_test.dart: NineTileBox Render with default grid                                                                            00:05 +254 -1: /Users/taormina/Code/flame/packages/flame/test/nine_tile_box_test.dart: NineTileBox Render with default grid                                                                            00:05 +255 -1: /Users/taormina/Code/flame/packages/flame/test/nine_tile_box_test.dart: NineTileBox Render with default grid                                                                            00:05 +255 -1: /Users/taormina/Code/flame/packages/flame/test/nine_tile_box_test.dart: NineTileBox Render with default grid                                                                            
══╡ EXCEPTION CAUGHT BY FLUTTER TEST FRAMEWORK ╞════════════════════════════════════════════════════
The following assertion was thrown while running async test code:
Golden "_goldens/nine_tile_box_test_1.png": Pixel test failed, 0.01%, 8px diff detected.
Failure feedback can be found at /Users/taormina/Code/flame/packages/flame/test/failures

When the exception was thrown, this was the stack:
#0      LocalFileComparator.compare (package:flutter_test/src/_goldens_io.dart:108:5)
<asynchronous suspension>
#1      MatchesGoldenFile.matchAsync.<anonymous closure> (package:flutter_test/src/_matchers_io.dart:124:32)
<asynchronous suspension>
<asynchronous suspension>
#3      _expect.<anonymous closure> (package:matcher/src/expect/expect.dart:123:26)
<asynchronous suspension>
<asynchronous suspension>
#5      expectLater.<anonymous closure> (package:flutter_test/src/widget_tester.dart:508:19)
<asynchronous suspension>
#6      testGolden.<anonymous closure> (package:flame_test/src/test_golden.dart:71:7)
<asynchronous suspension>
#7      testWidgets.<anonymous closure>.<anonymous closure> (package:flutter_test/src/widget_tester.dart:192:15)
<asynchronous suspension>
#8      TestWidgetsFlutterBinding._runTestBody (package:flutter_test/src/binding.dart:1059:5)
<asynchronous suspension>
<asynchronous suspension>
(elided 3 frames from dart:async and package:stack_trace)

The exception was caught asynchronously.
════════════════════════════════════════════════════════════════════════════════════════════════════
00:05 +255 -2: /Users/taormina/Code/flame/packages/flame/test/nine_tile_box_test.dart: NineTileBox Render with default grid [E]                                                                        
  Test failed. See exception logs above.
  The test description was: Render with default grid
  

To run this test again: /opt/homebrew/Caskroom/flutter/3.3.10/flutter/bin/cache/dart-sdk/bin/dart test /Users/taormina/Code/flame/packages/flame/test/nine_tile_box_test.dart -p vm --plain-name 'NineTileBox Render with default grid'
00:05 +255 -2: /Users/taormina/Code/flame/packages/flame/test/nine_tile_box_test.dart: NineTileBox Render with specified grid                                                                          00:05 +255 -2: /Users/taormina/Code/flame/packages/flame/test/nine_tile_box_test.dart: NineTileBox Render with specified grid                                                                          
══╡ EXCEPTION CAUGHT BY FLUTTER TEST FRAMEWORK ╞════════════════════════════════════════════════════
The following assertion was thrown while running async test code:
Golden "_goldens/nine_tile_box_test_2.png": Pixel test failed, 0.05%, 32px diff detected.
Failure feedback can be found at /Users/taormina/Code/flame/packages/flame/test/failures

When the exception was thrown, this was the stack:
#0      LocalFileComparator.compare (package:flutter_test/src/_goldens_io.dart:108:5)
<asynchronous suspension>
#1      MatchesGoldenFile.matchAsync.<anonymous closure> (package:flutter_test/src/_matchers_io.dart:124:32)
<asynchronous suspension>
<asynchronous suspension>
#3      _expect.<anonymous closure> (package:matcher/src/expect/expect.dart:123:26)
<asynchronous suspension>
<asynchronous suspension>
#5      expectLater.<anonymous closure> (package:flutter_test/src/widget_tester.dart:508:19)
<asynchronous suspension>
#6      testGolden.<anonymous closure> (package:flame_test/src/test_golden.dart:71:7)
<asynchronous suspension>
#7      testWidgets.<anonymous closure>.<anonymous closure> (package:flutter_test/src/widget_tester.dart:192:15)
<asynchronous suspension>
#8      TestWidgetsFlutterBinding._runTestBody (package:flutter_test/src/binding.dart:1059:5)
<asynchronous suspension>
<asynchronous suspension>
(elided 3 frames from dart:async and package:stack_trace)

The exception was caught asynchronously.
════════════════════════════════════════════════════════════════════════════════════════════════════
00:05 +255 -3: /Users/taormina/Code/flame/packages/flame/test/nine_tile_box_test.dart: NineTileBox Render with specified grid [E]                                                                      
  Test failed. See exception logs above.
  The test description was: Render with specified grid
  

To run this test again: /opt/homebrew/Caskroom/flutter/3.3.10/flutter/bin/cache/dart-sdk/bin/dart test /Users/taormina/Code/flame/packages/flame/test/nine_tile_box_test.dart -p vm --plain-name 'NineTileBox Render with specified grid'
00:05 +255 -3: /Users/taormina/Code/flame/packages/flame/test/nine_tile_box_test.dart: NineTileBox default tile sizes calculated correctly                                                             00:05 +256 -3: /Users/taormina/Code/flame/packages/flame/test/nine_tile_box_test.dart: NineTileBox default tile sizes calculated correctly                                                             00:05 +256 -3: /Users/taormina/Code/flame/packages/flame/test/nine_tile_box_test.dart: NineTileBox tile sizes set correctly                                                                            00:05 +257 -3: /Users/taormina/Code/flame/packages/flame/test/nine_tile_box_test.dart: NineTileBox tile sizes set correctly                                                                            00:05 +257 -3: /Users/taormina/Code/flame/packages/flame/test/nine_tile_box_test.dart: NineTileBox grid sizes set correctly                                                                            00:05 +258 -3: /Users/taormina/Code/flame/packages/flame/test/nine_tile_box_test.dart: NineTileBox grid sizes set correctly                                                                            00:05 +258 -3: loading /Users/taormina/Code/flame/packages/flame/test/particles/curved_particle_test.dart                                                                                              00:05 +258 -3: /Users/taormina/Code/flame/packages/flame/test/particles/curved_particle_test.dart: CurvedParticle A Particle which applies certain Curve                                               00:05 +259 -3: /Users/taormina/Code/flame/packages/flame/test/particles/curved_particle_test.dart: CurvedParticle A Particle which applies certain Curve                                               00:05 +260 -3: /Users/taormina/Code/flame/packages/flame/test/particles/curved_particle_test.dart: CurvedParticle A Particle which applies certain Curve                                               00:05 +260 -3: /Users/taormina/Code/flame/packages/flame/test/particles/curved_particle_test.dart: ... A Particle which applies certain Curve for easing or other purposes to its progress getter.     00:05 +261 -3: /Users/taormina/Code/flame/packages/flame/test/particles/scaled_particle_test.dart: ... A particle which rotates its child over the lifespan between two given bounds in radians        00:05 +262 -3: /Users/taormina/Code/flame/packages/flame/test/particles/scaled_particle_test.dart: ... A particle which rotates its child over the lifespan between two given bounds in radians        00:05 +262 -3: loading /Users/taormina/Code/flame/packages/flame/test/particles/moving_particle_test.dart                                                                                              00:05 +262 -3: /Users/taormina/Code/flame/packages/flame/test/particles/moving_particle_test.dart: MovingParticle Particle which is moving from one predefined position to another one                 00:05 +263 -3: /Users/taormina/Code/flame/packages/flame/test/particles/moving_particle_test.dart: MovingParticle Particle which is moving from one predefined position to another one                 00:05 +264 -3: /Users/taormina/Code/flame/packages/flame/test/collisions/collision_callback_test.dart: Collision callbacks [Sweep] collidable callbacks are called                                     00:05 +265 -3: /Users/taormina/Code/flame/packages/flame/test/collisions/collision_callback_test.dart: Collision callbacks [Sweep] collidable callbacks are called                                     00:05 +266 -3: /Users/taormina/Code/flame/packages/flame/test/collisions/collision_callback_test.dart: Collision callbacks [Sweep] collidable callbacks are called                                     00:05 +266 -3: /Users/taormina/Code/flame/packages/flame/test/collisions/collision_callback_test.dart: Collision callbacks [QuadTree] collidable callbacks are called                                  00:05 +267 -3: /Users/taormina/Code/flame/packages/flame/test/collisions/collision_callback_test.dart: Collision callbacks [QuadTree] collidable callbacks are called                                  00:05 +267 -3: /Users/taormina/Code/flame/packages/flame/test/collisions/collision_callback_test.dart: Collision callbacks [Sweep] collidable callbacks are called when removing a Collidable          00:05 +268 -3: /Users/taormina/Code/flame/packages/flame/test/collisions/collision_callback_test.dart: Collision callbacks [Sweep] collidable callbacks are called when removing a Collidable          00:05 +268 -3: /Users/taormina/Code/flame/packages/flame/test/collisions/collision_callback_test.dart: Collision callbacks [QuadTree] collidable callbacks are called when removing a Collidable       00:05 +269 -3: /Users/taormina/Code/flame/packages/flame/test/collisions/collision_callback_test.dart: Collision callbacks [QuadTree] collidable callbacks are called when removing a Collidable       00:05 +269 -3: /Users/taormina/Code/flame/packages/flame/test/collisions/collision_callback_test.dart: Collision callbacks [Sweep] hitbox callbacks are called                                         00:05 +270 -3: /Users/taormina/Code/flame/packages/flame/test/collisions/collision_callback_test.dart: Collision callbacks [Sweep] hitbox callbacks are called                                         00:05 +270 -3: /Users/taormina/Code/flame/packages/flame/test/collisions/collision_callback_test.dart: Collision callbacks [QuadTree] hitbox callbacks are called                                      00:05 +271 -3: /Users/taormina/Code/flame/packages/flame/test/collisions/collision_callback_test.dart: Collision callbacks [QuadTree] hitbox callbacks are called                                      00:05 +271 -3: /Users/taormina/Code/flame/packages/flame/test/collisions/collision_callback_test.dart: Collision callbacks [Sweep] hitboxes are in any descendants                                     00:05 +272 -3: /Users/taormina/Code/flame/packages/flame/test/collisions/collision_callback_test.dart: Collision callbacks [Sweep] hitboxes are in any descendants                                     00:05 +272 -3: /Users/taormina/Code/flame/packages/flame/test/collisions/collision_callback_test.dart: Collision callbacks [QuadTree] hitboxes are in any descendants                                  00:05 +273 -3: /Users/taormina/Code/flame/packages/flame/test/collisions/collision_callback_test.dart: Collision callbacks [QuadTree] hitboxes are in any descendants                                  00:05 +273 -3: /Users/taormina/Code/flame/packages/flame/test/collisions/collision_callback_test.dart: Collision callbacks [Sweep] hitboxParent is PositionComponent but not CollisionCallbacks        00:05 +274 -3: /Users/taormina/Code/flame/packages/flame/test/collisions/collision_callback_test.dart: Collision callbacks [Sweep] hitboxParent is PositionComponent but not CollisionCallbacks        00:05 +274 -3: /Users/taormina/Code/flame/packages/flame/test/collisions/collision_callback_test.dart: Collision callbacks [QuadTree] hitboxParent is PositionComponent but not CollisionCallbacks     00:05 +275 -3: /Users/taormina/Code/flame/packages/flame/test/collisions/collision_callback_test.dart: Collision callbacks [QuadTree] hitboxParent is PositionComponent but not CollisionCallbacks     00:05 +275 -3: /Users/taormina/Code/flame/packages/flame/test/collisions/collision_callback_test.dart: [Sweep] hitbox callbacks are called when Collidable is removed                                  00:05 +276 -3: /Users/taormina/Code/flame/packages/flame/test/collisions/collision_callback_test.dart: [Sweep] hitbox callbacks are called when Collidable is removed                                  00:05 +276 -3: /Users/taormina/Code/flame/packages/flame/test/collisions/collision_callback_test.dart: [QuadTree] hitbox callbacks are called when Collidable is removed                               00:05 +277 -3: /Users/taormina/Code/flame/packages/flame/test/collisions/collision_callback_test.dart: [QuadTree] hitbox callbacks are called when Collidable is removed                               00:05 +277 -3: /Users/taormina/Code/flame/packages/flame/test/collisions/collision_callback_test.dart: [Sweep] hitbox end callbacks are called when hitbox is moved away fast                          00:05 +278 -3: /Users/taormina/Code/flame/packages/flame/test/collisions/collision_callback_test.dart: [Sweep] hitbox end callbacks are called when hitbox is moved away fast                          00:05 +278 -3: /Users/taormina/Code/flame/packages/flame/test/collisions/collision_callback_test.dart: [QuadTree] hitbox end callbacks are called when hitbox is moved away fast                       00:05 +279 -3: /Users/taormina/Code/flame/packages/flame/test/collisions/collision_callback_test.dart: [QuadTree] hitbox end callbacks are called when hitbox is moved away fast                       00:05 +279 -3: /Users/taormina/Code/flame/packages/flame/test/collisions/collision_callback_test.dart: [Sweep] onCollisionEnd is only called when there previously was a collision                     00:05 +280 -3: /Users/taormina/Code/flame/packages/flame/test/collisions/collision_callback_test.dart: [Sweep] onCollisionEnd is only called when there previously was a collision                     00:05 +280 -3: /Users/taormina/Code/flame/packages/flame/test/collisions/collision_callback_test.dart: [QuadTree] onCollisionEnd is only called when there previously was a collision                  00:05 +281 -3: /Users/taormina/Code/flame/packages/flame/test/collisions/collision_callback_test.dart: [QuadTree] onCollisionEnd is only called when there previously was a collision                  00:05 +281 -3: /Users/taormina/Code/flame/packages/flame/test/collisions/collision_callback_test.dart: [Sweep] callbacks are only called once for hitboxes on each other                               00:05 +282 -3: /Users/taormina/Code/flame/packages/flame/test/collisions/collision_callback_test.dart: [Sweep] callbacks are only called once for hitboxes on each other                               00:05 +282 -3: /Users/taormina/Code/flame/packages/flame/test/collisions/collision_callback_test.dart: [QuadTree] callbacks are only called once for hitboxes on each other                            00:05 +283 -3: /Users/taormina/Code/flame/packages/flame/test/collisions/collision_callback_test.dart: [QuadTree] callbacks are only called once for hitboxes on each other                            00:05 +283 -3: /Users/taormina/Code/flame/packages/flame/test/collisions/collision_callback_test.dart: [Sweep] callbacks return the parent of the composite hitbox on collisions                       00:05 +284 -3: /Users/taormina/Code/flame/packages/flame/test/collisions/collision_callback_test.dart: [Sweep] callbacks return the parent of the composite hitbox on collisions                       00:05 +284 -3: /Users/taormina/Code/flame/packages/flame/test/collisions/collision_callback_test.dart: [QuadTree] callbacks return the parent of the composite hitbox on collisions                    00:05 +285 -3: /Users/taormina/Code/flame/packages/flame/test/collisions/collision_callback_test.dart: [QuadTree] callbacks return the parent of the composite hitbox on collisions                    00:05 +285 -3: /Users/taormina/Code/flame/packages/flame/test/collisions/collision_callback_test.dart: [Sweep] end and start callbacks are only called once for hitboxes sharing a side                00:05 +286 -3: /Users/taormina/Code/flame/packages/flame/test/collisions/collision_callback_test.dart: [Sweep] end and start callbacks are only called once for hitboxes sharing a side                00:05 +286 -3: /Users/taormina/Code/flame/packages/flame/test/collisions/collision_callback_test.dart: [QuadTree] end and start callbacks are only called once for hitboxes sharing a side             00:05 +287 -3: /Users/taormina/Code/flame/packages/flame/test/collisions/collision_callback_test.dart: [QuadTree] end and start callbacks are only called once for hitboxes sharing a side             00:05 +287 -3: /Users/taormina/Code/flame/packages/flame/test/collisions/collision_callback_test.dart: [Sweep] component collision callbacks are not called with hitbox triggersParentCollision option 00:05 +288 -3: /Users/taormina/Code/flame/packages/flame/test/collisions/collision_callback_test.dart: [Sweep] component collision callbacks are not called with hitbox triggersParentCollision option 00:05 +288 -3: /Users/taormina/Code/flame/packages/flame/test/collisions/collision_callback_test.dart: ... component collision callbacks are not called with hitbox triggersParentCollision option     00:05 +289 -3: /Users/taormina/Code/flame/packages/flame/test/collisions/collision_callback_test.dart: ... component collision callbacks are not called with hitbox triggersParentCollision option     00:05 +289 -3: /Users/taormina/Code/flame/packages/flame/test/collisions/collision_callback_test.dart: [Sweep] collision callbacks with many hitboxes added                                            00:05 +290 -3: /Users/taormina/Code/flame/packages/flame/test/collisions/collision_callback_test.dart: [Sweep] collision callbacks with many hitboxes added                                            00:05 +290 -3: /Users/taormina/Code/flame/packages/flame/test/collisions/collision_callback_test.dart: [QuadTree] collision callbacks with many hitboxes added                                         00:06 +290 -3: /Users/taormina/Code/flame/packages/flame/test/collisions/collision_callback_test.dart: [QuadTree] collision callbacks with many hitboxes added                                         00:06 +291 -3: /Users/taormina/Code/flame/packages/flame/test/collisions/collision_callback_test.dart: [QuadTree] collision callbacks with many hitboxes added                                         00:06 +291 -3: /Users/taormina/Code/flame/packages/flame/test/collisions/collision_callback_test.dart: [Sweep] collision callbacks with changed game size                                              00:06 +292 -3: /Users/taormina/Code/flame/packages/flame/test/collisions/collision_callback_test.dart: [Sweep] collision callbacks with changed game size                                              00:06 +292 -3: /Users/taormina/Code/flame/packages/flame/test/collisions/collision_callback_test.dart: [QuadTree] collision callbacks with changed game size                                           00:06 +293 -3: /Users/taormina/Code/flame/packages/flame/test/collisions/collision_callback_test.dart: [QuadTree] collision callbacks with changed game size                                           00:06 +293 -3: /Users/taormina/Code/flame/packages/flame/test/collisions/collision_callback_test.dart: [Sweep] collision callbacks for solid hitbox                                                    00:06 +294 -3: /Users/taormina/Code/flame/packages/flame/test/collisions/collision_callback_test.dart: [Sweep] collision callbacks for solid hitbox                                                    00:06 +294 -3: /Users/taormina/Code/flame/packages/flame/test/collisions/collision_callback_test.dart: [QuadTree] collision callbacks for solid hitbox                                                 00:06 +295 -3: /Users/taormina/Code/flame/packages/flame/test/collisions/collision_callback_test.dart: [QuadTree] collision callbacks for solid hitbox                                                 00:06 +295 -3: /Users/taormina/Code/flame/packages/flame/test/collisions/collision_callback_test.dart: [Sweep] collision callbacks for nested World                                                    00:06 +296 -3: /Users/taormina/Code/flame/packages/flame/test/collisions/collision_callback_test.dart: [Sweep] collision callbacks for nested World                                                    00:06 +296 -3: /Users/taormina/Code/flame/packages/flame/test/collisions/collision_callback_test.dart: [QuadTree] collision callbacks for nested World                                                 00:06 +297 -3: /Users/taormina/Code/flame/packages/flame/test/collisions/collision_callback_test.dart: [QuadTree] collision callbacks for nested World                                                 00:06 +297 -3: /Users/taormina/Code/flame/packages/flame/test/collisions/collision_callback_test.dart: ... supported in the QuadTree) makes the correct Component type start to collide                00:06 +298 -3: /Users/taormina/Code/flame/packages/flame/test/collisions/collision_callback_test.dart: ... supported in the QuadTree) makes the correct Component type start to collide                00:06 +298 -3: loading /Users/taormina/Code/flame/packages/flame/test/collisions/collision_callback_benchmark_test.dart                                                                                00:06 +298 -3: /Users/taormina/Code/flame/packages/flame/test/collisions/collision_callback_benchmark_test.dart: Benchmark collision detection [Sweep] collidable callbacks are called                 00:06 +299 -3: /Users/taormina/Code/flame/packages/flame/test/collisions/collision_callback_benchmark_test.dart: Benchmark collision detection [Sweep] collidable callbacks are called                 00:06 +300 -3: /Users/taormina/Code/flame/packages/flame/test/collisions/collision_callback_benchmark_test.dart: Benchmark collision detection [Sweep] collidable callbacks are called                 00:06 +301 -3: /Users/taormina/Code/flame/packages/flame/test/collisions/collision_callback_benchmark_test.dart: Benchmark collision detection [Sweep] collidable callbacks are called                 00:06 +302 -3: /Users/taormina/Code/flame/packages/flame/test/collisions/collision_callback_benchmark_test.dart: Benchmark collision detection [Sweep] collidable callbacks are called                 00:06 +303 -3: /Users/taormina/Code/flame/packages/flame/test/collisions/collision_callback_benchmark_test.dart: Benchmark collision detection [Sweep] collidable callbacks are called                 00:06 +304 -3: /Users/taormina/Code/flame/packages/flame/test/collisions/collision_callback_benchmark_test.dart: Benchmark collision detection [Sweep] collidable callbacks are called                 00:06 +305 -3: /Users/taormina/Code/flame/packages/flame/test/collisions/collision_callback_benchmark_test.dart: Benchmark collision detection [Sweep] collidable callbacks are called                 00:06 +306 -3: /Users/taormina/Code/flame/packages/flame/test/collisions/collision_callback_benchmark_test.dart: Benchmark collision detection [Sweep] collidable callbacks are called                 00:06 +307 -3: /Users/taormina/Code/flame/packages/flame/test/collisions/collision_callback_benchmark_test.dart: Benchmark collision detection [Sweep] collidable callbacks are called                 00:06 +308 -3: /Users/taormina/Code/flame/packages/flame/test/collisions/collision_callback_benchmark_test.dart: Benchmark collision detection [Sweep] collidable callbacks are called                 00:06 +309 -3: /Users/taormina/Code/flame/packages/flame/test/collisions/collision_callback_benchmark_test.dart: Benchmark collision detection [Sweep] collidable callbacks are called                 00:06 +310 -3: /Users/taormina/Code/flame/packages/flame/test/collisions/collision_callback_benchmark_test.dart: Benchmark collision detection [Sweep] collidable callbacks are called                 00:06 +311 -3: /Users/taormina/Code/flame/packages/flame/test/collisions/collision_callback_benchmark_test.dart: Benchmark collision detection [Sweep] collidable callbacks are called                 00:06 +312 -3: /Users/taormina/Code/flame/packages/flame/test/collisions/collision_callback_benchmark_test.dart: Benchmark collision detection [Sweep] collidable callbacks are called                 00:06 +313 -3: /Users/taormina/Code/flame/packages/flame/test/collisions/collision_callback_benchmark_test.dart: Benchmark collision detection [Sweep] collidable callbacks are called                 00:06 +314 -3: /Users/taormina/Code/flame/packages/flame/test/collisions/collision_callback_benchmark_test.dart: Benchmark collision detection [Sweep] collidable callbacks are called                 00:06 +315 -3: /Users/taormina/Code/flame/packages/flame/test/collisions/collision_callback_benchmark_test.dart: Benchmark collision detection [Sweep] collidable callbacks are called                 00:06 +316 -3: /Users/taormina/Code/flame/packages/flame/test/collisions/collision_callback_benchmark_test.dart: Benchmark collision detection [Sweep] collidable callbacks are called                 00:06 +317 -3: /Users/taormina/Code/flame/packages/flame/test/collisions/collision_callback_benchmark_test.dart: Benchmark collision detection [Sweep] collidable callbacks are called                 00:06 +318 -3: /Users/taormina/Code/flame/packages/flame/test/collisions/collision_callback_benchmark_test.dart: Benchmark collision detection [Sweep] collidable callbacks are called                 00:06 +319 -3: /Users/taormina/Code/flame/packages/flame/test/collisions/collision_callback_benchmark_test.dart: Benchmark collision detection [Sweep] collidable callbacks are called                 00:06 +320 -3: /Users/taormina/Code/flame/packages/flame/test/collisions/collision_callback_benchmark_test.dart: Benchmark collision detection [Sweep] collidable callbacks are called                 00:06 +321 -3: /Users/taormina/Code/flame/packages/flame/test/collisions/collision_callback_benchmark_test.dart: Benchmark collision detection [Sweep] collidable callbacks are called                 00:06 +322 -3: /Users/taormina/Code/flame/packages/flame/test/collisions/collision_callback_benchmark_test.dart: Benchmark collision detection [Sweep] collidable callbacks are called                 00:06 +323 -3: /Users/taormina/Code/flame/packages/flame/test/collisions/collision_callback_benchmark_test.dart: Benchmark collision detection [Sweep] collidable callbacks are called                 00:06 +324 -3: /Users/taormina/Code/flame/packages/flame/test/collisions/collision_callback_benchmark_test.dart: Benchmark collision detection [Sweep] collidable callbacks are called                 00:06 +325 -3: /Users/taormina/Code/flame/packages/flame/test/collisions/collision_callback_benchmark_test.dart: Benchmark collision detection [Sweep] collidable callbacks are called                 00:06 +326 -3: /Users/taormina/Code/flame/packages/flame/test/collisions/collision_callback_benchmark_test.dart: Benchmark collision detection [Sweep] collidable callbacks are called                 00:06 +327 -3: /Users/taormina/Code/flame/packages/flame/test/collisions/collision_callback_benchmark_test.dart: Benchmark collision detection [Sweep] collidable callbacks are called                 00:06 +328 -3: /Users/taormina/Code/flame/packages/flame/test/collisions/collision_callback_benchmark_test.dart: Benchmark collision detection [Sweep] collidable callbacks are called                 00:06 +329 -3: /Users/taormina/Code/flame/packages/flame/test/collisions/collision_callback_benchmark_test.dart: Benchmark collision detection [Sweep] collidable callbacks are called                 00:06 +330 -3: /Users/taormina/Code/flame/packages/flame/test/collisions/collision_callback_benchmark_test.dart: Benchmark collision detection [Sweep] collidable callbacks are called                 00:06 +331 -3: /Users/taormina/Code/flame/packages/flame/test/collisions/collision_callback_benchmark_test.dart: Benchmark collision detection [Sweep] collidable callbacks are called                 00:06 +332 -3: /Users/taormina/Code/flame/packages/flame/test/collisions/collision_callback_benchmark_test.dart: Benchmark collision detection [Sweep] collidable callbacks are called                 00:06 +333 -3: /Users/taormina/Code/flame/packages/flame/test/collisions/collision_callback_benchmark_test.dart: Benchmark collision detection [Sweep] collidable callbacks are called                 00:06 +334 -3: /Users/taormina/Code/flame/packages/flame/test/collisions/collision_callback_benchmark_test.dart: Benchmark collision detection [Sweep] collidable callbacks are called                 00:06 +335 -3: /Users/taormina/Code/flame/packages/flame/test/collisions/collision_callback_benchmark_test.dart: Benchmark collision detection [Sweep] collidable callbacks are called                 00:06 +336 -3: /Users/taormina/Code/flame/packages/flame/test/collisions/collision_callback_benchmark_test.dart: Benchmark collision detection [Sweep] collidable callbacks are called                 00:06 +337 -3: /Users/taormina/Code/flame/packages/flame/test/collisions/collision_callback_benchmark_test.dart: Benchmark collision detection [Sweep] collidable callbacks are called                 00:06 +338 -3: /Users/taormina/Code/flame/packages/flame/test/collisions/collision_callback_benchmark_test.dart: Benchmark collision detection [Sweep] collidable callbacks are called                 00:06 +339 -3: /Users/taormina/Code/flame/packages/flame/test/collisions/collision_callback_benchmark_test.dart: Benchmark collision detection [Sweep] collidable callbacks are called                 00:06 +340 -3: /Users/taormina/Code/flame/packages/flame/test/collisions/collision_callback_benchmark_test.dart: Benchmark collision detection [Sweep] collidable callbacks are called                 00:06 +341 -3: /Users/taormina/Code/flame/packages/flame/test/collisions/collision_callback_benchmark_test.dart: Benchmark collision detection [Sweep] collidable callbacks are called                 00:06 +342 -3: /Users/taormina/Code/flame/packages/flame/test/collisions/collision_callback_benchmark_test.dart: Benchmark collision detection [Sweep] collidable callbacks are called                 00:06 +343 -3: /Users/taormina/Code/flame/packages/flame/test/collisions/collision_callback_benchmark_test.dart: Benchmark collision detection [Sweep] collidable callbacks are called                 00:06 +343 -3: /Users/taormina/Code/flame/packages/flame/test/collisions/collision_callback_benchmark_test.dart: Benchmark collision detection [Sweep] collidable callbacks are called                 
498 ms
2008.0321285140562 runs per second
3280
00:06 +344 -3: /Users/taormina/Code/flame/packages/flame/test/collisions/collision_detection_test.dart: LineSegment.isPointOnSegment can catch simple point                                            00:06 +345 -3: /Users/taormina/Code/flame/packages/flame/test/collisions/collision_callback_benchmark_test.dart: Benchmark collision detection [QuadTree] collidable callbacks are called              00:06 +346 -3: /Users/taormina/Code/flame/packages/flame/test/collisions/collision_callback_benchmark_test.dart: Benchmark collision detection [QuadTree] collidable callbacks are called              00:06 +347 -3: /Users/taormina/Code/flame/packages/flame/test/collisions/collision_callback_benchmark_test.dart: Benchmark collision detection [QuadTree] collidable callbacks are called              00:06 +348 -3: /Users/taormina/Code/flame/packages/flame/test/collisions/collision_callback_benchmark_test.dart: Benchmark collision detection [QuadTree] collidable callbacks are called              00:06 +349 -3: /Users/taormina/Code/flame/packages/flame/test/collisions/collision_callback_benchmark_test.dart: Benchmark collision detection [QuadTree] collidable callbacks are called              00:06 +350 -3: /Users/taormina/Code/flame/packages/flame/test/collisions/collision_callback_benchmark_test.dart: Benchmark collision detection [QuadTree] collidable callbacks are called              00:06 +351 -3: /Users/taormina/Code/flame/packages/flame/test/collisions/collision_callback_benchmark_test.dart: Benchmark collision detection [QuadTree] collidable callbacks are called              00:06 +352 -3: /Users/taormina/Code/flame/packages/flame/test/collisions/collision_callback_benchmark_test.dart: Benchmark collision detection [QuadTree] collidable callbacks are called              00:06 +353 -3: /Users/taormina/Code/flame/packages/flame/test/collisions/collision_callback_benchmark_test.dart: Benchmark collision detection [QuadTree] collidable callbacks are called              00:06 +354 -3: /Users/taormina/Code/flame/packages/flame/test/collisions/collision_callback_benchmark_test.dart: Benchmark collision detection [QuadTree] collidable callbacks are called              00:06 +355 -3: /Users/taormina/Code/flame/packages/flame/test/collisions/collision_callback_benchmark_test.dart: Benchmark collision detection [QuadTree] collidable callbacks are called              00:06 +356 -3: /Users/taormina/Code/flame/packages/flame/test/collisions/collision_callback_benchmark_test.dart: Benchmark collision detection [QuadTree] collidable callbacks are called              00:06 +357 -3: /Users/taormina/Code/flame/packages/flame/test/collisions/collision_callback_benchmark_test.dart: Benchmark collision detection [QuadTree] collidable callbacks are called              00:06 +358 -3: /Users/taormina/Code/flame/packages/flame/test/collisions/collision_callback_benchmark_test.dart: Benchmark collision detection [QuadTree] collidable callbacks are called              00:06 +359 -3: /Users/taormina/Code/flame/packages/flame/test/collisions/collision_callback_benchmark_test.dart: Benchmark collision detection [QuadTree] collidable callbacks are called              00:06 +360 -3: /Users/taormina/Code/flame/packages/flame/test/collisions/collision_callback_benchmark_test.dart: Benchmark collision detection [QuadTree] collidable callbacks are called              00:06 +361 -3: /Users/taormina/Code/flame/packages/flame/test/collisions/collision_callback_benchmark_test.dart: Benchmark collision detection [QuadTree] collidable callbacks are called              00:06 +362 -3: /Users/taormina/Code/flame/packages/flame/test/collisions/collision_callback_benchmark_test.dart: Benchmark collision detection [QuadTree] collidable callbacks are called              00:06 +363 -3: /Users/taormina/Code/flame/packages/flame/test/collisions/collision_callback_benchmark_test.dart: Benchmark collision detection [QuadTree] collidable callbacks are called              00:06 +364 -3: /Users/taormina/Code/flame/packages/flame/test/collisions/collision_callback_benchmark_test.dart: Benchmark collision detection [QuadTree] collidable callbacks are called              00:06 +365 -3: /Users/taormina/Code/flame/packages/flame/test/collisions/collision_callback_benchmark_test.dart: Benchmark collision detection [QuadTree] collidable callbacks are called              00:06 +366 -3: /Users/taormina/Code/flame/packages/flame/test/collisions/collision_callback_benchmark_test.dart: Benchmark collision detection [QuadTree] collidable callbacks are called              00:06 +367 -3: /Users/taormina/Code/flame/packages/flame/test/collisions/collision_callback_benchmark_test.dart: Benchmark collision detection [QuadTree] collidable callbacks are called              00:06 +368 -3: /Users/taormina/Code/flame/packages/flame/test/collisions/collision_callback_benchmark_test.dart: Benchmark collision detection [QuadTree] collidable callbacks are called              00:06 +369 -3: /Users/taormina/Code/flame/packages/flame/test/collisions/collision_callback_benchmark_test.dart: Benchmark collision detection [QuadTree] collidable callbacks are called              00:06 +370 -3: /Users/taormina/Code/flame/packages/flame/test/collisions/collision_callback_benchmark_test.dart: Benchmark collision detection [QuadTree] collidable callbacks are called              00:06 +371 -3: /Users/taormina/Code/flame/packages/flame/test/collisions/collision_callback_benchmark_test.dart: Benchmark collision detection [QuadTree] collidable callbacks are called              00:06 +372 -3: /Users/taormina/Code/flame/packages/flame/test/collisions/collision_callback_benchmark_test.dart: Benchmark collision detection [QuadTree] collidable callbacks are called              00:06 +373 -3: /Users/taormina/Code/flame/packages/flame/test/collisions/collision_callback_benchmark_test.dart: Benchmark collision detection [QuadTree] collidable callbacks are called              00:06 +374 -3: /Users/taormina/Code/flame/packages/flame/test/collisions/collision_callback_benchmark_test.dart: Benchmark collision detection [QuadTree] collidable callbacks are called              00:06 +375 -3: /Users/taormina/Code/flame/packages/flame/test/collisions/collision_callback_benchmark_test.dart: Benchmark collision detection [QuadTree] collidable callbacks are called              00:06 +376 -3: /Users/taormina/Code/flame/packages/flame/test/collisions/collision_callback_benchmark_test.dart: Benchmark collision detection [QuadTree] collidable callbacks are called              00:06 +377 -3: /Users/taormina/Code/flame/packages/flame/test/collisions/collision_callback_benchmark_test.dart: Benchmark collision detection [QuadTree] collidable callbacks are called              00:06 +378 -3: /Users/taormina/Code/flame/packages/flame/test/collisions/collision_callback_benchmark_test.dart: Benchmark collision detection [QuadTree] collidable callbacks are called              00:06 +379 -3: /Users/taormina/Code/flame/packages/flame/test/collisions/collision_callback_benchmark_test.dart: Benchmark collision detection [QuadTree] collidable callbacks are called              00:06 +380 -3: /Users/taormina/Code/flame/packages/flame/test/collisions/collision_callback_benchmark_test.dart: Benchmark collision detection [QuadTree] collidable callbacks are called              00:06 +381 -3: /Users/taormina/Code/flame/packages/flame/test/collisions/collision_callback_benchmark_test.dart: Benchmark collision detection [QuadTree] collidable callbacks are called              00:06 +382 -3: /Users/taormina/Code/flame/packages/flame/test/collisions/collision_callback_benchmark_test.dart: Benchmark collision detection [QuadTree] collidable callbacks are called              00:06 +383 -3: /Users/taormina/Code/flame/packages/flame/test/collisions/collision_callback_benchmark_test.dart: Benchmark collision detection [QuadTree] collidable callbacks are called              00:06 +384 -3: /Users/taormina/Code/flame/packages/flame/test/collisions/collision_callback_benchmark_test.dart: Benchmark collision detection [QuadTree] collidable callbacks are called              00:06 +385 -3: /Users/taormina/Code/flame/packages/flame/test/collisions/collision_callback_benchmark_test.dart: Benchmark collision detection [QuadTree] collidable callbacks are called              00:06 +386 -3: /Users/taormina/Code/flame/packages/flame/test/collisions/collision_callback_benchmark_test.dart: Benchmark collision detection [QuadTree] collidable callbacks are called              00:06 +387 -3: /Users/taormina/Code/flame/packages/flame/test/collisions/collision_callback_benchmark_test.dart: Benchmark collision detection [QuadTree] collidable callbacks are called              00:06 +388 -3: /Users/taormina/Code/flame/packages/flame/test/collisions/collision_callback_benchmark_test.dart: Benchmark collision detection [QuadTree] collidable callbacks are called              00:06 +389 -3: /Users/taormina/Code/flame/packages/flame/test/collisions/collision_callback_benchmark_test.dart: Benchmark collision detection [QuadTree] collidable callbacks are called              00:06 +390 -3: /Users/taormina/Code/flame/packages/flame/test/collisions/collision_callback_benchmark_test.dart: Benchmark collision detection [QuadTree] collidable callbacks are called              00:06 +391 -3: /Users/taormina/Code/flame/packages/flame/test/collisions/collision_callback_benchmark_test.dart: Benchmark collision detection [QuadTree] collidable callbacks are called              00:06 +392 -3: /Users/taormina/Code/flame/packages/flame/test/collisions/collision_callback_benchmark_test.dart: Benchmark collision detection [QuadTree] collidable callbacks are called              00:06 +393 -3: /Users/taormina/Code/flame/packages/flame/test/collisions/collision_callback_benchmark_test.dart: Benchmark collision detection [QuadTree] collidable callbacks are called              00:06 +394 -3: /Users/taormina/Code/flame/packages/flame/test/collisions/collision_callback_benchmark_test.dart: Benchmark collision detection [QuadTree] collidable callbacks are called              00:06 +395 -3: /Users/taormina/Code/flame/packages/flame/test/collisions/collision_callback_benchmark_test.dart: Benchmark collision detection [QuadTree] collidable callbacks are called              00:06 +396 -3: /Users/taormina/Code/flame/packages/flame/test/collisions/collision_callback_benchmark_test.dart: Benchmark collision detection [QuadTree] collidable callbacks are called              00:06 +397 -3: /Users/taormina/Code/flame/packages/flame/test/collisions/collision_callback_benchmark_test.dart: Benchmark collision detection [QuadTree] collidable callbacks are called              00:06 +398 -3: /Users/taormina/Code/flame/packages/flame/test/collisions/collision_callback_benchmark_test.dart: Benchmark collision detection [QuadTree] collidable callbacks are called              00:06 +399 -3: /Users/taormina/Code/flame/packages/flame/test/collisions/collision_callback_benchmark_test.dart: Benchmark collision detection [QuadTree] collidable callbacks are called              00:06 +400 -3: /Users/taormina/Code/flame/packages/flame/test/collisions/collision_callback_benchmark_test.dart: Benchmark collision detection [QuadTree] collidable callbacks are called              00:06 +401 -3: /Users/taormina/Code/flame/packages/flame/test/collisions/collision_callback_benchmark_test.dart: Benchmark collision detection [QuadTree] collidable callbacks are called              00:06 +402 -3: /Users/taormina/Code/flame/packages/flame/test/collisions/collision_callback_benchmark_test.dart: Benchmark collision detection [QuadTree] collidable callbacks are called              00:06 +403 -3: /Users/taormina/Code/flame/packages/flame/test/collisions/collision_callback_benchmark_test.dart: Benchmark collision detection [QuadTree] collidable callbacks are called              00:06 +404 -3: /Users/taormina/Code/flame/packages/flame/test/collisions/collision_callback_benchmark_test.dart: Benchmark collision detection [QuadTree] collidable callbacks are called              00:06 +405 -3: /Users/taormina/Code/flame/packages/flame/test/collisions/collision_callback_benchmark_test.dart: Benchmark collision detection [QuadTree] collidable callbacks are called              00:06 +406 -3: /Users/taormina/Code/flame/packages/flame/test/collisions/collision_callback_benchmark_test.dart: Benchmark collision detection [QuadTree] collidable callbacks are called              00:06 +407 -3: /Users/taormina/Code/flame/packages/flame/test/collisions/collision_callback_benchmark_test.dart: Benchmark collision detection [QuadTree] collidable callbacks are called              00:06 +408 -3: /Users/taormina/Code/flame/packages/flame/test/collisions/collision_callback_benchmark_test.dart: Benchmark collision detection [QuadTree] collidable callbacks are called              00:06 +409 -3: /Users/taormina/Code/flame/packages/flame/test/collisions/collision_callback_benchmark_test.dart: Benchmark collision detection [QuadTree] collidable callbacks are called              00:06 +410 -3: /Users/taormina/Code/flame/packages/flame/test/collisions/collision_callback_benchmark_test.dart: Benchmark collision detection [QuadTree] collidable callbacks are called              00:06 +411 -3: /Users/taormina/Code/flame/packages/flame/test/collisions/collision_callback_benchmark_test.dart: Benchmark collision detection [QuadTree] collidable callbacks are called              00:06 +412 -3: /Users/taormina/Code/flame/packages/flame/test/collisions/collision_callback_benchmark_test.dart: Benchmark collision detection [QuadTree] collidable callbacks are called              00:06 +413 -3: /Users/taormina/Code/flame/packages/flame/test/collisions/collision_callback_benchmark_test.dart: Benchmark collision detection [QuadTree] collidable callbacks are called              00:06 +414 -3: /Users/taormina/Code/flame/packages/flame/test/collisions/collision_callback_benchmark_test.dart: Benchmark collision detection [QuadTree] collidable callbacks are called              00:07 +414 -3: /Users/taormina/Code/flame/packages/flame/test/collisions/collision_callback_benchmark_test.dart: Benchmark collision detection [QuadTree] collidable callbacks are called              00:07 +415 -3: /Users/taormina/Code/flame/packages/flame/test/collisions/collision_callback_benchmark_test.dart: Benchmark collision detection [QuadTree] collidable callbacks are called              00:07 +416 -3: /Users/taormina/Code/flame/packages/flame/test/collisions/collision_callback_benchmark_test.dart: Benchmark collision detection [QuadTree] collidable callbacks are called              00:07 +417 -3: /Users/taormina/Code/flame/packages/flame/test/collisions/collision_callback_benchmark_test.dart: Benchmark collision detection [QuadTree] collidable callbacks are called              00:07 +418 -3: /Users/taormina/Code/flame/packages/flame/test/collisions/collision_callback_benchmark_test.dart: Benchmark collision detection [QuadTree] collidable callbacks are called              00:07 +419 -3: /Users/taormina/Code/flame/packages/flame/test/collisions/collision_callback_benchmark_test.dart: Benchmark collision detection [QuadTree] collidable callbacks are called              00:07 +420 -3: /Users/taormina/Code/flame/packages/flame/test/collisions/collision_callback_benchmark_test.dart: Benchmark collision detection [QuadTree] collidable callbacks are called              00:07 +421 -3: /Users/taormina/Code/flame/packages/flame/test/collisions/collision_callback_benchmark_test.dart: Benchmark collision detection [QuadTree] collidable callbacks are called              00:07 +422 -3: /Users/taormina/Code/flame/packages/flame/test/collisions/collision_callback_benchmark_test.dart: Benchmark collision detection [QuadTree] collidable callbacks are called              00:07 +423 -3: /Users/taormina/Code/flame/packages/flame/test/collisions/collision_callback_benchmark_test.dart: Benchmark collision detection [QuadTree] collidable callbacks are called              00:07 +424 -3: /Users/taormina/Code/flame/packages/flame/test/collisions/collision_callback_benchmark_test.dart: Benchmark collision detection [QuadTree] collidable callbacks are called              00:07 +425 -3: /Users/taormina/Code/flame/packages/flame/test/collisions/collision_callback_benchmark_test.dart: Benchmark collision detection [QuadTree] collidable callbacks are called              00:07 +426 -3: /Users/taormina/Code/flame/packages/flame/test/collisions/collision_callback_benchmark_test.dart: Benchmark collision detection [QuadTree] collidable callbacks are called              00:07 +427 -3: /Users/taormina/Code/flame/packages/flame/test/collisions/collision_callback_benchmark_test.dart: Benchmark collision detection [QuadTree] collidable callbacks are called              00:07 +428 -3: /Users/taormina/Code/flame/packages/flame/test/collisions/collision_callback_benchmark_test.dart: Benchmark collision detection [QuadTree] collidable callbacks are called              00:07 +429 -3: /Users/taormina/Code/flame/packages/flame/test/collisions/collision_callback_benchmark_test.dart: Benchmark collision detection [QuadTree] collidable callbacks are called              00:07 +430 -3: /Users/taormina/Code/flame/packages/flame/test/collisions/collision_callback_benchmark_test.dart: Benchmark collision detection [QuadTree] collidable callbacks are called              00:07 +431 -3: /Users/taormina/Code/flame/packages/flame/test/collisions/collision_callback_benchmark_test.dart: Benchmark collision detection [QuadTree] collidable callbacks are called              00:07 +432 -3: /Users/taormina/Code/flame/packages/flame/test/collisions/collision_callback_benchmark_test.dart: Benchmark collision detection [QuadTree] collidable callbacks are called              00:07 +433 -3: /Users/taormina/Code/flame/packages/flame/test/collisions/collision_callback_benchmark_test.dart: Benchmark collision detection [QuadTree] collidable callbacks are called              00:07 +434 -3: /Users/taormina/Code/flame/packages/flame/test/collisions/collision_callback_benchmark_test.dart: Benchmark collision detection [QuadTree] collidable callbacks are called              00:07 +435 -3: /Users/taormina/Code/flame/packages/flame/test/collisions/collision_callback_benchmark_test.dart: Benchmark collision detection [QuadTree] collidable callbacks are called              00:07 +436 -3: /Users/taormina/Code/flame/packages/flame/test/collisions/collision_callback_benchmark_test.dart: Benchmark collision detection [QuadTree] collidable callbacks are called              00:07 +437 -3: /Users/taormina/Code/flame/packages/flame/test/collisions/collision_callback_benchmark_test.dart: Benchmark collision detection [QuadTree] collidable callbacks are called              00:07 +438 -3: /Users/taormina/Code/flame/packages/flame/test/collisions/collision_callback_benchmark_test.dart: Benchmark collision detection [QuadTree] collidable callbacks are called              00:07 +439 -3: /Users/taormina/Code/flame/packages/flame/test/collisions/collision_callback_benchmark_test.dart: Benchmark collision detection [QuadTree] collidable callbacks are called              00:07 +440 -3: /Users/taormina/Code/flame/packages/flame/test/collisions/collision_callback_benchmark_test.dart: Benchmark collision detection [QuadTree] collidable callbacks are called              00:07 +441 -3: /Users/taormina/Code/flame/packages/flame/test/collisions/collision_callback_benchmark_test.dart: Benchmark collision detection [QuadTree] collidable callbacks are called              00:07 +442 -3: /Users/taormina/Code/flame/packages/flame/test/collisions/collision_callback_benchmark_test.dart: Benchmark collision detection [QuadTree] collidable callbacks are called              00:07 +443 -3: /Users/taormina/Code/flame/packages/flame/test/collisions/collision_callback_benchmark_test.dart: Benchmark collision detection [QuadTree] collidable callbacks are called              00:07 +444 -3: /Users/taormina/Code/flame/packages/flame/test/collisions/collision_callback_benchmark_test.dart: Benchmark collision detection [QuadTree] collidable callbacks are called              00:07 +445 -3: /Users/taormina/Code/flame/packages/flame/test/collisions/collision_callback_benchmark_test.dart: Benchmark collision detection [QuadTree] collidable callbacks are called              00:07 +446 -3: /Users/taormina/Code/flame/packages/flame/test/collisions/collision_callback_benchmark_test.dart: Benchmark collision detection [QuadTree] collidable callbacks are called              00:07 +447 -3: /Users/taormina/Code/flame/packages/flame/test/collisions/collision_callback_benchmark_test.dart: Benchmark collision detection [QuadTree] collidable callbacks are called              00:07 +448 -3: /Users/taormina/Code/flame/packages/flame/test/collisions/collision_callback_benchmark_test.dart: Benchmark collision detection [QuadTree] collidable callbacks are called              00:07 +449 -3: /Users/taormina/Code/flame/packages/flame/test/collisions/collision_callback_benchmark_test.dart: Benchmark collision detection [QuadTree] collidable callbacks are called              00:07 +450 -3: /Users/taormina/Code/flame/packages/flame/test/collisions/collision_callback_benchmark_test.dart: Benchmark collision detection [QuadTree] collidable callbacks are called              00:07 +451 -3: /Users/taormina/Code/flame/packages/flame/test/collisions/collision_callback_benchmark_test.dart: Benchmark collision detection [QuadTree] collidable callbacks are called              00:07 +452 -3: /Users/taormina/Code/flame/packages/flame/test/collisions/collision_callback_benchmark_test.dart: Benchmark collision detection [QuadTree] collidable callbacks are called              00:07 +453 -3: /Users/taormina/Code/flame/packages/flame/test/collisions/collision_callback_benchmark_test.dart: Benchmark collision detection [QuadTree] collidable callbacks are called              00:07 +454 -3: /Users/taormina/Code/flame/packages/flame/test/collisions/collision_callback_benchmark_test.dart: Benchmark collision detection [QuadTree] collidable callbacks are called              00:07 +455 -3: /Users/taormina/Code/flame/packages/flame/test/collisions/collision_callback_benchmark_test.dart: Benchmark collision detection [QuadTree] collidable callbacks are called              00:07 +456 -3: /Users/taormina/Code/flame/packages/flame/test/collisions/collision_callback_benchmark_test.dart: Benchmark collision detection [QuadTree] collidable callbacks are called              00:07 +457 -3: /Users/taormina/Code/flame/packages/flame/test/collisions/collision_callback_benchmark_test.dart: Benchmark collision detection [QuadTree] collidable callbacks are called              00:07 +458 -3: /Users/taormina/Code/flame/packages/flame/test/collisions/collision_callback_benchmark_test.dart: Benchmark collision detection [QuadTree] collidable callbacks are called              00:07 +459 -3: /Users/taormina/Code/flame/packages/flame/test/collisions/collision_callback_benchmark_test.dart: Benchmark collision detection [QuadTree] collidable callbacks are called              00:07 +460 -3: /Users/taormina/Code/flame/packages/flame/test/collisions/collision_callback_benchmark_test.dart: Benchmark collision detection [QuadTree] collidable callbacks are called              00:07 +461 -3: /Users/taormina/Code/flame/packages/flame/test/collisions/collision_callback_benchmark_test.dart: Benchmark collision detection [QuadTree] collidable callbacks are called              00:07 +462 -3: /Users/taormina/Code/flame/packages/flame/test/collisions/collision_callback_benchmark_test.dart: Benchmark collision detection [QuadTree] collidable callbacks are called              00:07 +463 -3: /Users/taormina/Code/flame/packages/flame/test/collisions/collision_callback_benchmark_test.dart: Benchmark collision detection [QuadTree] collidable callbacks are called              00:07 +464 -3: /Users/taormina/Code/flame/packages/flame/test/collisions/collision_callback_benchmark_test.dart: Benchmark collision detection [QuadTree] collidable callbacks are called              00:07 +465 -3: /Users/taormina/Code/flame/packages/flame/test/collisions/collision_callback_benchmark_test.dart: Benchmark collision detection [QuadTree] collidable callbacks are called              00:07 +466 -3: /Users/taormina/Code/flame/packages/flame/test/collisions/collision_callback_benchmark_test.dart: Benchmark collision detection [QuadTree] collidable callbacks are called              00:07 +467 -3: /Users/taormina/Code/flame/packages/flame/test/collisions/collision_callback_benchmark_test.dart: Benchmark collision detection [QuadTree] collidable callbacks are called              00:07 +468 -3: /Users/taormina/Code/flame/packages/flame/test/collisions/collision_callback_benchmark_test.dart: Benchmark collision detection [QuadTree] collidable callbacks are called              00:07 +469 -3: /Users/taormina/Code/flame/packages/flame/test/collisions/collision_callback_benchmark_test.dart: Benchmark collision detection [QuadTree] collidable callbacks are called              00:07 +470 -3: /Users/taormina/Code/flame/packages/flame/test/collisions/collision_callback_benchmark_test.dart: Benchmark collision detection [QuadTree] collidable callbacks are called              00:07 +471 -3: /Users/taormina/Code/flame/packages/flame/test/collisions/collision_callback_benchmark_test.dart: Benchmark collision detection [QuadTree] collidable callbacks are called              00:07 +472 -3: /Users/taormina/Code/flame/packages/flame/test/collisions/collision_callback_benchmark_test.dart: Benchmark collision detection [QuadTree] collidable callbacks are called              00:07 +473 -3: /Users/taormina/Code/flame/packages/flame/test/collisions/collision_callback_benchmark_test.dart: Benchmark collision detection [QuadTree] collidable callbacks are called              00:07 +474 -3: /Users/taormina/Code/flame/packages/flame/test/collisions/collision_callback_benchmark_test.dart: Benchmark collision detection [QuadTree] collidable callbacks are called              00:07 +475 -3: /Users/taormina/Code/flame/packages/flame/test/collisions/collision_callback_benchmark_test.dart: Benchmark collision detection [QuadTree] collidable callbacks are called              00:07 +476 -3: /Users/taormina/Code/flame/packages/flame/test/collisions/collision_callback_benchmark_test.dart: Benchmark collision detection [QuadTree] collidable callbacks are called              00:07 +477 -3: /Users/taormina/Code/flame/packages/flame/test/collisions/collision_callback_benchmark_test.dart: Benchmark collision detection [QuadTree] collidable callbacks are called              00:07 +478 -3: /Users/taormina/Code/flame/packages/flame/test/collisions/collision_callback_benchmark_test.dart: Benchmark collision detection [QuadTree] collidable callbacks are called              00:07 +479 -3: /Users/taormina/Code/flame/packages/flame/test/collisions/collision_callback_benchmark_test.dart: Benchmark collision detection [QuadTree] collidable callbacks are called              00:07 +480 -3: /Users/taormina/Code/flame/packages/flame/test/collisions/collision_callback_benchmark_test.dart: Benchmark collision detection [QuadTree] collidable callbacks are called              00:07 +481 -3: /Users/taormina/Code/flame/packages/flame/test/collisions/collision_callback_benchmark_test.dart: Benchmark collision detection [QuadTree] collidable callbacks are called              00:07 +482 -3: /Users/taormina/Code/flame/packages/flame/test/collisions/collision_callback_benchmark_test.dart: Benchmark collision detection [QuadTree] collidable callbacks are called              00:07 +483 -3: /Users/taormina/Code/flame/packages/flame/test/collisions/collision_callback_benchmark_test.dart: Benchmark collision detection [QuadTree] collidable callbacks are called              00:07 +483 -3: /Users/taormina/Code/flame/packages/flame/test/game/game_widget/game_widget_lifecycle_test.dart: Game Widget - Lifecycle detach when navigating out of the page                         

Warning: A call to tap() with finder "Found 1 widget with text "Back": [
  Text("Back", dependencies: [DefaultSelectionStyle, DefaultTextStyle, MediaQuery]),
]" derived an Offset (Offset(947.8, 24.0)) that would not hit test on the specified widget.
Maybe the widget is actually off-screen, or another widget is obscuring it, or the widget cannot receive pointer events.
Indeed, Offset(947.8, 24.0) is outside the bounds of the root of the render tree, Size(800.0, 600.0).
The finder corresponds to this RenderBox: RenderParagraph#eb0e1 relayoutBoundary=up14 NEEDS-PAINT
The hit test result at that offset is: HitTestResult(HitTestEntry<HitTestTarget>#bd48a(_ReusableRenderView#7fb0e), HitTestEntry<HitTestTarget>#bc7f0(<AutomatedTestWidgetsFlutterBinding>))
#0      WidgetController._getElementPoint (package:flutter_test/src/controller.dart:2081:25)
#1      WidgetController.getCenter (package:flutter_test/src/controller.dart:1865:12)
#2      WidgetController.tap (package:flutter_test/src/controller.dart:1045:7)
#3      main.<anonymous closure>.<anonymous closure> (file:///Users/taormina/Code/flame/packages/flame/test/game/game_widget/game_widget_lifecycle_test.dart:190:20)
<asynchronous suspension>
#4      testWidgets.<anonymous closure>.<anonymous closure> (package:flutter_test/src/widget_tester.dart:192:15)
<asynchronous suspension>
#5      TestWidgetsFlutterBinding._runTestBody (package:flutter_test/src/binding.dart:1059:5)
<asynchronous suspension>
#6      StackZoneSpecification._registerCallback.<anonymous closure> (package:stack_trace/src/stack_zone_specification.dart:114:42)
<asynchronous suspension>
To silence this warning, pass "warnIfMissed: false" to "tap()".
To make this warning fatal, set WidgetController.hitTestWarningShouldBeFatal to true.

00:07 +483 -3: /Users/taormina/Code/flame/packages/flame/test/collisions/collision_callback_benchmark_test.dart: Benchmark collision detection [QuadTree] collidable callbacks are called              00:07 +484 -3: /Users/taormina/Code/flame/packages/flame/test/collisions/collision_callback_benchmark_test.dart: Benchmark collision detection [QuadTree] collidable callbacks are called              00:07 +485 -3: /Users/taormina/Code/flame/packages/flame/test/collisions/collision_callback_benchmark_test.dart: Benchmark collision detection [QuadTree] collidable callbacks are called              00:07 +486 -3: /Users/taormina/Code/flame/packages/flame/test/collisions/collision_callback_benchmark_test.dart: Benchmark collision detection [QuadTree] collidable callbacks are called              00:07 +487 -3: /Users/taormina/Code/flame/packages/flame/test/collisions/collision_callback_benchmark_test.dart: Benchmark collision detection [QuadTree] collidable callbacks are called              00:07 +488 -3: /Users/taormina/Code/flame/packages/flame/test/collisions/collision_callback_benchmark_test.dart: Benchmark collision detection [QuadTree] collidable callbacks are called              00:07 +489 -3: /Users/taormina/Code/flame/packages/flame/test/collisions/collision_callback_benchmark_test.dart: Benchmark collision detection [QuadTree] collidable callbacks are called              00:08 +489 -3: /Users/taormina/Code/flame/packages/flame/test/collisions/collision_callback_benchmark_test.dart: Benchmark collision detection [QuadTree] collidable callbacks are called              00:08 +490 -3: /Users/taormina/Code/flame/packages/flame/test/collisions/collision_callback_benchmark_test.dart: Benchmark collision detection [QuadTree] collidable callbacks are called              00:08 +491 -3: /Users/taormina/Code/flame/packages/flame/test/collisions/collision_callback_benchmark_test.dart: Benchmark collision detection [QuadTree] collidable callbacks are called              00:08 +491 -3: /Users/taormina/Code/flame/packages/flame/test/collisions/collision_callback_benchmark_test.dart: Benchmark collision detection [QuadTree] collidable callbacks are called              
1216 ms
822.3684210526316 runs per second
6560
00:08 +492 -3: /Users/taormina/Code/flame/packages/flame/test/game/game_widget/game_widget_lifecycle_test.dart: Game Widget - Lifecycle detach when navigating out of the page                         00:08 +493 -3: /Users/taormina/Code/flame/packages/flame/test/game/game_widget/game_widget_lifecycle_test.dart: Game Widget - Lifecycle detach when navigating out of the page                         00:08 +494 -3: /Users/taormina/Code/flame/packages/flame/test/game/game_widget/game_widget_lifecycle_test.dart: Game Widget - Lifecycle detach when navigating out of the page                         00:08 +494 -3: /Users/taormina/Code/flame/packages/flame/test/game/game_widget/game_widget_controlled_lifecycle_test.dart: Game Widget - Lifecycle detach when navigating out of the page              

Warning: A call to tap() with finder "Found 1 widget with text "Back": [
  Text("Back", dependencies: [DefaultSelectionStyle, DefaultTextStyle, MediaQuery]),
]" derived an Offset (Offset(947.8, 24.0)) that would not hit test on the specified widget.
Maybe the widget is actually off-screen, or another widget is obscuring it, or the widget cannot receive pointer events.
Indeed, Offset(947.8, 24.0) is outside the bounds of the root of the render tree, Size(800.0, 600.0).
The finder corresponds to this RenderBox: RenderParagraph#9eda5 relayoutBoundary=up14 NEEDS-PAINT
The hit test result at that offset is: HitTestResult(HitTestEntry<HitTestTarget>#c5e45(_ReusableRenderView#bf0a3), HitTestEntry<HitTestTarget>#0bb67(<AutomatedTestWidgetsFlutterBinding>))
#0      WidgetController._getElementPoint (package:flutter_test/src/controller.dart:2081:25)
#1      WidgetController.getCenter (package:flutter_test/src/controller.dart:1865:12)
#2      WidgetController.tap (package:flutter_test/src/controller.dart:1045:7)
#3      main.<anonymous closure>.<anonymous closure> (file:///Users/taormina/Code/flame/packages/flame/test/game/game_widget/game_widget_controlled_lifecycle_test.dart:154:20)
<asynchronous suspension>
#4      testWidgets.<anonymous closure>.<anonymous closure> (package:flutter_test/src/widget_tester.dart:192:15)
<asynchronous suspension>
#5      TestWidgetsFlutterBinding._runTestBody (package:flutter_test/src/binding.dart:1059:5)
<asynchronous suspension>
#6      StackZoneSpecification._registerCallback.<anonymous closure> (package:stack_trace/src/stack_zone_specification.dart:114:42)
<asynchronous suspension>
To silence this warning, pass "warnIfMissed: false" to "tap()".
To make this warning fatal, set WidgetController.hitTestWarningShouldBeFatal to true.

00:08 +494 -3: /Users/taormina/Code/flame/packages/flame/test/game/game_widget/game_widget_lifecycle_test.dart: Game Widget - Lifecycle detach when navigating out of the page                         
══╡ EXCEPTION CAUGHT BY FLUTTER TEST FRAMEWORK ╞════════════════════════════════════════════════════
The following assertion was thrown running a test:
pumpAndSettle timed out

When the exception was thrown, this was the stack:
#0      WidgetTester.pumpAndSettle.<anonymous closure> (package:flutter_test/src/widget_tester.dart:717:11)
<asynchronous suspension>
#1      TestAsyncUtils.guard.<anonymous closure> (package:flutter_test/src/test_async_utils.dart:130:27)
<asynchronous suspension>
#2      main.<anonymous closure>.<anonymous closure> (file:///Users/taormina/Code/flame/packages/flame/test/game/game_widget/game_widget_lifecycle_test.dart:194:7)
<asynchronous suspension>
#3      testWidgets.<anonymous closure>.<anonymous closure> (package:flutter_test/src/widget_tester.dart:192:15)
<asynchronous suspension>
#4      TestWidgetsFlutterBinding._runTestBody (package:flutter_test/src/binding.dart:1059:5)
<asynchronous suspension>
<asynchronous suspension>
(elided one frame from package:stack_trace)

The test description was:
  detach when navigating out of the page
════════════════════════════════════════════════════════════════════════════════════════════════════
00:08 +494 -4: /Users/taormina/Code/flame/packages/flame/test/game/game_widget/game_widget_lifecycle_test.dart: Game Widget - Lifecycle detach when navigating out of the page [E]                     
  Test failed. See exception logs above.
  The test description was: detach when navigating out of the page
  

To run this test again: /opt/homebrew/Caskroom/flutter/3.3.10/flutter/bin/cache/dart-sdk/bin/dart test /Users/taormina/Code/flame/packages/flame/test/game/game_widget/game_widget_lifecycle_test.dart -p vm --plain-name 'Game Widget - Lifecycle detach when navigating out of the page'
00:08 +495 -4: /Users/taormina/Code/flame/packages/flame/test/game/game_widget/game_widget_controlled_lifecycle_test.dart: Game Widget - Lifecycle detach when navigating out of the page              00:08 +496 -4: /Users/taormina/Code/flame/packages/flame/test/game/game_widget/game_widget_controlled_lifecycle_test.dart: Game Widget - Lifecycle detach when navigating out of the page              00:08 +496 -4: /Users/taormina/Code/flame/packages/flame/test/game/game_widget/game_widget_lifecycle_test.dart: Game Widget - Lifecycle all events are executed in the correct order                   

Warning: A call to tap() with finder "Found 1 widget with text "Back": [
  Text("Back", dependencies: [DefaultSelectionStyle, DefaultTextStyle, MediaQuery]),
]" derived an Offset (Offset(947.8, 24.0)) that would not hit test on the specified widget.
Maybe the widget is actually off-screen, or another widget is obscuring it, or the widget cannot receive pointer events.
Indeed, Offset(947.8, 24.0) is outside the bounds of the root of the render tree, Size(800.0, 600.0).
The finder corresponds to this RenderBox: RenderParagraph#5773f relayoutBoundary=up14 NEEDS-PAINT
The hit test result at that offset is: HitTestResult(HitTestEntry<HitTestTarget>#2068e(_ReusableRenderView#7fb0e), HitTestEntry<HitTestTarget>#67040(<AutomatedTestWidgetsFlutterBinding>))
#0      WidgetController._getElementPoint (package:flutter_test/src/controller.dart:2081:25)
#1      WidgetController.getCenter (package:flutter_test/src/controller.dart:1865:12)
#2      WidgetController.tap (package:flutter_test/src/controller.dart:1045:7)
#3      main.<anonymous closure>.<anonymous closure> (file:///Users/taormina/Code/flame/packages/flame/test/game/game_widget/game_widget_lifecycle_test.dart:266:20)
<asynchronous suspension>
#4      testWidgets.<anonymous closure>.<anonymous closure> (package:flutter_test/src/widget_tester.dart:192:15)
<asynchronous suspension>
#5      TestWidgetsFlutterBinding._runTestBody (package:flutter_test/src/binding.dart:1059:5)
<asynchronous suspension>
#6      StackZoneSpecification._registerCallback.<anonymous closure> (package:stack_trace/src/stack_zone_specification.dart:114:42)
<asynchronous suspension>
To silence this warning, pass "warnIfMissed: false" to "tap()".
To make this warning fatal, set WidgetController.hitTestWarningShouldBeFatal to true.

00:08 +496 -4: /Users/taormina/Code/flame/packages/flame/test/game/game_widget/game_widget_controlled_lifecycle_test.dart: Game Widget - Lifecycle detach when navigating out of the page              00:08 +497 -4: /Users/taormina/Code/flame/packages/flame/test/game/game_widget/game_widget_controlled_lifecycle_test.dart: Game Widget - Lifecycle detach when navigating out of the page              00:08 +498 -4: /Users/taormina/Code/flame/packages/flame/test/game/game_widget/game_widget_controlled_lifecycle_test.dart: Game Widget - Lifecycle detach when navigating out of the page              00:08 +499 -4: /Users/taormina/Code/flame/packages/flame/test/game/game_widget/game_widget_controlled_lifecycle_test.dart: Game Widget - Lifecycle detach when navigating out of the page              00:08 +499 -4: /Users/taormina/Code/flame/packages/flame/test/game/game_widget/game_widget_lifecycle_test.dart: Game Widget - Lifecycle all events are executed in the correct order                   
══╡ EXCEPTION CAUGHT BY FLUTTER TEST FRAMEWORK ╞════════════════════════════════════════════════════
The following assertion was thrown running a test:
pumpAndSettle timed out

When the exception was thrown, this was the stack:
#0      WidgetTester.pumpAndSettle.<anonymous closure> (package:flutter_test/src/widget_tester.dart:717:11)
<asynchronous suspension>
#1      TestAsyncUtils.guard.<anonymous closure> (package:flutter_test/src/test_async_utils.dart:130:27)
<asynchronous suspension>
#2      main.<anonymous closure>.<anonymous closure> (file:///Users/taormina/Code/flame/packages/flame/test/game/game_widget/game_widget_lifecycle_test.dart:270:7)
<asynchronous suspension>
#3      testWidgets.<anonymous closure>.<anonymous closure> (package:flutter_test/src/widget_tester.dart:192:15)
<asynchronous suspension>
#4      TestWidgetsFlutterBinding._runTestBody (package:flutter_test/src/binding.dart:1059:5)
<asynchronous suspension>
<asynchronous suspension>
(elided one frame from package:stack_trace)

The test description was:
  all events are executed in the correct order
════════════════════════════════════════════════════════════════════════════════════════════════════
00:08 +499 -5: /Users/taormina/Code/flame/packages/flame/test/game/game_widget/game_widget_lifecycle_test.dart: Game Widget - Lifecycle all events are executed in the correct order [E]               
  Test failed. See exception logs above.
  The test description was: all events are executed in the correct order
  

To run this test again: /opt/homebrew/Caskroom/flutter/3.3.10/flutter/bin/cache/dart-sdk/bin/dart test /Users/taormina/Code/flame/packages/flame/test/game/game_widget/game_widget_lifecycle_test.dart -p vm --plain-name 'Game Widget - Lifecycle all events are executed in the correct order'
00:08 +500 -5: /Users/taormina/Code/flame/packages/flame/test/game/game_widget/game_widget_controlled_lifecycle_test.dart: Game Widget - Lifecycle detach when navigating out of the page              00:08 +500 -5: /Users/taormina/Code/flame/packages/flame/test/game/game_widget/game_widget_controlled_lifecycle_test.dart: Game Widget - Lifecycle detach when navigating out of the page              
══╡ EXCEPTION CAUGHT BY FLUTTER TEST FRAMEWORK ╞════════════════════════════════════════════════════
The following assertion was thrown running a test:
pumpAndSettle timed out

When the exception was thrown, this was the stack:
#0      WidgetTester.pumpAndSettle.<anonymous closure> (package:flutter_test/src/widget_tester.dart:717:11)
<asynchronous suspension>
#1      TestAsyncUtils.guard.<anonymous closure> (package:flutter_test/src/test_async_utils.dart:130:27)
<asynchronous suspension>
#2      main.<anonymous closure>.<anonymous closure> (file:///Users/taormina/Code/flame/packages/flame/test/game/game_widget/game_widget_controlled_lifecycle_test.dart:158:7)
<asynchronous suspension>
#3      testWidgets.<anonymous closure>.<anonymous closure> (package:flutter_test/src/widget_tester.dart:192:15)
<asynchronous suspension>
#4      TestWidgetsFlutterBinding._runTestBody (package:flutter_test/src/binding.dart:1059:5)
<asynchronous suspension>
<asynchronous suspension>
(elided one frame from package:stack_trace)

The test description was:
  detach when navigating out of the page
════════════════════════════════════════════════════════════════════════════════════════════════════
00:08 +500 -6: /Users/taormina/Code/flame/packages/flame/test/game/game_widget/game_widget_controlled_lifecycle_test.dart: Game Widget - Lifecycle detach when navigating out of the page [E]          
  Test failed. See exception logs above.
  The test description was: detach when navigating out of the page
  

To run this test again: /opt/homebrew/Caskroom/flutter/3.3.10/flutter/bin/cache/dart-sdk/bin/dart test /Users/taormina/Code/flame/packages/flame/test/game/game_widget/game_widget_controlled_lifecycle_test.dart -p vm --plain-name 'Game Widget - Lifecycle detach when navigating out of the page'
00:08 +501 -6: /Users/taormina/Code/flame/packages/flame/test/game/game_widget/game_widget_test.dart: calls onAttach when it enters the tree and onDetach and it leaves                                00:08 +502 -6: /Users/taormina/Code/flame/packages/flame/test/game/game_widget/game_widget_test.dart: calls onAttach when it enters the tree and onDetach and it leaves                                00:08 +502 -6: /Users/taormina/Code/flame/packages/flame/test/game/game_widget/game_widget_controlled_lifecycle_test.dart: Game Widget - Lifecycle all events are executed in the correct order        

Warning: A call to tap() with finder "Found 1 widget with text "Back": [
  Text("Back", dependencies: [DefaultSelectionStyle, DefaultTextStyle, MediaQuery]),
]" derived an Offset (Offset(947.8, 24.0)) that would not hit test on the specified widget.
Maybe the widget is actually off-screen, or another widget is obscuring it, or the widget cannot receive pointer events.
Indeed, Offset(947.8, 24.0) is outside the bounds of the root of the render tree, Size(800.0, 600.0).
The finder corresponds to this RenderBox: RenderParagraph#a8c0e relayoutBoundary=up14 NEEDS-PAINT
The hit test result at that offset is: HitTestResult(HitTestEntry<HitTestTarget>#86dac(_ReusableRenderView#bf0a3), HitTestEntry<HitTestTarget>#48326(<AutomatedTestWidgetsFlutterBinding>))
#0      WidgetController._getElementPoint (package:flutter_test/src/controller.dart:2081:25)
#1      WidgetController.getCenter (package:flutter_test/src/controller.dart:1865:12)
#2      WidgetController.tap (package:flutter_test/src/controller.dart:1045:7)
#3      main.<anonymous closure>.<anonymous closure> (file:///Users/taormina/Code/flame/packages/flame/test/game/game_widget/game_widget_controlled_lifecycle_test.dart:198:20)
<asynchronous suspension>
#4      testWidgets.<anonymous closure>.<anonymous closure> (package:flutter_test/src/widget_tester.dart:192:15)
<asynchronous suspension>
#5      TestWidgetsFlutterBinding._runTestBody (package:flutter_test/src/binding.dart:1059:5)
<asynchronous suspension>
#6      StackZoneSpecification._registerCallback.<anonymous closure> (package:stack_trace/src/stack_zone_specification.dart:114:42)
<asynchronous suspension>
To silence this warning, pass "warnIfMissed: false" to "tap()".
To make this warning fatal, set WidgetController.hitTestWarningShouldBeFatal to true.

00:09 +503 -6: /Users/taormina/Code/flame/packages/flame/test/game/game_widget/game_widget_controlled_lifecycle_test.dart: Game Widget - Lifecycle all events are executed in the correct order        00:09 +504 -6: /Users/taormina/Code/flame/packages/flame/test/game/game_widget/game_widget_controlled_lifecycle_test.dart: Game Widget - Lifecycle all events are executed in the correct order        00:09 +505 -6: /Users/taormina/Code/flame/packages/flame/test/game/game_widget/game_widget_controlled_lifecycle_test.dart: Game Widget - Lifecycle all events are executed in the correct order        00:09 +506 -6: /Users/taormina/Code/flame/packages/flame/test/game/game_widget/game_widget_controlled_lifecycle_test.dart: Game Widget - Lifecycle all events are executed in the correct order        00:09 +507 -6: /Users/taormina/Code/flame/packages/flame/test/game/game_widget/game_widget_controlled_lifecycle_test.dart: Game Widget - Lifecycle all events are executed in the correct order        00:09 +508 -6: /Users/taormina/Code/flame/packages/flame/test/game/game_widget/game_widget_controlled_lifecycle_test.dart: Game Widget - Lifecycle all events are executed in the correct order        00:09 +509 -6: /Users/taormina/Code/flame/packages/flame/test/game/game_widget/game_widget_controlled_lifecycle_test.dart: Game Widget - Lifecycle all events are executed in the correct order        00:09 +510 -6: /Users/taormina/Code/flame/packages/flame/test/game/game_widget/game_widget_controlled_lifecycle_test.dart: Game Widget - Lifecycle all events are executed in the correct order        00:09 +511 -6: /Users/taormina/Code/flame/packages/flame/test/game/game_widget/game_widget_controlled_lifecycle_test.dart: Game Widget - Lifecycle all events are executed in the correct order        00:09 +512 -6: /Users/taormina/Code/flame/packages/flame/test/game/game_widget/game_widget_controlled_lifecycle_test.dart: Game Widget - Lifecycle all events are executed in the correct order        00:09 +513 -6: /Users/taormina/Code/flame/packages/flame/test/game/game_widget/game_widget_controlled_lifecycle_test.dart: Game Widget - Lifecycle all events are executed in the correct order        00:09 +514 -6: /Users/taormina/Code/flame/packages/flame/test/game/game_widget/game_widget_controlled_lifecycle_test.dart: Game Widget - Lifecycle all events are executed in the correct order        00:09 +515 -6: /Users/taormina/Code/flame/packages/flame/test/game/game_widget/game_widget_controlled_lifecycle_test.dart: Game Widget - Lifecycle all events are executed in the correct order        00:09 +516 -6: /Users/taormina/Code/flame/packages/flame/test/game/game_widget/game_widget_controlled_lifecycle_test.dart: Game Widget - Lifecycle all events are executed in the correct order        00:09 +517 -6: /Users/taormina/Code/flame/packages/flame/test/game/game_widget/game_widget_controlled_lifecycle_test.dart: Game Widget - Lifecycle all events are executed in the correct order        00:09 +517 -6: /Users/taormina/Code/flame/packages/flame/test/game/game_widget/game_widget_controlled_lifecycle_test.dart: Game Widget - Lifecycle all events are executed in the correct order        
══╡ EXCEPTION CAUGHT BY FLUTTER TEST FRAMEWORK ╞════════════════════════════════════════════════════
The following assertion was thrown running a test:
pumpAndSettle timed out

When the exception was thrown, this was the stack:
#0      WidgetTester.pumpAndSettle.<anonymous closure> (package:flutter_test/src/widget_tester.dart:717:11)
<asynchronous suspension>
#1      TestAsyncUtils.guard.<anonymous closure> (package:flutter_test/src/test_async_utils.dart:130:27)
<asynchronous suspension>
#2      main.<anonymous closure>.<anonymous closure> (file:///Users/taormina/Code/flame/packages/flame/test/game/game_widget/game_widget_controlled_lifecycle_test.dart:202:7)
<asynchronous suspension>
#3      testWidgets.<anonymous closure>.<anonymous closure> (package:flutter_test/src/widget_tester.dart:192:15)
<asynchronous suspension>
#4      TestWidgetsFlutterBinding._runTestBody (package:flutter_test/src/binding.dart:1059:5)
<asynchronous suspension>
<asynchronous suspension>
(elided one frame from package:stack_trace)

The test description was:
  all events are executed in the correct order
════════════════════════════════════════════════════════════════════════════════════════════════════
00:09 +517 -7: /Users/taormina/Code/flame/packages/flame/test/game/game_widget/game_widget_controlled_lifecycle_test.dart: Game Widget - Lifecycle all events are executed in the correct order [E]    
  Test failed. See exception logs above.
  The test description was: all events are executed in the correct order
  

To run this test again: /opt/homebrew/Caskroom/flutter/3.3.10/flutter/bin/cache/dart-sdk/bin/dart test /Users/taormina/Code/flame/packages/flame/test/game/game_widget/game_widget_controlled_lifecycle_test.dart -p vm --plain-name 'Game Widget - Lifecycle all events are executed in the correct order'
00:09 +517 -7: /Users/taormina/Code/flame/packages/flame/test/game/game_widget/game_widget_pause_test.dart: can pause the engine                                                                       00:09 +518 -7: /Users/taormina/Code/flame/packages/flame/test/game/mixins/has_performance_tracker_test.dart: tracks update and render times.                                                           00:09 +519 -7: /Users/taormina/Code/flame/packages/flame/test/game/mixins/has_performance_tracker_test.dart: tracks update and render times.                                                           00:09 +520 -7: /Users/taormina/Code/flame/packages/flame/test/game/mixins/has_performance_tracker_test.dart: tracks update and render times.                                                           00:09 +521 -7: /Users/taormina/Code/flame/packages/flame/test/game/mixins/has_performance_tracker_test.dart: tracks update and render times.                                                           00:09 +522 -7: /Users/taormina/Code/flame/packages/flame/test/game/mixins/has_performance_tracker_test.dart: tracks update and render times.                                                           00:09 +523 -7: /Users/taormina/Code/flame/packages/flame/test/game/mixins/has_performance_tracker_test.dart: tracks update and render times.                                                           00:09 +524 -7: /Users/taormina/Code/flame/packages/flame/test/game/mixins/has_performance_tracker_test.dart: tracks update and render times.                                                           00:09 +525 -7: /Users/taormina/Code/flame/packages/flame/test/game/mixins/has_performance_tracker_test.dart: tracks update and render times.                                                           00:09 +526 -7: /Users/taormina/Code/flame/packages/flame/test/game/mixins/has_performance_tracker_test.dart: tracks update and render times.                                                           00:09 +527 -7: /Users/taormina/Code/flame/packages/flame/test/game/mixins/has_performance_tracker_test.dart: tracks update and render times.                                                           00:09 +528 -7: /Users/taormina/Code/flame/packages/flame/test/game/mixins/has_performance_tracker_test.dart: tracks update and render times.                                                           00:09 +529 -7: /Users/taormina/Code/flame/packages/flame/test/game/mixins/has_performance_tracker_test.dart: tracks update and render times.                                                           00:10 +529 -7: /Users/taormina/Code/flame/packages/flame/test/game/mixins/has_performance_tracker_test.dart: tracks update and render times.                                                           00:10 +530 -7: /Users/taormina/Code/flame/packages/flame/test/game/mixins/has_performance_tracker_test.dart: tracks update and render times.                                                           00:10 +531 -7: /Users/taormina/Code/flame/packages/flame/test/game/mixins/has_performance_tracker_test.dart: tracks update and render times.                                                           00:10 +532 -7: /Users/taormina/Code/flame/packages/flame/test/game/mixins/has_performance_tracker_test.dart: tracks update and render times.                                                           00:10 +533 -7: /Users/taormina/Code/flame/packages/flame/test/game/mixins/has_performance_tracker_test.dart: tracks update and render times.                                                           00:10 +534 -7: /Users/taormina/Code/flame/packages/flame/test/game/mixins/has_performance_tracker_test.dart: tracks update and render times.                                                           00:10 +535 -7: /Users/taormina/Code/flame/packages/flame/test/game/mixins/has_performance_tracker_test.dart: tracks update and render times.                                                           00:10 +536 -7: /Users/taormina/Code/flame/packages/flame/test/game/mixins/has_performance_tracker_test.dart: tracks update and render times.                                                           00:10 +537 -7: /Users/taormina/Code/flame/packages/flame/test/game/mixins/has_performance_tracker_test.dart: tracks update and render times.                                                           00:10 +538 -7: /Users/taormina/Code/flame/packages/flame/test/game/mixins/has_performance_tracker_test.dart: tracks update and render times.                                                           00:10 +539 -7: /Users/taormina/Code/flame/packages/flame/test/game/mixins/has_performance_tracker_test.dart: tracks update and render times.                                                           00:10 +540 -7: /Users/taormina/Code/flame/packages/flame/test/game/mixins/has_performance_tracker_test.dart: tracks update and render times.                                                           00:10 +541 -7: /Users/taormina/Code/flame/packages/flame/test/game/mixins/has_performance_tracker_test.dart: tracks update and render times.                                                           00:10 +542 -7: /Users/taormina/Code/flame/packages/flame/test/game/mixins/has_performance_tracker_test.dart: tracks update and render times.                                                           00:10 +543 -7: /Users/taormina/Code/flame/packages/flame/test/game/mixins/has_performance_tracker_test.dart: tracks update and render times.                                                           00:10 +544 -7: /Users/taormina/Code/flame/packages/flame/test/game/mixins/has_performance_tracker_test.dart: tracks update and render times.                                                           00:10 +545 -7: /Users/taormina/Code/flame/packages/flame/test/game/mixins/has_performance_tracker_test.dart: tracks update and render times.                                                           00:10 +546 -7: /Users/taormina/Code/flame/packages/flame/test/game/mixins/has_performance_tracker_test.dart: tracks update and render times.                                                           00:10 +547 -7: /Users/taormina/Code/flame/packages/flame/test/game/mixins/has_performance_tracker_test.dart: tracks update and render times.                                                           00:10 +548 -7: /Users/taormina/Code/flame/packages/flame/test/game/mixins/has_performance_tracker_test.dart: tracks update and render times.                                                           00:10 +549 -7: /Users/taormina/Code/flame/packages/flame/test/game/mixins/has_performance_tracker_test.dart: tracks update and render times.                                                           00:10 +550 -7: /Users/taormina/Code/flame/packages/flame/test/game/mixins/has_performance_tracker_test.dart: tracks update and render times.                                                           00:10 +551 -7: /Users/taormina/Code/flame/packages/flame/test/game/mixins/has_performance_tracker_test.dart: tracks update and render times.                                                           00:10 +552 -7: /Users/taormina/Code/flame/packages/flame/test/game/mixins/has_performance_tracker_test.dart: tracks update and render times.                                                           00:10 +553 -7: /Users/taormina/Code/flame/packages/flame/test/game/mixins/has_performance_tracker_test.dart: tracks update and render times.                                                           00:10 +554 -7: /Users/taormina/Code/flame/packages/flame/test/game/mixins/has_performance_tracker_test.dart: tracks update and render times.                                                           00:10 +555 -7: /Users/taormina/Code/flame/packages/flame/test/game/mixins/has_performance_tracker_test.dart: tracks update and render times.                                                           00:10 +556 -7: /Users/taormina/Code/flame/packages/flame/test/game/mixins/has_performance_tracker_test.dart: tracks update and render times.                                                           00:10 +557 -7: /Users/taormina/Code/flame/packages/flame/test/game/mixins/has_performance_tracker_test.dart: tracks update and render times.                                                           00:10 +558 -7: /Users/taormina/Code/flame/packages/flame/test/game/mixins/has_performance_tracker_test.dart: tracks update and render times.                                                           00:10 +559 -7: /Users/taormina/Code/flame/packages/flame/test/game/mixins/has_performance_tracker_test.dart: tracks update and render times.                                                           00:10 +560 -7: /Users/taormina/Code/flame/packages/flame/test/game/mixins/has_performance_tracker_test.dart: tracks update and render times.                                                           00:10 +561 -7: /Users/taormina/Code/flame/packages/flame/test/game/mixins/has_performance_tracker_test.dart: tracks update and render times.                                                           00:10 +562 -7: /Users/taormina/Code/flame/packages/flame/test/game/mixins/has_performance_tracker_test.dart: tracks update and render times.                                                           00:10 +563 -7: /Users/taormina/Code/flame/packages/flame/test/game/mixins/has_performance_tracker_test.dart: tracks update and render times.                                                           00:10 +564 -7: /Users/taormina/Code/flame/packages/flame/test/game/mixins/has_performance_tracker_test.dart: tracks update and render times.                                                           00:10 +565 -7: /Users/taormina/Code/flame/packages/flame/test/game/mixins/has_performance_tracker_test.dart: tracks update and render times.                                                           00:10 +566 -7: /Users/taormina/Code/flame/packages/flame/test/game/mixins/has_performance_tracker_test.dart: tracks update and render times.                                                           00:10 +567 -7: /Users/taormina/Code/flame/packages/flame/test/game/mixins/has_performance_tracker_test.dart: tracks update and render times.                                                           00:10 +568 -7: /Users/taormina/Code/flame/packages/flame/test/game/mixins/has_performance_tracker_test.dart: tracks update and render times.                                                           00:10 +569 -7: /Users/taormina/Code/flame/packages/flame/test/game/mixins/has_performance_tracker_test.dart: tracks update and render times.                                                           00:10 +570 -7: /Users/taormina/Code/flame/packages/flame/test/game/mixins/has_performance_tracker_test.dart: tracks update and render times.                                                           00:10 +571 -7: /Users/taormina/Code/flame/packages/flame/test/game/mixins/has_performance_tracker_test.dart: tracks update and render times.                                                           00:10 +572 -7: /Users/taormina/Code/flame/packages/flame/test/game/mixins/has_performance_tracker_test.dart: tracks update and render times.                                                           00:10 +573 -7: /Users/taormina/Code/flame/packages/flame/test/game/mixins/has_performance_tracker_test.dart: tracks update and render times.                                                           00:10 +574 -7: /Users/taormina/Code/flame/packages/flame/test/game/mixins/has_performance_tracker_test.dart: tracks update and render times.                                                           00:10 +575 -7: /Users/taormina/Code/flame/packages/flame/test/game/mixins/has_performance_tracker_test.dart: tracks update and render times.                                                           00:10 +576 -7: /Users/taormina/Code/flame/packages/flame/test/game/mixins/has_performance_tracker_test.dart: tracks update and render times.                                                           00:10 +577 -7: /Users/taormina/Code/flame/packages/flame/test/game/mixins/has_performance_tracker_test.dart: tracks update and render times.                                                           00:10 +578 -7: /Users/taormina/Code/flame/packages/flame/test/game/mixins/has_performance_tracker_test.dart: tracks update and render times.                                                           00:10 +579 -7: /Users/taormina/Code/flame/packages/flame/test/game/mixins/has_performance_tracker_test.dart: tracks update and render times.                                                           00:10 +580 -7: /Users/taormina/Code/flame/packages/flame/test/game/mixins/has_performance_tracker_test.dart: tracks update and render times.                                                           00:10 +581 -7: /Users/taormina/Code/flame/packages/flame/test/game/mixins/has_performance_tracker_test.dart: tracks update and render times.                                                           00:10 +582 -7: /Users/taormina/Code/flame/packages/flame/test/game/mixins/has_performance_tracker_test.dart: tracks update and render times.                                                           00:10 +583 -7: /Users/taormina/Code/flame/packages/flame/test/game/mixins/has_performance_tracker_test.dart: tracks update and render times.                                                           00:10 +584 -7: /Users/taormina/Code/flame/packages/flame/test/game/mixins/has_performance_tracker_test.dart: tracks update and render times.                                                           00:10 +585 -7: /Users/taormina/Code/flame/packages/flame/test/game/mixins/has_performance_tracker_test.dart: tracks update and render times.                                                           00:10 +586 -7: /Users/taormina/Code/flame/packages/flame/test/game/mixins/has_performance_tracker_test.dart: tracks update and render times.                                                           00:10 +587 -7: /Users/taormina/Code/flame/packages/flame/test/game/mixins/has_performance_tracker_test.dart: tracks update and render times.                                                           00:10 +588 -7: /Users/taormina/Code/flame/packages/flame/test/game/mixins/has_performance_tracker_test.dart: tracks update and render times.                                                           00:10 +589 -7: /Users/taormina/Code/flame/packages/flame/test/game/mixins/has_performance_tracker_test.dart: tracks update and render times.                                                           00:10 +590 -7: /Users/taormina/Code/flame/packages/flame/test/game/flame_game_test.dart: Render box attachment calls on attach                                                                         00:10 +591 -7: /Users/taormina/Code/flame/packages/flame/test/game/flame_game_test.dart: Render box attachment calls on attach                                                                         00:10 +592 -7: /Users/taormina/Code/flame/packages/flame/test/game/flame_game_test.dart: Render box attachment calls on attach                                                                         00:10 +593 -7: /Users/taormina/Code/flame/packages/flame/test/game/flame_game_test.dart: Render box attachment calls on attach                                                                         00:10 +594 -7: /Users/taormina/Code/flame/packages/flame/test/game/flame_game_test.dart: Render box attachment calls on attach                                                                         00:10 +595 -7: /Users/taormina/Code/flame/packages/flame/test/game/flame_game_test.dart: Render box attachment calls on attach                                                                         00:10 +596 -7: /Users/taormina/Code/flame/packages/flame/test/game/flame_game_test.dart: Render box attachment calls on attach                                                                         00:10 +597 -7: /Users/taormina/Code/flame/packages/flame/test/game/flame_game_test.dart: Render box attachment calls on attach                                                                         00:10 +598 -7: /Users/taormina/Code/flame/packages/flame/test/game/flame_game_test.dart: Render box attachment calls on attach                                                                         00:10 +599 -7: /Users/taormina/Code/flame/packages/flame/test/game/flame_game_test.dart: Render box attachment calls on attach                                                                         00:10 +600 -7: /Users/taormina/Code/flame/packages/flame/test/game/flame_game_test.dart: Render box attachment calls on attach                                                                         00:10 +601 -7: /Users/taormina/Code/flame/packages/flame/test/game/flame_game_test.dart: Render box attachment calls on attach                                                                         00:10 +602 -7: /Users/taormina/Code/flame/packages/flame/test/game/flame_game_test.dart: Render box attachment calls on attach                                                                         00:10 +603 -7: /Users/taormina/Code/flame/packages/flame/test/game/flame_game_test.dart: Render box attachment calls on attach                                                                         00:10 +604 -7: /Users/taormina/Code/flame/packages/flame/test/game/flame_game_test.dart: Render box attachment calls on attach                                                                         00:10 +605 -7: /Users/taormina/Code/flame/packages/flame/test/game/flame_game_test.dart: Render box attachment calls on attach                                                                         00:10 +606 -7: /Users/taormina/Code/flame/packages/flame/test/game/flame_game_test.dart: Render box attachment calls on attach                                                                         00:10 +607 -7: /Users/taormina/Code/flame/packages/flame/test/game/flame_game_test.dart: Render box attachment calls on attach                                                                         00:10 +608 -7: /Users/taormina/Code/flame/packages/flame/test/game/flame_game_test.dart: Render box attachment calls on attach                                                                         00:10 +609 -7: /Users/taormina/Code/flame/packages/flame/test/game/flame_game_test.dart: Render box attachment calls on attach                                                                         00:10 +610 -7: /Users/taormina/Code/flame/packages/flame/test/game/flame_game_test.dart: Render box attachment calls on attach                                                                         00:10 +611 -7: /Users/taormina/Code/flame/packages/flame/test/game/flame_game_test.dart: Render box attachment calls on attach                                                                         00:10 +612 -7: /Users/taormina/Code/flame/packages/flame/test/game/flame_game_test.dart: Render box attachment calls on attach                                                                         00:10 +613 -7: /Users/taormina/Code/flame/packages/flame/test/game/flame_game_test.dart: Render box attachment calls on attach                                                                         00:10 +614 -7: /Users/taormina/Code/flame/packages/flame/test/game/flame_game_test.dart: Render box attachment calls on attach                                                                         00:10 +615 -7: /Users/taormina/Code/flame/packages/flame/test/game/flame_game_test.dart: Render box attachment calls on attach                                                                         00:10 +616 -7: /Users/taormina/Code/flame/packages/flame/test/game/flame_game_test.dart: Render box attachment calls on attach                                                                         00:10 +617 -7: /Users/taormina/Code/flame/packages/flame/test/game/flame_game_test.dart: Render box attachment calls on attach                                                                         00:10 +618 -7: /Users/taormina/Code/flame/packages/flame/test/game/flame_game_test.dart: Render box attachment calls on attach                                                                         00:10 +619 -7: /Users/taormina/Code/flame/packages/flame/test/game/flame_game_test.dart: Render box attachment calls on attach                                                                         00:10 +620 -7: /Users/taormina/Code/flame/packages/flame/test/game/flame_game_test.dart: Render box attachment calls on attach                                                                         00:10 +621 -7: /Users/taormina/Code/flame/packages/flame/test/game/flame_game_test.dart: Render box attachment calls on attach                                                                         00:10 +622 -7: /Users/taormina/Code/flame/packages/flame/test/game/flame_game_test.dart: Render box attachment calls on attach                                                                         00:10 +623 -7: /Users/taormina/Code/flame/packages/flame/test/game/flame_game_test.dart: Render box attachment calls on attach                                                                         00:10 +624 -7: /Users/taormina/Code/flame/packages/flame/test/game/flame_game_test.dart: Render box attachment calls on attach                                                                         00:11 +624 -7: /Users/taormina/Code/flame/packages/flame/test/game/flame_game_test.dart: Render box attachment calls on attach                                                                         00:11 +625 -7: /Users/taormina/Code/flame/packages/flame/test/game/flame_game_test.dart: Render box attachment calls on attach                                                                         00:11 +626 -7: /Users/taormina/Code/flame/packages/flame/test/game/flame_game_test.dart: Render box attachment calls on attach                                                                         00:11 +627 -7: /Users/taormina/Code/flame/packages/flame/test/game/flame_game_test.dart: Render box attachment calls on attach                                                                         00:11 +628 -7: /Users/taormina/Code/flame/packages/flame/test/game/flame_game_test.dart: Render box attachment calls on attach                                                                         00:11 +629 -7: /Users/taormina/Code/flame/packages/flame/test/game/flame_game_test.dart: Render box attachment calls on attach                                                                         00:11 +630 -7: /Users/taormina/Code/flame/packages/flame/test/game/flame_game_test.dart: Render box attachment calls on attach                                                                         00:11 +631 -7: /Users/taormina/Code/flame/packages/flame/test/game/flame_game_test.dart: Render box attachment calls on attach                                                                         00:11 +632 -7: /Users/taormina/Code/flame/packages/flame/test/game/flame_game_test.dart: Render box attachment calls on attach                                                                         00:11 +633 -7: /Users/taormina/Code/flame/packages/flame/test/game/flame_game_test.dart: Render box attachment calls on attach                                                                         00:11 +634 -7: /Users/taormina/Code/flame/packages/flame/test/game/flame_game_test.dart: Render box attachment calls on attach                                                                         00:11 +635 -7: /Users/taormina/Code/flame/packages/flame/test/game/flame_game_test.dart: Render box attachment calls on attach                                                                         00:11 +636 -7: /Users/taormina/Code/flame/packages/flame/test/game/flame_game_test.dart: Render box attachment calls on attach                                                                         00:11 +637 -7: /Users/taormina/Code/flame/packages/flame/test/game/flame_game_test.dart: Render box attachment calls on attach                                                                         00:11 +638 -7: /Users/taormina/Code/flame/packages/flame/test/game/flame_game_test.dart: Render box attachment calls on attach                                                                         00:11 +639 -7: /Users/taormina/Code/flame/packages/flame/test/game/flame_game_test.dart: Render box attachment calls on attach                                                                         00:11 +640 -7: /Users/taormina/Code/flame/packages/flame/test/game/flame_game_test.dart: Render box attachment calls on attach                                                                         00:11 +641 -7: /Users/taormina/Code/flame/packages/flame/test/game/flame_game_test.dart: Render box attachment calls on attach                                                                         00:11 +642 -7: /Users/taormina/Code/flame/packages/flame/test/game/flame_game_test.dart: Render box attachment calls on attach                                                                         00:11 +643 -7: /Users/taormina/Code/flame/packages/flame/test/game/flame_game_test.dart: Render box attachment calls on attach                                                                         00:11 +644 -7: /Users/taormina/Code/flame/packages/flame/test/game/flame_game_test.dart: Render box attachment calls on attach                                                                         00:11 +645 -7: /Users/taormina/Code/flame/packages/flame/test/game/flame_game_test.dart: Render box attachment calls on attach                                                                         00:11 +646 -7: /Users/taormina/Code/flame/packages/flame/test/game/flame_game_test.dart: Render box attachment calls on attach                                                                         00:11 +647 -7: /Users/taormina/Code/flame/packages/flame/test/game/flame_game_test.dart: Render box attachment calls on attach                                                                         00:11 +648 -7: /Users/taormina/Code/flame/packages/flame/test/game/flame_game_test.dart: Render box attachment calls on attach                                                                         00:11 +649 -7: /Users/taormina/Code/flame/packages/flame/test/game/flame_game_test.dart: Render box attachment calls on attach                                                                         00:11 +650 -7: /Users/taormina/Code/flame/packages/flame/test/game/flame_game_test.dart: Render box attachment calls on attach                                                                         00:11 +651 -7: /Users/taormina/Code/flame/packages/flame/test/game/flame_game_test.dart: Render box attachment calls on attach                                                                         00:11 +652 -7: /Users/taormina/Code/flame/packages/flame/test/game/flame_game_test.dart: Render box attachment calls on attach                                                                         00:11 +653 -7: /Users/taormina/Code/flame/packages/flame/test/game/flame_game_test.dart: Render box attachment calls on attach                                                                         00:11 +654 -7: /Users/taormina/Code/flame/packages/flame/test/game/flame_game_test.dart: Render box attachment calls on attach                                                                         00:11 +655 -7: /Users/taormina/Code/flame/packages/flame/test/game/flame_game_test.dart: Render box attachment calls on attach                                                                         00:11 +656 -7: /Users/taormina/Code/flame/packages/flame/test/game/flame_game_test.dart: Render box attachment calls on attach                                                                         00:11 +657 -7: /Users/taormina/Code/flame/packages/flame/test/game/flame_game_test.dart: Render box attachment calls on attach                                                                         00:11 +658 -7: /Users/taormina/Code/flame/packages/flame/test/game/flame_game_test.dart: Render box attachment calls on attach                                                                         00:11 +659 -7: /Users/taormina/Code/flame/packages/flame/test/game/flame_game_test.dart: Render box attachment calls on attach                                                                         00:11 +660 -7: /Users/taormina/Code/flame/packages/flame/test/game/flame_game_test.dart: Render box attachment calls on attach                                                                         00:11 +661 -7: /Users/taormina/Code/flame/packages/flame/test/game/flame_game_test.dart: Render box attachment calls on attach                                                                         00:11 +662 -7: /Users/taormina/Code/flame/packages/flame/test/game/flame_game_test.dart: Render box attachment calls on attach                                                                         00:11 +663 -7: /Users/taormina/Code/flame/packages/flame/test/game/flame_game_test.dart: Render box attachment calls on attach                                                                         00:11 +664 -7: /Users/taormina/Code/flame/packages/flame/test/game/flame_game_test.dart: Render box attachment calls on attach                                                                         00:11 +665 -7: /Users/taormina/Code/flame/packages/flame/test/game/flame_game_test.dart: Render box attachment calls on attach                                                                         00:11 +666 -7: /Users/taormina/Code/flame/packages/flame/test/game/flame_game_test.dart: Render box attachment calls on attach                                                                         00:11 +667 -7: /Users/taormina/Code/flame/packages/flame/test/game/flame_game_test.dart: Render box attachment calls on attach                                                                         00:11 +668 -7: /Users/taormina/Code/flame/packages/flame/test/game/flame_game_test.dart: Render box attachment calls on attach                                                                         00:11 +669 -7: /Users/taormina/Code/flame/packages/flame/test/game/flame_game_test.dart: Render box attachment calls on attach                                                                         00:11 +670 -7: /Users/taormina/Code/flame/packages/flame/test/game/flame_game_test.dart: Render box attachment calls on attach                                                                         00:11 +671 -7: /Users/taormina/Code/flame/packages/flame/test/game/flame_game_test.dart: Render box attachment calls on attach                                                                         00:11 +672 -7: /Users/taormina/Code/flame/packages/flame/test/game/flame_game_test.dart: Render box attachment calls on attach                                                                         00:11 +673 -7: /Users/taormina/Code/flame/packages/flame/test/game/flame_game_test.dart: Render box attachment calls on attach                                                                         00:11 +674 -7: /Users/taormina/Code/flame/packages/flame/test/game/flame_game_test.dart: Render box attachment calls on attach                                                                         00:11 +675 -7: /Users/taormina/Code/flame/packages/flame/test/game/flame_game_test.dart: Render box attachment calls on attach                                                                         00:11 +676 -7: /Users/taormina/Code/flame/packages/flame/test/game/flame_game_test.dart: Render box attachment calls on attach                                                                         00:11 +677 -7: /Users/taormina/Code/flame/packages/flame/test/game/flame_game_test.dart: Render box attachment calls on attach                                                                         00:11 +678 -7: /Users/taormina/Code/flame/packages/flame/test/game/flame_game_test.dart: Render box attachment calls on attach                                                                         00:11 +679 -7: /Users/taormina/Code/flame/packages/flame/test/game/flame_game_test.dart: Render box attachment calls on attach                                                                         00:11 +680 -7: /Users/taormina/Code/flame/packages/flame/test/game/flame_game_test.dart: Render box attachment calls on attach                                                                         00:11 +681 -7: /Users/taormina/Code/flame/packages/flame/test/game/flame_game_test.dart: Render box attachment calls on attach                                                                         00:11 +682 -7: /Users/taormina/Code/flame/packages/flame/test/game/flame_game_test.dart: Render box attachment calls on attach                                                                         00:11 +683 -7: /Users/taormina/Code/flame/packages/flame/test/game/flame_game_test.dart: Render box attachment calls on attach                                                                         00:11 +684 -7: /Users/taormina/Code/flame/packages/flame/test/game/flame_game_test.dart: Render box attachment calls on attach                                                                         00:11 +685 -7: /Users/taormina/Code/flame/packages/flame/test/game/flame_game_test.dart: Render box attachment calls on attach                                                                         00:11 +686 -7: /Users/taormina/Code/flame/packages/flame/test/game/flame_game_test.dart: Render box attachment calls on attach                                                                         00:11 +687 -7: /Users/taormina/Code/flame/packages/flame/test/game/flame_game_test.dart: Render box attachment calls on attach                                                                         00:11 +688 -7: /Users/taormina/Code/flame/packages/flame/test/game/flame_game_test.dart: Render box attachment calls on attach                                                                         00:11 +689 -7: /Users/taormina/Code/flame/packages/flame/test/game/flame_game_test.dart: Render box attachment calls on attach                                                                         00:11 +690 -7: /Users/taormina/Code/flame/packages/flame/test/game/flame_game_test.dart: Render box attachment calls on attach                                                                         00:11 +691 -7: /Users/taormina/Code/flame/packages/flame/test/game/flame_game_test.dart: Render box attachment calls on attach                                                                         00:11 +692 -7: /Users/taormina/Code/flame/packages/flame/test/game/flame_game_test.dart: Render box attachment calls on attach                                                                         00:11 +693 -7: /Users/taormina/Code/flame/packages/flame/test/game/flame_game_test.dart: Render box attachment calls on attach                                                                         00:11 +694 -7: /Users/taormina/Code/flame/packages/flame/test/game/flame_game_test.dart: Render box attachment calls on attach                                                                         00:11 +695 -7: /Users/taormina/Code/flame/packages/flame/test/game/flame_game_test.dart: Render box attachment calls on attach                                                                         00:11 +695 -7: /Users/taormina/Code/flame/packages/flame/test/game/flame_game_test.dart: pauseWhenBackgrounded: game resumes when widget is rebuilt                                                    00:11 +696 -7: /Users/taormina/Code/flame/packages/flame/test/game/flame_game_test.dart: pauseWhenBackgrounded: game resumes when widget is rebuilt                                                    00:11 +696 -7: /Users/taormina/Code/flame/packages/flame/test/game/flame_game_test.dart: pauseWhenBackgrounded: true                                                                                   00:11 +697 -7: /Users/taormina/Code/flame/packages/flame/test/game/flame_game_test.dart: pauseWhenBackgrounded: true                                                                                   00:11 +697 -7: /Users/taormina/Code/flame/packages/flame/test/game/flame_game_test.dart: pauseWhenBackgrounded: false                                                                                  00:11 +698 -7: /Users/taormina/Code/flame/packages/flame/test/game/flame_game_test.dart: pauseWhenBackgrounded: false                                                                                  00:11 +698 -7: /Users/taormina/Code/flame/packages/flame/test/game/flame_game_test.dart: pauseWhenBackgrounded: game is not paused on start when initially AppLifecycleState.detached                  00:11 +699 -7: /Users/taormina/Code/flame/packages/flame/test/game/flame_game_test.dart: pauseWhenBackgrounded: game is not paused on start when initially AppLifecycleState.detached                  00:11 +699 -7: /Users/taormina/Code/flame/packages/flame/test/game/flame_game_test.dart: pauseWhenBackgrounded: game is not paused on start when initially AppLifecycleState.resumed                   00:11 +700 -7: /Users/taormina/Code/flame/packages/flame/test/game/flame_game_test.dart: pauseWhenBackgrounded: game is not paused on start when initially AppLifecycleState.resumed                   00:11 +700 -7: /Users/taormina/Code/flame/packages/flame/test/game/flame_game_test.dart: pauseWhenBackgrounded: game is not paused on start when initially AppLifecycleState.inactive                  00:11 +701 -7: /Users/taormina/Code/flame/packages/flame/test/game/flame_game_test.dart: pauseWhenBackgrounded: game is not paused on start when initially AppLifecycleState.inactive                  00:11 +701 -7: /Users/taormina/Code/flame/packages/flame/test/game/flame_game_test.dart: pauseWhenBackgrounded: game is not paused on start when initially AppLifecycleState.hidden                    00:11 +702 -7: /Users/taormina/Code/flame/packages/flame/test/game/flame_game_test.dart: pauseWhenBackgrounded: game is not paused on start when initially AppLifecycleState.hidden                    00:11 +702 -7: /Users/taormina/Code/flame/packages/flame/test/game/flame_game_test.dart: pauseWhenBackgrounded: game is not paused on start when initially AppLifecycleState.paused                    00:11 +703 -7: /Users/taormina/Code/flame/packages/flame/test/game/flame_game_test.dart: pauseWhenBackgrounded: game is not paused on start when initially AppLifecycleState.paused                    00:11 +703 -7: /Users/taormina/Code/flame/packages/flame/test/game/flame_game_test.dart: pauseWhenBackgrounded: game is paused when app is backgrounded                                                00:11 +704 -7: /Users/taormina/Code/flame/packages/flame/test/game/flame_game_test.dart: pauseWhenBackgrounded: game is paused when app is backgrounded                                                00:11 +704 -7: loading /Users/taormina/Code/flame/packages/flame/test/extensions/aabb_test.dart                                                                                                        00:11 +704 -7: /Users/taormina/Code/flame/packages/flame/test/extensions/aabb_test.dart: Aabb2Extension Default aabb constructor                                                                       00:11 +705 -7: /Users/taormina/Code/flame/packages/flame/test/extensions/aabb_test.dart: Aabb2Extension Default aabb constructor                                                                       00:11 +705 -7: /Users/taormina/Code/flame/packages/flame/test/extensions/aabb_test.dart: Aabb2Extension centerAndHalfExtents constructor [seed=3189241161]                                             00:11 +706 -7: /Users/taormina/Code/flame/packages/flame/test/extensions/aabb_test.dart: Aabb2Extension centerAndHalfExtents constructor [seed=3189241161]                                             00:11 +706 -7: /Users/taormina/Code/flame/packages/flame/test/extensions/aabb_test.dart: Aabb2Extension aabb minMax constructor [seed=1900011589]                                                      00:11 +707 -7: /Users/taormina/Code/flame/packages/flame/test/extensions/aabb_test.dart: Aabb2Extension aabb minMax constructor [seed=1900011589]                                                      00:11 +707 -7: loading /Users/taormina/Code/flame/packages/flame/test/extensions/offset_test.dart                                                                                                      00:11 +707 -7: /Users/taormina/Code/flame/packages/flame/test/extensions/offset_test.dart: OffsetExtension toVector2 has x to offset.dx and y to offset.dy [seed=2131392110]                           00:11 +708 -7: /Users/taormina/Code/flame/packages/flame/test/extensions/picture_extension_test.dart: PictureExtension toImageSafe calls dispose on the Picture                                        00:11 +709 -7: /Users/taormina/Code/flame/packages/flame/test/extensions/picture_extension_test.dart: PictureExtension toImageSafe calls dispose on the Picture                                        00:11 +710 -7: /Users/taormina/Code/flame/packages/flame/test/extensions/picture_extension_test.dart: PictureExtension toImageSafe calls dispose on the Picture                                        00:11 +711 -7: /Users/taormina/Code/flame/packages/flame/test/extensions/picture_extension_test.dart: PictureExtension toImageSafe calls dispose on the Picture                                        00:11 +712 -7: /Users/taormina/Code/flame/packages/flame/test/extensions/random_test.dart: RandomExtension nextBoolean returns true with odds > 0.5                                                    00:11 +713 -7: /Users/taormina/Code/flame/packages/flame/test/extensions/random_test.dart: RandomExtension nextBoolean returns true with odds > 0.5                                                    00:11 +713 -7: /Users/taormina/Code/flame/packages/flame/test/extensions/random_test.dart: RandomExtension nextDoubleBetween returns a value in the range                                              00:11 +714 -7: /Users/taormina/Code/flame/packages/flame/test/extensions/random_test.dart: RandomExtension nextDoubleBetween returns a value in the range                                              00:11 +714 -7: /Users/taormina/Code/flame/packages/flame/test/extensions/random_test.dart: RandomExtension nextIntBetween returns a value in the range                                                 00:11 +715 -7: /Users/taormina/Code/flame/packages/flame/test/extensions/random_test.dart: RandomExtension nextIntBetween returns a value in the range                                                 00:11 +715 -7: /Users/taormina/Code/flame/packages/flame/test/extensions/random_test.dart: RandomExtension nextColor returns a color with RGB values between 0 and 255                                 00:11 +716 -7: /Users/taormina/Code/flame/packages/flame/test/extensions/random_test.dart: RandomExtension nextColor returns a color with RGB values between 0 and 255                                 00:12 +716 -7: /Users/taormina/Code/flame/packages/flame/test/extensions/random_test.dart: RandomExtension nextColor returns a color with RGB values between 0 and 255                                 00:12 +716 -7: loading /Users/taormina/Code/flame/packages/flame/test/extensions/rectangle_test.dart                                                                                                   00:12 +716 -7: /Users/taormina/Code/flame/packages/flame/test/extensions/rectangle_test.dart: RectangleExtension Default rectangle constructor [seed=1724673611]                                       00:12 +717 -7: /Users/taormina/Code/flame/packages/flame/test/extensions/rectangle_test.dart: RectangleExtension Default rectangle constructor [seed=1724673611]                                       00:12 +717 -7: /Users/taormina/Code/flame/packages/flame/test/extensions/rectangle_test.dart: RectangleExtension fromPoints rectangle constructor [seed=987429768]                                     00:12 +718 -7: /Users/taormina/Code/flame/packages/flame/test/extensions/rectangle_test.dart: RectangleExtension fromPoints rectangle constructor [seed=987429768]                                     00:12 +718 -7: loading /Users/taormina/Code/flame/packages/flame/test/extensions/rect_test.dart                                                                                                        00:12 +718 -7: /Users/taormina/Code/flame/packages/flame/test/extensions/rect_test.dart: RectExtension toOffset dx is width and dy is height                                                           00:12 +719 -7: /Users/taormina/Code/flame/packages/flame/test/extensions/rect_test.dart: RectExtension toOffset dx is width and dy is height                                                           00:12 +719 -7: /Users/taormina/Code/flame/packages/flame/test/extensions/rect_test.dart: RectExtension toVector2 x is width and y is height                                                            00:12 +720 -7: /Users/taormina/Code/flame/packages/flame/test/extensions/rect_test.dart: RectExtension toVector2 x is width and y is height                                                            00:12 +720 -7: /Users/taormina/Code/flame/packages/flame/test/extensions/rect_test.dart: RectExtension test from ui Rect to math Rectangle                                                             00:12 +721 -7: /Users/taormina/Code/flame/packages/flame/test/extensions/rect_test.dart: RectExtension test from ui Rect to math Rectangle                                                             00:12 +721 -7: /Users/taormina/Code/flame/packages/flame/test/extensions/rect_test.dart: RectExtension test from ui Rect to Flame Rectangle                                                            00:12 +722 -7: /Users/taormina/Code/flame/packages/flame/test/extensions/rect_test.dart: RectExtension test from ui Rect to Flame Rectangle                                                            00:12 +722 -7: /Users/taormina/Code/flame/packages/flame/test/extensions/rect_test.dart: RectExtension test from math Rectangle to ui Rect                                                             00:12 +723 -7: /Users/taormina/Code/flame/packages/flame/test/extensions/rect_test.dart: RectExtension test from math Rectangle to ui Rect                                                             00:12 +723 -7: /Users/taormina/Code/flame/packages/flame/test/extensions/rect_test.dart: RectExtension test from ui Rect to RectangleComponent                                                         00:12 +724 -7: /Users/taormina/Code/flame/packages/flame/test/extensions/rect_test.dart: RectExtension test from ui Rect to RectangleComponent                                                         00:12 +724 -7: /Users/taormina/Code/flame/packages/flame/test/extensions/rect_test.dart: RectExtension test containsPoint calls contains on Rect                                                       00:12 +725 -7: /Users/taormina/Code/flame/packages/flame/test/extensions/rect_test.dart: RectExtension test containsPoint calls contains on Rect                                                       00:12 +725 -7: /Users/taormina/Code/flame/packages/flame/test/extensions/rect_test.dart: RectExtension intersectsSegment [seed=2897711338]                                                             00:12 +726 -7: /Users/taormina/Code/flame/packages/flame/test/extensions/rect_test.dart: RectExtension intersectsSegment [seed=2897711338]                                                             00:12 +726 -7: /Users/taormina/Code/flame/packages/flame/test/extensions/rect_test.dart: RectExtension intersectsLineSegment is the same as intersectsSegment [seed=1892113081]                        00:12 +727 -7: /Users/taormina/Code/flame/packages/flame/test/extensions/rect_test.dart: RectExtension intersectsLineSegment is the same as intersectsSegment [seed=1892113081]                        00:12 +727 -7: /Users/taormina/Code/flame/packages/flame/test/extensions/rect_test.dart: RectExtension toVertices returns an array of [topLeft, topRight, bottomRight, bottomLeft] [seed=3502858657]   00:12 +728 -7: /Users/taormina/Code/flame/packages/flame/test/extensions/rect_test.dart: RectExtension toVertices returns an array of [topLeft, topRight, bottomRight, bottomLeft] [seed=3502858657]   00:12 +728 -7: /Users/taormina/Code/flame/packages/flame/test/extensions/rect_test.dart: RectExtension test transform                                                                                  00:12 +729 -7: /Users/taormina/Code/flame/packages/flame/test/extensions/rect_test.dart: RectExtension test transform                                                                                  00:12 +729 -7: /Users/taormina/Code/flame/packages/flame/test/extensions/rect_test.dart: RectExtension test bounding box [seed=2828493351]                                                             00:12 +730 -7: /Users/taormina/Code/flame/packages/flame/test/extensions/rect_test.dart: RectExtension test bounding box [seed=2828493351]                                                             00:12 +730 -7: /Users/taormina/Code/flame/packages/flame/test/extensions/rect_test.dart: RectExtension fromCenter position and size is OK [seed=965978553]                                             00:12 +731 -7: /Users/taormina/Code/flame/packages/flame/test/extensions/rect_test.dart: RectExtension fromCenter position and size is OK [seed=965978553]                                             00:12 +731 -7: loading /Users/taormina/Code/flame/packages/flame/test/extensions/paint_test.dart                                                                                                       00:12 +731 -7: /Users/taormina/Code/flame/packages/flame/test/extensions/paint_test.dart: PaintExtension calling darken changes the color of the paint [seed=730237586]                                00:12 +732 -7: /Users/taormina/Code/flame/packages/flame/test/extensions/paint_test.dart: PaintExtension calling darken changes the color of the paint [seed=730237586]                                00:12 +732 -7: /Users/taormina/Code/flame/packages/flame/test/extensions/paint_test.dart: PaintExtension calling brighten changes the color of the paint [seed=4252126826]                             00:12 +733 -7: /Users/taormina/Code/flame/packages/flame/test/extensions/matrix4_test.dart: Matrix4Extension test m11                                                                                  00:12 +734 -7: /Users/taormina/Code/flame/packages/flame/test/extensions/matrix4_test.dart: Matrix4Extension test m11                                                                                  00:12 +735 -7: /Users/taormina/Code/flame/packages/flame/test/extensions/matrix4_test.dart: Matrix4Extension test m11                                                                                  00:12 +736 -7: /Users/taormina/Code/flame/packages/flame/test/extensions/image_extension_test.dart: ImageExtension fromPixels                                                                          00:12 +737 -7: /Users/taormina/Code/flame/packages/flame/test/extensions/image_extension_test.dart: ImageExtension fromPixels                                                                          00:12 +738 -7: /Users/taormina/Code/flame/packages/flame/test/extensions/image_extension_test.dart: ImageExtension fromPixels                                                                          00:12 +739 -7: /Users/taormina/Code/flame/packages/flame/test/extensions/image_extension_test.dart: ImageExtension fromPixels                                                                          00:12 +740 -7: /Users/taormina/Code/flame/packages/flame/test/extensions/image_extension_test.dart: ImageExtension fromPixels                                                                          00:12 +741 -7: /Users/taormina/Code/flame/packages/flame/test/extensions/matrix4_test.dart: Matrix4Extension test m21                                                                                  00:12 +742 -7: /Users/taormina/Code/flame/packages/flame/test/extensions/double_test.dart: DoubleExtension toFinite Properly converts infinite values to maxFinite                                     00:12 +743 -7: /Users/taormina/Code/flame/packages/flame/test/extensions/double_test.dart: DoubleExtension toFinite Properly converts infinite values to maxFinite                                     00:12 +744 -7: /Users/taormina/Code/flame/packages/flame/test/extensions/double_test.dart: DoubleExtension toFinite Properly converts infinite values to maxFinite                                     00:12 +745 -7: /Users/taormina/Code/flame/packages/flame/test/extensions/double_test.dart: DoubleExtension toFinite Properly converts infinite values to maxFinite                                     00:12 +746 -7: /Users/taormina/Code/flame/packages/flame/test/extensions/double_test.dart: DoubleExtension toFinite Properly converts infinite values to maxFinite                                     00:12 +747 -7: /Users/taormina/Code/flame/packages/flame/test/extensions/double_test.dart: DoubleExtension toFinite Properly converts infinite values to maxFinite                                     00:12 +748 -7: /Users/taormina/Code/flame/packages/flame/test/extensions/double_test.dart: DoubleExtension toFinite Properly converts infinite values to maxFinite                                     00:12 +749 -7: /Users/taormina/Code/flame/packages/flame/test/extensions/double_test.dart: DoubleExtension toFinite Properly converts infinite values to maxFinite                                     00:12 +750 -7: /Users/taormina/Code/flame/packages/flame/test/extensions/double_test.dart: DoubleExtension toFinite Properly converts infinite values to maxFinite                                     00:12 +751 -7: /Users/taormina/Code/flame/packages/flame/test/extensions/image_extension_test.dart: ImageExtension getBoundingRect [seed=196368015]                                                    00:12 +752 -7: /Users/taormina/Code/flame/packages/flame/test/extensions/image_extension_test.dart: ImageExtension getBoundingRect [seed=196368015]                                                    00:12 +753 -7: /Users/taormina/Code/flame/packages/flame/test/extensions/image_extension_test.dart: ImageExtension getBoundingRect [seed=196368015]                                                    00:12 +754 -7: /Users/taormina/Code/flame/packages/flame/test/extensions/image_extension_test.dart: ImageExtension getBoundingRect [seed=196368015]                                                    00:12 +755 -7: /Users/taormina/Code/flame/packages/flame/test/extensions/image_extension_test.dart: ImageExtension getBoundingRect [seed=196368015]                                                    00:12 +756 -7: /Users/taormina/Code/flame/packages/flame/test/extensions/image_extension_test.dart: ImageExtension getBoundingRect [seed=196368015]                                                    00:12 +757 -7: /Users/taormina/Code/flame/packages/flame/test/extensions/image_extension_test.dart: ImageExtension getBoundingRect [seed=196368015]                                                    00:12 +758 -7: /Users/taormina/Code/flame/packages/flame/test/extensions/image_extension_test.dart: ImageExtension getBoundingRect [seed=196368015]                                                    00:12 +759 -7: /Users/taormina/Code/flame/packages/flame/test/extensions/image_extension_test.dart: ImageExtension getBoundingRect [seed=196368015]                                                    00:12 +760 -7: /Users/taormina/Code/flame/packages/flame/test/extensions/image_extension_test.dart: ImageExtension getBoundingRect [seed=196368015]                                                    00:12 +761 -7: /Users/taormina/Code/flame/packages/flame/test/extensions/image_extension_test.dart: ImageExtension getBoundingRect [seed=196368015]                                                    00:12 +762 -7: /Users/taormina/Code/flame/packages/flame/test/extensions/image_extension_test.dart: ImageExtension getBoundingRect [seed=196368015]                                                    00:12 +763 -7: /Users/taormina/Code/flame/packages/flame/test/extensions/image_extension_test.dart: ImageExtension getBoundingRect [seed=196368015]                                                    00:12 +764 -7: /Users/taormina/Code/flame/packages/flame/test/extensions/image_extension_test.dart: ImageExtension getBoundingRect [seed=196368015]                                                    00:12 +765 -7: /Users/taormina/Code/flame/packages/flame/test/extensions/image_extension_test.dart: ImageExtension getBoundingRect [seed=196368015]                                                    00:12 +766 -7: /Users/taormina/Code/flame/packages/flame/test/extensions/image_extension_test.dart: ImageExtension getBoundingRect [seed=196368015]                                                    00:12 +767 -7: /Users/taormina/Code/flame/packages/flame/test/extensions/image_extension_test.dart: ImageExtension getBoundingRect [seed=196368015]                                                    00:12 +767 -7: /Users/taormina/Code/flame/packages/flame/test/extensions/image_extension_test.dart: ImageExtension size getter [seed=509212093]                                                        00:12 +768 -7: /Users/taormina/Code/flame/packages/flame/test/extensions/image_extension_test.dart: ImageExtension size getter [seed=509212093]                                                        00:12 +768 -7: /Users/taormina/Code/flame/packages/flame/test/extensions/image_extension_test.dart: ImageExtension darken colors each pixel darker                                                     00:12 +769 -7: /Users/taormina/Code/flame/packages/flame/test/extensions/image_extension_test.dart: ImageExtension darken colors each pixel darker                                                     00:12 +769 -7: /Users/taormina/Code/flame/packages/flame/test/extensions/image_extension_test.dart: ImageExtension brighten colors each pixel brighter                                                 00:12 +770 -7: /Users/taormina/Code/flame/packages/flame/test/extensions/image_extension_test.dart: ImageExtension brighten colors each pixel brighter                                                 00:12 +770 -7: /Users/taormina/Code/flame/packages/flame/test/extensions/image_extension_test.dart: ImageExtension resize resizes the image                                                            00:12 +771 -7: /Users/taormina/Code/flame/packages/flame/test/extensions/image_extension_test.dart: ImageExtension resize resizes the image                                                            00:12 +771 -7: loading /Users/taormina/Code/flame/packages/flame/test/sprite_animation_test.dart                                                                                                       00:12 +771 -7: /Users/taormina/Code/flame/packages/flame/test/sprite_animation_test.dart: SpriteAnimation Throw assertion error on empty list of frames                                                00:12 +772 -7: /Users/taormina/Code/flame/packages/flame/test/sprite_animation_test.dart: SpriteAnimation Throw assertion error on empty list of frames                                                00:12 +772 -7: /Users/taormina/Code/flame/packages/flame/test/sprite_animation_test.dart: SpriteAnimation Throw assertion error on non-positive step time                                              00:12 +773 -7: /Users/taormina/Code/flame/packages/flame/test/sprite_animation_test.dart: SpriteAnimation Throw assertion error on non-positive step time                                              00:12 +773 -7: /Users/taormina/Code/flame/packages/flame/test/sprite_animation_test.dart: SpriteAnimation Throw assertion error when setting non-positive step time                                    00:12 +774 -7: /Users/taormina/Code/flame/packages/flame/test/sprite_animation_test.dart: SpriteAnimation Throw assertion error when setting non-positive step time                                    00:12 +774 -7: /Users/taormina/Code/flame/packages/flame/test/sprite_animation_test.dart: SpriteAnimationData throws assertion error when amountPerRow is greater than amount                          00:12 +775 -7: /Users/taormina/Code/flame/packages/flame/test/sprite_animation_test.dart: SpriteAnimationData throws assertion error when amountPerRow is greater than amount                          00:12 +775 -7: /Users/taormina/Code/flame/packages/flame/test/sprite_animation_test.dart: SpriteAnimationData creates a new SpriteAnimationData using the range constructor                            00:12 +776 -7: /Users/taormina/Code/flame/packages/flame/test/sprite_animation_test.dart: SpriteAnimationData creates a new SpriteAnimationData using the range constructor                            00:13 +776 -7: /Users/taormina/Code/flame/packages/flame/test/sprite_animation_test.dart: SpriteAnimationData creates a new SpriteAnimationData using the range constructor                            00:13 +776 -7: loading /Users/taormina/Code/flame/packages/flame/test/image_composition_test.dart                                                                                                      00:13 +776 -7: /Users/taormina/Code/flame/packages/flame/test/image_composition_test.dart: ImageComposition breaks assertion when adding an invalid portion                                            00:13 +777 -7: /Users/taormina/Code/flame/packages/flame/test/components/hud_button_component_test.dart: HudButtonComponent correctly registers taps                                                   00:13 +778 -7: /Users/taormina/Code/flame/packages/flame/test/components/hud_button_component_test.dart: HudButtonComponent correctly registers taps                                                   00:13 +779 -7: /Users/taormina/Code/flame/packages/flame/test/components/hud_button_component_test.dart: HudButtonComponent correctly registers taps                                                   00:13 +780 -7: /Users/taormina/Code/flame/packages/flame/test/components/hud_button_component_test.dart: HudButtonComponent correctly registers taps                                                   00:13 +781 -7: /Users/taormina/Code/flame/packages/flame/test/sprite_batch_test.dart: SpriteBatch can replace the transform of a batch                                                                 00:13 +782 -7: /Users/taormina/Code/flame/packages/flame/test/components/hud_button_component_test.dart: HudButtonComponent correctly registers taps onGameResize                                      00:13 +783 -7: /Users/taormina/Code/flame/packages/flame/test/sprite_batch_test.dart: SpriteBatch can render a batch with blend mode                                                                   00:13 +784 -7: /Users/taormina/Code/flame/packages/flame/test/sprite_batch_test.dart: SpriteBatch can render a batch with blend mode                                                                   00:13 +785 -7: /Users/taormina/Code/flame/packages/flame/test/sprite_batch_test.dart: SpriteBatch can render a batch with blend mode                                                                   00:13 +786 -7: /Users/taormina/Code/flame/packages/flame/test/sprite_batch_test.dart: SpriteBatch can render a batch with blend mode                                                                   00:13 +787 -7: /Users/taormina/Code/flame/packages/flame/test/sprite_batch_test.dart: SpriteBatch can render a batch with blend mode                                                                   00:13 +788 -7: /Users/taormina/Code/flame/packages/flame/test/sprite_batch_test.dart: SpriteBatch can render a batch with blend mode                                                                   00:13 +789 -7: /Users/taormina/Code/flame/packages/flame/test/sprite_batch_test.dart: SpriteBatch can render a batch with blend mode                                                                   00:13 +790 -7: /Users/taormina/Code/flame/packages/flame/test/sprite_batch_test.dart: SpriteBatch can render a batch with blend mode                                                                   00:13 +791 -7: /Users/taormina/Code/flame/packages/flame/test/sprite_batch_test.dart: SpriteBatch can render a batch with blend mode                                                                   00:13 +792 -7: /Users/taormina/Code/flame/packages/flame/test/sprite_batch_test.dart: SpriteBatch can render a batch with blend mode                                                                   00:13 +793 -7: /Users/taormina/Code/flame/packages/flame/test/sprite_batch_test.dart: SpriteBatch can render a batch with blend mode                                                                   00:13 +794 -7: /Users/taormina/Code/flame/packages/flame/test/sprite_batch_test.dart: SpriteBatch can render a batch with blend mode                                                                   00:13 +795 -7: /Users/taormina/Code/flame/packages/flame/test/sprite_batch_test.dart: SpriteBatch can render a batch with blend mode                                                                   00:13 +796 -7: /Users/taormina/Code/flame/packages/flame/test/sprite_batch_test.dart: SpriteBatch can render a batch with blend mode                                                                   00:13 +797 -7: /Users/taormina/Code/flame/packages/flame/test/components/component_test.dart: Component Lifecycle components added in correct order even with different load times                     00:13 +798 -7: /Users/taormina/Code/flame/packages/flame/test/components/component_test.dart: Component Lifecycle components added in correct order even with different load times                     00:13 +799 -7: /Users/taormina/Code/flame/packages/flame/test/components/component_test.dart: Component Lifecycle components added in correct order even with different load times                     00:13 +800 -7: /Users/taormina/Code/flame/packages/flame/test/components/component_test.dart: Component Lifecycle components added in correct order even with different load times                     00:13 +801 -7: /Users/taormina/Code/flame/packages/flame/test/components/component_test.dart: Component Lifecycle components added in correct order even with different load times                     00:13 +802 -7: /Users/taormina/Code/flame/packages/flame/test/components/component_test.dart: Component Lifecycle components added in correct order even with different load times                     00:13 +802 -7: /Users/taormina/Code/flame/packages/flame/test/components/component_test.dart: Component Lifecycle Multi-widget game                                                                    00:13 +803 -7: /Users/taormina/Code/flame/packages/flame/test/components/component_test.dart: Component Lifecycle Multi-widget game                                                                    00:13 +804 -7: /Users/taormina/Code/flame/packages/flame/test/components/component_test.dart: Component Lifecycle Multi-widget game                                                                    00:13 +805 -7: /Users/taormina/Code/flame/packages/flame/test/components/component_test.dart: Component Lifecycle Multi-widget game                                                                    00:13 +806 -7: /Users/taormina/Code/flame/packages/flame/test/components/world_route_test.dart: WorldRoute can set a new world                                                                         00:13 +807 -7: /Users/taormina/Code/flame/packages/flame/test/components/world_route_test.dart: WorldRoute can set a new world                                                                         00:13 +808 -7: /Users/taormina/Code/flame/packages/flame/test/components/world_route_test.dart: WorldRoute can set a new world                                                                         00:13 +809 -7: /Users/taormina/Code/flame/packages/flame/test/components/component_test.dart: Component Lifecycle Confirm child component only loads once with game widget change                      00:13 +810 -7: /Users/taormina/Code/flame/packages/flame/test/components/component_test.dart: Component Lifecycle Confirm child component only loads once with game widget change                      00:13 +811 -7: /Users/taormina/Code/flame/packages/flame/test/components/component_test.dart: Component Lifecycle Confirm child component only loads once with game widget change                      00:13 +812 -7: /Users/taormina/Code/flame/packages/flame/test/components/component_test.dart: Component Lifecycle Confirm child component only loads once with game widget change                      00:13 +813 -7: /Users/taormina/Code/flame/packages/flame/test/components/component_test.dart: Component Lifecycle Confirm child component only loads once with game widget change                      00:13 +814 -7: /Users/taormina/Code/flame/packages/flame/test/components/component_test.dart: Component Lifecycle Confirm child component only loads once with game widget change                      00:13 +815 -7: /Users/taormina/Code/flame/packages/flame/test/components/component_test.dart: Component Lifecycle Confirm child component only loads once with game widget change                      00:13 +816 -7: /Users/taormina/Code/flame/packages/flame/test/components/component_test.dart: Component Lifecycle Confirm child component only loads once with game widget change                      00:13 +817 -7: /Users/taormina/Code/flame/packages/flame/test/components/component_test.dart: Component Lifecycle Confirm child component only loads once with game widget change                      00:13 +818 -7: /Users/taormina/Code/flame/packages/flame/test/components/component_test.dart: Component Lifecycle Confirm child component only loads once with game widget change                      00:13 +819 -7: /Users/taormina/Code/flame/packages/flame/test/components/component_test.dart: Component Lifecycle Confirm child component only loads once with game widget change                      00:13 +820 -7: /Users/taormina/Code/flame/packages/flame/test/components/component_test.dart: Component Lifecycle Confirm child component only loads once with game widget change                      00:13 +820 -7: /Users/taormina/Code/flame/packages/flame/test/components/component_test.dart: Component Lifecycle lifecycleEventsProcessed waits for unprocessed events                                00:13 +821 -7: /Users/taormina/Code/flame/packages/flame/test/components/component_test.dart: Component Lifecycle lifecycleEventsProcessed waits for unprocessed events                                00:13 +821 -7: /Users/taormina/Code/flame/packages/flame/test/components/component_test.dart: Component Lifecycle lifecycleEventsProcessed doesn't block when there are no events                      00:13 +822 -7: /Users/taormina/Code/flame/packages/flame/test/components/component_test.dart: Component Lifecycle lifecycleEventsProcessed doesn't block when there are no events                      00:13 +822 -7: /Users/taormina/Code/flame/packages/flame/test/components/component_test.dart: Component Lifecycle lifecycleEventsProcessed guarantees addition even with heavy onLoad                  00:14 +822 -7: /Users/taormina/Code/flame/packages/flame/test/components/component_test.dart: Component Lifecycle lifecycleEventsProcessed guarantees addition even with heavy onLoad                  00:14 +823 -7: /Users/taormina/Code/flame/packages/flame/test/components/component_test.dart: Component Lifecycle lifecycleEventsProcessed guarantees addition even with heavy onLoad                  00:14 +824 -7: /Users/taormina/Code/flame/packages/flame/test/components/component_test.dart: Component Lifecycle lifecycleEventsProcessed guarantees addition even with heavy onLoad                  00:14 +825 -7: /Users/taormina/Code/flame/packages/flame/test/components/component_test.dart: Component Lifecycle lifecycleEventsProcessed guarantees addition even with heavy onLoad                  00:14 +826 -7: /Users/taormina/Code/flame/packages/flame/test/components/component_test.dart: Component Lifecycle lifecycleEventsProcessed guarantees addition even with heavy onLoad                  00:14 +827 -7: /Users/taormina/Code/flame/packages/flame/test/components/component_test.dart: Component Lifecycle lifecycleEventsProcessed guarantees addition even with heavy onLoad                  00:14 +828 -7: /Users/taormina/Code/flame/packages/flame/test/components/component_test.dart: Component Lifecycle lifecycleEventsProcessed guarantees addition even with heavy onLoad                  00:14 +828 -7: /Users/taormina/Code/flame/packages/flame/test/components/component_test.dart: Component Lifecycle lifecycleEventsProcessed completes even with dequeued event                          00:14 +829 -7: /Users/taormina/Code/flame/packages/flame/test/components/mixins/has_visibility_test.dart: HasVisibility Render a Component with isVisible set to false                                 00:14 +830 -7: /Users/taormina/Code/flame/packages/flame/test/components/mixins/has_visibility_test.dart: HasVisibility Render a Component with isVisible set to false                                 00:14 +831 -7: /Users/taormina/Code/flame/packages/flame/test/components/mixins/has_visibility_test.dart: HasVisibility Render a Component with isVisible set to false                                 00:14 +832 -7: /Users/taormina/Code/flame/packages/flame/test/components/mixins/has_visibility_test.dart: HasVisibility Render a Component with isVisible set to false                                 00:14 +833 -7: /Users/taormina/Code/flame/packages/flame/test/components/mixins/has_visibility_test.dart: HasVisibility Render a Component with isVisible set to false                                 00:14 +834 -7: /Users/taormina/Code/flame/packages/flame/test/components/mixins/has_visibility_test.dart: HasVisibility Render a Component with isVisible set to false                                 00:14 +835 -7: /Users/taormina/Code/flame/packages/flame/test/components/mixins/has_visibility_test.dart: HasVisibility Render a Component with isVisible set to false                                 00:14 +836 -7: /Users/taormina/Code/flame/packages/flame/test/components/mixins/has_visibility_test.dart: HasVisibility Render a Component with isVisible set to false                                 00:14 +837 -7: /Users/taormina/Code/flame/packages/flame/test/components/mixins/has_visibility_test.dart: HasVisibility Render a Component with isVisible set to false                                 00:14 +838 -7: /Users/taormina/Code/flame/packages/flame/test/components/mixins/has_visibility_test.dart: HasVisibility Render a Component with isVisible set to false                                 00:14 +839 -7: /Users/taormina/Code/flame/packages/flame/test/components/mixins/has_visibility_test.dart: HasVisibility Render a Component with isVisible set to false                                 00:14 +840 -7: /Users/taormina/Code/flame/packages/flame/test/components/mixins/has_visibility_test.dart: HasVisibility Render a Component with isVisible set to false                                 00:14 +841 -7: /Users/taormina/Code/flame/packages/flame/test/components/mixins/has_visibility_test.dart: HasVisibility Render a Component with isVisible set to false                                 00:14 +842 -7: /Users/taormina/Code/flame/packages/flame/test/components/mixins/has_visibility_test.dart: HasVisibility Render a Component with isVisible set to false                                 00:14 +843 -7: /Users/taormina/Code/flame/packages/flame/test/components/mixins/has_visibility_test.dart: HasVisibility Render a Component with isVisible set to false                                 00:14 +844 -7: /Users/taormina/Code/flame/packages/flame/test/components/mixins/has_visibility_test.dart: HasVisibility Render a Component with isVisible set to false                                 00:14 +845 -7: /Users/taormina/Code/flame/packages/flame/test/components/mixins/has_visibility_test.dart: HasVisibility Render a Component with isVisible set to false                                 00:14 +846 -7: /Users/taormina/Code/flame/packages/flame/test/components/mixins/has_visibility_test.dart: HasVisibility Render a Component with isVisible set to false                                 00:14 +847 -7: /Users/taormina/Code/flame/packages/flame/test/components/mixins/has_visibility_test.dart: HasVisibility Render a Component with isVisible set to false                                 00:14 +848 -7: /Users/taormina/Code/flame/packages/flame/test/components/mixins/has_visibility_test.dart: HasVisibility Render a Component with isVisible set to false                                 00:14 +849 -7: /Users/taormina/Code/flame/packages/flame/test/components/mixins/has_visibility_test.dart: HasVisibility Render a Component with isVisible set to false                                 00:14 +850 -7: /Users/taormina/Code/flame/packages/flame/test/components/mixins/has_visibility_test.dart: HasVisibility Render a Component with isVisible set to false                                 00:14 +851 -7: /Users/taormina/Code/flame/packages/flame/test/components/mixins/has_visibility_test.dart: HasVisibility Render a Component with isVisible set to false                                 00:14 +852 -7: /Users/taormina/Code/flame/packages/flame/test/components/mixins/has_visibility_test.dart: HasVisibility Render a Component with isVisible set to false                                 00:14 +853 -7: /Users/taormina/Code/flame/packages/flame/test/components/mixins/has_visibility_test.dart: HasVisibility Render a Component with isVisible set to false                                 00:14 +854 -7: /Users/taormina/Code/flame/packages/flame/test/components/mixins/has_visibility_test.dart: HasVisibility Render a Component with isVisible set to false                                 00:14 +855 -7: /Users/taormina/Code/flame/packages/flame/test/components/mixins/has_visibility_test.dart: HasVisibility Render a Component with isVisible set to false                                 00:14 +856 -7: /Users/taormina/Code/flame/packages/flame/test/components/mixins/has_visibility_test.dart: HasVisibility Render a Component with isVisible set to false                                 00:14 +857 -7: /Users/taormina/Code/flame/packages/flame/test/components/mixins/has_visibility_test.dart: HasVisibility Render a Component with isVisible set to false                                 00:14 +858 -7: /Users/taormina/Code/flame/packages/flame/test/components/mixins/has_visibility_test.dart: HasVisibility Render a Component with isVisible set to false                                 00:14 +859 -7: /Users/taormina/Code/flame/packages/flame/test/components/mixins/has_visibility_test.dart: HasVisibility Render a Component with isVisible set to false                                 00:14 +860 -7: /Users/taormina/Code/flame/packages/flame/test/components/mixins/has_visibility_test.dart: HasVisibility Render a Component with isVisible set to false                                 00:14 +861 -7: /Users/taormina/Code/flame/packages/flame/test/components/mixins/has_visibility_test.dart: HasVisibility Render a Component with isVisible set to false                                 00:14 +862 -7: /Users/taormina/Code/flame/packages/flame/test/components/mixins/has_visibility_test.dart: HasVisibility Render a Component with isVisible set to false                                 00:14 +863 -7: /Users/taormina/Code/flame/packages/flame/test/components/mixins/has_visibility_test.dart: HasVisibility Render a Component with isVisible set to false                                 00:14 +864 -7: /Users/taormina/Code/flame/packages/flame/test/components/mixins/has_visibility_test.dart: HasVisibility Render a Component with isVisible set to false                                 00:14 +865 -7: /Users/taormina/Code/flame/packages/flame/test/components/mixins/has_visibility_test.dart: HasVisibility Render a Component with isVisible set to false                                 00:14 +866 -7: /Users/taormina/Code/flame/packages/flame/test/components/mixins/has_visibility_test.dart: HasVisibility Render a Component with isVisible set to false                                 00:14 +867 -7: /Users/taormina/Code/flame/packages/flame/test/components/mixins/has_visibility_test.dart: HasVisibility Render a Component with isVisible set to false                                 00:14 +868 -7: /Users/taormina/Code/flame/packages/flame/test/components/mixins/has_visibility_test.dart: HasVisibility Render a Component with isVisible set to false                                 00:14 +869 -7: /Users/taormina/Code/flame/packages/flame/test/components/mixins/has_visibility_test.dart: HasVisibility Render a Component with isVisible set to false                                 00:14 +870 -7: /Users/taormina/Code/flame/packages/flame/test/components/mixins/has_visibility_test.dart: HasVisibility Render a Component with isVisible set to false                                 00:14 +871 -7: /Users/taormina/Code/flame/packages/flame/test/components/mixins/has_visibility_test.dart: HasVisibility Render a Component with isVisible set to false                                 00:14 +872 -7: /Users/taormina/Code/flame/packages/flame/test/components/mixins/has_visibility_test.dart: HasVisibility Render a Component with isVisible set to false                                 00:14 +873 -7: /Users/taormina/Code/flame/packages/flame/test/components/mixins/has_visibility_test.dart: HasVisibility Render a Component with isVisible set to false                                 00:14 +874 -7: /Users/taormina/Code/flame/packages/flame/test/components/mixins/has_visibility_test.dart: HasVisibility Render a Component with isVisible set to false                                 00:14 +875 -7: /Users/taormina/Code/flame/packages/flame/test/components/component_test.dart: Component Rebalancing components async rebalance, add and remove have no race condition                  00:14 +876 -7: /Users/taormina/Code/flame/packages/flame/test/components/component_test.dart: Component Rebalancing components async rebalance, add and remove have no race condition                  00:15 +876 -7: /Users/taormina/Code/flame/packages/flame/test/components/component_test.dart: Component Rebalancing components async rebalance, add and remove have no race condition                  00:15 +877 -7: /Users/taormina/Code/flame/packages/flame/test/components/component_test.dart: Component Rebalancing components async rebalance, add and remove have no race condition                  00:15 +878 -7: /Users/taormina/Code/flame/packages/flame/test/components/component_test.dart: Component Rebalancing components async rebalance, add and remove have no race condition                  00:15 +879 -7: /Users/taormina/Code/flame/packages/flame/test/components/component_test.dart: Component Rebalancing components async rebalance, add and remove have no race condition                  00:15 +880 -7: /Users/taormina/Code/flame/packages/flame/test/components/component_test.dart: Component Rebalancing components async rebalance, add and remove have no race condition                  00:15 +881 -7: /Users/taormina/Code/flame/packages/flame/test/components/component_test.dart: Component Rebalancing components async rebalance, add and remove have no race condition                  00:15 +882 -7: /Users/taormina/Code/flame/packages/flame/test/components/component_test.dart: Component Rebalancing components async rebalance, add and remove have no race condition                  00:15 +883 -7: /Users/taormina/Code/flame/packages/flame/test/components/component_test.dart: Component Rebalancing components async rebalance, add and remove have no race condition                  00:15 +884 -7: /Users/taormina/Code/flame/packages/flame/test/components/component_test.dart: Component Rebalancing components async rebalance, add and remove have no race condition                  00:15 +885 -7: /Users/taormina/Code/flame/packages/flame/test/components/component_test.dart: Component Rebalancing components async rebalance, add and remove have no race condition                  00:15 +886 -7: /Users/taormina/Code/flame/packages/flame/test/components/component_test.dart: Component Rebalancing components async rebalance, add and remove have no race condition                  00:15 +887 -7: /Users/taormina/Code/flame/packages/flame/test/components/component_test.dart: Component Rebalancing components async rebalance, add and remove have no race condition                  00:15 +888 -7: /Users/taormina/Code/flame/packages/flame/test/components/component_test.dart: Component Rebalancing components async rebalance, add and remove have no race condition                  00:15 +889 -7: /Users/taormina/Code/flame/packages/flame/test/components/component_test.dart: Component Rebalancing components async rebalance, add and remove have no race condition                  00:15 +890 -7: /Users/taormina/Code/flame/packages/flame/test/components/component_test.dart: Component Rebalancing components async rebalance, add and remove have no race condition                  00:15 +891 -7: /Users/taormina/Code/flame/packages/flame/test/components/component_test.dart: Component Rebalancing components async rebalance, add and remove have no race condition                  00:15 +892 -7: /Users/taormina/Code/flame/packages/flame/test/components/component_test.dart: Component Rebalancing components async rebalance, add and remove have no race condition                  00:15 +893 -7: /Users/taormina/Code/flame/packages/flame/test/components/component_test.dart: Component Rebalancing components async rebalance, add and remove have no race condition                  00:15 +894 -7: /Users/taormina/Code/flame/packages/flame/test/components/component_test.dart: Component Rebalancing components async rebalance, add and remove have no race condition                  00:15 +895 -7: /Users/taormina/Code/flame/packages/flame/test/components/component_test.dart: Component Rebalancing components async rebalance, add and remove have no race condition                  00:15 +896 -7: /Users/taormina/Code/flame/packages/flame/test/components/component_test.dart: Component Rebalancing components async rebalance, add and remove have no race condition                  00:15 +897 -7: /Users/taormina/Code/flame/packages/flame/test/components/component_test.dart: Component Rebalancing components async rebalance, add and remove have no race condition                  00:15 +898 -7: /Users/taormina/Code/flame/packages/flame/test/components/component_test.dart: Component Rebalancing components async rebalance, add and remove have no race condition                  00:15 +899 -7: /Users/taormina/Code/flame/packages/flame/test/components/component_test.dart: Component Rebalancing components async rebalance, add and remove have no race condition                  00:15 +900 -7: /Users/taormina/Code/flame/packages/flame/test/components/component_test.dart: Component Rebalancing components async rebalance, add and remove have no race condition                  00:15 +901 -7: /Users/taormina/Code/flame/packages/flame/test/components/component_test.dart: Component Rebalancing components async rebalance, add and remove have no race condition                  00:15 +902 -7: /Users/taormina/Code/flame/packages/flame/test/components/component_test.dart: Component Rebalancing components async rebalance, add and remove have no race condition                  00:15 +903 -7: /Users/taormina/Code/flame/packages/flame/test/components/component_test.dart: Component Rebalancing components async rebalance, add and remove have no race condition                  00:15 +904 -7: /Users/taormina/Code/flame/packages/flame/test/components/component_test.dart: Component Rebalancing components async rebalance, add and remove have no race condition                  00:15 +905 -7: /Users/taormina/Code/flame/packages/flame/test/components/component_test.dart: Component Rebalancing components async rebalance, add and remove have no race condition                  00:15 +906 -7: /Users/taormina/Code/flame/packages/flame/test/components/component_test.dart: Component Rebalancing components async rebalance, add and remove have no race condition                  00:15 +907 -7: /Users/taormina/Code/flame/packages/flame/test/components/component_test.dart: Component Rebalancing components async rebalance, add and remove have no race condition                  00:15 +908 -7: /Users/taormina/Code/flame/packages/flame/test/components/component_test.dart: Component Rebalancing components async rebalance, add and remove have no race condition                  00:15 +909 -7: /Users/taormina/Code/flame/packages/flame/test/components/component_test.dart: Component Rebalancing components async rebalance, add and remove have no race condition                  00:15 +910 -7: /Users/taormina/Code/flame/packages/flame/test/components/component_test.dart: Component Rebalancing components async rebalance, add and remove have no race condition                  00:15 +911 -7: /Users/taormina/Code/flame/packages/flame/test/components/component_test.dart: Component Rebalancing components async rebalance, add and remove have no race condition                  00:15 +912 -7: /Users/taormina/Code/flame/packages/flame/test/components/component_test.dart: Component Rebalancing components async rebalance, add and remove have no race condition                  00:15 +913 -7: /Users/taormina/Code/flame/packages/flame/test/components/component_test.dart: Component Rebalancing components async rebalance, add and remove have no race condition                  00:15 +914 -7: /Users/taormina/Code/flame/packages/flame/test/components/component_test.dart: Component Rebalancing components async rebalance, add and remove have no race condition                  00:15 +915 -7: /Users/taormina/Code/flame/packages/flame/test/components/component_test.dart: Component Rebalancing components async rebalance, add and remove have no race condition                  00:15 +916 -7: /Users/taormina/Code/flame/packages/flame/test/components/component_test.dart: Component Rebalancing components async rebalance, add and remove have no race condition                  00:15 +917 -7: /Users/taormina/Code/flame/packages/flame/test/components/component_test.dart: Component Rebalancing components async rebalance, add and remove have no race condition                  00:15 +918 -7: /Users/taormina/Code/flame/packages/flame/test/components/component_test.dart: Component Rebalancing components async rebalance, add and remove have no race condition                  00:15 +919 -7: /Users/taormina/Code/flame/packages/flame/test/components/component_test.dart: Component Rebalancing components async rebalance, add and remove have no race condition                  00:15 +920 -7: /Users/taormina/Code/flame/packages/flame/test/components/component_test.dart: Component Rebalancing components async rebalance, add and remove have no race condition                  00:15 +921 -7: /Users/taormina/Code/flame/packages/flame/test/components/component_test.dart: Component Rebalancing components async rebalance, add and remove have no race condition                  00:15 +922 -7: /Users/taormina/Code/flame/packages/flame/test/components/component_test.dart: Component Rebalancing components async rebalance, add and remove have no race condition                  00:15 +923 -7: /Users/taormina/Code/flame/packages/flame/test/components/component_test.dart: Component Rebalancing components async rebalance, add and remove have no race condition                  00:15 +924 -7: /Users/taormina/Code/flame/packages/flame/test/components/component_test.dart: Component Rebalancing components async rebalance, add and remove have no race condition                  00:15 +925 -7: /Users/taormina/Code/flame/packages/flame/test/components/component_test.dart: Component Rebalancing components async rebalance, add and remove have no race condition                  00:15 +926 -7: /Users/taormina/Code/flame/packages/flame/test/components/component_test.dart: Component Rebalancing components async rebalance, add and remove have no race condition                  00:15 +927 -7: /Users/taormina/Code/flame/packages/flame/test/components/component_test.dart: Component Rebalancing components async rebalance, add and remove have no race condition                  00:15 +928 -7: /Users/taormina/Code/flame/packages/flame/test/components/component_test.dart: Component Rebalancing components async rebalance, add and remove have no race condition                  00:15 +929 -7: /Users/taormina/Code/flame/packages/flame/test/components/component_test.dart: Component Rebalancing components async rebalance, add and remove have no race condition                  00:15 +930 -7: /Users/taormina/Code/flame/packages/flame/test/components/component_test.dart: Component Rebalancing components async rebalance, add and remove have no race condition                  00:15 +931 -7: /Users/taormina/Code/flame/packages/flame/test/components/component_test.dart: Component Rebalancing components async rebalance, add and remove have no race condition                  00:15 +932 -7: /Users/taormina/Code/flame/packages/flame/test/components/component_test.dart: Component Rebalancing components async rebalance, add and remove have no race condition                  00:15 +933 -7: /Users/taormina/Code/flame/packages/flame/test/components/component_test.dart: Component Rebalancing components async rebalance, add and remove have no race condition                  00:15 +934 -7: /Users/taormina/Code/flame/packages/flame/test/components/component_test.dart: Component Rebalancing components async rebalance, add and remove have no race condition                  00:15 +935 -7: /Users/taormina/Code/flame/packages/flame/test/components/component_test.dart: Component Rebalancing components async rebalance, add and remove have no race condition                  00:15 +936 -7: /Users/taormina/Code/flame/packages/flame/test/components/component_test.dart: Component Rebalancing components async rebalance, add and remove have no race condition                  00:15 +937 -7: /Users/taormina/Code/flame/packages/flame/test/components/component_test.dart: Component Rebalancing components async rebalance, add and remove have no race condition                  00:15 +938 -7: /Users/taormina/Code/flame/packages/flame/test/components/component_test.dart: Component Rebalancing components async rebalance, add and remove have no race condition                  00:15 +939 -7: /Users/taormina/Code/flame/packages/flame/test/components/component_test.dart: Component Rebalancing components async rebalance, add and remove have no race condition                  00:15 +940 -7: /Users/taormina/Code/flame/packages/flame/test/components/component_test.dart: Component Rebalancing components async rebalance, add and remove have no race condition                  00:15 +941 -7: /Users/taormina/Code/flame/packages/flame/test/components/component_test.dart: Component Rebalancing components async rebalance, add and remove have no race condition                  00:15 +942 -7: /Users/taormina/Code/flame/packages/flame/test/components/component_test.dart: Component Rebalancing components async rebalance, add and remove have no race condition                  00:15 +943 -7: /Users/taormina/Code/flame/packages/flame/test/components/component_test.dart: Component Rebalancing components async rebalance, add and remove have no race condition                  00:15 +944 -7: /Users/taormina/Code/flame/packages/flame/test/components/component_test.dart: Component Rebalancing components async rebalance, add and remove have no race condition                  00:15 +945 -7: /Users/taormina/Code/flame/packages/flame/test/components/component_test.dart: Component Rebalancing components async rebalance, add and remove have no race condition                  00:15 +946 -7: /Users/taormina/Code/flame/packages/flame/test/components/component_test.dart: Component Rebalancing components async rebalance, add and remove have no race condition                  00:15 +947 -7: /Users/taormina/Code/flame/packages/flame/test/components/component_test.dart: Component Rebalancing components async rebalance, add and remove have no race condition                  00:15 +948 -7: /Users/taormina/Code/flame/packages/flame/test/components/component_test.dart: Component Rebalancing components async rebalance, add and remove have no race condition                  00:15 +949 -7: /Users/taormina/Code/flame/packages/flame/test/components/component_test.dart: Component Rebalancing components async rebalance, add and remove have no race condition                  00:15 +950 -7: /Users/taormina/Code/flame/packages/flame/test/components/component_test.dart: Component Rebalancing components async rebalance, add and remove have no race condition                  00:15 +951 -7: /Users/taormina/Code/flame/packages/flame/test/components/component_test.dart: Component Rebalancing components async rebalance, add and remove have no race condition                  00:15 +952 -7: /Users/taormina/Code/flame/packages/flame/test/components/component_test.dart: Component Rebalancing components async rebalance, add and remove have no race condition                  00:15 +953 -7: /Users/taormina/Code/flame/packages/flame/test/components/component_test.dart: Component Rebalancing components async rebalance, add and remove have no race condition                  00:15 +954 -7: /Users/taormina/Code/flame/packages/flame/test/components/component_test.dart: Component Rebalancing components async rebalance, add and remove have no race condition                  00:15 +955 -7: /Users/taormina/Code/flame/packages/flame/test/components/component_test.dart: Component Rebalancing components async rebalance, add and remove have no race condition                  00:15 +956 -7: /Users/taormina/Code/flame/packages/flame/test/components/component_test.dart: Component Rebalancing components async rebalance, add and remove have no race condition                  00:15 +957 -7: /Users/taormina/Code/flame/packages/flame/test/components/component_test.dart: Component Rebalancing components async rebalance, add and remove have no race condition                  00:15 +958 -7: /Users/taormina/Code/flame/packages/flame/test/components/component_test.dart: Component Rebalancing components async rebalance, add and remove have no race condition                  00:15 +959 -7: /Users/taormina/Code/flame/packages/flame/test/components/component_test.dart: Component Rebalancing components async rebalance, add and remove have no race condition                  00:15 +960 -7: /Users/taormina/Code/flame/packages/flame/test/components/component_test.dart: Component Rebalancing components async rebalance, add and remove have no race condition                  00:15 +961 -7: /Users/taormina/Code/flame/packages/flame/test/components/component_test.dart: Component Rebalancing components async rebalance, add and remove have no race condition                  00:15 +962 -7: /Users/taormina/Code/flame/packages/flame/test/components/component_test.dart: Component Rebalancing components async rebalance, add and remove have no race condition                  00:15 +963 -7: /Users/taormina/Code/flame/packages/flame/test/components/component_test.dart: Component Rebalancing components async rebalance, add and remove have no race condition                  00:15 +964 -7: /Users/taormina/Code/flame/packages/flame/test/components/component_test.dart: Component Rebalancing components async rebalance, add and remove have no race condition                  00:15 +965 -7: /Users/taormina/Code/flame/packages/flame/test/components/component_test.dart: Component Rebalancing components async rebalance, add and remove have no race condition                  00:15 +966 -7: /Users/taormina/Code/flame/packages/flame/test/components/component_test.dart: Component Rebalancing components async rebalance, add and remove have no race condition                  00:15 +967 -7: /Users/taormina/Code/flame/packages/flame/test/components/component_test.dart: Component Rebalancing components async rebalance, add and remove have no race condition                  00:15 +968 -7: /Users/taormina/Code/flame/packages/flame/test/components/component_test.dart: Component Rebalancing components async rebalance, add and remove have no race condition                  00:15 +969 -7: /Users/taormina/Code/flame/packages/flame/test/components/component_test.dart: Component Rebalancing components async rebalance, add and remove have no race condition                  00:15 +970 -7: /Users/taormina/Code/flame/packages/flame/test/components/component_test.dart: Component Rebalancing components async rebalance, add and remove have no race condition                  00:15 +971 -7: /Users/taormina/Code/flame/packages/flame/test/components/component_test.dart: Component Rebalancing components async rebalance, add and remove have no race condition                  00:16 +971 -7: /Users/taormina/Code/flame/packages/flame/test/components/component_test.dart: Component Rebalancing components async rebalance, add and remove have no race condition                  00:16 +971 -7: /Users/taormina/Code/flame/packages/flame/test/components/mixins/snapshot_test.dart: Snapshot Should generate a transformed image                                                       
══╡ EXCEPTION CAUGHT BY FLUTTER TEST FRAMEWORK ╞════════════════════════════════════════════════════
The following assertion was thrown while running async test code:
Golden "../../_goldens/snapshot_test_2.png": Pixel test failed, 0.75%, 299px diff detected.
Failure feedback can be found at
/Users/taormina/Code/flame/packages/flame/test/components/mixins/failures

When the exception was thrown, this was the stack:
#0      LocalFileComparator.compare (package:flutter_test/src/_goldens_io.dart:108:5)
<asynchronous suspension>
#1      MatchesGoldenFile.matchAsync.<anonymous closure> (package:flutter_test/src/_matchers_io.dart:124:32)
<asynchronous suspension>
<asynchronous suspension>
#3      _expect.<anonymous closure> (package:matcher/src/expect/expect.dart:123:26)
<asynchronous suspension>
<asynchronous suspension>
#5      expectLater.<anonymous closure> (package:flutter_test/src/widget_tester.dart:508:19)
<asynchronous suspension>
#6      main.<anonymous closure>.<anonymous closure> (file:///Users/taormina/Code/flame/packages/flame/test/components/mixins/snapshot_test.dart:149:11)
<asynchronous suspension>
#7      testWidgets.<anonymous closure>.<anonymous closure> (package:flutter_test/src/widget_tester.dart:192:15)
<asynchronous suspension>
#8      TestWidgetsFlutterBinding._runTestBody (package:flutter_test/src/binding.dart:1059:5)
<asynchronous suspension>
<asynchronous suspension>
(elided 3 frames from dart:async and package:stack_trace)

The exception was caught asynchronously.
════════════════════════════════════════════════════════════════════════════════════════════════════
00:16 +971 -8: /Users/taormina/Code/flame/packages/flame/test/components/mixins/snapshot_test.dart: Snapshot Should generate a transformed image [E]                                                   
  Test failed. See exception logs above.
  The test description was: Should generate a transformed image
  

To run this test again: /opt/homebrew/Caskroom/flutter/3.3.10/flutter/bin/cache/dart-sdk/bin/dart test /Users/taormina/Code/flame/packages/flame/test/components/mixins/snapshot_test.dart -p vm --plain-name 'Snapshot Should generate a transformed image'
00:16 +971 -8: /Users/taormina/Code/flame/packages/flame/test/components/mixins/snapshot_test.dart: Snapshot Should respect transforms                                                                 
══╡ EXCEPTION CAUGHT BY FLUTTER TEST FRAMEWORK ╞════════════════════════════════════════════════════
The following assertion was thrown while running async test code:
Golden "../../_goldens/snapshot_test_3.png": Pixel test failed, 0.77%, 308px diff detected.
Failure feedback can be found at
/Users/taormina/Code/flame/packages/flame/test/components/mixins/failures

When the exception was thrown, this was the stack:
#0      LocalFileComparator.compare (package:flutter_test/src/_goldens_io.dart:108:5)
<asynchronous suspension>
#1      MatchesGoldenFile.matchAsync.<anonymous closure> (package:flutter_test/src/_matchers_io.dart:124:32)
<asynchronous suspension>
<asynchronous suspension>
#3      _expect.<anonymous closure> (package:matcher/src/expect/expect.dart:123:26)
<asynchronous suspension>
<asynchronous suspension>
#5      expectLater.<anonymous closure> (package:flutter_test/src/widget_tester.dart:508:19)
<asynchronous suspension>
#6      testGolden.<anonymous closure> (package:flame_test/src/test_golden.dart:71:7)
<asynchronous suspension>
#7      testWidgets.<anonymous closure>.<anonymous closure> (package:flutter_test/src/widget_tester.dart:192:15)
<asynchronous suspension>
#8      TestWidgetsFlutterBinding._runTestBody (package:flutter_test/src/binding.dart:1059:5)
<asynchronous suspension>
<asynchronous suspension>
(elided 3 frames from dart:async and package:stack_trace)

The exception was caught asynchronously.
════════════════════════════════════════════════════════════════════════════════════════════════════
00:16 +971 -9: /Users/taormina/Code/flame/packages/flame/test/components/mixins/snapshot_test.dart: Snapshot Should respect transforms [E]                                                             
  Test failed. See exception logs above.
  The test description was: Should respect transforms
  

To run this test again: /opt/homebrew/Caskroom/flutter/3.3.10/flutter/bin/cache/dart-sdk/bin/dart test /Users/taormina/Code/flame/packages/flame/test/components/mixins/snapshot_test.dart -p vm --plain-name 'Snapshot Should respect transforms'
00:16 +972 -9: /Users/taormina/Code/flame/packages/flame/test/components/component_test.dart: Component Rebalancing components async rebalance, add and remove have no race condition                  00:16 +973 -9: /Users/taormina/Code/flame/packages/flame/test/components/component_test.dart: Component Rebalancing components async rebalance, add and remove have no race condition                  00:16 +974 -9: /Users/taormina/Code/flame/packages/flame/test/components/component_test.dart: Component Rebalancing components async rebalance, add and remove have no race condition                  00:16 +975 -9: /Users/taormina/Code/flame/packages/flame/test/components/component_test.dart: Component Rebalancing components async rebalance, add and remove have no race condition                  00:16 +976 -9: /Users/taormina/Code/flame/packages/flame/test/components/component_test.dart: Component Rebalancing components async rebalance, add and remove have no race condition                  00:16 +977 -9: /Users/taormina/Code/flame/packages/flame/test/components/component_test.dart: Component Rebalancing components async rebalance, add and remove have no race condition                  00:16 +978 -9: /Users/taormina/Code/flame/packages/flame/test/components/component_test.dart: Component Rebalancing components async rebalance, add and remove have no race condition                  00:16 +979 -9: /Users/taormina/Code/flame/packages/flame/test/components/component_test.dart: Component Rebalancing components async rebalance, add and remove have no race condition                  00:16 +980 -9: /Users/taormina/Code/flame/packages/flame/test/components/component_test.dart: Component Rebalancing components async rebalance, add and remove have no race condition                  00:16 +981 -9: /Users/taormina/Code/flame/packages/flame/test/components/component_test.dart: Component Rebalancing components async rebalance, add and remove have no race condition                  00:16 +982 -9: /Users/taormina/Code/flame/packages/flame/test/components/component_test.dart: Component Rebalancing components async rebalance, add and remove have no race condition                  00:16 +983 -9: /Users/taormina/Code/flame/packages/flame/test/components/component_test.dart: Component Rebalancing components async rebalance, add and remove have no race condition                  00:16 +984 -9: /Users/taormina/Code/flame/packages/flame/test/components/component_test.dart: Component Rebalancing components async rebalance, add and remove have no race condition                  00:16 +985 -9: /Users/taormina/Code/flame/packages/flame/test/components/component_test.dart: Component Rebalancing components async rebalance, add and remove have no race condition                  00:16 +986 -9: /Users/taormina/Code/flame/packages/flame/test/components/component_test.dart: Component Rebalancing components async rebalance, add and remove have no race condition                  00:16 +987 -9: /Users/taormina/Code/flame/packages/flame/test/components/component_test.dart: Component Rebalancing components async rebalance, add and remove have no race condition                  00:16 +988 -9: /Users/taormina/Code/flame/packages/flame/test/components/component_test.dart: Component Rebalancing components async rebalance, add and remove have no race condition                  00:16 +989 -9: /Users/taormina/Code/flame/packages/flame/test/components/component_test.dart: Component Rebalancing components async rebalance, add and remove have no race condition                  00:16 +990 -9: /Users/taormina/Code/flame/packages/flame/test/components/component_test.dart: Component Rebalancing components async rebalance, add and remove have no race condition                  00:16 +991 -9: /Users/taormina/Code/flame/packages/flame/test/components/component_test.dart: Component Rebalancing components async rebalance, add and remove have no race condition                  00:16 +992 -9: /Users/taormina/Code/flame/packages/flame/test/components/component_test.dart: Component Rebalancing components async rebalance, add and remove have no race condition                  00:16 +993 -9: /Users/taormina/Code/flame/packages/flame/test/components/component_test.dart: Component Rebalancing components async rebalance, add and remove have no race condition                  00:16 +994 -9: /Users/taormina/Code/flame/packages/flame/test/components/component_test.dart: Component Rebalancing components async rebalance, add and remove have no race condition                  00:16 +995 -9: /Users/taormina/Code/flame/packages/flame/test/components/component_test.dart: Component Rebalancing components async rebalance, add and remove have no race condition                  00:16 +996 -9: /Users/taormina/Code/flame/packages/flame/test/components/component_test.dart: Component Rebalancing components async rebalance, add and remove have no race condition                  00:16 +997 -9: /Users/taormina/Code/flame/packages/flame/test/components/component_test.dart: Component Rebalancing components async rebalance, add and remove have no race condition                  00:16 +998 -9: /Users/taormina/Code/flame/packages/flame/test/components/component_test.dart: Component Rebalancing components async rebalance, add and remove have no race condition                  00:16 +999 -9: /Users/taormina/Code/flame/packages/flame/test/components/component_test.dart: Component Rebalancing components async rebalance, add and remove have no race condition                  00:16 +1000 -9: /Users/taormina/Code/flame/packages/flame/test/components/component_test.dart: Component Rebalancing components async rebalance, add and remove have no race condition                 00:16 +1001 -9: /Users/taormina/Code/flame/packages/flame/test/components/component_test.dart: Component Rebalancing components async rebalance, add and remove have no race condition                 00:16 +1002 -9: /Users/taormina/Code/flame/packages/flame/test/components/component_test.dart: Component Rebalancing components async rebalance, add and remove have no race condition                 00:16 +1003 -9: /Users/taormina/Code/flame/packages/flame/test/components/component_test.dart: Component Rebalancing components async rebalance, add and remove have no race condition                 00:16 +1004 -9: /Users/taormina/Code/flame/packages/flame/test/components/component_test.dart: Component Rebalancing components async rebalance, add and remove have no race condition                 00:16 +1005 -9: /Users/taormina/Code/flame/packages/flame/test/components/component_test.dart: Component Rebalancing components async rebalance, add and remove have no race condition                 00:16 +1006 -9: /Users/taormina/Code/flame/packages/flame/test/components/component_test.dart: Component Rebalancing components async rebalance, add and remove have no race condition                 00:16 +1007 -9: /Users/taormina/Code/flame/packages/flame/test/components/component_test.dart: Component Rebalancing components async rebalance, add and remove have no race condition                 00:16 +1008 -9: /Users/taormina/Code/flame/packages/flame/test/components/component_test.dart: Component Rebalancing components async rebalance, add and remove have no race condition                 00:16 +1009 -9: /Users/taormina/Code/flame/packages/flame/test/components/component_test.dart: Component Rebalancing components async rebalance, add and remove have no race condition                 00:16 +1010 -9: /Users/taormina/Code/flame/packages/flame/test/components/component_test.dart: Component Rebalancing components async rebalance, add and remove have no race condition                 00:16 +1011 -9: /Users/taormina/Code/flame/packages/flame/test/components/component_test.dart: Component Rebalancing components async rebalance, add and remove have no race condition                 00:16 +1012 -9: /Users/taormina/Code/flame/packages/flame/test/components/component_test.dart: Component Rebalancing components async rebalance, add and remove have no race condition                 00:16 +1013 -9: /Users/taormina/Code/flame/packages/flame/test/components/component_test.dart: Component Rebalancing components async rebalance, add and remove have no race condition                 00:16 +1014 -9: /Users/taormina/Code/flame/packages/flame/test/components/component_test.dart: Component Rebalancing components async rebalance, add and remove have no race condition                 00:16 +1015 -9: /Users/taormina/Code/flame/packages/flame/test/components/component_test.dart: Component Rebalancing components async rebalance, add and remove have no race condition                 00:16 +1016 -9: /Users/taormina/Code/flame/packages/flame/test/components/component_test.dart: Component Rebalancing components async rebalance, add and remove have no race condition                 00:16 +1017 -9: /Users/taormina/Code/flame/packages/flame/test/components/component_test.dart: Component Rebalancing components async rebalance, add and remove have no race condition                 00:16 +1018 -9: /Users/taormina/Code/flame/packages/flame/test/components/component_test.dart: Component Rebalancing components async rebalance, add and remove have no race condition                 00:16 +1019 -9: /Users/taormina/Code/flame/packages/flame/test/components/component_test.dart: Component Rebalancing components async rebalance, add and remove have no race condition                 00:16 +1020 -9: /Users/taormina/Code/flame/packages/flame/test/components/component_test.dart: Component Rebalancing components async rebalance, add and remove have no race condition                 00:16 +1021 -9: /Users/taormina/Code/flame/packages/flame/test/components/component_test.dart: Component Rebalancing components async rebalance, add and remove have no race condition                 00:16 +1022 -9: /Users/taormina/Code/flame/packages/flame/test/components/component_test.dart: Component Rebalancing components async rebalance, add and remove have no race condition                 00:16 +1023 -9: /Users/taormina/Code/flame/packages/flame/test/components/component_test.dart: Component Rebalancing components async rebalance, add and remove have no race condition                 00:16 +1024 -9: /Users/taormina/Code/flame/packages/flame/test/components/component_test.dart: Component Rebalancing components async rebalance, add and remove have no race condition                 00:16 +1025 -9: /Users/taormina/Code/flame/packages/flame/test/components/component_test.dart: Component Rebalancing components async rebalance, add and remove have no race condition                 00:16 +1026 -9: /Users/taormina/Code/flame/packages/flame/test/components/component_test.dart: Component Rebalancing components async rebalance, add and remove have no race condition                 00:16 +1027 -9: /Users/taormina/Code/flame/packages/flame/test/components/component_test.dart: Component Rebalancing components async rebalance, add and remove have no race condition                 00:16 +1028 -9: /Users/taormina/Code/flame/packages/flame/test/components/component_test.dart: Component Rebalancing components async rebalance, add and remove have no race condition                 00:16 +1029 -9: /Users/taormina/Code/flame/packages/flame/test/components/component_test.dart: Component Rebalancing components async rebalance, add and remove have no race condition                 00:16 +1030 -9: /Users/taormina/Code/flame/packages/flame/test/components/component_test.dart: Component Rebalancing components async rebalance, add and remove have no race condition                 00:16 +1031 -9: /Users/taormina/Code/flame/packages/flame/test/components/component_test.dart: Component Rebalancing components async rebalance, add and remove have no race condition                 00:16 +1032 -9: /Users/taormina/Code/flame/packages/flame/test/components/component_test.dart: Component Rebalancing components async rebalance, add and remove have no race condition                 00:16 +1033 -9: /Users/taormina/Code/flame/packages/flame/test/components/component_test.dart: Component Rebalancing components async rebalance, add and remove have no race condition                 00:16 +1034 -9: /Users/taormina/Code/flame/packages/flame/test/components/component_test.dart: Component Rebalancing components async rebalance, add and remove have no race condition                 00:16 +1035 -9: /Users/taormina/Code/flame/packages/flame/test/components/component_test.dart: Component Rebalancing components async rebalance, add and remove have no race condition                 00:16 +1036 -9: /Users/taormina/Code/flame/packages/flame/test/components/component_test.dart: Component Rebalancing components async rebalance, add and remove have no race condition                 00:16 +1037 -9: /Users/taormina/Code/flame/packages/flame/test/components/component_test.dart: Component Rebalancing components async rebalance, add and remove have no race condition                 00:16 +1038 -9: /Users/taormina/Code/flame/packages/flame/test/components/component_test.dart: Component Rebalancing components async rebalance, add and remove have no race condition                 00:17 +1038 -9: /Users/taormina/Code/flame/packages/flame/test/components/component_test.dart: Component Rebalancing components async rebalance, add and remove have no race condition                 00:17 +1039 -9: /Users/taormina/Code/flame/packages/flame/test/components/component_test.dart: Component Rebalancing components async rebalance, add and remove have no race condition                 00:17 +1040 -9: /Users/taormina/Code/flame/packages/flame/test/components/component_test.dart: Component Rebalancing components async rebalance, add and remove have no race condition                 00:17 +1041 -9: /Users/taormina/Code/flame/packages/flame/test/components/component_test.dart: Component Rebalancing components async rebalance, add and remove have no race condition                 00:17 +1042 -9: /Users/taormina/Code/flame/packages/flame/test/components/component_test.dart: Component Rebalancing components async rebalance, add and remove have no race condition                 00:17 +1043 -9: /Users/taormina/Code/flame/packages/flame/test/components/component_test.dart: Component Rebalancing components async rebalance, add and remove have no race condition                 00:17 +1044 -9: /Users/taormina/Code/flame/packages/flame/test/components/component_test.dart: Component Rebalancing components async rebalance, add and remove have no race condition                 00:17 +1045 -9: /Users/taormina/Code/flame/packages/flame/test/components/component_test.dart: Component Rebalancing components async rebalance, add and remove have no race condition                 00:17 +1046 -9: /Users/taormina/Code/flame/packages/flame/test/components/component_test.dart: Component Rebalancing components async rebalance, add and remove have no race condition                 00:17 +1047 -9: /Users/taormina/Code/flame/packages/flame/test/components/component_test.dart: Component Rebalancing components async rebalance, add and remove have no race condition                 00:17 +1048 -9: /Users/taormina/Code/flame/packages/flame/test/components/component_test.dart: Component Rebalancing components async rebalance, add and remove have no race condition                 00:17 +1049 -9: /Users/taormina/Code/flame/packages/flame/test/components/component_test.dart: Component Rebalancing components async rebalance, add and remove have no race condition                 00:17 +1050 -9: /Users/taormina/Code/flame/packages/flame/test/components/component_test.dart: Component Rebalancing components async rebalance, add and remove have no race condition                 00:17 +1051 -9: /Users/taormina/Code/flame/packages/flame/test/components/clip_component_test.dart: ClipComponent CircleClipComponent renders correctly                                                00:17 +1052 -9: /Users/taormina/Code/flame/packages/flame/test/components/clip_component_test.dart: ClipComponent CircleClipComponent renders correctly                                                00:17 +1053 -9: /Users/taormina/Code/flame/packages/flame/test/components/clip_component_test.dart: ClipComponent CircleClipComponent renders correctly                                                00:17 +1054 -9: /Users/taormina/Code/flame/packages/flame/test/components/clip_component_test.dart: ClipComponent CircleClipComponent renders correctly                                                00:17 +1055 -9: /Users/taormina/Code/flame/packages/flame/test/components/clip_component_test.dart: ClipComponent CircleClipComponent renders correctly                                                00:17 +1056 -9: /Users/taormina/Code/flame/packages/flame/test/components/clip_component_test.dart: ClipComponent CircleClipComponent renders correctly                                                00:17 +1057 -9: /Users/taormina/Code/flame/packages/flame/test/components/clip_component_test.dart: ClipComponent CircleClipComponent renders correctly                                                00:17 +1058 -9: /Users/taormina/Code/flame/packages/flame/test/components/clip_component_test.dart: ClipComponent CircleClipComponent renders correctly                                                00:17 +1059 -9: /Users/taormina/Code/flame/packages/flame/test/components/clip_component_test.dart: ClipComponent CircleClipComponent renders correctly                                                00:17 +1060 -9: /Users/taormina/Code/flame/packages/flame/test/components/clip_component_test.dart: ClipComponent CircleClipComponent renders correctly                                                00:17 +1061 -9: /Users/taormina/Code/flame/packages/flame/test/components/clip_component_test.dart: ClipComponent CircleClipComponent renders correctly                                                00:17 +1062 -9: /Users/taormina/Code/flame/packages/flame/test/components/clip_component_test.dart: ClipComponent CircleClipComponent renders correctly                                                00:17 +1063 -9: /Users/taormina/Code/flame/packages/flame/test/components/clip_component_test.dart: ClipComponent CircleClipComponent renders correctly                                                00:17 +1064 -9: /Users/taormina/Code/flame/packages/flame/test/components/clip_component_test.dart: ClipComponent CircleClipComponent renders correctly                                                00:17 +1065 -9: /Users/taormina/Code/flame/packages/flame/test/components/clip_component_test.dart: ClipComponent CircleClipComponent renders correctly                                                00:17 +1066 -9: /Users/taormina/Code/flame/packages/flame/test/components/clip_component_test.dart: ClipComponent CircleClipComponent renders correctly                                                00:17 +1067 -9: /Users/taormina/Code/flame/packages/flame/test/components/clip_component_test.dart: ClipComponent CircleClipComponent renders correctly                                                00:17 +1068 -9: /Users/taormina/Code/flame/packages/flame/test/components/clip_component_test.dart: ClipComponent CircleClipComponent renders correctly                                                00:17 +1069 -9: /Users/taormina/Code/flame/packages/flame/test/components/clip_component_test.dart: ClipComponent CircleClipComponent renders correctly                                                00:17 +1070 -9: /Users/taormina/Code/flame/packages/flame/test/components/clip_component_test.dart: ClipComponent CircleClipComponent renders correctly                                                00:17 +1071 -9: /Users/taormina/Code/flame/packages/flame/test/components/clip_component_test.dart: ClipComponent CircleClipComponent renders correctly                                                00:17 +1072 -9: /Users/taormina/Code/flame/packages/flame/test/components/clip_component_test.dart: ClipComponent CircleClipComponent renders correctly                                                00:17 +1073 -9: /Users/taormina/Code/flame/packages/flame/test/components/clip_component_test.dart: ClipComponent CircleClipComponent renders correctly                                                00:17 +1074 -9: /Users/taormina/Code/flame/packages/flame/test/components/clip_component_test.dart: ClipComponent CircleClipComponent renders correctly                                                00:17 +1075 -9: /Users/taormina/Code/flame/packages/flame/test/components/clip_component_test.dart: ClipComponent CircleClipComponent renders correctly                                                00:17 +1076 -9: /Users/taormina/Code/flame/packages/flame/test/components/clip_component_test.dart: ClipComponent CircleClipComponent renders correctly                                                00:17 +1077 -9: /Users/taormina/Code/flame/packages/flame/test/components/clip_component_test.dart: ClipComponent CircleClipComponent renders correctly                                                00:17 +1078 -9: /Users/taormina/Code/flame/packages/flame/test/components/clip_component_test.dart: ClipComponent CircleClipComponent renders correctly                                                00:17 +1079 -9: /Users/taormina/Code/flame/packages/flame/test/components/clip_component_test.dart: ClipComponent CircleClipComponent renders correctly                                                00:17 +1080 -9: /Users/taormina/Code/flame/packages/flame/test/components/clip_component_test.dart: ClipComponent CircleClipComponent renders correctly                                                00:17 +1081 -9: /Users/taormina/Code/flame/packages/flame/test/components/clip_component_test.dart: ClipComponent CircleClipComponent renders correctly                                                00:17 +1082 -9: /Users/taormina/Code/flame/packages/flame/test/components/clip_component_test.dart: ClipComponent CircleClipComponent renders correctly                                                00:17 +1083 -9: /Users/taormina/Code/flame/packages/flame/test/components/clip_component_test.dart: ClipComponent CircleClipComponent renders correctly                                                00:17 +1084 -9: /Users/taormina/Code/flame/packages/flame/test/components/clip_component_test.dart: ClipComponent CircleClipComponent renders correctly                                                00:17 +1085 -9: /Users/taormina/Code/flame/packages/flame/test/components/clip_component_test.dart: ClipComponent CircleClipComponent renders correctly                                                00:17 +1086 -9: /Users/taormina/Code/flame/packages/flame/test/components/clip_component_test.dart: ClipComponent CircleClipComponent renders correctly                                                00:17 +1087 -9: /Users/taormina/Code/flame/packages/flame/test/components/clip_component_test.dart: ClipComponent CircleClipComponent renders correctly                                                00:17 +1088 -9: /Users/taormina/Code/flame/packages/flame/test/components/clip_component_test.dart: ClipComponent CircleClipComponent renders correctly                                                00:17 +1089 -9: /Users/taormina/Code/flame/packages/flame/test/components/clip_component_test.dart: ClipComponent CircleClipComponent renders correctly                                                00:17 +1090 -9: /Users/taormina/Code/flame/packages/flame/test/components/clip_component_test.dart: ClipComponent CircleClipComponent renders correctly                                                00:17 +1091 -9: /Users/taormina/Code/flame/packages/flame/test/components/clip_component_test.dart: ClipComponent CircleClipComponent renders correctly                                                00:17 +1092 -9: /Users/taormina/Code/flame/packages/flame/test/components/clip_component_test.dart: ClipComponent CircleClipComponent renders correctly                                                00:17 +1093 -9: /Users/taormina/Code/flame/packages/flame/test/components/clip_component_test.dart: ClipComponent CircleClipComponent renders correctly                                                00:17 +1094 -9: /Users/taormina/Code/flame/packages/flame/test/components/component_test.dart: Component miscellaneous findByKey returns null if no component is found                                 00:17 +1095 -9: /Users/taormina/Code/flame/packages/flame/test/components/component_test.dart: Component miscellaneous findByKey returns null if no component is found                                 00:17 +1095 -9: /Users/taormina/Code/flame/packages/flame/test/components/clip_component_test.dart: ClipComponent PolygonClipComponent renders correctly                                               00:17 +1096 -9: /Users/taormina/Code/flame/packages/flame/test/components/clip_component_test.dart: ClipComponent PolygonClipComponent renders correctly                                               00:17 +1097 -9: /Users/taormina/Code/flame/packages/flame/test/components/clip_component_test.dart: ClipComponent PolygonClipComponent renders correctly                                               00:17 +1098 -9: /Users/taormina/Code/flame/packages/flame/test/components/clip_component_test.dart: ClipComponent PolygonClipComponent renders correctly                                               00:18 +1098 -9: /Users/taormina/Code/flame/packages/flame/test/components/clip_component_test.dart: ClipComponent PolygonClipComponent renders correctly                                               00:18 +1099 -9: /Users/taormina/Code/flame/packages/flame/test/components/clip_component_test.dart: ClipComponent PolygonClipComponent renders correctly                                               00:18 +1099 -9: loading /Users/taormina/Code/flame/packages/flame/test/components/components_notifier_test.dart                                                                                        00:18 +1099 -9: /Users/taormina/Code/flame/packages/flame/test/components/components_notifier_test.dart: ComponentsNotifier correctly have the initial value                                           00:18 +1100 -9: /Users/taormina/Code/flame/packages/flame/test/components/spawn_component_test.dart: SpawnComponent Spawns components within rectangle                                                 00:18 +1101 -9: /Users/taormina/Code/flame/packages/flame/test/components/spawn_component_test.dart: SpawnComponent Spawns components within rectangle                                                 00:18 +1102 -9: /Users/taormina/Code/flame/packages/flame/test/components/spawn_component_test.dart: SpawnComponent Spawns components within rectangle                                                 00:18 +1103 -9: /Users/taormina/Code/flame/packages/flame/test/components/spawn_component_test.dart: SpawnComponent Spawns components within rectangle                                                 00:18 +1104 -9: /Users/taormina/Code/flame/packages/flame/test/components/spawn_component_test.dart: SpawnComponent Spawns components within rectangle                                                 00:18 +1105 -9: /Users/taormina/Code/flame/packages/flame/test/components/spawn_component_test.dart: SpawnComponent Spawns components within rectangle                                                 00:18 +1106 -9: /Users/taormina/Code/flame/packages/flame/test/components/spawn_component_test.dart: SpawnComponent Spawns components within rectangle                                                 00:18 +1107 -9: /Users/taormina/Code/flame/packages/flame/test/components/sprite_group_component_test.dart: SpriteGroupComponent returns the correct sprite according to its state                     00:18 +1108 -9: /Users/taormina/Code/flame/packages/flame/test/components/scroll_text_box_component_test.dart: ScrollTextBoxComponent onComplete is called when no scrolling is required               00:18 +1109 -9: /Users/taormina/Code/flame/packages/flame/test/components/scroll_text_box_component_test.dart: ScrollTextBoxComponent onComplete is called when no scrolling is required               00:18 +1110 -9: /Users/taormina/Code/flame/packages/flame/test/components/scroll_text_box_component_test.dart: ScrollTextBoxComponent onComplete is called when no scrolling is required               00:18 +1111 -9: /Users/taormina/Code/flame/packages/flame/test/components/scroll_text_box_component_test.dart: ScrollTextBoxComponent onComplete is called when no scrolling is required               00:18 +1112 -9: /Users/taormina/Code/flame/packages/flame/test/components/scroll_text_box_component_test.dart: ScrollTextBoxComponent onComplete is called when no scrolling is required               00:18 +1113 -9: /Users/taormina/Code/flame/packages/flame/test/components/scroll_text_box_component_test.dart: ScrollTextBoxComponent onComplete is called when no scrolling is required               00:18 +1114 -9: /Users/taormina/Code/flame/packages/flame/test/components/scroll_text_box_component_test.dart: ScrollTextBoxComponent onComplete is called when no scrolling is required               00:18 +1115 -9: /Users/taormina/Code/flame/packages/flame/test/components/scroll_text_box_component_test.dart: ScrollTextBoxComponent onComplete is called when no scrolling is required               00:18 +1116 -9: /Users/taormina/Code/flame/packages/flame/test/components/scroll_text_box_component_test.dart: ScrollTextBoxComponent onComplete is called when no scrolling is required               00:18 +1117 -9: /Users/taormina/Code/flame/packages/flame/test/components/scroll_text_box_component_test.dart: ScrollTextBoxComponent onComplete is called when no scrolling is required               00:18 +1118 -9: /Users/taormina/Code/flame/packages/flame/test/components/scroll_text_box_component_test.dart: ScrollTextBoxComponent onComplete is called when no scrolling is required               00:18 +1119 -9: /Users/taormina/Code/flame/packages/flame/test/components/scroll_text_box_component_test.dart: ScrollTextBoxComponent onComplete is called when no scrolling is required               00:18 +1120 -9: /Users/taormina/Code/flame/packages/flame/test/components/scroll_text_box_component_test.dart: ScrollTextBoxComponent onComplete is called when no scrolling is required               00:18 +1121 -9: /Users/taormina/Code/flame/packages/flame/test/components/scroll_text_box_component_test.dart: ScrollTextBoxComponent onComplete is called when no scrolling is required               00:18 +1122 -9: /Users/taormina/Code/flame/packages/flame/test/components/scroll_text_box_component_test.dart: ScrollTextBoxComponent onComplete is called when no scrolling is required               00:18 +1123 -9: /Users/taormina/Code/flame/packages/flame/test/components/scroll_text_box_component_test.dart: ScrollTextBoxComponent onComplete is called when no scrolling is required               00:18 +1124 -9: /Users/taormina/Code/flame/packages/flame/test/components/scroll_text_box_component_test.dart: ScrollTextBoxComponent onComplete is called when no scrolling is required               00:18 +1125 -9: /Users/taormina/Code/flame/packages/flame/test/components/scroll_text_box_component_test.dart: ScrollTextBoxComponent onComplete is called when no scrolling is required               00:18 +1126 -9: /Users/taormina/Code/flame/packages/flame/test/components/scroll_text_box_component_test.dart: ScrollTextBoxComponent onComplete is called when no scrolling is required               00:18 +1127 -9: /Users/taormina/Code/flame/packages/flame/test/components/scroll_text_box_component_test.dart: ScrollTextBoxComponent onComplete is called when no scrolling is required               00:18 +1128 -9: /Users/taormina/Code/flame/packages/flame/test/components/spawn_component_test.dart: SpawnComponent Can self position                                                                  00:18 +1129 -9: /Users/taormina/Code/flame/packages/flame/test/components/scroll_text_box_component_test.dart: ScrollTextBoxComponent onComplete is called when scrolling is required                  00:18 +1130 -9: /Users/taormina/Code/flame/packages/flame/test/components/spawn_component_test.dart: SpawnComponent Can self position multiple components                                              00:18 +1131 -9: /Users/taormina/Code/flame/packages/flame/test/components/spawn_component_test.dart: SpawnComponent Can self position multiple components                                              00:18 +1132 -9: /Users/taormina/Code/flame/packages/flame/test/components/spawn_component_test.dart: SpawnComponent Can self position multiple components                                              00:18 +1133 -9: /Users/taormina/Code/flame/packages/flame/test/components/spawn_component_test.dart: SpawnComponent Can self position multiple components                                              00:18 +1133 -9: /Users/taormina/Code/flame/packages/flame/test/components/spawn_component_test.dart: SpawnComponent Does not spawns when auto start is false                                           00:18 +1134 -9: /Users/taormina/Code/flame/packages/flame/test/components/spawn_component_test.dart: SpawnComponent Does not spawns when auto start is false                                           00:18 +1134 -9: /Users/taormina/Code/flame/packages/flame/test/components/spawn_component_test.dart: SpawnComponent Does not spawns right away when spawnWhenLoaded is false (default)                 00:18 +1135 -9: /Users/taormina/Code/flame/packages/flame/test/components/spawn_component_test.dart: SpawnComponent Does not spawns right away when spawnWhenLoaded is false (default)                 00:18 +1135 -9: /Users/taormina/Code/flame/packages/flame/test/components/spawn_component_test.dart: SpawnComponent Spawns right away when spawnWhenLoaded is true                                     00:18 +1136 -9: /Users/taormina/Code/flame/packages/flame/test/components/spawn_component_test.dart: SpawnComponent Spawns right away when spawnWhenLoaded is true                                     00:18 +1136 -9: /Users/taormina/Code/flame/packages/flame/test/components/spawn_component_test.dart: SpawnComponent Spawns components within irregular period                                          00:18 +1137 -9: /Users/taormina/Code/flame/packages/flame/test/components/spawn_component_test.dart: SpawnComponent Spawns components within irregular period                                          00:18 +1137 -9: /Users/taormina/Code/flame/packages/flame/test/components/spawn_component_test.dart: SpawnComponent Stops spawning after reaching spawnCount                                           00:18 +1138 -9: /Users/taormina/Code/flame/packages/flame/test/components/spawn_component_test.dart: SpawnComponent Stops spawning after reaching spawnCount                                           00:18 +1138 -9: /Users/taormina/Code/flame/packages/flame/test/components/spawn_component_test.dart: SpawnComponent Stops spawning multiple components after reaching spawnCount                       00:18 +1139 -9: /Users/taormina/Code/flame/packages/flame/test/components/spawn_component_test.dart: SpawnComponent Stops spawning multiple components after reaching spawnCount                       00:18 +1139 -9: /Users/taormina/Code/flame/packages/flame/test/components/spawn_component_test.dart: SpawnComponent With target Spawns within target bounds                                            00:18 +1140 -9: /Users/taormina/Code/flame/packages/flame/test/components/spawn_component_test.dart: SpawnComponent With target Spawns within target bounds                                            00:18 +1140 -9: /Users/taormina/Code/flame/packages/flame/test/components/spawn_component_test.dart: SpawnComponent With target Spawns multiple components within target bounds                        00:18 +1141 -9: /Users/taormina/Code/flame/packages/flame/test/components/spawn_component_test.dart: SpawnComponent With target Spawns multiple components within target bounds                        00:18 +1141 -9: /Users/taormina/Code/flame/packages/flame/test/components/spawn_component_test.dart: SpawnComponent With target Spawns components with selfPositioning within target bounds            00:18 +1142 -9: /Users/taormina/Code/flame/packages/flame/test/components/spawn_component_test.dart: SpawnComponent With target Spawns components with selfPositioning within target bounds            00:18 +1142 -9: /Users/taormina/Code/flame/packages/flame/test/components/spawn_component_test.dart: SpawnComponent With target Throws assertion when target is set without area                       00:18 +1143 -9: /Users/taormina/Code/flame/packages/flame/test/components/spawn_component_test.dart: SpawnComponent With target Throws assertion when target is set without area                       00:19 +1143 -9: /Users/taormina/Code/flame/packages/flame/test/components/spawn_component_test.dart: SpawnComponent With target Throws assertion when target is set without area                       00:19 +1143 -9: loading /Users/taormina/Code/flame/packages/flame/test/components/toogle_button_component_test.dart                                                                                    00:19 +1143 -9: /Users/taormina/Code/flame/packages/flame/test/components/toogle_button_component_test.dart: ToggleButtonComponent correctly registers taps                                            00:19 +1144 -9: /Users/taormina/Code/flame/packages/flame/test/components/toogle_button_component_test.dart: ToggleButtonComponent correctly registers taps                                            00:19 +1144 -9: /Users/taormina/Code/flame/packages/flame/test/components/toogle_button_component_test.dart: ToggleButtonComponent correctly registers taps onGameResize                               00:19 +1145 -9: /Users/taormina/Code/flame/packages/flame/test/components/toogle_button_component_test.dart: ToggleButtonComponent correctly registers taps onGameResize                               00:19 +1145 -9: /Users/taormina/Code/flame/packages/flame/test/components/toogle_button_component_test.dart: ToggleButtonComponent correctly work isDisabled                                           00:19 +1146 -9: /Users/taormina/Code/flame/packages/flame/test/components/toogle_button_component_test.dart: ToggleButtonComponent correctly work isDisabled                                           00:19 +1146 -9: /Users/taormina/Code/flame/packages/flame/test/components/toogle_button_component_test.dart: ToggleButtonComponent toggle works correctly                                              00:19 +1147 -9: /Users/taormina/Code/flame/packages/flame/test/components/toogle_button_component_test.dart: ToggleButtonComponent toggle works correctly                                              00:19 +1147 -9: /Users/taormina/Code/flame/packages/flame/test/components/toogle_button_component_test.dart: ToggleButtonComponent [#1723] can be pressed while the engine is paused                   00:19 +1148 -9: /Users/taormina/Code/flame/packages/flame/test/components/toogle_button_component_test.dart: ToggleButtonComponent [#1723] can be pressed while the engine is paused                   00:19 +1149 -9: /Users/taormina/Code/flame/packages/flame/test/components/toogle_button_component_test.dart: ToggleButtonComponent [#1723] can be pressed while the engine is paused                   00:19 +1150 -9: /Users/taormina/Code/flame/packages/flame/test/components/toogle_button_component_test.dart: ToggleButtonComponent [#1723] can be pressed while the engine is paused                   00:19 +1151 -9: /Users/taormina/Code/flame/packages/flame/test/components/toogle_button_component_test.dart: ToggleButtonComponent [#1723] can be pressed while the engine is paused                   00:19 +1152 -9: /Users/taormina/Code/flame/packages/flame/test/components/toogle_button_component_test.dart: ToggleButtonComponent [#1723] can be pressed while the engine is paused                   00:19 +1153 -9: /Users/taormina/Code/flame/packages/flame/test/components/toogle_button_component_test.dart: ToggleButtonComponent [#1723] can be pressed while the engine is paused                   00:19 +1154 -9: /Users/taormina/Code/flame/packages/flame/test/components/toogle_button_component_test.dart: ToggleButtonComponent [#1723] can be pressed while the engine is paused                   00:19 +1155 -9: /Users/taormina/Code/flame/packages/flame/test/components/toogle_button_component_test.dart: ToggleButtonComponent [#1723] can be pressed while the engine is paused                   00:19 +1156 -9: /Users/taormina/Code/flame/packages/flame/test/components/toogle_button_component_test.dart: ToggleButtonComponent [#1723] can be pressed while the engine is paused                   00:19 +1157 -9: /Users/taormina/Code/flame/packages/flame/test/components/toogle_button_component_test.dart: ToggleButtonComponent [#1723] can be pressed while the engine is paused                   00:19 +1158 -9: /Users/taormina/Code/flame/packages/flame/test/components/toogle_button_component_test.dart: ToggleButtonComponent [#1723] can be pressed while the engine is paused                   00:19 +1159 -9: /Users/taormina/Code/flame/packages/flame/test/components/toogle_button_component_test.dart: ToggleButtonComponent [#1723] can be pressed while the engine is paused                   00:19 +1160 -9: /Users/taormina/Code/flame/packages/flame/test/components/toogle_button_component_test.dart: ToggleButtonComponent [#1723] can be pressed while the engine is paused                   00:19 +1161 -9: /Users/taormina/Code/flame/packages/flame/test/components/toogle_button_component_test.dart: ToggleButtonComponent [#1723] can be pressed while the engine is paused                   00:19 +1162 -9: /Users/taormina/Code/flame/packages/flame/test/components/toogle_button_component_test.dart: ToggleButtonComponent [#1723] can be pressed while the engine is paused                   00:19 +1163 -9: /Users/taormina/Code/flame/packages/flame/test/components/toogle_button_component_test.dart: ToggleButtonComponent [#1723] can be pressed while the engine is paused                   00:19 +1164 -9: /Users/taormina/Code/flame/packages/flame/test/components/toogle_button_component_test.dart: ToggleButtonComponent [#1723] can be pressed while the engine is paused                   00:19 +1165 -9: /Users/taormina/Code/flame/packages/flame/test/components/toogle_button_component_test.dart: ToggleButtonComponent [#1723] can be pressed while the engine is paused                   00:19 +1166 -9: /Users/taormina/Code/flame/packages/flame/test/components/toogle_button_component_test.dart: ToggleButtonComponent [#1723] can be pressed while the engine is paused                   00:19 +1167 -9: /Users/taormina/Code/flame/packages/flame/test/components/button_component_test.dart: ButtonComponent [#1723] can be pressed while the engine is paused                                00:19 +1168 -9: /Users/taormina/Code/flame/packages/flame/test/components/button_component_test.dart: ButtonComponent [#1723] can be pressed while the engine is paused                                00:19 +1169 -9: /Users/taormina/Code/flame/packages/flame/test/components/button_component_test.dart: ButtonComponent [#1723] can be pressed while the engine is paused                                00:19 +1170 -9: /Users/taormina/Code/flame/packages/flame/test/components/button_component_test.dart: ButtonComponent [#1723] can be pressed while the engine is paused                                00:19 +1171 -9: /Users/taormina/Code/flame/packages/flame/test/components/button_component_test.dart: ButtonComponent [#1723] can be pressed while the engine is paused                                00:19 +1172 -9: /Users/taormina/Code/flame/packages/flame/test/components/button_component_test.dart: ButtonComponent [#1723] can be pressed while the engine is paused                                00:19 +1173 -9: /Users/taormina/Code/flame/packages/flame/test/components/button_component_test.dart: ButtonComponent [#1723] can be pressed while the engine is paused                                00:19 +1174 -9: /Users/taormina/Code/flame/packages/flame/test/components/button_component_test.dart: ButtonComponent [#1723] can be pressed while the engine is paused                                00:19 +1175 -9: /Users/taormina/Code/flame/packages/flame/test/components/button_component_test.dart: ButtonComponent [#1723] can be pressed while the engine is paused                                00:19 +1176 -9: /Users/taormina/Code/flame/packages/flame/test/components/button_component_test.dart: ButtonComponent [#1723] can be pressed while the engine is paused                                00:19 +1177 -9: /Users/taormina/Code/flame/packages/flame/test/components/button_component_test.dart: ButtonComponent [#1723] can be pressed while the engine is paused                                00:20 +1177 -9: /Users/taormina/Code/flame/packages/flame/test/components/button_component_test.dart: ButtonComponent [#1723] can be pressed while the engine is paused                                00:20 +1177 -9: loading /Users/taormina/Code/flame/packages/flame/test/components/custom_painter_component_test.dart                                                                                   00:20 +1177 -9: /Users/taormina/Code/flame/packages/flame/test/components/custom_painter_component_test.dart: CustomPainterComponent correctly calls the paint method of the painter                   00:20 +1178 -9: /Users/taormina/Code/flame/packages/flame/test/components/custom_painter_component_test.dart: CustomPainterComponent correctly calls the paint method of the painter                   00:20 +1178 -9: loading /Users/taormina/Code/flame/packages/flame/test/components/parallax_test.dart                                                                                                   00:20 +1178 -9: /Users/taormina/Code/flame/packages/flame/test/components/parallax_test.dart: parallax test can have non-fullscreen ParallaxComponent                                                  00:20 +1179 -9: /Users/taormina/Code/flame/packages/flame/test/components/parallax_test.dart: parallax test can have non-fullscreen ParallaxComponent                                                  00:20 +1179 -9: /Users/taormina/Code/flame/packages/flame/test/components/parallax_test.dart: parallax test can have fullscreen ParallaxComponent                                                      00:20 +1180 -9: /Users/taormina/Code/flame/packages/flame/test/components/parallax_test.dart: parallax test can have fullscreen ParallaxComponent                                                      00:20 +1180 -9: /Users/taormina/Code/flame/packages/flame/test/components/parallax_test.dart: parallax test can have layers with different loading times                                               00:20 +1181 -9: /Users/taormina/Code/flame/packages/flame/test/components/parallax_test.dart: parallax test can have layers with different loading times                                               00:20 +1182 -9: /Users/taormina/Code/flame/packages/flame/test/components/parallax_test.dart: parallax test can have layers with different loading times                                               00:20 +1183 -9: /Users/taormina/Code/flame/packages/flame/test/components/parallax_test.dart: parallax test can have layers with different loading times                                               00:20 +1184 -9: /Users/taormina/Code/flame/packages/flame/test/components/parallax_test.dart: parallax test can have layers with different loading times                                               00:20 +1185 -9: /Users/taormina/Code/flame/packages/flame/test/components/parallax_test.dart: parallax test can have layers with different loading times                                               00:20 +1186 -9: /Users/taormina/Code/flame/packages/flame/test/components/parallax_test.dart: parallax test can have layers with different loading times                                               00:20 +1187 -9: /Users/taormina/Code/flame/packages/flame/test/components/parallax_test.dart: parallax test can have layers with different loading times                                               00:20 +1188 -9: /Users/taormina/Code/flame/packages/flame/test/components/parallax_test.dart: parallax test can have layers with different loading times                                               00:20 +1189 -9: /Users/taormina/Code/flame/packages/flame/test/components/parallax_test.dart: parallax test can have layers with different loading times                                               00:20 +1190 -9: /Users/taormina/Code/flame/packages/flame/test/components/parallax_test.dart: parallax test can have layers with different loading times                                               00:20 +1191 -9: /Users/taormina/Code/flame/packages/flame/test/components/parallax_test.dart: parallax test can have layers with different loading times                                               00:20 +1192 -9: /Users/taormina/Code/flame/packages/flame/test/components/parallax_test.dart: parallax test can have layers with different loading times                                               00:20 +1193 -9: /Users/taormina/Code/flame/packages/flame/test/components/parallax_test.dart: parallax test can have layers with different loading times                                               00:20 +1194 -9: /Users/taormina/Code/flame/packages/flame/test/components/parallax_test.dart: parallax test can have layers with different loading times                                               00:20 +1195 -9: /Users/taormina/Code/flame/packages/flame/test/components/parallax_test.dart: parallax test can have layers with different loading times                                               00:20 +1196 -9: /Users/taormina/Code/flame/packages/flame/test/components/parallax_test.dart: parallax test can have layers with different loading times                                               00:20 +1197 -9: /Users/taormina/Code/flame/packages/flame/test/components/parallax_test.dart: parallax test can have layers with different loading times                                               00:20 +1198 -9: /Users/taormina/Code/flame/packages/flame/test/components/parallax_test.dart: parallax test can have layers with different loading times                                               00:20 +1199 -9: /Users/taormina/Code/flame/packages/flame/test/components/parallax_test.dart: parallax test can have layers with different loading times                                               00:20 +1200 -9: /Users/taormina/Code/flame/packages/flame/test/components/parallax_test.dart: parallax test can have layers with different loading times                                               00:20 +1201 -9: /Users/taormina/Code/flame/packages/flame/test/components/parallax_test.dart: parallax test can have layers with different loading times                                               00:20 +1202 -9: /Users/taormina/Code/flame/packages/flame/test/components/parallax_test.dart: parallax test can have layers with different loading times                                               00:20 +1203 -9: /Users/taormina/Code/flame/packages/flame/test/components/parallax_test.dart: parallax test can have layers with different loading times                                               00:20 +1204 -9: /Users/taormina/Code/flame/packages/flame/test/components/parallax_test.dart: parallax test can have layers with different loading times                                               00:20 +1205 -9: /Users/taormina/Code/flame/packages/flame/test/components/parallax_test.dart: parallax test can have layers with different loading times                                               00:20 +1206 -9: /Users/taormina/Code/flame/packages/flame/test/components/parallax_test.dart: parallax test can have layers with different loading times                                               00:20 +1207 -9: /Users/taormina/Code/flame/packages/flame/test/components/parallax_test.dart: parallax test can have layers with different loading times                                               00:20 +1208 -9: /Users/taormina/Code/flame/packages/flame/test/components/parallax_test.dart: parallax test can have layers with different loading times                                               00:20 +1209 -9: /Users/taormina/Code/flame/packages/flame/test/components/parallax_test.dart: parallax test can have layers with different loading times                                               00:20 +1210 -9: /Users/taormina/Code/flame/packages/flame/test/components/parallax_test.dart: parallax test can have layers with different loading times                                               00:20 +1211 -9: /Users/taormina/Code/flame/packages/flame/test/components/parallax_test.dart: parallax test can have layers with different loading times                                               00:20 +1212 -9: /Users/taormina/Code/flame/packages/flame/test/components/parallax_test.dart: parallax test can have layers with different loading times                                               00:20 +1212 -9: /Users/taormina/Code/flame/packages/flame/test/components/text_box_component_test.dart: Big upscale                                                                                    
══╡ EXCEPTION CAUGHT BY FLUTTER TEST FRAMEWORK ╞════════════════════════════════════════════════════
The following assertion was thrown while running async test code:
Golden "../_goldens/text_box_component_test_2.png": Pixel test failed, 0.66%, 216px diff detected.
Failure feedback can be found at /Users/taormina/Code/flame/packages/flame/test/components/failures

When the exception was thrown, this was the stack:
#0      LocalFileComparator.compare (package:flutter_test/src/_goldens_io.dart:108:5)
<asynchronous suspension>
#1      MatchesGoldenFile.matchAsync.<anonymous closure> (package:flutter_test/src/_matchers_io.dart:124:32)
<asynchronous suspension>
<asynchronous suspension>
#3      _expect.<anonymous closure> (package:matcher/src/expect/expect.dart:123:26)
<asynchronous suspension>
<asynchronous suspension>
#5      expectLater.<anonymous closure> (package:flutter_test/src/widget_tester.dart:508:19)
<asynchronous suspension>
#6      testGolden.<anonymous closure> (package:flame_test/src/test_golden.dart:71:7)
<asynchronous suspension>
#7      testWidgets.<anonymous closure>.<anonymous closure> (package:flutter_test/src/widget_tester.dart:192:15)
<asynchronous suspension>
#8      TestWidgetsFlutterBinding._runTestBody (package:flutter_test/src/binding.dart:1059:5)
<asynchronous suspension>
<asynchronous suspension>
(elided 3 frames from dart:async and package:stack_trace)

The exception was caught asynchronously.
════════════════════════════════════════════════════════════════════════════════════════════════════
00:20 +1212 -10: /Users/taormina/Code/flame/packages/flame/test/components/text_box_component_test.dart: Big upscale [E]                                                                               
  Test failed. See exception logs above.
  The test description was: Big upscale
  

To run this test again: /opt/homebrew/Caskroom/flutter/3.3.10/flutter/bin/cache/dart-sdk/bin/dart test /Users/taormina/Code/flame/packages/flame/test/components/text_box_component_test.dart -p vm --plain-name 'Big upscale'
00:20 +1213 -10: /Users/taormina/Code/flame/packages/flame/test/components/parallax_test.dart: parallax test can have layers with different loading times                                              00:20 +1214 -10: /Users/taormina/Code/flame/packages/flame/test/components/parallax_test.dart: parallax test can have layers with different loading times                                              00:20 +1215 -10: /Users/taormina/Code/flame/packages/flame/test/components/parallax_test.dart: parallax test can have layers with different loading times                                              00:20 +1215 -10: /Users/taormina/Code/flame/packages/flame/test/rendering/paint_decorator_test.dart: PaintDecorator grayscale effect                                                                   
══╡ EXCEPTION CAUGHT BY FLUTTER TEST FRAMEWORK ╞════════════════════════════════════════════════════
The following assertion was thrown while running async test code:
Golden "../_goldens/paint_decorator_grayscale.png": Pixel test failed, 0.01%, 18px diff detected.
Failure feedback can be found at /Users/taormina/Code/flame/packages/flame/test/rendering/failures

When the exception was thrown, this was the stack:
#0      LocalFileComparator.compare (package:flutter_test/src/_goldens_io.dart:108:5)
<asynchronous suspension>
#1      MatchesGoldenFile.matchAsync.<anonymous closure> (package:flutter_test/src/_matchers_io.dart:124:32)
<asynchronous suspension>
<asynchronous suspension>
#3      _expect.<anonymous closure> (package:matcher/src/expect/expect.dart:123:26)
<asynchronous suspension>
<asynchronous suspension>
#5      expectLater.<anonymous closure> (package:flutter_test/src/widget_tester.dart:508:19)
<asynchronous suspension>
#6      testGolden.<anonymous closure> (package:flame_test/src/test_golden.dart:71:7)
<asynchronous suspension>
#7      testWidgets.<anonymous closure>.<anonymous closure> (package:flutter_test/src/widget_tester.dart:192:15)
<asynchronous suspension>
#8      TestWidgetsFlutterBinding._runTestBody (package:flutter_test/src/binding.dart:1059:5)
<asynchronous suspension>
<asynchronous suspension>
(elided 3 frames from dart:async and package:stack_trace)

The exception was caught asynchronously.
════════════════════════════════════════════════════════════════════════════════════════════════════
00:20 +1215 -11: /Users/taormina/Code/flame/packages/flame/test/rendering/paint_decorator_test.dart: PaintDecorator grayscale effect [E]                                                               
  Test failed. See exception logs above.
  The test description was: grayscale effect
  

To run this test again: /opt/homebrew/Caskroom/flutter/3.3.10/flutter/bin/cache/dart-sdk/bin/dart test /Users/taormina/Code/flame/packages/flame/test/rendering/paint_decorator_test.dart -p vm --plain-name 'PaintDecorator grayscale effect'
00:20 +1216 -11: /Users/taormina/Code/flame/packages/flame/test/components/parallax_test.dart: parallax test can have layers with different loading times                                              00:20 +1217 -11: /Users/taormina/Code/flame/packages/flame/test/components/parallax_test.dart: parallax test can have layers with different loading times                                              00:20 +1218 -11: /Users/taormina/Code/flame/packages/flame/test/components/parallax_test.dart: parallax test can have layers with different loading times                                              00:20 +1219 -11: /Users/taormina/Code/flame/packages/flame/test/components/parallax_test.dart: parallax test can have layers with different loading times                                              00:20 +1220 -11: /Users/taormina/Code/flame/packages/flame/test/gestures/detectors_test.dart: LongPressDetector can register moving longPress                                                          00:20 +1221 -11: /Users/taormina/Code/flame/packages/flame/test/gestures/detectors_test.dart: LongPressDetector can register moving longPress                                                          00:21 +1221 -11: /Users/taormina/Code/flame/packages/flame/test/gestures/detectors_test.dart: LongPressDetector can register moving longPress                                                          00:21 +1221 -11: /Users/taormina/Code/flame/packages/flame/test/rendering/paint_decorator_test.dart: PaintDecorator grayscale/tinted with blur                                                         
══╡ EXCEPTION CAUGHT BY FLUTTER TEST FRAMEWORK ╞════════════════════════════════════════════════════
The following assertion was thrown while running async test code:
Golden "../_goldens/paint_decorator_with_blur.png": Pixel test failed, 0.00%, 1px diff detected.
Failure feedback can be found at /Users/taormina/Code/flame/packages/flame/test/rendering/failures

When the exception was thrown, this was the stack:
#0      LocalFileComparator.compare (package:flutter_test/src/_goldens_io.dart:108:5)
<asynchronous suspension>
#1      MatchesGoldenFile.matchAsync.<anonymous closure> (package:flutter_test/src/_matchers_io.dart:124:32)
<asynchronous suspension>
<asynchronous suspension>
#3      _expect.<anonymous closure> (package:matcher/src/expect/expect.dart:123:26)
<asynchronous suspension>
<asynchronous suspension>
#5      expectLater.<anonymous closure> (package:flutter_test/src/widget_tester.dart:508:19)
<asynchronous suspension>
#6      testGolden.<anonymous closure> (package:flame_test/src/test_golden.dart:71:7)
<asynchronous suspension>
#7      testWidgets.<anonymous closure>.<anonymous closure> (package:flutter_test/src/widget_tester.dart:192:15)
<asynchronous suspension>
#8      TestWidgetsFlutterBinding._runTestBody (package:flutter_test/src/binding.dart:1059:5)
<asynchronous suspension>
<asynchronous suspension>
(elided 3 frames from dart:async and package:stack_trace)

The exception was caught asynchronously.
════════════════════════════════════════════════════════════════════════════════════════════════════
00:21 +1221 -12: /Users/taormina/Code/flame/packages/flame/test/rendering/paint_decorator_test.dart: PaintDecorator grayscale/tinted with blur [E]                                                     
  Test failed. See exception logs above.
  The test description was: grayscale/tinted with blur
  

To run this test again: /opt/homebrew/Caskroom/flutter/3.3.10/flutter/bin/cache/dart-sdk/bin/dart test /Users/taormina/Code/flame/packages/flame/test/rendering/paint_decorator_test.dart -p vm --plain-name 'PaintDecorator grayscale/tinted with blur'
00:21 +1221 -12: /Users/taormina/Code/flame/packages/flame/test/gestures/detectors_test.dart: LongPressDetector can register moving longPress                                                          00:21 +1222 -12: /Users/taormina/Code/flame/packages/flame/test/gestures/detectors_test.dart: LongPressDetector can register moving longPress                                                          00:21 +1223 -12: /Users/taormina/Code/flame/packages/flame/test/rendering/shadow3d_decorator_test.dart: Shadow3DDecorator shadow behind object                                                         00:21 +1224 -12: /Users/taormina/Code/flame/packages/flame/test/rendering/shadow3d_decorator_test.dart: Shadow3DDecorator shadow behind object                                                         00:21 +1225 -12: /Users/taormina/Code/flame/packages/flame/test/rendering/shadow3d_decorator_test.dart: Shadow3DDecorator shadow behind object                                                         00:21 +1226 -12: /Users/taormina/Code/flame/packages/flame/test/rendering/shadow3d_decorator_test.dart: Shadow3DDecorator shadow behind object                                                         00:21 +1227 -12: /Users/taormina/Code/flame/packages/flame/test/rendering/shadow3d_decorator_test.dart: Shadow3DDecorator shadow behind object                                                         00:21 +1228 -12: /Users/taormina/Code/flame/packages/flame/test/rendering/shadow3d_decorator_test.dart: Shadow3DDecorator shadow behind object                                                         00:21 +1229 -12: /Users/taormina/Code/flame/packages/flame/test/rendering/shadow3d_decorator_test.dart: Shadow3DDecorator shadow behind object                                                         00:21 +1230 -12: /Users/taormina/Code/flame/packages/flame/test/rendering/shadow3d_decorator_test.dart: Shadow3DDecorator shadow behind object                                                         00:21 +1231 -12: /Users/taormina/Code/flame/packages/flame/test/rendering/shadow3d_decorator_test.dart: Shadow3DDecorator shadow behind object                                                         00:21 +1232 -12: /Users/taormina/Code/flame/packages/flame/test/rendering/shadow3d_decorator_test.dart: Shadow3DDecorator shadow behind object                                                         00:21 +1233 -12: /Users/taormina/Code/flame/packages/flame/test/rendering/shadow3d_decorator_test.dart: Shadow3DDecorator shadow behind object                                                         00:21 +1234 -12: /Users/taormina/Code/flame/packages/flame/test/rendering/shadow3d_decorator_test.dart: Shadow3DDecorator shadow behind object                                                         00:21 +1235 -12: /Users/taormina/Code/flame/packages/flame/test/rendering/shadow3d_decorator_test.dart: Shadow3DDecorator shadow behind object                                                         00:21 +1236 -12: /Users/taormina/Code/flame/packages/flame/test/rendering/shadow3d_decorator_test.dart: Shadow3DDecorator shadow behind object                                                         00:21 +1237 -12: /Users/taormina/Code/flame/packages/flame/test/rendering/shadow3d_decorator_test.dart: Shadow3DDecorator shadow behind object                                                         00:21 +1238 -12: /Users/taormina/Code/flame/packages/flame/test/rendering/shadow3d_decorator_test.dart: Shadow3DDecorator shadow behind object                                                         00:21 +1239 -12: /Users/taormina/Code/flame/packages/flame/test/rendering/shadow3d_decorator_test.dart: Shadow3DDecorator shadow behind object                                                         00:21 +1240 -12: /Users/taormina/Code/flame/packages/flame/test/rendering/shadow3d_decorator_test.dart: Shadow3DDecorator shadow behind object                                                         00:21 +1241 -12: /Users/taormina/Code/flame/packages/flame/test/rendering/shadow3d_decorator_test.dart: Shadow3DDecorator shadow behind object                                                         00:21 +1242 -12: /Users/taormina/Code/flame/packages/flame/test/rendering/shadow3d_decorator_test.dart: Shadow3DDecorator shadow behind object                                                         00:21 +1243 -12: /Users/taormina/Code/flame/packages/flame/test/rendering/shadow3d_decorator_test.dart: Shadow3DDecorator shadow behind object                                                         00:21 +1244 -12: /Users/taormina/Code/flame/packages/flame/test/rendering/shadow3d_decorator_test.dart: Shadow3DDecorator shadow behind object                                                         00:21 +1245 -12: /Users/taormina/Code/flame/packages/flame/test/rendering/shadow3d_decorator_test.dart: Shadow3DDecorator shadow behind object                                                         00:21 +1246 -12: /Users/taormina/Code/flame/packages/flame/test/rendering/shadow3d_decorator_test.dart: Shadow3DDecorator shadow behind object                                                         00:21 +1247 -12: /Users/taormina/Code/flame/packages/flame/test/rendering/shadow3d_decorator_test.dart: Shadow3DDecorator shadow behind object                                                         00:21 +1248 -12: /Users/taormina/Code/flame/packages/flame/test/rendering/shadow3d_decorator_test.dart: Shadow3DDecorator shadow behind object                                                         00:21 +1249 -12: /Users/taormina/Code/flame/packages/flame/test/rendering/shadow3d_decorator_test.dart: Shadow3DDecorator shadow behind object                                                         00:21 +1250 -12: /Users/taormina/Code/flame/packages/flame/test/rendering/shadow3d_decorator_test.dart: Shadow3DDecorator shadow behind object                                                         00:21 +1251 -12: /Users/taormina/Code/flame/packages/flame/test/rendering/shadow3d_decorator_test.dart: Shadow3DDecorator shadow behind object                                                         00:21 +1252 -12: /Users/taormina/Code/flame/packages/flame/test/rendering/shadow3d_decorator_test.dart: Shadow3DDecorator shadow behind object                                                         00:21 +1253 -12: /Users/taormina/Code/flame/packages/flame/test/rendering/shadow3d_decorator_test.dart: Shadow3DDecorator shadow behind object                                                         00:21 +1254 -12: /Users/taormina/Code/flame/packages/flame/test/rendering/shadow3d_decorator_test.dart: Shadow3DDecorator shadow behind object                                                         00:21 +1255 -12: /Users/taormina/Code/flame/packages/flame/test/rendering/shadow3d_decorator_test.dart: Shadow3DDecorator shadow behind object                                                         00:21 +1256 -12: /Users/taormina/Code/flame/packages/flame/test/rendering/shadow3d_decorator_test.dart: Shadow3DDecorator shadow behind object                                                         00:21 +1257 -12: /Users/taormina/Code/flame/packages/flame/test/rendering/shadow3d_decorator_test.dart: Shadow3DDecorator shadow behind object                                                         00:21 +1258 -12: /Users/taormina/Code/flame/packages/flame/test/rendering/shadow3d_decorator_test.dart: Shadow3DDecorator shadow behind object                                                         00:21 +1259 -12: /Users/taormina/Code/flame/packages/flame/test/rendering/shadow3d_decorator_test.dart: Shadow3DDecorator shadow behind object                                                         00:21 +1260 -12: /Users/taormina/Code/flame/packages/flame/test/rendering/shadow3d_decorator_test.dart: Shadow3DDecorator shadow behind object                                                         00:21 +1261 -12: /Users/taormina/Code/flame/packages/flame/test/rendering/shadow3d_decorator_test.dart: Shadow3DDecorator shadow behind object                                                         00:21 +1262 -12: /Users/taormina/Code/flame/packages/flame/test/rendering/shadow3d_decorator_test.dart: Shadow3DDecorator shadow behind object                                                         00:21 +1263 -12: /Users/taormina/Code/flame/packages/flame/test/rendering/shadow3d_decorator_test.dart: Shadow3DDecorator shadow behind object                                                         00:21 +1264 -12: /Users/taormina/Code/flame/packages/flame/test/rendering/shadow3d_decorator_test.dart: Shadow3DDecorator shadow behind object                                                         00:21 +1265 -12: /Users/taormina/Code/flame/packages/flame/test/rendering/shadow3d_decorator_test.dart: Shadow3DDecorator shadow behind object                                                         00:21 +1266 -12: /Users/taormina/Code/flame/packages/flame/test/rendering/shadow3d_decorator_test.dart: Shadow3DDecorator shadow behind object                                                         00:21 +1267 -12: /Users/taormina/Code/flame/packages/flame/test/rendering/shadow3d_decorator_test.dart: Shadow3DDecorator shadow behind object                                                         00:21 +1268 -12: /Users/taormina/Code/flame/packages/flame/test/rendering/shadow3d_decorator_test.dart: Shadow3DDecorator shadow behind object                                                         00:21 +1269 -12: /Users/taormina/Code/flame/packages/flame/test/rendering/shadow3d_decorator_test.dart: Shadow3DDecorator shadow behind object                                                         00:21 +1270 -12: /Users/taormina/Code/flame/packages/flame/test/rendering/shadow3d_decorator_test.dart: Shadow3DDecorator shadow behind object                                                         00:21 +1271 -12: /Users/taormina/Code/flame/packages/flame/test/rendering/shadow3d_decorator_test.dart: Shadow3DDecorator shadow behind object                                                         00:21 +1272 -12: /Users/taormina/Code/flame/packages/flame/test/rendering/shadow3d_decorator_test.dart: Shadow3DDecorator shadow behind object                                                         00:21 +1273 -12: /Users/taormina/Code/flame/packages/flame/test/rendering/shadow3d_decorator_test.dart: Shadow3DDecorator shadow behind object                                                         00:21 +1274 -12: /Users/taormina/Code/flame/packages/flame/test/rendering/shadow3d_decorator_test.dart: Shadow3DDecorator shadow behind object                                                         00:21 +1275 -12: /Users/taormina/Code/flame/packages/flame/test/rendering/shadow3d_decorator_test.dart: Shadow3DDecorator shadow behind object                                                         00:21 +1276 -12: /Users/taormina/Code/flame/packages/flame/test/rendering/shadow3d_decorator_test.dart: Shadow3DDecorator shadow behind object                                                         00:21 +1277 -12: /Users/taormina/Code/flame/packages/flame/test/rendering/shadow3d_decorator_test.dart: Shadow3DDecorator shadow behind object                                                         00:21 +1278 -12: /Users/taormina/Code/flame/packages/flame/test/rendering/shadow3d_decorator_test.dart: Shadow3DDecorator shadow behind object                                                         00:21 +1279 -12: /Users/taormina/Code/flame/packages/flame/test/rendering/shadow3d_decorator_test.dart: Shadow3DDecorator shadow behind object                                                         00:21 +1280 -12: /Users/taormina/Code/flame/packages/flame/test/rendering/shadow3d_decorator_test.dart: Shadow3DDecorator shadow behind object                                                         00:21 +1281 -12: /Users/taormina/Code/flame/packages/flame/test/rendering/shadow3d_decorator_test.dart: Shadow3DDecorator shadow behind object                                                         00:21 +1282 -12: /Users/taormina/Code/flame/packages/flame/test/rendering/shadow3d_decorator_test.dart: Shadow3DDecorator shadow behind object                                                         00:21 +1283 -12: /Users/taormina/Code/flame/packages/flame/test/rendering/shadow3d_decorator_test.dart: Shadow3DDecorator shadow behind object                                                         00:21 +1284 -12: /Users/taormina/Code/flame/packages/flame/test/rendering/shadow3d_decorator_test.dart: Shadow3DDecorator shadow behind object                                                         00:21 +1284 -12: /Users/taormina/Code/flame/packages/flame/test/rendering/shadow3d_decorator_test.dart: Shadow3DDecorator shadow in front object                                                       00:21 +1285 -12: /Users/taormina/Code/flame/packages/flame/test/rendering/shadow3d_decorator_test.dart: Shadow3DDecorator shadow in front object                                                       00:21 +1285 -12: /Users/taormina/Code/flame/packages/flame/test/rendering/shadow3d_decorator_test.dart: Shadow3DDecorator dynamically change shadow properties                                         00:21 +1286 -12: /Users/taormina/Code/flame/packages/flame/test/rendering/shadow3d_decorator_test.dart: Shadow3DDecorator dynamically change shadow properties                                         00:21 +1286 -12: loading /Users/taormina/Code/flame/packages/flame/test/text/text_paint_test.dart                                                                                                      00:21 +1286 -12: /Users/taormina/Code/flame/packages/flame/test/text/text_paint_test.dart: TextPaint copyWith returns a new instance with the new values                                               00:21 +1287 -12: /Users/taormina/Code/flame/packages/flame/test/text/text_paint_test.dart: TextPaint copyWith returns a new instance with the new values                                               00:21 +1287 -12: /Users/taormina/Code/flame/packages/flame/test/text/text_paint_test.dart: TextPaint can convert back and forth between TextPaint and InlineTextStyle                                  00:21 +1288 -12: /Users/taormina/Code/flame/packages/flame/test/text/text_paint_test.dart: TextPaint can convert back and forth between TextPaint and InlineTextStyle                                  00:21 +1288 -12: /Users/taormina/Code/flame/packages/flame/test/text/text_paint_test.dart: TextPaint and InlineTextStyle can receive Paint instead of Color                                            00:21 +1289 -12: /Users/taormina/Code/flame/packages/flame/test/text/text_paint_test.dart: TextPaint and InlineTextStyle can receive Paint instead of Color                                            00:21 +1289 -12: loading /Users/taormina/Code/flame/packages/flame/test/text/common/line_metrics_test.dart                                                                                             00:21 +1289 -12: /Users/taormina/Code/flame/packages/flame/test/text/common/line_metrics_test.dart: LineMetrics default LineMetrics box                                                                00:21 +1290 -12: /Users/taormina/Code/flame/packages/flame/test/text/common/line_metrics_test.dart: LineMetrics default LineMetrics box                                                                00:21 +1290 -12: /Users/taormina/Code/flame/packages/flame/test/text/common/line_metrics_test.dart: LineMetrics with height only                                                                       00:21 +1291 -12: /Users/taormina/Code/flame/packages/flame/test/text/common/line_metrics_test.dart: LineMetrics with height only                                                                       00:21 +1291 -12: /Users/taormina/Code/flame/packages/flame/test/text/common/line_metrics_test.dart: LineMetrics with height and ascent                                                                 00:21 +1292 -12: /Users/taormina/Code/flame/packages/flame/test/text/common/line_metrics_test.dart: LineMetrics with height and ascent                                                                 00:21 +1292 -12: /Users/taormina/Code/flame/packages/flame/test/text/common/line_metrics_test.dart: LineMetrics with height and descent                                                                00:21 +1293 -12: /Users/taormina/Code/flame/packages/flame/test/text/common/line_metrics_test.dart: LineMetrics with height and descent                                                                00:21 +1293 -12: /Users/taormina/Code/flame/packages/flame/test/text/common/line_metrics_test.dart: LineMetrics with ascent and descent                                                                00:21 +1294 -12: /Users/taormina/Code/flame/packages/flame/test/text/common/line_metrics_test.dart: LineMetrics with ascent and descent                                                                00:21 +1294 -12: /Users/taormina/Code/flame/packages/flame/test/text/common/line_metrics_test.dart: LineMetrics translate                                                                              00:21 +1295 -12: /Users/taormina/Code/flame/packages/flame/test/text/common/line_metrics_test.dart: LineMetrics translate                                                                              00:21 +1295 -12: /Users/taormina/Code/flame/packages/flame/test/text/common/line_metrics_test.dart: LineMetrics moveToOrigin                                                                           00:21 +1296 -12: /Users/taormina/Code/flame/packages/flame/test/text/common/line_metrics_test.dart: LineMetrics moveToOrigin                                                                           00:21 +1296 -12: /Users/taormina/Code/flame/packages/flame/test/text/common/line_metrics_test.dart: LineMetrics setLeftEdge                                                                            00:21 +1297 -12: /Users/taormina/Code/flame/packages/flame/test/text/common/line_metrics_test.dart: LineMetrics setLeftEdge                                                                            00:21 +1297 -12: /Users/taormina/Code/flame/packages/flame/test/text/common/line_metrics_test.dart: LineMetrics append                                                                                 00:21 +1298 -12: /Users/taormina/Code/flame/packages/flame/test/text/common/line_metrics_test.dart: LineMetrics append                                                                                 00:21 +1298 -12: /Users/taormina/Code/flame/packages/flame/test/text/common/line_metrics_test.dart: LineMetrics toString                                                                               00:21 +1299 -12: /Users/taormina/Code/flame/packages/flame/test/text/common/line_metrics_test.dart: LineMetrics toString                                                                               00:21 +1299 -12: loading /Users/taormina/Code/flame/packages/flame/test/text/common/sprite_font_test.dart                                                                                              00:21 +1299 -12: /Users/taormina/Code/flame/packages/flame/test/text/common/sprite_font_test.dart: SpriteFont glyph parsing 1                                                                          00:22 +1299 -12: /Users/taormina/Code/flame/packages/flame/test/text/common/sprite_font_test.dart: SpriteFont glyph parsing 1                                                                          00:22 +1300 -12: /Users/taormina/Code/flame/packages/flame/test/text/common/sprite_font_test.dart: SpriteFont glyph parsing 1                                                                          00:22 +1300 -12: /Users/taormina/Code/flame/packages/flame/test/text/common/sprite_font_test.dart: SpriteFont glyph parsing 2                                                                          00:22 +1301 -12: /Users/taormina/Code/flame/packages/flame/test/text/common/sprite_font_test.dart: SpriteFont glyph parsing 2                                                                          00:22 +1301 -12: loading /Users/taormina/Code/flame/packages/flame/test/text/text_element_test.dart                                                                                                    00:22 +1301 -12: /Users/taormina/Code/flame/packages/flame/test/text/text_element_test.dart: text elements bounding box for empty group                                                                00:22 +1302 -12: /Users/taormina/Code/flame/packages/flame/test/text/text_element_test.dart: text elements bounding box for empty group                                                                00:22 +1302 -12: /Users/taormina/Code/flame/packages/flame/test/text/text_element_test.dart: text elements bounding box for inline elements                                                            00:22 +1303 -12: /Users/taormina/Code/flame/packages/flame/test/text/sprite_font_renderer_test.dart: SpriteFontRenderer creating SpriteFontRenderer                                                    00:22 +1304 -12: /Users/taormina/Code/flame/packages/flame/test/text/sprite_font_renderer_test.dart: SpriteFontRenderer creating SpriteFontRenderer                                                    00:22 +1305 -12: /Users/taormina/Code/flame/packages/flame/test/text/sprite_font_renderer_test.dart: SpriteFontRenderer creating SpriteFontRenderer                                                    00:22 +1305 -12: /Users/taormina/Code/flame/packages/flame/test/text/sprite_font_renderer_test.dart: SpriteFontRenderer text rendering at different scales                                             00:22 +1306 -12: /Users/taormina/Code/flame/packages/flame/test/text/sprite_font_renderer_test.dart: SpriteFontRenderer text rendering at different scales                                             00:22 +1307 -12: /Users/taormina/Code/flame/packages/flame/test/text/sprite_font_renderer_test.dart: SpriteFontRenderer text rendering at different scales                                             00:22 +1308 -12: /Users/taormina/Code/flame/packages/flame/test/text/sprite_font_renderer_test.dart: SpriteFontRenderer text rendering at different scales                                             00:22 +1309 -12: /Users/taormina/Code/flame/packages/flame/test/text/sprite_font_renderer_test.dart: SpriteFontRenderer text rendering at different scales                                             00:22 +1310 -12: /Users/taormina/Code/flame/packages/flame/test/text/sprite_font_renderer_test.dart: SpriteFontRenderer text rendering at different scales                                             00:22 +1310 -12: /Users/taormina/Code/flame/packages/flame/test/text/sprite_font_renderer_test.dart: SpriteFontRenderer Render text with ligatures                                                     00:22 +1311 -12: /Users/taormina/Code/flame/packages/flame/test/text/text_layouting_test.dart: text layouting Text is properly laid out across multiple lines                                          00:22 +1312 -12: /Users/taormina/Code/flame/packages/flame/test/text/text_layouting_test.dart: text layouting Text is properly laid out across multiple lines                                          00:22 +1313 -12: /Users/taormina/Code/flame/packages/flame/test/text/text_layouting_test.dart: text layouting Text is properly laid out across multiple lines                                          00:22 +1314 -12: /Users/taormina/Code/flame/packages/flame/test/text/text_layouting_test.dart: text layouting Text is properly laid out across multiple lines                                          00:22 +1315 -12: /Users/taormina/Code/flame/packages/flame/test/text/text_layouting_test.dart: text layouting Text is properly laid out across multiple lines                                          00:22 +1316 -12: /Users/taormina/Code/flame/packages/flame/test/text/text_layouting_test.dart: text layouting Text is properly laid out across multiple lines                                          00:22 +1317 -12: /Users/taormina/Code/flame/packages/flame/test/text/text_layouting_test.dart: text layouting Text is properly laid out across multiple lines                                          00:22 +1317 -12: /Users/taormina/Code/flame/packages/flame/test/text/text_layouting_test.dart: text layouting Text is properly laid out across multiple lines                                          
══╡ EXCEPTION CAUGHT BY FLUTTER TEST FRAMEWORK ╞════════════════════════════════════════════════════
The following assertion was thrown while running async test code:
Golden "../_goldens/text_layouting_1.png": Pixel test failed, 2.01%, 201px diff detected.
Failure feedback can be found at /Users/taormina/Code/flame/packages/flame/test/text/failures

When the exception was thrown, this was the stack:
#0      LocalFileComparator.compare (package:flutter_test/src/_goldens_io.dart:108:5)
<asynchronous suspension>
#1      MatchesGoldenFile.matchAsync.<anonymous closure> (package:flutter_test/src/_matchers_io.dart:124:32)
<asynchronous suspension>
<asynchronous suspension>
#3      _expect.<anonymous closure> (package:matcher/src/expect/expect.dart:123:26)
<asynchronous suspension>
<asynchronous suspension>
#5      expectLater.<anonymous closure> (package:flutter_test/src/widget_tester.dart:508:19)
<asynchronous suspension>
#6      testGolden.<anonymous closure> (package:flame_test/src/test_golden.dart:71:7)
<asynchronous suspension>
#7      testWidgets.<anonymous closure>.<anonymous closure> (package:flutter_test/src/widget_tester.dart:192:15)
<asynchronous suspension>
#8      TestWidgetsFlutterBinding._runTestBody (package:flutter_test/src/binding.dart:1059:5)
<asynchronous suspension>
<asynchronous suspension>
(elided 3 frames from dart:async and package:stack_trace)

The exception was caught asynchronously.
════════════════════════════════════════════════════════════════════════════════════════════════════
00:22 +1317 -13: /Users/taormina/Code/flame/packages/flame/test/text/text_layouting_test.dart: text layouting Text is properly laid out across multiple lines [E]                                      
  Test failed. See exception logs above.
  The test description was: Text is properly laid out across multiple lines
  

To run this test again: /opt/homebrew/Caskroom/flutter/3.3.10/flutter/bin/cache/dart-sdk/bin/dart test /Users/taormina/Code/flame/packages/flame/test/text/text_layouting_test.dart -p vm --plain-name 'text layouting Text is properly laid out across multiple lines'
00:22 +1318 -13: /Users/taormina/Code/flame/packages/flame/test/events/game_mixins/multi_touch_drag_detector_test.dart: MultiTouchDragDetector Game can have MultiTouchDragDetector                    00:22 +1319 -13: /Users/taormina/Code/flame/packages/flame/test/events/game_mixins/multi_touch_tap_detector_test.dart: MultiTouchTapDetector render canvas and taps are delivered                      00:22 +1320 -13: /Users/taormina/Code/flame/packages/flame/test/events/game_mixins/multi_touch_drag_detector_test.dart: MultiTouchDragDetector update game and render canvas                           00:22 +1321 -13: /Users/taormina/Code/flame/packages/flame/test/events/game_mixins/multi_touch_drag_detector_test.dart: MultiTouchDragDetector update game and render canvas                           00:22 +1321 -13: /Users/taormina/Code/flame/packages/flame/test/events/game_mixins/multi_touch_drag_detector_test.dart: MultiTouchDragDetector drags are delivered                                     00:22 +1322 -13: /Users/taormina/Code/flame/packages/flame/test/events/game_mixins/multi_touch_drag_detector_test.dart: MultiTouchDragDetector drags are delivered                                     00:23 +1322 -13: /Users/taormina/Code/flame/packages/flame/test/events/game_mixins/multi_touch_drag_detector_test.dart: MultiTouchDragDetector drags are delivered                                     00:23 +1322 -13: loading /Users/taormina/Code/flame/packages/flame/test/events/tap_config_test.dart                                                                                                    00:23 +1322 -13: /Users/taormina/Code/flame/packages/flame/test/events/tap_config_test.dart: TapConfig default longTapDelay is 0.3                                                                     00:23 +1323 -13: /Users/taormina/Code/flame/packages/flame/test/events/hardware_keyboard_detector_test.dart: HardwareKeyboardDetector zero state                                                       00:23 +1324 -13: /Users/taormina/Code/flame/packages/flame/test/events/hardware_keyboard_detector_test.dart: HardwareKeyboardDetector zero state                                                       00:23 +1325 -13: /Users/taormina/Code/flame/packages/flame/test/events/hardware_keyboard_detector_test.dart: HardwareKeyboardDetector zero state                                                       00:23 +1326 -13: /Users/taormina/Code/flame/packages/flame/test/events/hardware_keyboard_detector_test.dart: HardwareKeyboardDetector zero state                                                       00:23 +1326 -13: /Users/taormina/Code/flame/packages/flame/test/events/hardware_keyboard_detector_test.dart: HardwareKeyboardDetector game detects key presses                                         00:23 +1327 -13: /Users/taormina/Code/flame/packages/flame/test/events/hardware_keyboard_detector_test.dart: HardwareKeyboardDetector game detects key presses                                         00:23 +1327 -13: /Users/taormina/Code/flame/packages/flame/test/events/hardware_keyboard_detector_test.dart: HardwareKeyboardDetector modifier keys                                                    00:23 +1328 -13: /Users/taormina/Code/flame/packages/flame/test/events/hardware_keyboard_detector_test.dart: HardwareKeyboardDetector modifier keys                                                    00:23 +1328 -13: /Users/taormina/Code/flame/packages/flame/test/events/hardware_keyboard_detector_test.dart: HardwareKeyboardDetector key events paused                                                00:23 +1329 -13: /Users/taormina/Code/flame/packages/flame/test/events/hardware_keyboard_detector_test.dart: HardwareKeyboardDetector key events paused                                                00:23 +1329 -13: /Users/taormina/Code/flame/packages/flame/test/events/hardware_keyboard_detector_test.dart: HardwareKeyboardDetector pause key events while keys are pressed                          00:23 +1330 -13: /Users/taormina/Code/flame/packages/flame/test/events/hardware_keyboard_detector_test.dart: HardwareKeyboardDetector pause key events while keys are pressed                          00:23 +1330 -13: /Users/taormina/Code/flame/packages/flame/test/events/hardware_keyboard_detector_test.dart: HardwareKeyboardDetector stop listening when component unmounts                           00:23 +1331 -13: /Users/taormina/Code/flame/packages/flame/test/events/hardware_keyboard_detector_test.dart: HardwareKeyboardDetector stop listening when component unmounts                           00:23 +1331 -13: loading /Users/taormina/Code/flame/packages/flame/test/events/component_mixins/hover_callbacks_test.dart                                                                              00:23 +1331 -13: /Users/taormina/Code/flame/packages/flame/test/events/component_mixins/hover_callbacks_test.dart: HoverCallbacks make sure HoverCallbacks components can be added to a FlameGame      00:23 +1332 -13: /Users/taormina/Code/flame/packages/flame/test/events/component_mixins/hover_callbacks_test.dart: HoverCallbacks make sure HoverCallbacks components can be added to a FlameGame      00:23 +1332 -13: /Users/taormina/Code/flame/packages/flame/test/events/component_mixins/hover_callbacks_test.dart: HoverCallbacks receive hover events                                                 00:23 +1333 -13: /Users/taormina/Code/flame/packages/flame/test/events/component_mixins/ignore_events_test.dart: IgnoreEvents correctly ignores events all the way down the subtree                    00:23 +1334 -13: /Users/taormina/Code/flame/packages/flame/test/events/component_mixins/tap_callbacks_test.dart: TapCallbacks make sure TapCallback components can be added to a FlameGame             00:23 +1335 -13: /Users/taormina/Code/flame/packages/flame/test/events/component_mixins/tap_callbacks_test.dart: TapCallbacks make sure TapCallback components can be added to a FlameGame             00:23 +1336 -13: /Users/taormina/Code/flame/packages/flame/test/events/component_mixins/secondary_tap_callbacks_test.dart: SecondaryTapCallbacks receives secondary tap event                          00:23 +1337 -13: /Users/taormina/Code/flame/packages/flame/test/events/component_mixins/secondary_tap_callbacks_test.dart: SecondaryTapCallbacks receives secondary tap event                          00:23 +1338 -13: /Users/taormina/Code/flame/packages/flame/test/events/component_mixins/secondary_tap_callbacks_test.dart: SecondaryTapCallbacks receives secondary tap event                          00:23 +1339 -13: /Users/taormina/Code/flame/packages/flame/test/events/component_mixins/secondary_tap_callbacks_test.dart: SecondaryTapCallbacks receives secondary tap event                          00:23 +1340 -13: /Users/taormina/Code/flame/packages/flame/test/events/component_mixins/secondary_tap_callbacks_test.dart: SecondaryTapCallbacks receives secondary tap event                          00:23 +1341 -13: /Users/taormina/Code/flame/packages/flame/test/events/component_mixins/secondary_tap_callbacks_test.dart: SecondaryTapCallbacks receives secondary tap event                          00:23 +1342 -13: /Users/taormina/Code/flame/packages/flame/test/events/component_mixins/secondary_tap_callbacks_test.dart: SecondaryTapCallbacks receives secondary tap event                          00:23 +1343 -13: /Users/taormina/Code/flame/packages/flame/test/events/component_mixins/secondary_tap_callbacks_test.dart: SecondaryTapCallbacks receives secondary tap event                          00:23 +1344 -13: /Users/taormina/Code/flame/packages/flame/test/events/component_mixins/secondary_tap_callbacks_test.dart: SecondaryTapCallbacks receives secondary tap event                          00:23 +1345 -13: /Users/taormina/Code/flame/packages/flame/test/events/component_mixins/secondary_tap_callbacks_test.dart: SecondaryTapCallbacks receives secondary tap event                          00:23 +1346 -13: /Users/taormina/Code/flame/packages/flame/test/events/component_mixins/tap_callbacks_test.dart: TapCallbacks tap correctly registered handled event directly on FlameGame             00:23 +1347 -13: /Users/taormina/Code/flame/packages/flame/test/events/component_mixins/secondary_tap_callbacks_test.dart: SecondaryTapCallbacks primary and secondary are received separately         00:23 +1348 -13: /Users/taormina/Code/flame/packages/flame/test/events/component_mixins/secondary_tap_callbacks_test.dart: SecondaryTapCallbacks primary and secondary are received separately         00:23 +1349 -13: /Users/taormina/Code/flame/packages/flame/test/events/component_mixins/tap_callbacks_test.dart: taps are delivered to a TapCallbacks component                                        00:23 +1350 -13: /Users/taormina/Code/flame/packages/flame/test/events/component_mixins/secondary_tap_callbacks_test.dart: ... an event when secondary-tapping a position far from the component       00:23 +1351 -13: /Users/taormina/Code/flame/packages/flame/test/events/component_mixins/tap_callbacks_test.dart: TapCallbacks component nested in another TapCallbacks component                       00:23 +1352 -13: /Users/taormina/Code/flame/packages/flame/test/events/component_mixins/secondary_tap_callbacks_test.dart: ... receives a cancel event when gesture is canceled by drag                00:23 +1353 -13: /Users/taormina/Code/flame/packages/flame/test/events/component_mixins/tap_callbacks_test.dart: tap events do not propagate down by default                                           00:23 +1354 -13: /Users/taormina/Code/flame/packages/flame/test/events/component_mixins/secondary_tap_callbacks_test.dart: ... receives a cancel event when gesture is canceled by cancel              00:23 +1355 -13: /Users/taormina/Code/flame/packages/flame/test/events/component_mixins/tap_callbacks_test.dart: local coordinates during tap events                                                   00:23 +1356 -13: /Users/taormina/Code/flame/packages/flame/test/events/component_mixins/tap_callbacks_test.dart: local coordinates during tap events                                                   00:23 +1357 -13: /Users/taormina/Code/flame/packages/flame/test/events/component_mixins/tap_callbacks_test.dart: local coordinates during tap events                                                   00:24 +1357 -13: /Users/taormina/Code/flame/packages/flame/test/events/component_mixins/tap_callbacks_test.dart: local coordinates during tap events                                                   00:24 +1357 -13: loading /Users/taormina/Code/flame/packages/flame/test/anchor_test.dart                                                                                                               00:24 +1357 -13: /Users/taormina/Code/flame/packages/flame/test/anchor_test.dart: Anchor parses to and from string                                                                                     00:24 +1358 -13: /Users/taormina/Code/flame/packages/flame/test/events/component_mixins/double_tap_callbacks_test.dart: DoubleTapCallbacks receives double-tap event                                   00:24 +1359 -13: /Users/taormina/Code/flame/packages/flame/test/events/component_mixins/double_tap_callbacks_test.dart: DoubleTapCallbacks receives double-tap event                                   00:24 +1360 -13: /Users/taormina/Code/flame/packages/flame/test/events/component_mixins/double_tap_callbacks_test.dart: DoubleTapCallbacks receives double-tap event                                   00:24 +1361 -13: /Users/taormina/Code/flame/packages/flame/test/events/component_mixins/double_tap_callbacks_test.dart: DoubleTapCallbacks receives double-tap event                                   00:24 +1362 -13: /Users/taormina/Code/flame/packages/flame/test/events/component_mixins/double_tap_callbacks_test.dart: DoubleTapCallbacks receives double-tap event                                   00:24 +1363 -13: /Users/taormina/Code/flame/packages/flame/test/events/component_mixins/double_tap_callbacks_test.dart: DoubleTapCallbacks receives double-tap event                                   00:24 +1364 -13: /Users/taormina/Code/flame/packages/flame/test/events/component_mixins/double_tap_callbacks_test.dart: DoubleTapCallbacks receives double-tap event                                   00:24 +1365 -13: /Users/taormina/Code/flame/packages/flame/test/events/component_mixins/double_tap_callbacks_test.dart: DoubleTapCallbacks receives double-tap event                                   00:24 +1366 -13: /Users/taormina/Code/flame/packages/flame/test/events/component_mixins/double_tap_callbacks_test.dart: DoubleTapCallbacks receives double-tap event                                   00:24 +1367 -13: /Users/taormina/Code/flame/packages/flame/test/events/component_mixins/drag_callbacks_test.dart: DragCallbacks drag correctly registered handled event                                00:24 +1368 -13: /Users/taormina/Code/flame/packages/flame/test/events/component_mixins/drag_callbacks_test.dart: DragCallbacks drag correctly registered handled event                                00:24 +1369 -13: /Users/taormina/Code/flame/packages/flame/test/events/component_mixins/drag_callbacks_test.dart: DragCallbacks drag correctly registered handled event                                00:24 +1370 -13: /Users/taormina/Code/flame/packages/flame/test/events/component_mixins/double_tap_callbacks_test.dart: DoubleTapCallbacks receives a cancel event when gesture is canceled by cancel  00:24 +1371 -13: /Users/taormina/Code/flame/packages/flame/test/events/component_mixins/drag_callbacks_test.dart: DragCallbacks drag outside of component is not registered as handled                 00:24 +1372 -13: /Users/taormina/Code/flame/packages/flame/test/events/component_mixins/double_tap_callbacks_test.dart: ... DoubleTapDispatcher is added to game when the callback is mounted          00:24 +1373 -13: /Users/taormina/Code/flame/packages/flame/test/events/component_mixins/double_tap_callbacks_test.dart: ... DoubleTapDispatcher is added to game when the callback is mounted          00:24 +1374 -13: /Users/taormina/Code/flame/packages/flame/test/events/component_mixins/drag_callbacks_test.dart: DragCallbacks drag correctly registered handled event directly on FlameGame          00:24 +1375 -13: /Users/taormina/Code/flame/packages/flame/test/events/component_mixins/drag_callbacks_test.dart: DragCallbacks drag correctly registered handled event directly on FlameGame          00:24 +1375 -13: /Users/taormina/Code/flame/packages/flame/test/events/component_mixins/drag_callbacks_test.dart: DragCallbacks isDragged is changed                                                   00:24 +1376 -13: /Users/taormina/Code/flame/packages/flame/test/events/component_mixins/drag_callbacks_test.dart: DragCallbacks isDragged is changed                                                   00:24 +1376 -13: /Users/taormina/Code/flame/packages/flame/test/events/component_mixins/drag_callbacks_test.dart: HasDraggableComponents drags are delivered to DragCallbacks components               00:24 +1377 -13: /Users/taormina/Code/flame/packages/flame/test/effects/move_along_path_effect_test.dart: MoveAlongPathEffect relative path                                                            00:24 +1378 -13: /Users/taormina/Code/flame/packages/flame/test/effects/move_along_path_effect_test.dart: MoveAlongPathEffect relative path                                                            00:24 +1379 -13: /Users/taormina/Code/flame/packages/flame/test/effects/transform2d_effect_test.dart: Transform2DEffect onMount                                                                        00:24 +1380 -13: /Users/taormina/Code/flame/packages/flame/test/effects/transform2d_effect_test.dart: Transform2DEffect onMount                                                                        00:24 +1381 -13: /Users/taormina/Code/flame/packages/flame/test/effects/transform2d_effect_test.dart: Transform2DEffect onMount                                                                        00:24 +1382 -13: /Users/taormina/Code/flame/packages/flame/test/effects/transform2d_effect_test.dart: Transform2DEffect onMount                                                                        00:24 +1383 -13: /Users/taormina/Code/flame/packages/flame/test/effects/transform2d_effect_test.dart: Transform2DEffect onMount                                                                        00:24 +1384 -13: /Users/taormina/Code/flame/packages/flame/test/effects/transform2d_effect_test.dart: Transform2DEffect onMount                                                                        00:24 +1385 -13: /Users/taormina/Code/flame/packages/flame/test/effects/transform2d_effect_test.dart: Transform2DEffect onMount                                                                        00:24 +1386 -13: /Users/taormina/Code/flame/packages/flame/test/events/component_mixins/drag_callbacks_test.dart: drag event delta respects camera & zoom                                              00:24 +1387 -13: /Users/taormina/Code/flame/packages/flame/test/events/component_mixins/drag_callbacks_test.dart: drag event delta respects camera & zoom                                              00:24 +1388 -13: /Users/taormina/Code/flame/packages/flame/test/effects/anchor_by_effect_test.dart: AnchorByEffect simple AnchorEffect.by                                                              00:24 +1389 -13: /Users/taormina/Code/flame/packages/flame/test/effects/anchor_by_effect_test.dart: AnchorByEffect simple AnchorEffect.by                                                              00:24 +1390 -13: /Users/taormina/Code/flame/packages/flame/test/events/component_mixins/drag_callbacks_test.dart: drag event delta respects widget positioning                                         00:24 +1391 -13: /Users/taormina/Code/flame/packages/flame/test/events/component_mixins/drag_callbacks_test.dart: drag event delta respects widget positioning                                         00:24 +1392 -13: /Users/taormina/Code/flame/packages/flame/test/events/component_mixins/drag_callbacks_test.dart: drag event delta respects widget positioning                                         00:24 +1392 -13: loading /Users/taormina/Code/flame/packages/flame/test/effects/anchor_to_effect_test.dart                                                                                             00:24 +1392 -13: /Users/taormina/Code/flame/packages/flame/test/effects/anchor_to_effect_test.dart: AnchorToEffect simple anchor movement                                                              00:24 +1393 -13: /Users/taormina/Code/flame/packages/flame/test/effects/anchor_to_effect_test.dart: AnchorToEffect simple anchor movement                                                              00:24 +1393 -13: /Users/taormina/Code/flame/packages/flame/test/effects/anchor_to_effect_test.dart: AnchorToEffect viewfinder move anchor                                                              00:24 +1394 -13: /Users/taormina/Code/flame/packages/flame/test/effects/anchor_to_effect_test.dart: AnchorToEffect viewfinder move anchor                                                              00:25 +1394 -13: /Users/taormina/Code/flame/packages/flame/test/effects/anchor_to_effect_test.dart: AnchorToEffect viewfinder move anchor                                                              00:25 +1394 -13: loading /Users/taormina/Code/flame/packages/flame/test/effects/color_effect_test.dart                                                                                                 00:25 +1394 -13: /Users/taormina/Code/flame/packages/flame/test/effects/color_effect_test.dart: ColorEffect applies the correct color filter                                                           00:25 +1395 -13: /Users/taormina/Code/flame/packages/flame/test/effects/color_effect_test.dart: ColorEffect applies the correct color filter                                                           00:25 +1396 -13: /Users/taormina/Code/flame/packages/flame/test/effects/move_by_effect_test.dart: MoveByEffect simple linear motion                                                                    00:25 +1397 -13: /Users/taormina/Code/flame/packages/flame/test/effects/move_by_effect_test.dart: MoveByEffect simple linear motion                                                                    00:25 +1398 -13: /Users/taormina/Code/flame/packages/flame/test/effects/move_by_effect_test.dart: MoveByEffect simple linear motion                                                                    00:25 +1399 -13: /Users/taormina/Code/flame/packages/flame/test/effects/size_effect_test.dart: SizeEffect relative                                                                                     00:25 +1400 -13: /Users/taormina/Code/flame/packages/flame/test/effects/size_effect_test.dart: SizeEffect relative                                                                                     00:25 +1401 -13: /Users/taormina/Code/flame/packages/flame/test/effects/size_effect_test.dart: SizeEffect relative                                                                                     00:25 +1402 -13: /Users/taormina/Code/flame/packages/flame/test/effects/size_effect_test.dart: SizeEffect relative                                                                                     00:25 +1403 -13: /Users/taormina/Code/flame/packages/flame/test/effects/size_effect_test.dart: SizeEffect relative                                                                                     00:25 +1404 -13: /Users/taormina/Code/flame/packages/flame/test/effects/size_effect_test.dart: SizeEffect relative                                                                                     00:25 +1405 -13: /Users/taormina/Code/flame/packages/flame/test/effects/size_effect_test.dart: SizeEffect relative                                                                                     00:25 +1406 -13: /Users/taormina/Code/flame/packages/flame/test/effects/effect_test.dart: Effect removeOnFinish = true                                                                                 00:25 +1407 -13: /Users/taormina/Code/flame/packages/flame/test/effects/effect_test.dart: Effect removeOnFinish = true                                                                                 00:25 +1408 -13: /Users/taormina/Code/flame/packages/flame/test/effects/size_effect_test.dart: SizeEffect reset relative                                                                               00:25 +1409 -13: /Users/taormina/Code/flame/packages/flame/test/effects/effect_test.dart: Effect removeOnFinish = false                                                                                00:25 +1410 -13: /Users/taormina/Code/flame/packages/flame/test/effects/effect_test.dart: Effect removeOnFinish = false                                                                                00:25 +1411 -13: /Users/taormina/Code/flame/packages/flame/test/effects/effect_test.dart: Effect removeOnFinish = false                                                                                00:25 +1411 -13: /Users/taormina/Code/flame/packages/flame/test/effects/size_effect_test.dart: SizeEffect size composition                                                                             00:25 +1412 -13: /Users/taormina/Code/flame/packages/flame/test/effects/size_effect_test.dart: SizeEffect size composition                                                                             00:25 +1413 -13: /Users/taormina/Code/flame/packages/flame/test/effects/size_effect_test.dart: SizeEffect size composition                                                                             00:25 +1413 -13: /Users/taormina/Code/flame/packages/flame/test/effects/size_effect_test.dart: SizeEffect a very long size change [seed=1564447743]                                                    00:25 +1414 -13: /Users/taormina/Code/flame/packages/flame/test/effects/size_effect_test.dart: SizeEffect a very long size change [seed=1564447743]                                                    00:25 +1414 -13: loading /Users/taormina/Code/flame/packages/flame/test/effects/move_to_effect_test.dart                                                                                               00:25 +1414 -13: /Users/taormina/Code/flame/packages/flame/test/effects/move_to_effect_test.dart: MoveToEffect simple linear movement                                                                  00:25 +1415 -13: /Users/taormina/Code/flame/packages/flame/test/effects/move_to_effect_test.dart: MoveToEffect simple linear movement                                                                  00:25 +1415 -13: loading /Users/taormina/Code/flame/packages/flame/test/effects/scale_effect_test.dart                                                                                                 00:25 +1415 -13: /Users/taormina/Code/flame/packages/flame/test/effects/scale_effect_test.dart: ScaleEffect relative                                                                                   00:25 +1416 -13: /Users/taormina/Code/flame/packages/flame/test/effects/scale_effect_test.dart: ScaleEffect relative                                                                                   00:25 +1417 -13: /Users/taormina/Code/flame/packages/flame/test/effects/scale_effect_test.dart: ScaleEffect relative                                                                                   00:25 +1418 -13: /Users/taormina/Code/flame/packages/flame/test/effects/scale_effect_test.dart: ScaleEffect relative                                                                                   00:25 +1419 -13: /Users/taormina/Code/flame/packages/flame/test/effects/scale_effect_test.dart: ScaleEffect relative                                                                                   00:26 +1419 -13: /Users/taormina/Code/flame/packages/flame/test/effects/scale_effect_test.dart: ScaleEffect relative                                                                                   00:26 +1420 -13: /Users/taormina/Code/flame/packages/flame/test/effects/rotate_around_effect_test.dart: RotateAroundEffect applies rotation correctly                                                  00:26 +1421 -13: /Users/taormina/Code/flame/packages/flame/test/effects/rotate_around_effect_test.dart: RotateAroundEffect applies rotation correctly                                                  00:26 +1422 -13: /Users/taormina/Code/flame/packages/flame/test/effects/rotate_around_effect_test.dart: RotateAroundEffect applies rotation correctly                                                  00:26 +1423 -13: /Users/taormina/Code/flame/packages/flame/test/effects/rotate_around_effect_test.dart: RotateAroundEffect applies rotation correctly                                                  00:26 +1424 -13: /Users/taormina/Code/flame/packages/flame/test/effects/rotate_around_effect_test.dart: RotateAroundEffect applies rotation correctly                                                  00:26 +1425 -13: /Users/taormina/Code/flame/packages/flame/test/effects/rotate_around_effect_test.dart: RotateAroundEffect applies rotation correctly                                                  00:26 +1426 -13: /Users/taormina/Code/flame/packages/flame/test/effects/sequence_effect_test.dart: SequenceEffect sequence progression simple sequence                                                 00:26 +1427 -13: /Users/taormina/Code/flame/packages/flame/test/effects/scale_effect_test.dart: ScaleEffect a very long scale change [seed=3848766052]                                                 00:26 +1428 -13: /Users/taormina/Code/flame/packages/flame/test/effects/scale_effect_test.dart: ScaleEffect a very long scale change [seed=3848766052]                                                 00:26 +1429 -13: /Users/taormina/Code/flame/packages/flame/test/effects/scale_effect_test.dart: ScaleEffect a very long scale change [seed=3848766052]                                                 00:26 +1430 -13: /Users/taormina/Code/flame/packages/flame/test/effects/scale_effect_test.dart: ScaleEffect a very long scale change [seed=3848766052]                                                 00:26 +1431 -13: /Users/taormina/Code/flame/packages/flame/test/effects/scale_effect_test.dart: ScaleEffect a very long scale change [seed=3848766052]                                                 00:26 +1432 -13: /Users/taormina/Code/flame/packages/flame/test/effects/scale_effect_test.dart: ScaleEffect a very long scale change [seed=3848766052]                                                 00:26 +1433 -13: /Users/taormina/Code/flame/packages/flame/test/effects/scale_effect_test.dart: ScaleEffect a very long scale change [seed=3848766052]                                                 00:26 +1434 -13: /Users/taormina/Code/flame/packages/flame/test/effects/scale_effect_test.dart: ScaleEffect a very long scale change [seed=3848766052]                                                 00:26 +1435 -13: /Users/taormina/Code/flame/packages/flame/test/effects/scale_effect_test.dart: ScaleEffect a very long scale change [seed=3848766052]                                                 00:26 +1436 -13: /Users/taormina/Code/flame/packages/flame/test/effects/scale_effect_test.dart: ScaleEffect a very long scale change [seed=3848766052]                                                 00:26 +1437 -13: /Users/taormina/Code/flame/packages/flame/test/effects/scale_effect_test.dart: ScaleEffect a very long scale change [seed=3848766052]                                                 00:26 +1438 -13: /Users/taormina/Code/flame/packages/flame/test/effects/scale_effect_test.dart: ScaleEffect a very long scale change [seed=3848766052]                                                 00:26 +1439 -13: /Users/taormina/Code/flame/packages/flame/test/effects/scale_effect_test.dart: ScaleEffect a very long scale change [seed=3848766052]                                                 00:26 +1440 -13: /Users/taormina/Code/flame/packages/flame/test/effects/scale_effect_test.dart: ScaleEffect a very long scale change [seed=3848766052]                                                 00:26 +1441 -13: /Users/taormina/Code/flame/packages/flame/test/effects/scale_effect_test.dart: ScaleEffect a very long scale change [seed=3848766052]                                                 00:26 +1442 -13: /Users/taormina/Code/flame/packages/flame/test/effects/scale_effect_test.dart: ScaleEffect a very long scale change [seed=3848766052]                                                 00:26 +1443 -13: /Users/taormina/Code/flame/packages/flame/test/effects/scale_effect_test.dart: ScaleEffect a very long scale change [seed=3848766052]                                                 00:26 +1444 -13: /Users/taormina/Code/flame/packages/flame/test/effects/scale_effect_test.dart: ScaleEffect a very long scale change [seed=3848766052]                                                 00:26 +1445 -13: /Users/taormina/Code/flame/packages/flame/test/effects/scale_effect_test.dart: ScaleEffect a very long scale change [seed=3848766052]                                                 00:26 +1446 -13: /Users/taormina/Code/flame/packages/flame/test/effects/scale_effect_test.dart: ScaleEffect a very long scale change [seed=3848766052]                                                 00:26 +1447 -13: /Users/taormina/Code/flame/packages/flame/test/effects/scale_effect_test.dart: ScaleEffect a very long scale change [seed=3848766052]                                                 00:26 +1448 -13: /Users/taormina/Code/flame/packages/flame/test/effects/controllers/effect_controller_test.dart: EffectController reverse curve                                                        00:26 +1449 -13: /Users/taormina/Code/flame/packages/flame/test/effects/controllers/effect_controller_test.dart: EffectController reverse curve                                                        00:26 +1449 -13: /Users/taormina/Code/flame/packages/flame/test/effects/controllers/effect_controller_test.dart: EffectController reverse curve with speed                                             00:26 +1450 -13: /Users/taormina/Code/flame/packages/flame/test/effects/controllers/effect_controller_test.dart: EffectController reverse curve with speed                                             00:26 +1450 -13: /Users/taormina/Code/flame/packages/flame/test/effects/controllers/effect_controller_test.dart: EffectController onMax and onMin callbacks                                            00:26 +1451 -13: /Users/taormina/Code/flame/packages/flame/test/effects/controllers/effect_controller_test.dart: EffectController onMax and onMin callbacks                                            00:26 +1451 -13: /Users/taormina/Code/flame/packages/flame/test/effects/controllers/effect_controller_test.dart: EffectController errors empty                                                         00:26 +1452 -13: /Users/taormina/Code/flame/packages/flame/test/effects/controllers/effect_controller_test.dart: EffectController errors empty                                                         00:26 +1452 -13: /Users/taormina/Code/flame/packages/flame/test/effects/controllers/effect_controller_test.dart: EffectController errors duration and speed                                            00:26 +1453 -13: /Users/taormina/Code/flame/packages/flame/test/effects/controllers/effect_controller_test.dart: EffectController errors duration and speed                                            00:26 +1453 -13: /Users/taormina/Code/flame/packages/flame/test/effects/controllers/effect_controller_test.dart: EffectController errors reverseDuration and reverseSpeed                              00:26 +1454 -13: /Users/taormina/Code/flame/packages/flame/test/effects/controllers/effect_controller_test.dart: EffectController errors reverseDuration and reverseSpeed                              00:26 +1454 -13: /Users/taormina/Code/flame/packages/flame/test/effects/controllers/effect_controller_test.dart: EffectController errors negative duration                                             00:26 +1455 -13: /Users/taormina/Code/flame/packages/flame/test/effects/controllers/effect_controller_test.dart: EffectController errors negative duration                                             00:26 +1455 -13: /Users/taormina/Code/flame/packages/flame/test/effects/controllers/effect_controller_test.dart: EffectController errors negative reverse duration                                     00:26 +1456 -13: /Users/taormina/Code/flame/packages/flame/test/effects/controllers/effect_controller_test.dart: EffectController errors negative reverse duration                                     00:26 +1456 -13: /Users/taormina/Code/flame/packages/flame/test/effects/controllers/effect_controller_test.dart: EffectController errors zero speed                                                    00:26 +1457 -13: /Users/taormina/Code/flame/packages/flame/test/effects/controllers/effect_controller_test.dart: EffectController errors zero speed                                                    00:26 +1457 -13: /Users/taormina/Code/flame/packages/flame/test/effects/controllers/effect_controller_test.dart: EffectController errors negative speed                                                00:26 +1458 -13: /Users/taormina/Code/flame/packages/flame/test/effects/controllers/effect_controller_test.dart: EffectController errors negative speed                                                00:26 +1458 -13: /Users/taormina/Code/flame/packages/flame/test/effects/controllers/effect_controller_test.dart: EffectController errors zero reverseSpeed                                             00:26 +1459 -13: /Users/taormina/Code/flame/packages/flame/test/effects/controllers/effect_controller_test.dart: EffectController errors zero reverseSpeed                                             00:26 +1459 -13: /Users/taormina/Code/flame/packages/flame/test/effects/controllers/effect_controller_test.dart: EffectController errors negative reverseSpeed                                         00:26 +1460 -13: /Users/taormina/Code/flame/packages/flame/test/effects/controllers/effect_controller_test.dart: EffectController errors negative reverseSpeed                                         00:26 +1460 -13: /Users/taormina/Code/flame/packages/flame/test/effects/controllers/effect_controller_test.dart: EffectController errors zero repeat count                                             00:26 +1461 -13: /Users/taormina/Code/flame/packages/flame/test/effects/controllers/effect_controller_test.dart: EffectController errors zero repeat count                                             00:26 +1461 -13: /Users/taormina/Code/flame/packages/flame/test/effects/controllers/effect_controller_test.dart: EffectController errors negative repeat count                                         00:26 +1462 -13: /Users/taormina/Code/flame/packages/flame/test/effects/controllers/effect_controller_test.dart: EffectController errors negative repeat count                                         00:26 +1462 -13: /Users/taormina/Code/flame/packages/flame/test/effects/controllers/effect_controller_test.dart: EffectController errors repeated and infinite                                         00:26 +1463 -13: /Users/taormina/Code/flame/packages/flame/test/effects/controllers/effect_controller_test.dart: EffectController errors repeated and infinite                                         00:26 +1463 -13: /Users/taormina/Code/flame/packages/flame/test/effects/controllers/effect_controller_test.dart: EffectController errors negative startDelay                                           00:26 +1464 -13: /Users/taormina/Code/flame/packages/flame/test/effects/controllers/effect_controller_test.dart: EffectController errors negative startDelay                                           00:26 +1464 -13: /Users/taormina/Code/flame/packages/flame/test/effects/controllers/effect_controller_test.dart: EffectController errors negative atMinDuration                                        00:26 +1465 -13: /Users/taormina/Code/flame/packages/flame/test/effects/controllers/effect_controller_test.dart: EffectController errors negative atMinDuration                                        00:26 +1465 -13: /Users/taormina/Code/flame/packages/flame/test/effects/controllers/effect_controller_test.dart: EffectController errors negative atMaxDuration                                        00:26 +1466 -13: /Users/taormina/Code/flame/packages/flame/test/effects/controllers/effect_controller_test.dart: EffectController errors negative atMaxDuration                                        00:26 +1466 -13: loading /Users/taormina/Code/flame/packages/flame/test/effects/controllers/mixins/has_single_child_effect_controller_test.dart                                                        00:26 +1466 -13: /Users/taormina/Code/flame/packages/flame/test/effects/controllers/mixins/has_single_child_effect_controller_test.dart: ... getter should return the wrapped child effect controller  00:26 +1467 -13: /Users/taormina/Code/flame/packages/flame/test/effects/controllers/mixins/has_single_child_effect_controller_test.dart: ... getter should return the wrapped child effect controller  00:26 +1467 -13: /Users/taormina/Code/flame/packages/flame/test/effects/controllers/mixins/has_single_child_effect_controller_test.dart: ... should call setToStart on the child effect controller     00:26 +1468 -13: /Users/taormina/Code/flame/packages/flame/test/effects/controllers/mixins/has_single_child_effect_controller_test.dart: ... should call setToStart on the child effect controller     00:26 +1468 -13: /Users/taormina/Code/flame/packages/flame/test/effects/controllers/mixins/has_single_child_effect_controller_test.dart: ... should call setToEnd on the child effect controller       00:26 +1469 -13: /Users/taormina/Code/flame/packages/flame/test/effects/controllers/mixins/has_single_child_effect_controller_test.dart: ... should call setToEnd on the child effect controller       00:26 +1469 -13: /Users/taormina/Code/flame/packages/flame/test/effects/controllers/mixins/has_single_child_effect_controller_test.dart: ... onMount should call onMount on the child effect controller00:26 +1470 -13: /Users/taormina/Code/flame/packages/flame/test/effects/controllers/mixins/has_single_child_effect_controller_test.dart: ... onMount should call onMount on the child effect controller00:26 +1470 -13: loading /Users/taormina/Code/flame/packages/flame/test/effects/controllers/random_effect_controller_test.dart                                                                         00:26 +1470 -13: /Users/taormina/Code/flame/packages/flame/test/effects/controllers/random_effect_controller_test.dart: RandomEffectController custom random                                           00:26 +1471 -13: /Users/taormina/Code/flame/packages/flame/test/effects/controllers/sine_effect_controller_test.dart: SineEffectController general properties                                          00:26 +1472 -13: /Users/taormina/Code/flame/packages/flame/test/effects/controllers/sine_effect_controller_test.dart: SineEffectController general properties                                          00:26 +1473 -13: /Users/taormina/Code/flame/packages/flame/test/effects/controllers/sine_effect_controller_test.dart: SineEffectController general properties                                          00:26 +1474 -13: /Users/taormina/Code/flame/packages/flame/test/effects/controllers/curved_effect_controller_test.dart: CurvedEffectController normal [seed=3570665405]                                00:26 +1475 -13: /Users/taormina/Code/flame/packages/flame/test/effects/controllers/curved_effect_controller_test.dart: CurvedEffectController normal [seed=3570665405]                                00:26 +1476 -13: /Users/taormina/Code/flame/packages/flame/test/effects/controllers/curved_effect_controller_test.dart: CurvedEffectController normal [seed=3570665405]                                00:26 +1477 -13: /Users/taormina/Code/flame/packages/flame/test/effects/controllers/curved_effect_controller_test.dart: CurvedEffectController normal [seed=3570665405]                                00:26 +1477 -13: loading /Users/taormina/Code/flame/packages/flame/test/effects/controllers/linear_effect_controller_test.dart                                                                         00:26 +1477 -13: /Users/taormina/Code/flame/packages/flame/test/effects/controllers/linear_effect_controller_test.dart: LinearEffectController [duration==0]                                           00:26 +1478 -13: /Users/taormina/Code/flame/packages/flame/test/effects/controllers/linear_effect_controller_test.dart: LinearEffectController [duration==0]                                           00:26 +1479 -13: /Users/taormina/Code/flame/packages/flame/test/effects/controllers/zigzag_effect_controller_test.dart: ZigzagEffectController general properties                                      00:26 +1480 -13: /Users/taormina/Code/flame/packages/flame/test/effects/controllers/zigzag_effect_controller_test.dart: ZigzagEffectController general properties                                      00:26 +1481 -13: /Users/taormina/Code/flame/packages/flame/test/effects/controllers/linear_effect_controller_test.dart: LinearEffectController [duration==1]                                           00:26 +1482 -13: /Users/taormina/Code/flame/packages/flame/test/effects/controllers/zigzag_effect_controller_test.dart: ZigzagEffectController progression                                             00:26 +1483 -13: /Users/taormina/Code/flame/packages/flame/test/effects/controllers/zigzag_effect_controller_test.dart: ZigzagEffectController progression                                             00:26 +1484 -13: /Users/taormina/Code/flame/packages/flame/test/effects/controllers/zigzag_effect_controller_test.dart: ZigzagEffectController progression                                             00:26 +1484 -13: /Users/taormina/Code/flame/packages/flame/test/effects/controllers/zigzag_effect_controller_test.dart: ZigzagEffectController errors                                                  00:26 +1485 -13: /Users/taormina/Code/flame/packages/flame/test/effects/controllers/zigzag_effect_controller_test.dart: ZigzagEffectController errors                                                  00:27 +1485 -13: /Users/taormina/Code/flame/packages/flame/test/effects/controllers/zigzag_effect_controller_test.dart: ZigzagEffectController errors                                                  00:27 +1485 -13: loading /Users/taormina/Code/flame/packages/flame/test/effects/controllers/speed_effect_controller_test.dart                                                                          00:27 +1485 -13: /Users/taormina/Code/flame/packages/flame/test/effects/controllers/speed_effect_controller_test.dart: SpeedEffectController properties simple properties                              00:27 +1486 -13: /Users/taormina/Code/flame/packages/flame/test/effects/controllers/speed_effect_controller_test.dart: SpeedEffectController properties simple properties                              00:27 +1486 -13: /Users/taormina/Code/flame/packages/flame/test/effects/controllers/speed_effect_controller_test.dart: SpeedEffectController properties assert speed positive                          00:27 +1487 -13: /Users/taormina/Code/flame/packages/flame/test/effects/controllers/speed_effect_controller_test.dart: SpeedEffectController properties assert speed positive                          00:27 +1487 -13: /Users/taormina/Code/flame/packages/flame/test/effects/controllers/speed_effect_controller_test.dart: SpeedEffectController properties assert effect measurable                       00:27 +1488 -13: /Users/taormina/Code/flame/packages/flame/test/effects/controllers/speed_effect_controller_test.dart: SpeedEffectController properties assert effect measurable                       00:27 +1488 -13: /Users/taormina/Code/flame/packages/flame/test/effects/controllers/speed_effect_controller_test.dart: SpeedEffectController applied to various effects speed on MoveEffect            00:27 +1489 -13: /Users/taormina/Code/flame/packages/flame/test/effects/controllers/speed_effect_controller_test.dart: SpeedEffectController applied to various effects speed on MoveEffect            00:27 +1489 -13: /Users/taormina/Code/flame/packages/flame/test/effects/controllers/speed_effect_controller_test.dart: SpeedEffectController applied to various effects speed on MoveEffect with delay 00:27 +1490 -13: /Users/taormina/Code/flame/packages/flame/test/effects/controllers/speed_effect_controller_test.dart: SpeedEffectController applied to various effects speed on MoveEffect with delay 00:27 +1490 -13: /Users/taormina/Code/flame/packages/flame/test/effects/controllers/speed_effect_controller_test.dart: SpeedEffectController applied to various effects speed on MoveAlongPathEffect   00:27 +1491 -13: /Users/taormina/Code/flame/packages/flame/test/effects/controllers/delayed_effect_controller_test.dart: DelayedEffectController normal                                                00:27 +1492 -13: /Users/taormina/Code/flame/packages/flame/test/effects/controllers/delayed_effect_controller_test.dart: DelayedEffectController normal                                                00:27 +1493 -13: /Users/taormina/Code/flame/packages/flame/test/effects/controllers/delayed_effect_controller_test.dart: DelayedEffectController normal                                                00:27 +1494 -13: /Users/taormina/Code/flame/packages/flame/test/effects/controllers/delayed_effect_controller_test.dart: DelayedEffectController normal                                                00:27 +1494 -13: /Users/taormina/Code/flame/packages/flame/test/effects/controllers/delayed_effect_controller_test.dart: DelayedEffectController reset                                                 00:27 +1495 -13: /Users/taormina/Code/flame/packages/flame/test/effects/controllers/delayed_effect_controller_test.dart: DelayedEffectController reset                                                 00:27 +1495 -13: /Users/taormina/Code/flame/packages/flame/test/effects/controllers/delayed_effect_controller_test.dart: DelayedEffectController advance/recede                                        00:27 +1496 -13: /Users/taormina/Code/flame/packages/flame/test/effects/controllers/delayed_effect_controller_test.dart: DelayedEffectController advance/recede                                        00:27 +1496 -13: /Users/taormina/Code/flame/packages/flame/test/effects/controllers/delayed_effect_controller_test.dart: DelayedEffectController errors                                                00:27 +1497 -13: /Users/taormina/Code/flame/packages/flame/test/effects/controllers/repeated_effect_controller_test.dart: RepeatedEffectController basic properties                                    00:27 +1498 -13: /Users/taormina/Code/flame/packages/flame/test/effects/controllers/repeated_effect_controller_test.dart: RepeatedEffectController basic properties                                    00:27 +1498 -13: loading /Users/taormina/Code/flame/packages/flame/test/effects/controllers/infinite_effect_controller_test.dart                                                                       00:27 +1498 -13: /Users/taormina/Code/flame/packages/flame/test/effects/controllers/infinite_effect_controller_test.dart: InfiniteEffectController basic properties                                    00:27 +1499 -13: /Users/taormina/Code/flame/packages/flame/test/effects/controllers/infinite_effect_controller_test.dart: InfiniteEffectController basic properties                                    00:27 +1500 -13: /Users/taormina/Code/flame/packages/flame/test/effects/controllers/infinite_effect_controller_test.dart: InfiniteEffectController basic properties                                    00:27 +1501 -13: /Users/taormina/Code/flame/packages/flame/test/effects/controllers/infinite_effect_controller_test.dart: InfiniteEffectController basic properties                                    00:27 +1502 -13: /Users/taormina/Code/flame/packages/flame/test/effects/controllers/infinite_effect_controller_test.dart: InfiniteEffectController basic properties                                    00:27 +1503 -13: /Users/taormina/Code/flame/packages/flame/test/effects/controllers/infinite_effect_controller_test.dart: InfiniteEffectController basic properties                                    00:27 +1504 -13: /Users/taormina/Code/flame/packages/flame/test/effects/controllers/repeated_effect_controller_test.dart: RepeatedEffectController errors                                              00:27 +1505 -13: /Users/taormina/Code/flame/packages/flame/test/effects/controllers/repeated_effect_controller_test.dart: RepeatedEffectController errors                                              00:27 +1506 -13: /Users/taormina/Code/flame/packages/flame/test/effects/controllers/infinite_effect_controller_test.dart: InfiniteEffectController reset                                               00:27 +1507 -13: /Users/taormina/Code/flame/packages/flame/test/effects/controllers/sequence_effect_controller_test.dart: SequenceEffectController advance [seed=3031616190]                           00:27 +1508 -13: /Users/taormina/Code/flame/packages/flame/test/effects/controllers/infinite_effect_controller_test.dart: InfiniteEffectController advance [seed=2380073987]                           00:27 +1509 -13: /Users/taormina/Code/flame/packages/flame/test/effects/controllers/sequence_effect_controller_test.dart: SequenceEffectController recede [seed=2020229258]                            00:27 +1510 -13: /Users/taormina/Code/flame/packages/flame/test/effects/controllers/sequence_effect_controller_test.dart: SequenceEffectController recede [seed=2020229258]                            00:27 +1510 -13: /Users/taormina/Code/flame/packages/flame/test/effects/controllers/infinite_effect_controller_test.dart: InfiniteEffectController recede [seed=3823296982]                            00:27 +1511 -13: /Users/taormina/Code/flame/packages/flame/test/effects/controllers/sequence_effect_controller_test.dart: SequenceEffectController errors                                              00:27 +1512 -13: /Users/taormina/Code/flame/packages/flame/test/effects/controllers/sequence_effect_controller_test.dart: SequenceEffectController errors                                              00:28 +1512 -13: /Users/taormina/Code/flame/packages/flame/test/effects/controllers/sequence_effect_controller_test.dart: SequenceEffectController errors                                              00:28 +1512 -13: loading /Users/taormina/Code/flame/packages/flame/test/effects/remove_effect_test.dart                                                                                                00:28 +1512 -13: /Users/taormina/Code/flame/packages/flame/test/effects/remove_effect_test.dart: RemoveEffect no delay                                                                                 00:28 +1513 -13: /Users/taormina/Code/flame/packages/flame/test/effects/remove_effect_test.dart: RemoveEffect no delay                                                                                 00:28 +1513 -13: /Users/taormina/Code/flame/packages/flame/test/effects/remove_effect_test.dart: RemoveEffect delayed                                                                                  00:28 +1514 -13: /Users/taormina/Code/flame/packages/flame/test/effects/rotate_effect_test.dart: RotateEffect relative                                                                                 00:28 +1515 -13: /Users/taormina/Code/flame/packages/flame/test/effects/rotate_effect_test.dart: RotateEffect relative                                                                                 00:28 +1516 -13: /Users/taormina/Code/flame/packages/flame/test/effects/function_effect_test.dart: FunctionEffect applies function correctly                                                           00:28 +1517 -13: /Users/taormina/Code/flame/packages/flame/test/effects/function_effect_test.dart: FunctionEffect applies function correctly                                                           00:28 +1518 -13: /Users/taormina/Code/flame/packages/flame/test/effects/function_effect_test.dart: FunctionEffect applies function correctly                                                           00:28 +1519 -13: /Users/taormina/Code/flame/packages/flame/test/effects/function_effect_test.dart: FunctionEffect applies function correctly                                                           00:28 +1520 -13: /Users/taormina/Code/flame/packages/flame/test/effects/function_effect_test.dart: FunctionEffect applies function correctly                                                           00:28 +1521 -13: /Users/taormina/Code/flame/packages/flame/test/effects/opacity_effect_test.dart: OpacityEffect relative                                                                               00:28 +1522 -13: /Users/taormina/Code/flame/packages/flame/test/effects/opacity_effect_test.dart: OpacityEffect relative                                                                               00:28 +1523 -13: /Users/taormina/Code/flame/packages/flame/test/effects/opacity_effect_test.dart: OpacityEffect relative                                                                               00:28 +1524 -13: /Users/taormina/Code/flame/packages/flame/test/effects/opacity_effect_test.dart: OpacityEffect relative                                                                               00:28 +1525 -13: /Users/taormina/Code/flame/packages/flame/test/effects/rotate_effect_test.dart: RotateEffect a very long rotation [seed=645476729]                                                    00:28 +1526 -13: /Users/taormina/Code/flame/packages/flame/test/effects/rotate_effect_test.dart: RotateEffect a very long rotation [seed=645476729]                                                    00:28 +1527 -13: /Users/taormina/Code/flame/packages/flame/test/effects/rotate_effect_test.dart: RotateEffect a very long rotation [seed=645476729]                                                    00:28 +1528 -13: /Users/taormina/Code/flame/packages/flame/test/effects/rotate_effect_test.dart: RotateEffect a very long rotation [seed=645476729]                                                    00:28 +1529 -13: /Users/taormina/Code/flame/packages/flame/test/effects/rotate_effect_test.dart: RotateEffect a very long rotation [seed=645476729]                                                    00:28 +1530 -13: /Users/taormina/Code/flame/packages/flame/test/effects/rotate_effect_test.dart: RotateEffect a very long rotation [seed=645476729]                                                    00:28 +1531 -13: /Users/taormina/Code/flame/packages/flame/test/effects/rotate_effect_test.dart: RotateEffect a very long rotation [seed=645476729]                                                    00:28 +1532 -13: /Users/taormina/Code/flame/packages/flame/test/effects/rotate_effect_test.dart: RotateEffect a very long rotation [seed=645476729]                                                    00:28 +1533 -13: /Users/taormina/Code/flame/packages/flame/test/effects/rotate_effect_test.dart: RotateEffect a very long rotation [seed=645476729]                                                    00:28 +1534 -13: /Users/taormina/Code/flame/packages/flame/test/effects/rotate_effect_test.dart: RotateEffect a very long rotation [seed=645476729]                                                    00:28 +1535 -13: /Users/taormina/Code/flame/packages/flame/test/effects/rotate_effect_test.dart: RotateEffect a very long rotation [seed=645476729]                                                    00:28 +1536 -13: /Users/taormina/Code/flame/packages/flame/test/widgets/sprite_button_test.dart: SpriteButton has no FutureBuilder when passed an animation                                            00:28 +1537 -13: /Users/taormina/Code/flame/packages/flame/test/widgets/sprite_button_test.dart: SpriteButton has no FutureBuilder when passed an animation                                            00:28 +1538 -13: /Users/taormina/Code/flame/packages/flame/test/widgets/sprite_button_test.dart: SpriteButton has no FutureBuilder when passed an animation                                            00:28 +1538 -13: /Users/taormina/Code/flame/packages/flame/test/widgets/sprite_button_test.dart: SpriteButton has FutureBuilder and LoadingWidget when passed an asset path                            00:28 +1539 -13: /Users/taormina/Code/flame/packages/flame/test/widgets/sprite_button_test.dart: SpriteButton has FutureBuilder and LoadingWidget when passed an asset path                            00:28 +1539 -13: /Users/taormina/Code/flame/packages/flame/test/widgets/sprite_button_test.dart: SpriteButton has no FutureBuilder or LoadingWidget when passed already loaded asset paths             00:28 +1540 -13: /Users/taormina/Code/flame/packages/flame/test/widgets/sprite_button_test.dart: SpriteButton has no FutureBuilder or LoadingWidget when passed already loaded asset paths             00:28 +1540 -13: loading /Users/taormina/Code/flame/packages/flame/test/widgets/nine_tile_box_widget_test.dart                                                                                         00:28 +1540 -13: /Users/taormina/Code/flame/packages/flame/test/widgets/nine_tile_box_widget_test.dart: NineTileBoxWidget has no FutureBuilder when passed an animation                                00:29 +1540 -13: /Users/taormina/Code/flame/packages/flame/test/widgets/nine_tile_box_widget_test.dart: NineTileBoxWidget has no FutureBuilder when passed an animation                                00:29 +1541 -13: /Users/taormina/Code/flame/packages/flame/test/widgets/components_notifier_builder_test.dart: ComponentsNotifierBuilder renders the initial value                                     00:29 +1542 -13: /Users/taormina/Code/flame/packages/flame/test/widgets/components_notifier_builder_test.dart: ComponentsNotifierBuilder renders the initial value                                     00:29 +1543 -13: /Users/taormina/Code/flame/packages/flame/test/widgets/components_notifier_builder_test.dart: ComponentsNotifierBuilder renders the initial value                                     00:29 +1544 -13: /Users/taormina/Code/flame/packages/flame/test/widgets/components_notifier_builder_test.dart: ComponentsNotifierBuilder renders the initial value                                     00:29 +1545 -13: /Users/taormina/Code/flame/packages/flame/test/widgets/components_notifier_builder_test.dart: ComponentsNotifierBuilder renders the initial value                                     00:29 +1546 -13: /Users/taormina/Code/flame/packages/flame/test/widgets/components_notifier_builder_test.dart: ComponentsNotifierBuilder renders the initial value                                     00:29 +1547 -13: /Users/taormina/Code/flame/packages/flame/test/widgets/components_notifier_builder_test.dart: ComponentsNotifierBuilder renders the initial value                                     00:29 +1548 -13: /Users/taormina/Code/flame/packages/flame/test/raster_sprite_test.dart: Raster Sprite rasterize sprite still renders correctly                                                        00:29 +1549 -13: /Users/taormina/Code/flame/packages/flame/test/raster_sprite_test.dart: Raster Sprite rasterize sprite still renders correctly                                                        00:29 +1550 -13: /Users/taormina/Code/flame/packages/flame/test/raster_sprite_test.dart: Raster Sprite rasterize sprite still renders correctly                                                        00:29 +1551 -13: /Users/taormina/Code/flame/packages/flame/test/raster_sprite_test.dart: Raster Sprite rasterize sprite still renders correctly                                                        00:29 +1552 -13: /Users/taormina/Code/flame/packages/flame/test/raster_sprite_test.dart: Raster Sprite rasterize sprite still renders correctly                                                        00:29 +1553 -13: /Users/taormina/Code/flame/packages/flame/test/raster_sprite_test.dart: Raster Sprite rasterize sprite still renders correctly                                                        00:29 +1554 -13: /Users/taormina/Code/flame/packages/flame/test/raster_sprite_test.dart: Raster Sprite rasterize sprite still renders correctly                                                        00:29 +1555 -13: /Users/taormina/Code/flame/packages/flame/test/raster_sprite_test.dart: Raster Sprite rasterize sprite still renders correctly                                                        00:29 +1556 -13: /Users/taormina/Code/flame/packages/flame/test/raster_sprite_test.dart: Raster Sprite rasterize sprite still renders correctly                                                        00:29 +1557 -13: /Users/taormina/Code/flame/packages/flame/test/raster_sprite_test.dart: Raster Sprite rasterize sprite still renders correctly                                                        00:29 +1558 -13: /Users/taormina/Code/flame/packages/flame/test/raster_sprite_test.dart: Raster Sprite rasterize sprite still renders correctly                                                        00:30 +1558 -13: /Users/taormina/Code/flame/packages/flame/test/raster_sprite_test.dart: Raster Sprite rasterize sprite still renders correctly                                                        00:30 +1558 -13: /Users/taormina/Code/flame/packages/flame/test/raster_sprite_test.dart: Raster Sprite rasterize sprite still renders correctly                                                        
══╡ EXCEPTION CAUGHT BY FLUTTER TEST FRAMEWORK ╞════════════════════════════════════════════════════
The following assertion was thrown while running async test code:
Golden "_goldens/sprite_test_1.png": Pixel test failed, 1.82%, 78783px diff detected.
Failure feedback can be found at /Users/taormina/Code/flame/packages/flame/test/failures

When the exception was thrown, this was the stack:
#0      LocalFileComparator.compare (package:flutter_test/src/_goldens_io.dart:108:5)
<asynchronous suspension>
#1      MatchesGoldenFile.matchAsync.<anonymous closure> (package:flutter_test/src/_matchers_io.dart:124:32)
<asynchronous suspension>
<asynchronous suspension>
#3      _expect.<anonymous closure> (package:matcher/src/expect/expect.dart:123:26)
<asynchronous suspension>
<asynchronous suspension>
#5      expectLater.<anonymous closure> (package:flutter_test/src/widget_tester.dart:508:19)
<asynchronous suspension>
#6      testGolden.<anonymous closure> (package:flame_test/src/test_golden.dart:71:7)
<asynchronous suspension>
#7      testWidgets.<anonymous closure>.<anonymous closure> (package:flutter_test/src/widget_tester.dart:192:15)
<asynchronous suspension>
#8      TestWidgetsFlutterBinding._runTestBody (package:flutter_test/src/binding.dart:1059:5)
<asynchronous suspension>
<asynchronous suspension>
(elided 3 frames from dart:async and package:stack_trace)

The exception was caught asynchronously.
════════════════════════════════════════════════════════════════════════════════════════════════════
00:30 +1558 -14: /Users/taormina/Code/flame/packages/flame/test/raster_sprite_test.dart: Raster Sprite rasterize sprite still renders correctly [E]                                                    
  Test failed. See exception logs above.
  The test description was: still renders correctly
  

To run this test again: /opt/homebrew/Caskroom/flutter/3.3.10/flutter/bin/cache/dart-sdk/bin/dart test /Users/taormina/Code/flame/packages/flame/test/raster_sprite_test.dart -p vm --plain-name 'Raster Sprite rasterize sprite still renders correctly'
00:30 +1558 -14: /Users/taormina/Code/flame/packages/flame/test/raster_sprite_test.dart: Raster Sprite adds the image to the cache                                                                     00:30 +1559 -14: /Users/taormina/Code/flame/packages/flame/test/raster_sprite_test.dart: Raster Sprite adds the image to the cache                                                                     00:30 +1559 -14: /Users/taormina/Code/flame/packages/flame/test/raster_sprite_test.dart: Raster Sprite when using a custom cache key adds the image to the cache with the custom key                   00:30 +1560 -14: /Users/taormina/Code/flame/packages/flame/test/raster_sprite_test.dart: Raster Sprite when using a custom cache key adds the image to the cache with the custom key                   00:30 +1560 -14: Some tests failed.                                                                                                                                                                    
--------------------------------------------------------------------------------
flame_3d:
Resolving dependencies in `/Users/taormina/Code/flame`...
Downloading packages...
  _fe_analyzer_shared 85.0.0 (92.0.0 available)
  analyzer 7.7.1 (9.0.0 available)
  async 2.11.0 (2.13.0 available)
  bloc 8.1.4 (9.1.0 available)
  boolean_selector 2.1.1 (2.1.2 available)
  build 3.1.0 (4.0.2 available)
  build_resolvers 3.0.3 (3.0.4 available)
  build_runner 2.7.1 (2.10.1 available)
  build_runner_core 9.3.1 (9.3.2 available)
  characters 1.4.0 (1.4.1 available)
  charcode 1.3.1 (1.4.0 available)
  cli_launcher 0.3.1 (0.3.2+1 available)
  dart_style 3.1.1 (3.1.2 available)
  dartdoc 8.3.4 (9.0.0 available)
  devtools_app_shared 0.3.1 (0.4.0 available)
  devtools_extensions 0.3.1 (0.4.0 available)
  devtools_shared 11.2.1 (12.0.0 available)
  dtd 2.5.1 (4.0.0 available)
  file 7.0.0 (7.0.1 available)
  flutter_bloc 8.1.6 (9.1.1 available)
  flutter_riverpod 2.6.1 (3.0.3 available)
  glob 2.1.2 (2.1.3 available)
  http 1.2.2 (1.5.0 available)
  http_parser 4.1.0 (4.1.2 available)
  io 1.0.4 (1.0.5 available)
  js 0.6.7 (0.7.2 available)
  json_rpc_2 3.0.3 (4.0.0 available)
  material_color_utilities 0.11.1 (0.13.0 available)
  melos 7.0.0-dev.10 (7.3.0 available)
  mockito 5.5.0 (5.5.1 available)
  mustache_template 2.0.0 (2.0.2 available)
  platform 3.1.5 (3.1.6 available)
  pool 1.5.1 (1.5.2 available)
  process 5.0.2 (5.0.5 available)
  quiver 3.2.1 (3.2.2 available)
  riverpod 2.6.1 (3.0.3 available)
  source_gen 3.1.0 (4.0.2 available)
  source_span 1.10.0 (1.10.1 available)
  string_scanner 1.3.0 (1.4.1 available)
  term_glyph 1.2.1 (1.2.2 available)
Got dependencies in `/Users/taormina/Code/flame`!
40 packages have newer versions incompatible with dependency constraints.
Try `flutter pub outdated` for more information.
00:00 +0: loading /Users/taormina/Code/flame/packages/flame_3d/test/vector4_extensions_test.dart                                                                                                       00:01 +0: loading /Users/taormina/Code/flame/packages/flame_3d/test/vector4_extensions_test.dart                                                                                                       00:01 +0: /Users/taormina/Code/flame/packages/flame_3d/test/vector4_extensions_test.dart: Vector4 extensions can convert back and forth to mutable                                                     00:01 +1: /Users/taormina/Code/flame/packages/flame_3d/test/mesh/cone_mesh_test.dart: Cone Mesh can create a simple cone                                                                               00:01 +2: /Users/taormina/Code/flame/packages/flame_3d/test/mesh/cone_mesh_test.dart: Cone Mesh can create a simple cone                                                                               00:01 +3: /Users/taormina/Code/flame/packages/flame_3d/test/mesh/cone_mesh_test.dart: Cone Mesh can create a simple cone                                                                               00:01 +3: loading /Users/taormina/Code/flame/packages/flame_3d/test/components/line_3d_test.dart                                                                                                       00:01 +3: /Users/taormina/Code/flame/packages/flame_3d/test/components/line_3d_test.dart: Line 3D Mesh Component can create vertical line                                                              00:01 +4: /Users/taormina/Code/flame/packages/flame_3d/test/components/line_3d_test.dart: Line 3D Mesh Component can create vertical line                                                              00:01 +5: /Users/taormina/Code/flame/packages/flame_3d/test/components/line_3d_test.dart: Line 3D Mesh Component can create vertical line                                                              00:01 +6: /Users/taormina/Code/flame/packages/flame_3d/test/resources/shader/uniform_binding_test.dart: uniform bindings can bind a vec3 a slot                                                        00:01 +7: /Users/taormina/Code/flame/packages/flame_3d/test/transform_3d_test.dart: Transform3D can create matrix4 using some parameters with sensible defaults                                        00:01 +8: /Users/taormina/Code/flame/packages/flame_3d/test/components/line_3d_test.dart: Line 3D Mesh Component can create horizontal line                                                            00:01 +9: /Users/taormina/Code/flame/packages/flame_3d/test/resources/shader/uniform_binding_test.dart: uniform bindings can bind multiple vector slots                                                00:01 +10: /Users/taormina/Code/flame/packages/flame_3d/test/resources/shader/uniform_binding_test.dart: uniform bindings can bind multiple vector slots                                               00:01 +10: /Users/taormina/Code/flame/packages/flame_3d/test/resources/shader/uniform_binding_test.dart: uniform bindings can bind a mat4 a slot                                                       00:01 +11: /Users/taormina/Code/flame/packages/flame_3d/test/resources/shader/uniform_binding_test.dart: uniform bindings can bind a mat4 a slot                                                       00:01 +11: /Users/taormina/Code/flame/packages/flame_3d/test/resources/shader/uniform_binding_test.dart: uniform bindings can bind a vec3 to an array slot                                             00:01 +12: /Users/taormina/Code/flame/packages/flame_3d/test/resources/shader/uniform_binding_test.dart: uniform bindings can bind a vec3 to an array slot                                             00:01 +12: /Users/taormina/Code/flame/packages/flame_3d/test/resources/shader/uniform_binding_test.dart: uniform bindings can bind multiple slots                                                      00:01 +13: /Users/taormina/Code/flame/packages/flame_3d/test/resources/shader/uniform_binding_test.dart: uniform bindings can bind multiple slots                                                      00:01 +13: loading /Users/taormina/Code/flame/packages/flame_3d/test/vector3_extensions_test.dart                                                                                                      00:01 +13: /Users/taormina/Code/flame/packages/flame_3d/test/vector3_extensions_test.dart: Vector3 extensions can convert back and forth to mutable                                                    00:01 +14: /Users/taormina/Code/flame/packages/flame_3d/test/vector3_extensions_test.dart: Vector3 extensions can convert back and forth to mutable                                                    00:01 +14: /Users/taormina/Code/flame/packages/flame_3d/test/vector3_extensions_test.dart: Vector3 extensions can subtract immutable vector3                                                           00:01 +15: /Users/taormina/Code/flame/packages/flame_3d/test/vector3_extensions_test.dart: Vector3 extensions can subtract immutable vector3                                                           00:01 +15: /Users/taormina/Code/flame/packages/flame_3d/test/vector3_extensions_test.dart: Vector3 extensions can lerp                                                                                 00:01 +16: /Users/taormina/Code/flame/packages/flame_3d/test/vector3_extensions_test.dart: Vector3 extensions can lerp                                                                                 00:01 +16: loading /Users/taormina/Code/flame/packages/flame_3d/test/quaternion_extensions_test.dart                                                                                                   00:01 +16: /Users/taormina/Code/flame/packages/flame_3d/test/quaternion_extensions_test.dart: Quaternion extensions can lerp                                                                           00:01 +17: /Users/taormina/Code/flame/packages/flame_3d/test/vector2_extensions_test.dart: Vector2 extensions can convert back and forth to mutable                                                    00:01 +18: /Users/taormina/Code/flame/packages/flame_3d/test/vector2_extensions_test.dart: Vector2 extensions can convert back and forth to mutable                                                    00:01 +19: /Users/taormina/Code/flame/packages/flame_3d/test/vector2_extensions_test.dart: Vector2 extensions can convert back and forth to mutable                                                    00:01 +20: /Users/taormina/Code/flame/packages/flame_3d/test/vector2_extensions_test.dart: Vector2 extensions can convert back and forth to mutable                                                    00:01 +20: /Users/taormina/Code/flame/packages/flame_3d/test/vector2_extensions_test.dart: Vector2 extensions can lerp                                                                                 00:01 +21: /Users/taormina/Code/flame/packages/flame_3d/test/vector2_extensions_test.dart: Vector2 extensions can lerp                                                                                 00:01 +21: All tests passed!                                                                                                                                                                           
flame_3d: SUCCESS
--------------------------------------------------------------------------------
flame_audio:
Resolving dependencies in `/Users/taormina/Code/flame`...
Downloading packages...
  _fe_analyzer_shared 85.0.0 (92.0.0 available)
  analyzer 7.7.1 (9.0.0 available)
  async 2.11.0 (2.13.0 available)
  bloc 8.1.4 (9.1.0 available)
  boolean_selector 2.1.1 (2.1.2 available)
  build 3.1.0 (4.0.2 available)
  build_resolvers 3.0.3 (3.0.4 available)
  build_runner 2.7.1 (2.10.1 available)
  build_runner_core 9.3.1 (9.3.2 available)
  characters 1.4.0 (1.4.1 available)
  charcode 1.3.1 (1.4.0 available)
  cli_launcher 0.3.1 (0.3.2+1 available)
  dart_style 3.1.1 (3.1.2 available)
  dartdoc 8.3.4 (9.0.0 available)
  devtools_app_shared 0.3.1 (0.4.0 available)
  devtools_extensions 0.3.1 (0.4.0 available)
  devtools_shared 11.2.1 (12.0.0 available)
  dtd 2.5.1 (4.0.0 available)
  file 7.0.0 (7.0.1 available)
  flutter_bloc 8.1.6 (9.1.1 available)
  flutter_riverpod 2.6.1 (3.0.3 available)
  glob 2.1.2 (2.1.3 available)
  http 1.2.2 (1.5.0 available)
  http_parser 4.1.0 (4.1.2 available)
  io 1.0.4 (1.0.5 available)
  js 0.6.7 (0.7.2 available)
  json_rpc_2 3.0.3 (4.0.0 available)
  material_color_utilities 0.11.1 (0.13.0 available)
  melos 7.0.0-dev.10 (7.3.0 available)
  mockito 5.5.0 (5.5.1 available)
  mustache_template 2.0.0 (2.0.2 available)
  platform 3.1.5 (3.1.6 available)
  pool 1.5.1 (1.5.2 available)
  process 5.0.2 (5.0.5 available)
  quiver 3.2.1 (3.2.2 available)
  riverpod 2.6.1 (3.0.3 available)
  source_gen 3.1.0 (4.0.2 available)
  source_span 1.10.0 (1.10.1 available)
  string_scanner 1.3.0 (1.4.1 available)
  term_glyph 1.2.1 (1.2.2 available)
Got dependencies in `/Users/taormina/Code/flame`!
40 packages have newer versions incompatible with dependency constraints.
Try `flutter pub outdated` for more information.
00:00 +0: loading /Users/taormina/Code/flame/packages/flame_audio/test/flame_audio_test.dart                                                                                                           00:00 +0: FlameAudio starts the audioCache with the default prefix                                                                                                                                     00:00 +1: FlameAudio starts the audioCache with the default prefix                                                                                                                                     00:00 +1: FlameAudio updatePrefix updates the prefix on both bgm and audioCache                                                                                                                        00:00 +2: FlameAudio updatePrefix updates the prefix on both bgm and audioCache                                                                                                                        00:00 +2: All tests passed!                                                                                                                                                                            
flame_audio: SUCCESS
--------------------------------------------------------------------------------
flame_behavior_tree:
Resolving dependencies in `/Users/taormina/Code/flame`...
Downloading packages...
  _fe_analyzer_shared 85.0.0 (92.0.0 available)
  analyzer 7.7.1 (9.0.0 available)
  async 2.11.0 (2.13.0 available)
  bloc 8.1.4 (9.1.0 available)
  boolean_selector 2.1.1 (2.1.2 available)
  build 3.1.0 (4.0.2 available)
  build_resolvers 3.0.3 (3.0.4 available)
  build_runner 2.7.1 (2.10.1 available)
  build_runner_core 9.3.1 (9.3.2 available)
  characters 1.4.0 (1.4.1 available)
  charcode 1.3.1 (1.4.0 available)
  cli_launcher 0.3.1 (0.3.2+1 available)
  dart_style 3.1.1 (3.1.2 available)
  dartdoc 8.3.4 (9.0.0 available)
  devtools_app_shared 0.3.1 (0.4.0 available)
  devtools_extensions 0.3.1 (0.4.0 available)
  devtools_shared 11.2.1 (12.0.0 available)
  dtd 2.5.1 (4.0.0 available)
  file 7.0.0 (7.0.1 available)
  flutter_bloc 8.1.6 (9.1.1 available)
  flutter_riverpod 2.6.1 (3.0.3 available)
  glob 2.1.2 (2.1.3 available)
  http 1.2.2 (1.5.0 available)
  http_parser 4.1.0 (4.1.2 available)
  io 1.0.4 (1.0.5 available)
  js 0.6.7 (0.7.2 available)
  json_rpc_2 3.0.3 (4.0.0 available)
  material_color_utilities 0.11.1 (0.13.0 available)
  melos 7.0.0-dev.10 (7.3.0 available)
  mockito 5.5.0 (5.5.1 available)
  mustache_template 2.0.0 (2.0.2 available)
  platform 3.1.5 (3.1.6 available)
  pool 1.5.1 (1.5.2 available)
  process 5.0.2 (5.0.5 available)
  quiver 3.2.1 (3.2.2 available)
  riverpod 2.6.1 (3.0.3 available)
  source_gen 3.1.0 (4.0.2 available)
  source_span 1.10.0 (1.10.1 available)
  string_scanner 1.3.0 (1.4.1 available)
  term_glyph 1.2.1 (1.2.2 available)
Got dependencies in `/Users/taormina/Code/flame`!
40 packages have newer versions incompatible with dependency constraints.
Try `flutter pub outdated` for more information.
00:00 +0: loading /Users/taormina/Code/flame/packages/flame_behavior_tree/test/has_behavior_tree_test.dart                                                                                             00:00 +0: HasBehaviorTree updates with null tree.                                                                                                                                                      00:00 +1: HasBehaviorTree updates with null tree.                                                                                                                                                      00:00 +1: HasBehaviorTree tick interval can be changed                                                                                                                                                 00:00 +2: HasBehaviorTree tick interval can be changed                                                                                                                                                 00:00 +2: HasBehaviorTree throws if treeNode is accessed before setting.                                                                                                                               00:00 +3: HasBehaviorTree throws if treeNode is accessed before setting.                                                                                                                               00:00 +3: HasBehaviorTree updates without errors with a valid tree.                                                                                                                                    00:00 +4: HasBehaviorTree updates without errors with a valid tree.                                                                                                                                    00:00 +4: HasBehaviorTree tree updates at a slower rate.                                                                                                                                               00:00 +5: HasBehaviorTree tree updates at a slower rate.                                                                                                                                               00:00 +5: All tests passed!                                                                                                                                                                            
flame_behavior_tree: SUCCESS
--------------------------------------------------------------------------------
flame_behaviors:
Resolving dependencies in `/Users/taormina/Code/flame`...
Downloading packages...
  _fe_analyzer_shared 85.0.0 (92.0.0 available)
  analyzer 7.7.1 (9.0.0 available)
  async 2.11.0 (2.13.0 available)
  bloc 8.1.4 (9.1.0 available)
  boolean_selector 2.1.1 (2.1.2 available)
  build 3.1.0 (4.0.2 available)
  build_resolvers 3.0.3 (3.0.4 available)
  build_runner 2.7.1 (2.10.1 available)
  build_runner_core 9.3.1 (9.3.2 available)
  characters 1.4.0 (1.4.1 available)
  charcode 1.3.1 (1.4.0 available)
  cli_launcher 0.3.1 (0.3.2+1 available)
  dart_style 3.1.1 (3.1.2 available)
  dartdoc 8.3.4 (9.0.0 available)
  devtools_app_shared 0.3.1 (0.4.0 available)
  devtools_extensions 0.3.1 (0.4.0 available)
  devtools_shared 11.2.1 (12.0.0 available)
  dtd 2.5.1 (4.0.0 available)
  file 7.0.0 (7.0.1 available)
  flutter_bloc 8.1.6 (9.1.1 available)
  flutter_riverpod 2.6.1 (3.0.3 available)
  glob 2.1.2 (2.1.3 available)
  http 1.2.2 (1.5.0 available)
  http_parser 4.1.0 (4.1.2 available)
  io 1.0.4 (1.0.5 available)
  js 0.6.7 (0.7.2 available)
  json_rpc_2 3.0.3 (4.0.0 available)
  material_color_utilities 0.11.1 (0.13.0 available)
  melos 7.0.0-dev.10 (7.3.0 available)
  mockito 5.5.0 (5.5.1 available)
  mustache_template 2.0.0 (2.0.2 available)
  platform 3.1.5 (3.1.6 available)
  pool 1.5.1 (1.5.2 available)
  process 5.0.2 (5.0.5 available)
  quiver 3.2.1 (3.2.2 available)
  riverpod 2.6.1 (3.0.3 available)
  source_gen 3.1.0 (4.0.2 available)
  source_span 1.10.0 (1.10.1 available)
  string_scanner 1.3.0 (1.4.1 available)
  term_glyph 1.2.1 (1.2.2 available)
Got dependencies in `/Users/taormina/Code/flame`!
40 packages have newer versions incompatible with dependency constraints.
Try `flutter pub outdated` for more information.
00:00 +0: loading /Users/taormina/Code/flame/packages/flame_behaviors/test/src/behaviors/behavior_test.dart                                                                                            00:01 +0: loading /Users/taormina/Code/flame/packages/flame_behaviors/test/src/behaviors/behavior_test.dart                                                                                            00:01 +0: /Users/taormina/Code/flame/packages/flame_behaviors/test/src/behaviors/behavior_test.dart: Behavior can be added to an Entity                                                                00:01 +1: /Users/taormina/Code/flame/packages/flame_behaviors/test/src/behaviors/behavior_test.dart: Behavior can be added to an Entity                                                                00:01 +2: /Users/taormina/Code/flame/packages/flame_behaviors/test/src/behaviors/behavior_test.dart: Behavior can be added to an Entity                                                                00:01 +3: /Users/taormina/Code/flame/packages/flame_behaviors/test/src/behaviors/behavior_test.dart: Behavior can be added to an Entity                                                                00:01 +4: /Users/taormina/Code/flame/packages/flame_behaviors/test/src/behaviors/propagating_collision_behavior_test.dart: ... isColliding returns true if it is current colliding with the Collider   00:01 +5: /Users/taormina/Code/flame/packages/flame_behaviors/test/src/behaviors/propagating_collision_behavior_test.dart: ... isColliding returns true if it is current colliding with the Collider   00:01 +6: /Users/taormina/Code/flame/packages/flame_behaviors/test/src/behaviors/propagating_collision_behavior_test.dart: ... isColliding returns true if it is current colliding with the Collider   00:01 +7: /Users/taormina/Code/flame/packages/flame_behaviors/test/src/behaviors/propagating_collision_behavior_test.dart: ... isColliding returns true if it is current colliding with the Collider   00:01 +8: /Users/taormina/Code/flame/packages/flame_behaviors/test/src/behaviors/propagating_collision_behavior_test.dart: ... isColliding returns true if it is current colliding with the Collider   00:01 +9: /Users/taormina/Code/flame/packages/flame_behaviors/test/src/behaviors/propagating_collision_behavior_test.dart: ... isColliding returns true if it is current colliding with the Collider   00:01 +10: /Users/taormina/Code/flame/packages/flame_behaviors/test/src/behaviors/behavior_test.dart: Behavior children can not have entities as children                                              00:01 +11: /Users/taormina/Code/flame/packages/flame_behaviors/test/src/behaviors/propagating_collision_behavior_test.dart: ... isColliding returns false if it is not colliding with any Colliders    00:01 +12: /Users/taormina/Code/flame/packages/flame_behaviors/test/src/behaviors/propagating_collision_behavior_test.dart: ... isColliding returns false if it is not colliding with any Colliders    00:01 +12: /Users/taormina/Code/flame/packages/flame_behaviors/test/src/behaviors/propagating_collision_behavior_test.dart: PropagatingCollisionBehavior<EntityMixin> can be added to an Entity        00:01 +13: /Users/taormina/Code/flame/packages/flame_behaviors/test/src/behaviors/propagating_collision_behavior_test.dart: PropagatingCollisionBehavior<EntityMixin> can be added to an Entity        00:01 +13: /Users/taormina/Code/flame/packages/flame_behaviors/test/src/behaviors/propagating_collision_behavior_test.dart: ... throws assertion exception if parent is not a positioned component     00:01 +14: /Users/taormina/Code/flame/packages/flame_behaviors/test/src/behaviors/propagating_collision_behavior_test.dart: ... throws assertion exception if parent is not a positioned component     00:01 +14: /Users/taormina/Code/flame/packages/flame_behaviors/test/src/behaviors/propagating_collision_behavior_test.dart: ... _findEntity() returns proper values during lifecycle                   00:01 +15: /Users/taormina/Code/flame/packages/flame_behaviors/test/src/behaviors/propagating_collision_behavior_test.dart: ... _findEntity() returns proper values during lifecycle                   00:01 +15: /Users/taormina/Code/flame/packages/flame_behaviors/test/src/behaviors/propagating_collision_behavior_test.dart: ... propagates collision on start to the correct collision behavior        00:01 +16: /Users/taormina/Code/flame/packages/flame_behaviors/test/src/behaviors/propagating_collision_behavior_test.dart: ... propagates collision on start to the correct collision behavior        00:01 +16: /Users/taormina/Code/flame/packages/flame_behaviors/test/src/behaviors/propagating_collision_behavior_test.dart: ... propagates collision on collision to the correct collision behavior    00:01 +17: /Users/taormina/Code/flame/packages/flame_behaviors/test/src/behaviors/propagating_collision_behavior_test.dart: ... propagates collision on collision to the correct collision behavior    00:01 +17: /Users/taormina/Code/flame/packages/flame_behaviors/test/src/behaviors/propagating_collision_behavior_test.dart: ... propagates collision on end to the correct collision behavior          00:01 +18: /Users/taormina/Code/flame/packages/flame_behaviors/test/src/behaviors/propagating_collision_behavior_test.dart: ... propagates collision on end to the correct collision behavior          00:01 +18: loading /Users/taormina/Code/flame/packages/flame_behaviors/test/src/entity_test.dart                                                                                                       00:01 +18: /Users/taormina/Code/flame/packages/flame_behaviors/test/src/entity_test.dart: Entity adds behaviors directly to itself                                                                     00:01 +19: /Users/taormina/Code/flame/packages/flame_behaviors/test/src/entity_test.dart: Entity adds behaviors directly to itself                                                                     00:01 +19: /Users/taormina/Code/flame/packages/flame_behaviors/test/src/entity_test.dart: Entity adds behaviors to itself                                                                              00:01 +20: /Users/taormina/Code/flame/packages/flame_behaviors/test/src/entity_test.dart: Entity adds behaviors to itself                                                                              00:01 +20: /Users/taormina/Code/flame/packages/flame_behaviors/test/src/entity_test.dart: Entity behavior can be removed from entity and the internal cache                                            00:01 +21: /Users/taormina/Code/flame/packages/flame_behaviors/test/src/entity_test.dart: Entity behavior can be removed from entity and the internal cache                                            00:01 +21: /Users/taormina/Code/flame/packages/flame_behaviors/test/src/entity_test.dart: Entity can correctly confirm if it has a behavior                                                            00:01 +22: /Users/taormina/Code/flame/packages/flame_behaviors/test/src/entity_test.dart: Entity can correctly confirm if it has a behavior                                                            00:01 +22: All tests passed!                                                                                                                                                                           
flame_behaviors: SUCCESS
--------------------------------------------------------------------------------
flame_bloc:
Resolving dependencies in `/Users/taormina/Code/flame`...
Downloading packages...
  _fe_analyzer_shared 85.0.0 (92.0.0 available)
  analyzer 7.7.1 (9.0.0 available)
  async 2.11.0 (2.13.0 available)
  bloc 8.1.4 (9.1.0 available)
  boolean_selector 2.1.1 (2.1.2 available)
  build 3.1.0 (4.0.2 available)
  build_resolvers 3.0.3 (3.0.4 available)
  build_runner 2.7.1 (2.10.1 available)
  build_runner_core 9.3.1 (9.3.2 available)
  characters 1.4.0 (1.4.1 available)
  charcode 1.3.1 (1.4.0 available)
  cli_launcher 0.3.1 (0.3.2+1 available)
  dart_style 3.1.1 (3.1.2 available)
  dartdoc 8.3.4 (9.0.0 available)
  devtools_app_shared 0.3.1 (0.4.0 available)
  devtools_extensions 0.3.1 (0.4.0 available)
  devtools_shared 11.2.1 (12.0.0 available)
  dtd 2.5.1 (4.0.0 available)
  file 7.0.0 (7.0.1 available)
  flutter_bloc 8.1.6 (9.1.1 available)
  flutter_riverpod 2.6.1 (3.0.3 available)
  glob 2.1.2 (2.1.3 available)
  http 1.2.2 (1.5.0 available)
  http_parser 4.1.0 (4.1.2 available)
  io 1.0.4 (1.0.5 available)
  js 0.6.7 (0.7.2 available)
  json_rpc_2 3.0.3 (4.0.0 available)
  material_color_utilities 0.11.1 (0.13.0 available)
  melos 7.0.0-dev.10 (7.3.0 available)
  mockito 5.5.0 (5.5.1 available)
  mustache_template 2.0.0 (2.0.2 available)
  platform 3.1.5 (3.1.6 available)
  pool 1.5.1 (1.5.2 available)
  process 5.0.2 (5.0.5 available)
  quiver 3.2.1 (3.2.2 available)
  riverpod 2.6.1 (3.0.3 available)
  source_gen 3.1.0 (4.0.2 available)
  source_span 1.10.0 (1.10.1 available)
  string_scanner 1.3.0 (1.4.1 available)
  term_glyph 1.2.1 (1.2.2 available)
Got dependencies in `/Users/taormina/Code/flame`!
40 packages have newer versions incompatible with dependency constraints.
Try `flutter pub outdated` for more information.
00:00 +0: loading /Users/taormina/Code/flame/packages/flame_bloc/test/src/flame_bloc_listenable_test.dart                                                                                              00:01 +0: loading /Users/taormina/Code/flame/packages/flame_bloc/test/src/flame_bloc_listenable_test.dart                                                                                              00:01 +0: /Users/taormina/Code/flame/packages/flame_bloc/test/src/flame_bloc_listenable_test.dart: FlameBlocListenable throws assertion error when the bloc is not provided                            00:01 +1: /Users/taormina/Code/flame/packages/flame_bloc/test/src/flame_bloc_reader_test.dart: FlameBlocReader throws assertion error when the bloc is not provided                                    00:01 +2: /Users/taormina/Code/flame/packages/flame_bloc/test/src/flame_bloc_reader_test.dart: FlameBlocReader throws assertion error when the bloc is not provided                                    00:01 +3: /Users/taormina/Code/flame/packages/flame_bloc/test/src/flame_bloc_reader_test.dart: FlameBlocReader throws assertion error when the bloc is not provided                                    00:01 +4: /Users/taormina/Code/flame/packages/flame_bloc/test/src/flame_bloc_reader_test.dart: FlameBlocReader throws assertion error when the bloc is not provided                                    00:01 +5: /Users/taormina/Code/flame/packages/flame_bloc/test/src/flame_bloc_reader_test.dart: FlameBlocReader throws assertion error when the bloc is not provided                                    00:01 +6: /Users/taormina/Code/flame/packages/flame_bloc/test/src/flame_bloc_reader_test.dart: FlameBlocReader throws assertion error when the bloc is not provided                                    00:01 +7: /Users/taormina/Code/flame/packages/flame_bloc/test/src/flame_bloc_listener_test.dart: FlameBlocListener onNewsState is called when state changes                                            00:01 +8: /Users/taormina/Code/flame/packages/flame_bloc/test/src/flame_bloc_listener_test.dart: FlameBlocListener onNewsState is called when state changes                                            00:01 +8: /Users/taormina/Code/flame/packages/flame_bloc/test/src/flame_bloc_listener_test.dart: FlameBlocListener onInitialState is called when the initial state is received                         00:01 +9: /Users/taormina/Code/flame/packages/flame_bloc/test/src/flame_bloc_listener_test.dart: FlameBlocListener onInitialState is called when the initial state is received                         00:01 +9: /Users/taormina/Code/flame/packages/flame_bloc/test/src/flame_bloc_listener_test.dart: FlameBlocListener onNewsState is not called when listenWhen returns false                             00:01 +10: /Users/taormina/Code/flame/packages/flame_bloc/test/src/flame_bloc_listener_test.dart: FlameBlocListener onNewsState is not called when listenWhen returns false                            00:01 +10: /Users/taormina/Code/flame/packages/flame_bloc/test/src/flame_bloc_listener_test.dart: FlameBlocListener a bloc can be explicitly passed                                                    00:01 +11: /Users/taormina/Code/flame/packages/flame_bloc/test/src/flame_bloc_listener_test.dart: FlameBlocListener a bloc can be explicitly passed                                                    00:01 +11: loading /Users/taormina/Code/flame/packages/flame_bloc/test/src/flame_bloc_provider_test.dart                                                                                               00:01 +11: /Users/taormina/Code/flame/packages/flame_bloc/test/src/flame_bloc_provider_test.dart: FlameBlocProvider Provides a bloc down on the tree                                                   00:01 +12: /Users/taormina/Code/flame/packages/flame_bloc/test/src/flame_multi_bloc_provider_test.dart: FlameMultiBlocProvider Provides multiple blocs down on the tree                                00:01 +13: /Users/taormina/Code/flame/packages/flame_bloc/test/src/flame_multi_bloc_provider_test.dart: FlameMultiBlocProvider Provides multiple blocs down on the tree                                00:01 +14: /Users/taormina/Code/flame/packages/flame_bloc/test/src/flame_multi_bloc_provider_test.dart: FlameMultiBlocProvider Provides multiple blocs down on the tree                                00:01 +15: /Users/taormina/Code/flame/packages/flame_bloc/test/src/flame_multi_bloc_provider_test.dart: FlameMultiBlocProvider Provides multiple blocs down on the tree                                00:01 +16: /Users/taormina/Code/flame/packages/flame_bloc/test/src/flame_multi_bloc_provider_test.dart: FlameMultiBlocProvider Provides multiple blocs down on the tree                                00:01 +17: /Users/taormina/Code/flame/packages/flame_bloc/test/src/flame_multi_bloc_provider_test.dart: FlameMultiBlocProvider Provides multiple blocs down on the tree                                00:01 +18: /Users/taormina/Code/flame/packages/flame_bloc/test/src/flame_multi_bloc_provider_test.dart: FlameMultiBlocProvider Provides multiple blocs down on the tree                                00:01 +19: /Users/taormina/Code/flame/packages/flame_bloc/test/src/flame_multi_bloc_provider_test.dart: FlameMultiBlocProvider Provides multiple blocs down on the tree                                00:01 +19: /Users/taormina/Code/flame/packages/flame_bloc/test/src/flame_multi_bloc_provider_test.dart: FlameMultiBlocProvider can listen to new state changes                                         00:01 +20: /Users/taormina/Code/flame/packages/flame_bloc/test/src/flame_multi_bloc_provider_test.dart: FlameMultiBlocProvider can listen to new state changes                                         00:01 +20: /Users/taormina/Code/flame/packages/flame_bloc/test/src/flame_multi_bloc_provider_test.dart: FlameMultiBlocProvider Add and remove a child with two providers                               00:01 +21: /Users/taormina/Code/flame/packages/flame_bloc/test/src/flame_multi_bloc_provider_test.dart: FlameMultiBlocProvider Add and remove a child with two providers                               00:01 +21: /Users/taormina/Code/flame/packages/flame_bloc/test/src/flame_multi_bloc_provider_test.dart: ... when using children on constructor Provides multiple blocs down on the tree                00:01 +22: /Users/taormina/Code/flame/packages/flame_bloc/test/src/flame_multi_bloc_provider_test.dart: ... when using children on constructor Provides multiple blocs down on the tree                00:01 +22: /Users/taormina/Code/flame/packages/flame_bloc/test/src/flame_multi_bloc_provider_test.dart: FlameMultiBlocProvider when using children on constructor can listen to new state changes      00:01 +23: /Users/taormina/Code/flame/packages/flame_bloc/test/src/flame_multi_bloc_provider_test.dart: FlameMultiBlocProvider when using children on constructor can listen to new state changes      00:01 +23: /Users/taormina/Code/flame/packages/flame_bloc/test/src/flame_multi_bloc_provider_test.dart: ... when using children on constructor can listen to multiple subsequent state changes         00:01 +24: /Users/taormina/Code/flame/packages/flame_bloc/test/src/flame_multi_bloc_provider_test.dart: ... when using children on constructor can listen to multiple subsequent state changes         00:01 +24: All tests passed!                                                                                                                                                                           
flame_bloc: SUCCESS
--------------------------------------------------------------------------------
flame_console:
Resolving dependencies in `/Users/taormina/Code/flame`...
Downloading packages...
  _fe_analyzer_shared 85.0.0 (92.0.0 available)
  analyzer 7.7.1 (9.0.0 available)
  async 2.11.0 (2.13.0 available)
  bloc 8.1.4 (9.1.0 available)
  boolean_selector 2.1.1 (2.1.2 available)
  build 3.1.0 (4.0.2 available)
  build_resolvers 3.0.3 (3.0.4 available)
  build_runner 2.7.1 (2.10.1 available)
  build_runner_core 9.3.1 (9.3.2 available)
  characters 1.4.0 (1.4.1 available)
  charcode 1.3.1 (1.4.0 available)
  cli_launcher 0.3.1 (0.3.2+1 available)
  dart_style 3.1.1 (3.1.2 available)
  dartdoc 8.3.4 (9.0.0 available)
  devtools_app_shared 0.3.1 (0.4.0 available)
  devtools_extensions 0.3.1 (0.4.0 available)
  devtools_shared 11.2.1 (12.0.0 available)
  dtd 2.5.1 (4.0.0 available)
  file 7.0.0 (7.0.1 available)
  flutter_bloc 8.1.6 (9.1.1 available)
  flutter_riverpod 2.6.1 (3.0.3 available)
  glob 2.1.2 (2.1.3 available)
  http 1.2.2 (1.5.0 available)
  http_parser 4.1.0 (4.1.2 available)
  io 1.0.4 (1.0.5 available)
  js 0.6.7 (0.7.2 available)
  json_rpc_2 3.0.3 (4.0.0 available)
  material_color_utilities 0.11.1 (0.13.0 available)
  melos 7.0.0-dev.10 (7.3.0 available)
  mockito 5.5.0 (5.5.1 available)
  mustache_template 2.0.0 (2.0.2 available)
  platform 3.1.5 (3.1.6 available)
  pool 1.5.1 (1.5.2 available)
  process 5.0.2 (5.0.5 available)
  quiver 3.2.1 (3.2.2 available)
  riverpod 2.6.1 (3.0.3 available)
  source_gen 3.1.0 (4.0.2 available)
  source_span 1.10.0 (1.10.1 available)
  string_scanner 1.3.0 (1.4.1 available)
  term_glyph 1.2.1 (1.2.2 available)
Got dependencies in `/Users/taormina/Code/flame`!
40 packages have newer versions incompatible with dependency constraints.
Try `flutter pub outdated` for more information.
00:00 +0: loading /Users/taormina/Code/flame/packages/flame_console/test/src/pause_command_test.dart                                                                                                   00:01 +0: loading /Users/taormina/Code/flame/packages/flame_console/test/src/pause_command_test.dart                                                                                                   00:01 +0: /Users/taormina/Code/flame/packages/flame_console/test/src/pause_command_test.dart: Pause Command pauses the game                                                                            00:01 +1: /Users/taormina/Code/flame/packages/flame_console/test/src/pause_command_test.dart: Pause Command pauses the game                                                                            00:01 +1: /Users/taormina/Code/flame/packages/flame_console/test/src/pause_command_test.dart: Pause Command when the game is already paused returns error                                              00:01 +2: /Users/taormina/Code/flame/packages/flame_console/test/src/pause_command_test.dart: Pause Command when the game is already paused returns error                                              00:01 +2: loading /Users/taormina/Code/flame/packages/flame_console/test/src/resume_command_test.dart                                                                                                  00:01 +2: /Users/taormina/Code/flame/packages/flame_console/test/src/resume_command_test.dart: Resume Command resumes the game                                                                         00:01 +3: /Users/taormina/Code/flame/packages/flame_console/test/src/resume_command_test.dart: Resume Command resumes the game                                                                         00:01 +3: /Users/taormina/Code/flame/packages/flame_console/test/src/resume_command_test.dart: Resume Command when the game is not paused returns error                                                00:01 +4: /Users/taormina/Code/flame/packages/flame_console/test/src/debug_command_test.dart: Debug Command toggle debug mode on components                                                            00:01 +5: /Users/taormina/Code/flame/packages/flame_console/test/src/commands_test.dart: Commands listAllChildren crawls on all children                                                               00:01 +6: /Users/taormina/Code/flame/packages/flame_console/test/src/commands_test.dart: Commands listAllChildren crawls on all children                                                               00:01 +6: /Users/taormina/Code/flame/packages/flame_console/test/src/commands_test.dart: Commands onChildMatch match children with the given types                                                     00:01 +7: /Users/taormina/Code/flame/packages/flame_console/test/src/commands_test.dart: Commands onChildMatch match children with the given types                                                     00:01 +7: /Users/taormina/Code/flame/packages/flame_console/test/src/commands_test.dart: Commands onChildMatch match children with the given types and limit                                           00:01 +8: /Users/taormina/Code/flame/packages/flame_console/test/src/commands_test.dart: Commands onChildMatch match children with the given types and limit                                           00:01 +8: /Users/taormina/Code/flame/packages/flame_console/test/src/commands_test.dart: Commands onChildMatch match children with the given id                                                        00:01 +9: /Users/taormina/Code/flame/packages/flame_console/test/src/commands_test.dart: Commands onChildMatch match children with the given id                                                        00:01 +9: All tests passed!                                                                                                                                                                            
flame_console: SUCCESS
--------------------------------------------------------------------------------
flame_fire_atlas:
Resolving dependencies in `/Users/taormina/Code/flame`...
Downloading packages...
  _fe_analyzer_shared 85.0.0 (92.0.0 available)
  analyzer 7.7.1 (9.0.0 available)
  async 2.11.0 (2.13.0 available)
  bloc 8.1.4 (9.1.0 available)
  boolean_selector 2.1.1 (2.1.2 available)
  build 3.1.0 (4.0.2 available)
  build_resolvers 3.0.3 (3.0.4 available)
  build_runner 2.7.1 (2.10.1 available)
  build_runner_core 9.3.1 (9.3.2 available)
  characters 1.4.0 (1.4.1 available)
  charcode 1.3.1 (1.4.0 available)
  cli_launcher 0.3.1 (0.3.2+1 available)
  dart_style 3.1.1 (3.1.2 available)
  dartdoc 8.3.4 (9.0.0 available)
  devtools_app_shared 0.3.1 (0.4.0 available)
  devtools_extensions 0.3.1 (0.4.0 available)
  devtools_shared 11.2.1 (12.0.0 available)
  dtd 2.5.1 (4.0.0 available)
  file 7.0.0 (7.0.1 available)
  flutter_bloc 8.1.6 (9.1.1 available)
  flutter_riverpod 2.6.1 (3.0.3 available)
  glob 2.1.2 (2.1.3 available)
  http 1.2.2 (1.5.0 available)
  http_parser 4.1.0 (4.1.2 available)
  io 1.0.4 (1.0.5 available)
  js 0.6.7 (0.7.2 available)
  json_rpc_2 3.0.3 (4.0.0 available)
  material_color_utilities 0.11.1 (0.13.0 available)
  melos 7.0.0-dev.10 (7.3.0 available)
  mockito 5.5.0 (5.5.1 available)
  mustache_template 2.0.0 (2.0.2 available)
  platform 3.1.5 (3.1.6 available)
  pool 1.5.1 (1.5.2 available)
  process 5.0.2 (5.0.5 available)
  quiver 3.2.1 (3.2.2 available)
  riverpod 2.6.1 (3.0.3 available)
  source_gen 3.1.0 (4.0.2 available)
  source_span 1.10.0 (1.10.1 available)
  string_scanner 1.3.0 (1.4.1 available)
  term_glyph 1.2.1 (1.2.2 available)
Got dependencies in `/Users/taormina/Code/flame`!
40 packages have newer versions incompatible with dependency constraints.
Try `flutter pub outdated` for more information.
00:00 +0: loading /Users/taormina/Code/flame/packages/flame_fire_atlas/test/flame_fire_atlas_test.dart                                                                                                 00:00 +0: FireAtlas can load the asset                                                                                                                                                                 00:00 +1: FireAtlas can load the asset                                                                                                                                                                 00:00 +1: FireAtlas image returns the loaded image                                                                                                                                                     00:00 +2: FireAtlas image returns the loaded image                                                                                                                                                     00:00 +2: FireAtlas image throws when the image is not loaded                                                                                                                                          00:00 +3: FireAtlas image throws when the image is not loaded                                                                                                                                          00:00 +3: FireAtlas can load the asset using the global assets/images                                                                                                                                  00:00 +4: FireAtlas can load the asset using the global assets/images                                                                                                                                  00:00 +4: FireAtlas returns a sprite                                                                                                                                                                   00:00 +5: FireAtlas returns a sprite                                                                                                                                                                   00:00 +5: FireAtlas throws when there is not sprite for that id                                                                                                                                        00:00 +6: FireAtlas throws when there is not sprite for that id                                                                                                                                        00:00 +6: FireAtlas throws when getSprite is used for an animation selection                                                                                                                           00:00 +7: FireAtlas throws when getSprite is used for an animation selection                                                                                                                           00:00 +7: FireAtlas returns an animation                                                                                                                                                               00:00 +8: FireAtlas returns an animation                                                                                                                                                               00:00 +8: FireAtlas throws when there is not an animation for that id                                                                                                                                  00:00 +9: FireAtlas throws when there is not an animation for that id                                                                                                                                  00:00 +9: FireAtlas throws when getAnimation is used for a sprite selection                                                                                                                            00:00 +10: FireAtlas throws when getAnimation is used for a sprite selection                                                                                                                           00:00 +10: FireAtlas converts to json                                                                                                                                                                  00:00 +11: FireAtlas converts to json                                                                                                                                                                  00:00 +11: FireAtlas serialize/deserialize                                                                                                                                                             00:00 +12: FireAtlas serialize/deserialize                                                                                                                                                             00:00 +12: FireAtlas Uses the game images and assets when loading from the game                                                                                                                        00:01 +12: FireAtlas Uses the game images and assets when loading from the game                                                                                                                        00:01 +13: FireAtlas Uses the game images and assets when loading from the game                                                                                                                        00:01 +13: FireAtlas SpriteSelection can be created from a json                                                                                                                                        00:01 +14: FireAtlas SpriteSelection can be created from a json                                                                                                                                        00:01 +14: FireAtlas SpriteSelection serializes to json                                                                                                                                                00:01 +15: FireAtlas SpriteSelection serializes to json                                                                                                                                                00:01 +15: FireAtlas SpriteSelection copyWithGroup creates a copy with a new group                                                                                                                     00:01 +16: FireAtlas SpriteSelection copyWithGroup creates a copy with a new group                                                                                                                     00:01 +16: FireAtlas AnimationSelection can be created from a json                                                                                                                                     00:01 +17: FireAtlas AnimationSelection can be created from a json                                                                                                                                     00:01 +17: FireAtlas AnimationSelection serializes to json                                                                                                                                             00:01 +18: FireAtlas AnimationSelection serializes to json                                                                                                                                             00:01 +18: FireAtlas AnimationSelection copyWithGroup creates a copy with a new group                                                                                                                  00:01 +19: FireAtlas AnimationSelection copyWithGroup creates a copy with a new group                                                                                                                  00:01 +19: All tests passed!                                                                                                                                                                           
flame_fire_atlas: SUCCESS
--------------------------------------------------------------------------------
flame_forge2d:
Resolving dependencies in `/Users/taormina/Code/flame`...
Downloading packages...
  _fe_analyzer_shared 85.0.0 (92.0.0 available)
  analyzer 7.7.1 (9.0.0 available)
  async 2.11.0 (2.13.0 available)
  bloc 8.1.4 (9.1.0 available)
  boolean_selector 2.1.1 (2.1.2 available)
  build 3.1.0 (4.0.2 available)
  build_resolvers 3.0.3 (3.0.4 available)
  build_runner 2.7.1 (2.10.1 available)
  build_runner_core 9.3.1 (9.3.2 available)
  characters 1.4.0 (1.4.1 available)
  charcode 1.3.1 (1.4.0 available)
  cli_launcher 0.3.1 (0.3.2+1 available)
  dart_style 3.1.1 (3.1.2 available)
  dartdoc 8.3.4 (9.0.0 available)
  devtools_app_shared 0.3.1 (0.4.0 available)
  devtools_extensions 0.3.1 (0.4.0 available)
  devtools_shared 11.2.1 (12.0.0 available)
  dtd 2.5.1 (4.0.0 available)
  file 7.0.0 (7.0.1 available)
  flutter_bloc 8.1.6 (9.1.1 available)
  flutter_riverpod 2.6.1 (3.0.3 available)
  glob 2.1.2 (2.1.3 available)
  http 1.2.2 (1.5.0 available)
  http_parser 4.1.0 (4.1.2 available)
  io 1.0.4 (1.0.5 available)
  js 0.6.7 (0.7.2 available)
  json_rpc_2 3.0.3 (4.0.0 available)
  material_color_utilities 0.11.1 (0.13.0 available)
  melos 7.0.0-dev.10 (7.3.0 available)
  mockito 5.5.0 (5.5.1 available)
  mustache_template 2.0.0 (2.0.2 available)
  platform 3.1.5 (3.1.6 available)
  pool 1.5.1 (1.5.2 available)
  process 5.0.2 (5.0.5 available)
  quiver 3.2.1 (3.2.2 available)
  riverpod 2.6.1 (3.0.3 available)
  source_gen 3.1.0 (4.0.2 available)
  source_span 1.10.0 (1.10.1 available)
  string_scanner 1.3.0 (1.4.1 available)
  term_glyph 1.2.1 (1.2.2 available)
Got dependencies in `/Users/taormina/Code/flame`!
40 packages have newer versions incompatible with dependency constraints.
Try `flutter pub outdated` for more information.
00:00 +0: loading /Users/taormina/Code/flame/packages/flame_forge2d/test/contact_callbacks_test.dart                                                                                                   00:01 +0: loading /Users/taormina/Code/flame/packages/flame_forge2d/test/contact_callbacks_test.dart                                                                                                   00:01 +0: /Users/taormina/Code/flame/packages/flame_forge2d/test/contact_callbacks_test.dart: ContactCallbacks beginContact calls onBeginContact                                                       00:01 +1: /Users/taormina/Code/flame/packages/flame_forge2d/test/contact_callbacks_test.dart: ContactCallbacks beginContact calls onBeginContact                                                       00:01 +1: /Users/taormina/Code/flame/packages/flame_forge2d/test/contact_callbacks_test.dart: ContactCallbacks endContact calls onEndContact                                                           00:01 +2: /Users/taormina/Code/flame/packages/flame_forge2d/test/contact_callbacks_test.dart: ContactCallbacks endContact calls onEndContact                                                           00:01 +2: /Users/taormina/Code/flame/packages/flame_forge2d/test/contact_callbacks_test.dart: ContactCallbacks preSolve calls onPreSolve                                                               00:01 +3: /Users/taormina/Code/flame/packages/flame_forge2d/test/contact_callbacks_test.dart: ContactCallbacks preSolve calls onPreSolve                                                               00:01 +3: /Users/taormina/Code/flame/packages/flame_forge2d/test/contact_callbacks_test.dart: ContactCallbacks postSolve calls on postSolve                                                            00:01 +4: /Users/taormina/Code/flame/packages/flame_forge2d/test/contact_callbacks_test.dart: ContactCallbacks postSolve calls on postSolve                                                            00:01 +4: loading /Users/taormina/Code/flame/packages/flame_forge2d/test/forge2d_world_test.dart                                                                                                       00:01 +4: /Users/taormina/Code/flame/packages/flame_forge2d/test/forge2d_world_test.dart: Bodies are destroyed after world is removed when destroyBodiesOnRemove is true                               00:01 +5: /Users/taormina/Code/flame/packages/flame_forge2d/test/forge2d_world_test.dart: Bodies are destroyed after world is removed when destroyBodiesOnRemove is true                               00:01 +5: /Users/taormina/Code/flame/packages/flame_forge2d/test/forge2d_world_test.dart: Bodies are not destroyed after world is removed when destroyBodiesOnRemove is false                          00:01 +6: /Users/taormina/Code/flame/packages/flame_forge2d/test/forge2d_world_test.dart: Bodies are not destroyed after world is removed when destroyBodiesOnRemove is false                          00:01 +6: loading /Users/taormina/Code/flame/packages/flame_forge2d/test/forge2d_game_test.dart                                                                                                        00:01 +6: /Users/taormina/Code/flame/packages/flame_forge2d/test/forge2d_game_test.dart: ... corresponding position on screen and in the Forge2D world Center positioned camera should be zero in world00:01 +7: /Users/taormina/Code/flame/packages/flame_forge2d/test/forge2d_game_test.dart: ... corresponding position on screen and in the Forge2D world Center positioned camera should be zero in world00:01 +8: /Users/taormina/Code/flame/packages/flame_forge2d/test/body_component_test.dart: BodyComponent renderBody is true by default                                                                 00:01 +9: /Users/taormina/Code/flame/packages/flame_forge2d/test/body_component_test.dart: BodyComponent renderBody is true by default                                                                 00:01 +10: /Users/taormina/Code/flame/packages/flame_forge2d/test/body_component_test.dart: BodyComponent renderBody is true by default                                                                00:01 +11: /Users/taormina/Code/flame/packages/flame_forge2d/test/body_component_test.dart: BodyComponent renderBody is true by default                                                                00:01 +12: /Users/taormina/Code/flame/packages/flame_forge2d/test/body_component_test.dart: BodyComponent renderBody is true by default                                                                00:01 +13: /Users/taormina/Code/flame/packages/flame_forge2d/test/body_component_test.dart: BodyComponent renderBody is true by default                                                                00:01 +14: /Users/taormina/Code/flame/packages/flame_forge2d/test/body_component_test.dart: BodyComponent renderBody is true by default                                                                00:01 +15: /Users/taormina/Code/flame/packages/flame_forge2d/test/body_component_test.dart: BodyComponent renderBody is true by default                                                                00:01 +16: /Users/taormina/Code/flame/packages/flame_forge2d/test/body_component_test.dart: BodyComponent renderBody is true by default                                                                00:01 +17: /Users/taormina/Code/flame/packages/flame_forge2d/test/forge2d_game_test.dart: ... position on screen and in the Forge2D world Converts worldToScreen correctly with moved viewfinder       00:01 +18: /Users/taormina/Code/flame/packages/flame_forge2d/test/world_contact_listener_test.dart: WorldContactListener endContact doesn't callback itself                                            00:01 +19: /Users/taormina/Code/flame/packages/flame_forge2d/test/forge2d_game_test.dart: ... position on screen and in the Forge2D world Game does not override World's gravity with null             00:01 +20: /Users/taormina/Code/flame/packages/flame_forge2d/test/forge2d_game_test.dart: ... position on screen and in the Forge2D world Game does not override World's gravity with null             00:01 +21: /Users/taormina/Code/flame/packages/flame_forge2d/test/world_contact_listener_test.dart: WorldContactListener preSolve doesn't callback if userData are null                                00:01 +22: /Users/taormina/Code/flame/packages/flame_forge2d/test/body_component_test.dart: BodyComponent render draws correctly a CircleShape                                                         00:01 +23: /Users/taormina/Code/flame/packages/flame_forge2d/test/body_component_test.dart: BodyComponent render draws correctly a CircleShape                                                         00:01 +24: /Users/taormina/Code/flame/packages/flame_forge2d/test/body_component_test.dart: BodyComponent render draws correctly a CircleShape                                                         00:01 +25: /Users/taormina/Code/flame/packages/flame_forge2d/test/body_component_test.dart: BodyComponent render draws correctly a CircleShape                                                         00:01 +26: /Users/taormina/Code/flame/packages/flame_forge2d/test/body_component_test.dart: BodyComponent render draws correctly a CircleShape                                                         00:01 +27: /Users/taormina/Code/flame/packages/flame_forge2d/test/body_component_test.dart: BodyComponent render draws correctly a CircleShape                                                         00:01 +28: /Users/taormina/Code/flame/packages/flame_forge2d/test/body_component_test.dart: BodyComponent render draws correctly a CircleShape                                                         00:01 +28: /Users/taormina/Code/flame/packages/flame_forge2d/test/body_component_test.dart: BodyComponent render draws correctly an EdgeShape                                                          00:01 +29: /Users/taormina/Code/flame/packages/flame_forge2d/test/body_component_test.dart: BodyComponent render draws correctly an EdgeShape                                                          00:01 +29: /Users/taormina/Code/flame/packages/flame_forge2d/test/body_component_test.dart: BodyComponent render draws correctly a PolygonShape                                                        00:01 +30: /Users/taormina/Code/flame/packages/flame_forge2d/test/body_component_test.dart: BodyComponent render draws correctly a PolygonShape                                                        00:01 +30: /Users/taormina/Code/flame/packages/flame_forge2d/test/body_component_test.dart: BodyComponent render draws correctly an open ChainShape                                                    00:01 +31: /Users/taormina/Code/flame/packages/flame_forge2d/test/body_component_test.dart: BodyComponent render draws correctly an open ChainShape                                                    00:01 +31: /Users/taormina/Code/flame/packages/flame_forge2d/test/body_component_test.dart: BodyComponent render draws correctly a closed ChainShape                                                   00:02 +31: /Users/taormina/Code/flame/packages/flame_forge2d/test/body_component_test.dart: BodyComponent render draws correctly a closed ChainShape                                                   00:02 +32: /Users/taormina/Code/flame/packages/flame_forge2d/test/body_component_test.dart: BodyComponent render draws correctly a closed ChainShape                                                   00:02 +32: /Users/taormina/Code/flame/packages/flame_forge2d/test/body_component_test.dart: BodyComponent renderFixture returns normally when rendering a CircleShape                                  00:02 +33: /Users/taormina/Code/flame/packages/flame_forge2d/test/body_component_test.dart: BodyComponent renderFixture returns normally when rendering a CircleShape                                  00:02 +33: /Users/taormina/Code/flame/packages/flame_forge2d/test/body_component_test.dart: BodyComponent renderFixture returns normally when rendering an EdgeShape                                   00:02 +34: /Users/taormina/Code/flame/packages/flame_forge2d/test/body_component_test.dart: BodyComponent renderFixture returns normally when rendering an EdgeShape                                   00:02 +34: /Users/taormina/Code/flame/packages/flame_forge2d/test/body_component_test.dart: BodyComponent renderFixture returns normally when rendering a PolygonShape                                 00:02 +35: /Users/taormina/Code/flame/packages/flame_forge2d/test/body_component_test.dart: BodyComponent renderFixture returns normally when rendering a PolygonShape                                 00:02 +35: /Users/taormina/Code/flame/packages/flame_forge2d/test/body_component_test.dart: BodyComponent renderFixture returns normally when rendering a ChainShape                                   00:02 +36: /Users/taormina/Code/flame/packages/flame_forge2d/test/body_component_test.dart: BodyComponent renderFixture returns normally when rendering a ChainShape                                   00:02 +36: /Users/taormina/Code/flame/packages/flame_forge2d/test/body_component_test.dart: BodyComponent Add component to parent add and remove child to BodyComponent                                00:02 +37: /Users/taormina/Code/flame/packages/flame_forge2d/test/body_component_test.dart: BodyComponent Add component to parent add and remove child to BodyComponent                                00:02 +37: /Users/taormina/Code/flame/packages/flame_forge2d/test/body_component_test.dart: BodyComponent BodyComponent contact events beginContact called                                             00:02 +38: /Users/taormina/Code/flame/packages/flame_forge2d/test/body_component_test.dart: BodyComponent BodyComponent contact events beginContact called                                             00:02 +38: /Users/taormina/Code/flame/packages/flame_forge2d/test/body_component_test.dart: BodyComponent PositionComponent parented by BodyComponent absoluteAngle                                    00:02 +39: /Users/taormina/Code/flame/packages/flame_forge2d/test/body_component_test.dart: BodyComponent PositionComponent parented by BodyComponent absoluteAngle                                    00:02 +39: /Users/taormina/Code/flame/packages/flame_forge2d/test/body_component_test.dart: BodyComponent createBody should throw an error if bodyDef is null                                          00:02 +40: /Users/taormina/Code/flame/packages/flame_forge2d/test/body_component_test.dart: BodyComponent createBody should throw an error if bodyDef is null                                          00:02 +40: /Users/taormina/Code/flame/packages/flame_forge2d/test/body_component_test.dart: BodyComponent createBody should create body with no fixtures                                               00:02 +41: /Users/taormina/Code/flame/packages/flame_forge2d/test/body_component_test.dart: BodyComponent createBody should create body with no fixtures                                               00:02 +41: /Users/taormina/Code/flame/packages/flame_forge2d/test/body_component_test.dart: BodyComponent createBody should create body with a set of fixtures                                         00:02 +42: /Users/taormina/Code/flame/packages/flame_forge2d/test/body_component_test.dart: BodyComponent createBody should create body with a set of fixtures                                         00:02 +42: /Users/taormina/Code/flame/packages/flame_forge2d/test/body_component_test.dart: BodyComponent containsLocalPoint with rotation                                                             00:02 +43: /Users/taormina/Code/flame/packages/flame_forge2d/test/body_component_test.dart: BodyComponent containsLocalPoint with rotation                                                             00:02 +43: /Users/taormina/Code/flame/packages/flame_forge2d/test/body_component_test.dart: BodyComponent BodyComponent.world consistency in onRemove                                                  00:02 +44: /Users/taormina/Code/flame/packages/flame_forge2d/test/body_component_test.dart: BodyComponent BodyComponent.world consistency in onRemove                                                  00:02 +44: /Users/taormina/Code/flame/packages/flame_forge2d/test/body_component_test.dart: BodyComponent BodyComponent.world consistency in onRemove with world change                                00:02 +45: /Users/taormina/Code/flame/packages/flame_forge2d/test/body_component_test.dart: BodyComponent BodyComponent.world consistency in onRemove with world change                                00:02 +45: All tests passed!                                                                                                                                                                           
flame_forge2d: SUCCESS
--------------------------------------------------------------------------------
flame_isolate:
Resolving dependencies in `/Users/taormina/Code/flame`...
Downloading packages...
  _fe_analyzer_shared 85.0.0 (92.0.0 available)
  analyzer 7.7.1 (9.0.0 available)
  async 2.11.0 (2.13.0 available)
  bloc 8.1.4 (9.1.0 available)
  boolean_selector 2.1.1 (2.1.2 available)
  build 3.1.0 (4.0.2 available)
  build_resolvers 3.0.3 (3.0.4 available)
  build_runner 2.7.1 (2.10.1 available)
  build_runner_core 9.3.1 (9.3.2 available)
  characters 1.4.0 (1.4.1 available)
  charcode 1.3.1 (1.4.0 available)
  cli_launcher 0.3.1 (0.3.2+1 available)
  dart_style 3.1.1 (3.1.2 available)
  dartdoc 8.3.4 (9.0.0 available)
  devtools_app_shared 0.3.1 (0.4.0 available)
  devtools_extensions 0.3.1 (0.4.0 available)
  devtools_shared 11.2.1 (12.0.0 available)
  dtd 2.5.1 (4.0.0 available)
  file 7.0.0 (7.0.1 available)
  flutter_bloc 8.1.6 (9.1.1 available)
  flutter_riverpod 2.6.1 (3.0.3 available)
  glob 2.1.2 (2.1.3 available)
  http 1.2.2 (1.5.0 available)
  http_parser 4.1.0 (4.1.2 available)
  io 1.0.4 (1.0.5 available)
  js 0.6.7 (0.7.2 available)
  json_rpc_2 3.0.3 (4.0.0 available)
  material_color_utilities 0.11.1 (0.13.0 available)
  melos 7.0.0-dev.10 (7.3.0 available)
  mockito 5.5.0 (5.5.1 available)
  mustache_template 2.0.0 (2.0.2 available)
  platform 3.1.5 (3.1.6 available)
  pool 1.5.1 (1.5.2 available)
  process 5.0.2 (5.0.5 available)
  quiver 3.2.1 (3.2.2 available)
  riverpod 2.6.1 (3.0.3 available)
  source_gen 3.1.0 (4.0.2 available)
  source_span 1.10.0 (1.10.1 available)
  string_scanner 1.3.0 (1.4.1 available)
  term_glyph 1.2.1 (1.2.2 available)
Got dependencies in `/Users/taormina/Code/flame`!
40 packages have newer versions incompatible with dependency constraints.
Try `flutter pub outdated` for more information.
00:00 +0: loading /Users/taormina/Code/flame/packages/flame_isolate/test/flame_tailored_isolate_test.dart                                                                                              00:00 +0: /Users/taormina/Code/flame/packages/flame_isolate/test/flame_tailored_isolate_test.dart: Test running isolateCompute on game                                                                 00:00 +1: /Users/taormina/Code/flame/packages/flame_isolate/test/flame_isolate_test.dart: Test running isolateCompute on game                                                                          00:00 +2: /Users/taormina/Code/flame/packages/flame_isolate/test/flame_isolate_test.dart: Test running isolateCompute on game                                                                          00:00 +3: /Users/taormina/Code/flame/packages/flame_isolate/test/flame_isolate_test.dart: Test running isolateCompute on game                                                                          00:01 +3: /Users/taormina/Code/flame/packages/flame_isolate/test/flame_isolate_test.dart: Test running isolateCompute on game                                                                          00:01 +4: /Users/taormina/Code/flame/packages/flame_isolate/test/flame_isolate_test.dart: Test running isolateCompute on game                                                                          00:01 +5: /Users/taormina/Code/flame/packages/flame_isolate/test/flame_tailored_isolate_test.dart: ... isolate in sub-component Running isolateCompute or isolateComputeStream after remove gives error00:01 +6: /Users/taormina/Code/flame/packages/flame_isolate/test/flame_isolate_test.dart: Test running isolateComputeStream on game                                                                    00:01 +7: /Users/taormina/Code/flame/packages/flame_isolate/test/flame_isolate_test.dart: Test running isolateComputeStream on game                                                                    00:01 +7: /Users/taormina/Code/flame/packages/flame_isolate/test/flame_isolate_test.dart: Test isolate in sub-component Running isolateCompute in sub-component                                        00:01 +8: /Users/taormina/Code/flame/packages/flame_isolate/test/flame_isolate_test.dart: Test isolate in sub-component Running isolateCompute in sub-component                                        00:01 +8: /Users/taormina/Code/flame/packages/flame_isolate/test/flame_isolate_test.dart: Test isolate in sub-component Running isolateComputeStream in sub-component                                  00:01 +9: /Users/taormina/Code/flame/packages/flame_isolate/test/flame_isolate_test.dart: Test isolate in sub-component Running isolateComputeStream in sub-component                                  00:01 +9: /Users/taormina/Code/flame/packages/flame_isolate/test/flame_isolate_test.dart: Test isolate in sub-component Running isolateCompute or isolateComputeStream after remove gives error        00:01 +10: /Users/taormina/Code/flame/packages/flame_isolate/test/flame_isolate_test.dart: Test isolate in sub-component Running isolateCompute or isolateComputeStream after remove gives error       00:01 +10: All tests passed!                                                                                                                                                                           
flame_isolate: SUCCESS
--------------------------------------------------------------------------------
flame_kenney_xml:
Resolving dependencies in `/Users/taormina/Code/flame`...
Downloading packages...
  _fe_analyzer_shared 85.0.0 (92.0.0 available)
  analyzer 7.7.1 (9.0.0 available)
  async 2.11.0 (2.13.0 available)
  bloc 8.1.4 (9.1.0 available)
  boolean_selector 2.1.1 (2.1.2 available)
  build 3.1.0 (4.0.2 available)
  build_resolvers 3.0.3 (3.0.4 available)
  build_runner 2.7.1 (2.10.1 available)
  build_runner_core 9.3.1 (9.3.2 available)
  characters 1.4.0 (1.4.1 available)
  charcode 1.3.1 (1.4.0 available)
  cli_launcher 0.3.1 (0.3.2+1 available)
  dart_style 3.1.1 (3.1.2 available)
  dartdoc 8.3.4 (9.0.0 available)
  devtools_app_shared 0.3.1 (0.4.0 available)
  devtools_extensions 0.3.1 (0.4.0 available)
  devtools_shared 11.2.1 (12.0.0 available)
  dtd 2.5.1 (4.0.0 available)
  file 7.0.0 (7.0.1 available)
  flutter_bloc 8.1.6 (9.1.1 available)
  flutter_riverpod 2.6.1 (3.0.3 available)
  glob 2.1.2 (2.1.3 available)
  http 1.2.2 (1.5.0 available)
  http_parser 4.1.0 (4.1.2 available)
  io 1.0.4 (1.0.5 available)
  js 0.6.7 (0.7.2 available)
  json_rpc_2 3.0.3 (4.0.0 available)
  material_color_utilities 0.11.1 (0.13.0 available)
  melos 7.0.0-dev.10 (7.3.0 available)
  mockito 5.5.0 (5.5.1 available)
  mustache_template 2.0.0 (2.0.2 available)
  platform 3.1.5 (3.1.6 available)
  pool 1.5.1 (1.5.2 available)
  process 5.0.2 (5.0.5 available)
  quiver 3.2.1 (3.2.2 available)
  riverpod 2.6.1 (3.0.3 available)
  source_gen 3.1.0 (4.0.2 available)
  source_span 1.10.0 (1.10.1 available)
  string_scanner 1.3.0 (1.4.1 available)
  term_glyph 1.2.1 (1.2.2 available)
Got dependencies in `/Users/taormina/Code/flame`!
40 packages have newer versions incompatible with dependency constraints.
Try `flutter pub outdated` for more information.
00:00 +0: loading /Users/taormina/Code/flame/packages/flame_kenney_xml/test/flame_kenney_xml_test.dart                                                                                                 00:00 +0: XmlSpriteSheet creation from constructor                                                                                                                                                     00:00 +1: XmlSpriteSheet creation from constructor                                                                                                                                                     00:01 +1: XmlSpriteSheet creation from load method                                                                                                                                                     00:01 +2: XmlSpriteSheet creation from load method                                                                                                                                                     00:01 +2: All tests passed!                                                                                                                                                                            
flame_kenney_xml: SUCCESS
--------------------------------------------------------------------------------
flame_lottie:
Resolving dependencies in `/Users/taormina/Code/flame`...
Downloading packages...
  _fe_analyzer_shared 85.0.0 (92.0.0 available)
  analyzer 7.7.1 (9.0.0 available)
  async 2.11.0 (2.13.0 available)
  bloc 8.1.4 (9.1.0 available)
  boolean_selector 2.1.1 (2.1.2 available)
  build 3.1.0 (4.0.2 available)
  build_resolvers 3.0.3 (3.0.4 available)
  build_runner 2.7.1 (2.10.1 available)
  build_runner_core 9.3.1 (9.3.2 available)
  characters 1.4.0 (1.4.1 available)
  charcode 1.3.1 (1.4.0 available)
  cli_launcher 0.3.1 (0.3.2+1 available)
  dart_style 3.1.1 (3.1.2 available)
  dartdoc 8.3.4 (9.0.0 available)
  devtools_app_shared 0.3.1 (0.4.0 available)
  devtools_extensions 0.3.1 (0.4.0 available)
  devtools_shared 11.2.1 (12.0.0 available)
  dtd 2.5.1 (4.0.0 available)
  file 7.0.0 (7.0.1 available)
  flutter_bloc 8.1.6 (9.1.1 available)
  flutter_riverpod 2.6.1 (3.0.3 available)
  glob 2.1.2 (2.1.3 available)
  http 1.2.2 (1.5.0 available)
  http_parser 4.1.0 (4.1.2 available)
  io 1.0.4 (1.0.5 available)
  js 0.6.7 (0.7.2 available)
  json_rpc_2 3.0.3 (4.0.0 available)
  material_color_utilities 0.11.1 (0.13.0 available)
  melos 7.0.0-dev.10 (7.3.0 available)
  mockito 5.5.0 (5.5.1 available)
  mustache_template 2.0.0 (2.0.2 available)
  platform 3.1.5 (3.1.6 available)
  pool 1.5.1 (1.5.2 available)
  process 5.0.2 (5.0.5 available)
  quiver 3.2.1 (3.2.2 available)
  riverpod 2.6.1 (3.0.3 available)
  source_gen 3.1.0 (4.0.2 available)
  source_span 1.10.0 (1.10.1 available)
  string_scanner 1.3.0 (1.4.1 available)
  term_glyph 1.2.1 (1.2.2 available)
Got dependencies in `/Users/taormina/Code/flame`!
40 packages have newer versions incompatible with dependency constraints.
Try `flutter pub outdated` for more information.
00:00 +0: loading /Users/taormina/Code/flame/packages/flame_lottie/test/flame_lottie_test.dart                                                                                                         00:00 +0: Game holds LottieComponent                                                                                                                                                                   00:01 +0: Game holds LottieComponent                                                                                                                                                                   00:01 +1: Game holds LottieComponent                                                                                                                                                                   00:01 +1: Load composition as AssetBundle and use loadLottie function by library                                                                                                                       00:01 +2: Load composition as AssetBundle and use loadLottie function by library                                                                                                                       00:01 +2: All tests passed!                                                                                                                                                                            
flame_lottie: SUCCESS
--------------------------------------------------------------------------------
flame_markdown:
Resolving dependencies in `/Users/taormina/Code/flame`...
Downloading packages...
  _fe_analyzer_shared 85.0.0 (92.0.0 available)
  analyzer 7.7.1 (9.0.0 available)
  async 2.11.0 (2.13.0 available)
  bloc 8.1.4 (9.1.0 available)
  boolean_selector 2.1.1 (2.1.2 available)
  build 3.1.0 (4.0.2 available)
  build_resolvers 3.0.3 (3.0.4 available)
  build_runner 2.7.1 (2.10.1 available)
  build_runner_core 9.3.1 (9.3.2 available)
  characters 1.4.0 (1.4.1 available)
  charcode 1.3.1 (1.4.0 available)
  cli_launcher 0.3.1 (0.3.2+1 available)
  dart_style 3.1.1 (3.1.2 available)
  dartdoc 8.3.4 (9.0.0 available)
  devtools_app_shared 0.3.1 (0.4.0 available)
  devtools_extensions 0.3.1 (0.4.0 available)
  devtools_shared 11.2.1 (12.0.0 available)
  dtd 2.5.1 (4.0.0 available)
  file 7.0.0 (7.0.1 available)
  flutter_bloc 8.1.6 (9.1.1 available)
  flutter_riverpod 2.6.1 (3.0.3 available)
  glob 2.1.2 (2.1.3 available)
  http 1.2.2 (1.5.0 available)
  http_parser 4.1.0 (4.1.2 available)
  io 1.0.4 (1.0.5 available)
  js 0.6.7 (0.7.2 available)
  json_rpc_2 3.0.3 (4.0.0 available)
  material_color_utilities 0.11.1 (0.13.0 available)
  melos 7.0.0-dev.10 (7.3.0 available)
  mockito 5.5.0 (5.5.1 available)
  mustache_template 2.0.0 (2.0.2 available)
  platform 3.1.5 (3.1.6 available)
  pool 1.5.1 (1.5.2 available)
  process 5.0.2 (5.0.5 available)
  quiver 3.2.1 (3.2.2 available)
  riverpod 2.6.1 (3.0.3 available)
  source_gen 3.1.0 (4.0.2 available)
  source_span 1.10.0 (1.10.1 available)
  string_scanner 1.3.0 (1.4.1 available)
  term_glyph 1.2.1 (1.2.2 available)
Got dependencies in `/Users/taormina/Code/flame`!
40 packages have newer versions incompatible with dependency constraints.
Try `flutter pub outdated` for more information.
00:00 +0: loading /Users/taormina/Code/flame/packages/flame_markdown/test/flame_markdown_test.dart                                                                                                     00:00 +0: FlameMarkdown#toDocument just plain text                                                                                                                                                     00:00 +1: FlameMarkdown#toDocument just plain text                                                                                                                                                     00:00 +1: FlameMarkdown#toDocument rich text                                                                                                                                                           00:00 +2: FlameMarkdown#toDocument rich text                                                                                                                                                           00:00 +2: FlameMarkdown#toDocument inline code block                                                                                                                                                   00:00 +3: FlameMarkdown#toDocument inline code block                                                                                                                                                   00:00 +3: FlameMarkdown#toDocument nested inline blocks                                                                                                                                                00:00 +4: FlameMarkdown#toDocument nested inline blocks                                                                                                                                                00:00 +4: FlameMarkdown#toDocument all header levels                                                                                                                                                   00:00 +5: FlameMarkdown#toDocument all header levels                                                                                                                                                   00:00 +5: FlameMarkdown#toDocument several paragraphs with header                                                                                                                                      00:00 +6: FlameMarkdown#toDocument several paragraphs with header                                                                                                                                      00:00 +6: FlameMarkdown#toDocument strikethrough can be enabled                                                                                                                                        00:00 +7: FlameMarkdown#toDocument strikethrough can be enabled                                                                                                                                        00:00 +7: FlameMarkdown#toDocument custom attributes can be enabled                                                                                                                                    00:00 +8: FlameMarkdown#toDocument custom attributes can be enabled                                                                                                                                    00:01 +8: FlameMarkdown#toDocument custom attributes can be enabled                                                                                                                                    00:01 +8: All tests passed!                                                                                                                                                                            
flame_markdown: SUCCESS
--------------------------------------------------------------------------------
flame_network_assets:
Resolving dependencies in `/Users/taormina/Code/flame`...
Downloading packages...
  _fe_analyzer_shared 85.0.0 (92.0.0 available)
  analyzer 7.7.1 (9.0.0 available)
  async 2.11.0 (2.13.0 available)
  bloc 8.1.4 (9.1.0 available)
  boolean_selector 2.1.1 (2.1.2 available)
  build 3.1.0 (4.0.2 available)
  build_resolvers 3.0.3 (3.0.4 available)
  build_runner 2.7.1 (2.10.1 available)
  build_runner_core 9.3.1 (9.3.2 available)
  characters 1.4.0 (1.4.1 available)
  charcode 1.3.1 (1.4.0 available)
  cli_launcher 0.3.1 (0.3.2+1 available)
  dart_style 3.1.1 (3.1.2 available)
  dartdoc 8.3.4 (9.0.0 available)
  devtools_app_shared 0.3.1 (0.4.0 available)
  devtools_extensions 0.3.1 (0.4.0 available)
  devtools_shared 11.2.1 (12.0.0 available)
  dtd 2.5.1 (4.0.0 available)
  file 7.0.0 (7.0.1 available)
  flutter_bloc 8.1.6 (9.1.1 available)
  flutter_riverpod 2.6.1 (3.0.3 available)
  glob 2.1.2 (2.1.3 available)
  http 1.2.2 (1.5.0 available)
  http_parser 4.1.0 (4.1.2 available)
  io 1.0.4 (1.0.5 available)
  js 0.6.7 (0.7.2 available)
  json_rpc_2 3.0.3 (4.0.0 available)
  material_color_utilities 0.11.1 (0.13.0 available)
  melos 7.0.0-dev.10 (7.3.0 available)
  mockito 5.5.0 (5.5.1 available)
  mustache_template 2.0.0 (2.0.2 available)
  platform 3.1.5 (3.1.6 available)
  pool 1.5.1 (1.5.2 available)
  process 5.0.2 (5.0.5 available)
  quiver 3.2.1 (3.2.2 available)
  riverpod 2.6.1 (3.0.3 available)
  source_gen 3.1.0 (4.0.2 available)
  source_span 1.10.0 (1.10.1 available)
  string_scanner 1.3.0 (1.4.1 available)
  term_glyph 1.2.1 (1.2.2 available)
Got dependencies in `/Users/taormina/Code/flame`!
40 packages have newer versions incompatible with dependency constraints.
Try `flutter pub outdated` for more information.
00:00 +0: loading /Users/taormina/Code/flame/packages/flame_network_assets/test/flame_network_image_test.dart                                                                                          00:00 +0: FlameNetworkAssets (setUpAll)                                                                                                                                                                00:00 +0: FlameNetworkAssets can be instantiated                                                                                                                                                       00:00 +1: FlameNetworkAssets can be instantiated                                                                                                                                                       00:00 +1: FlameNetworkAssets returns the image                                                                                                                                                         00:00 +2: FlameNetworkAssets returns the image                                                                                                                                                         00:00 +2: FlameNetworkAssets fetches the image in the network                                                                                                                                          00:00 +3: FlameNetworkAssets fetches the image in the network                                                                                                                                          00:00 +3: FlameNetworkAssets returns the image from memory once it is cached                                                                                                                           00:00 +4: FlameNetworkAssets returns the image from memory once it is cached                                                                                                                           00:00 +4: FlameNetworkAssets returns the image from local storage                                                                                                                                      00:01 +4: FlameNetworkAssets returns the image from local storage                                                                                                                                      00:01 +5: FlameNetworkAssets returns the image from local storage                                                                                                                                      00:01 +5: FlameNetworkAssets can still get the image if the local storage breaks                                                                                                                       00:01 +6: FlameNetworkAssets can still get the image if the local storage breaks                                                                                                                       00:01 +6: FlameNetworkAssets does not cache in memory when cacheInMemory is false                                                                                                                      00:01 +7: FlameNetworkAssets does not cache in memory when cacheInMemory is false                                                                                                                      00:01 +7: FlameNetworkAssets does not cache in local storage when cacheInMemory is false                                                                                                               00:01 +8: FlameNetworkAssets does not cache in local storage when cacheInMemory is false                                                                                                               00:01 +8: FlameNetworkAssets (tearDownAll)                                                                                                                                                             00:01 +8: All tests passed!                                                                                                                                                                            
flame_network_assets: SUCCESS
--------------------------------------------------------------------------------
flame_noise:
Resolving dependencies in `/Users/taormina/Code/flame`...
Downloading packages...
  _fe_analyzer_shared 85.0.0 (92.0.0 available)
  analyzer 7.7.1 (9.0.0 available)
  async 2.11.0 (2.13.0 available)
  bloc 8.1.4 (9.1.0 available)
  boolean_selector 2.1.1 (2.1.2 available)
  build 3.1.0 (4.0.2 available)
  build_resolvers 3.0.3 (3.0.4 available)
  build_runner 2.7.1 (2.10.1 available)
  build_runner_core 9.3.1 (9.3.2 available)
  characters 1.4.0 (1.4.1 available)
  charcode 1.3.1 (1.4.0 available)
  cli_launcher 0.3.1 (0.3.2+1 available)
  dart_style 3.1.1 (3.1.2 available)
  dartdoc 8.3.4 (9.0.0 available)
  devtools_app_shared 0.3.1 (0.4.0 available)
  devtools_extensions 0.3.1 (0.4.0 available)
  devtools_shared 11.2.1 (12.0.0 available)
  dtd 2.5.1 (4.0.0 available)
  file 7.0.0 (7.0.1 available)
  flutter_bloc 8.1.6 (9.1.1 available)
  flutter_riverpod 2.6.1 (3.0.3 available)
  glob 2.1.2 (2.1.3 available)
  http 1.2.2 (1.5.0 available)
  http_parser 4.1.0 (4.1.2 available)
  io 1.0.4 (1.0.5 available)
  js 0.6.7 (0.7.2 available)
  json_rpc_2 3.0.3 (4.0.0 available)
  material_color_utilities 0.11.1 (0.13.0 available)
  melos 7.0.0-dev.10 (7.3.0 available)
  mockito 5.5.0 (5.5.1 available)
  mustache_template 2.0.0 (2.0.2 available)
  platform 3.1.5 (3.1.6 available)
  pool 1.5.1 (1.5.2 available)
  process 5.0.2 (5.0.5 available)
  quiver 3.2.1 (3.2.2 available)
  riverpod 2.6.1 (3.0.3 available)
  source_gen 3.1.0 (4.0.2 available)
  source_span 1.10.0 (1.10.1 available)
  string_scanner 1.3.0 (1.4.1 available)
  term_glyph 1.2.1 (1.2.2 available)
Got dependencies in `/Users/taormina/Code/flame`!
40 packages have newer versions incompatible with dependency constraints.
Try `flutter pub outdated` for more information.
00:00 +0: loading /Users/taormina/Code/flame/packages/flame_noise/test/noise_effect_controller_test.dart                                                                                               00:00 +0: PerlinNoiseEffectController general properties                                                                                                                                               00:00 +1: PerlinNoiseEffectController general properties                                                                                                                                               00:00 +1: PerlinNoiseEffectController progression                                                                                                                                                      00:00 +2: PerlinNoiseEffectController progression                                                                                                                                                      00:00 +2: PerlinNoiseEffectController errors                                                                                                                                                           00:00 +3: PerlinNoiseEffectController errors                                                                                                                                                           00:00 +3: All tests passed!                                                                                                                                                                            
flame_noise: SUCCESS
--------------------------------------------------------------------------------
flame_rive:
Resolving dependencies in `/Users/taormina/Code/flame`...
Downloading packages...
  _fe_analyzer_shared 85.0.0 (92.0.0 available)
  analyzer 7.7.1 (9.0.0 available)
  async 2.11.0 (2.13.0 available)
  bloc 8.1.4 (9.1.0 available)
  boolean_selector 2.1.1 (2.1.2 available)
  build 3.1.0 (4.0.2 available)
  build_resolvers 3.0.3 (3.0.4 available)
  build_runner 2.7.1 (2.10.1 available)
  build_runner_core 9.3.1 (9.3.2 available)
  characters 1.4.0 (1.4.1 available)
  charcode 1.3.1 (1.4.0 available)
  cli_launcher 0.3.1 (0.3.2+1 available)
  dart_style 3.1.1 (3.1.2 available)
  dartdoc 8.3.4 (9.0.0 available)
  devtools_app_shared 0.3.1 (0.4.0 available)
  devtools_extensions 0.3.1 (0.4.0 available)
  devtools_shared 11.2.1 (12.0.0 available)
  dtd 2.5.1 (4.0.0 available)
  file 7.0.0 (7.0.1 available)
  flutter_bloc 8.1.6 (9.1.1 available)
  flutter_riverpod 2.6.1 (3.0.3 available)
  glob 2.1.2 (2.1.3 available)
  http 1.2.2 (1.5.0 available)
  http_parser 4.1.0 (4.1.2 available)
  io 1.0.4 (1.0.5 available)
  js 0.6.7 (0.7.2 available)
  json_rpc_2 3.0.3 (4.0.0 available)
  material_color_utilities 0.11.1 (0.13.0 available)
  melos 7.0.0-dev.10 (7.3.0 available)
  mockito 5.5.0 (5.5.1 available)
  mustache_template 2.0.0 (2.0.2 available)
  platform 3.1.5 (3.1.6 available)
  pool 1.5.1 (1.5.2 available)
  process 5.0.2 (5.0.5 available)
  quiver 3.2.1 (3.2.2 available)
  riverpod 2.6.1 (3.0.3 available)
  source_gen 3.1.0 (4.0.2 available)
  source_span 1.10.0 (1.10.1 available)
  string_scanner 1.3.0 (1.4.1 available)
  term_glyph 1.2.1 (1.2.2 available)
Got dependencies in `/Users/taormina/Code/flame`!
40 packages have newer versions incompatible with dependency constraints.
Try `flutter pub outdated` for more information.
00:00 +0: loading /Users/taormina/Code/flame/packages/flame_rive/test/flame_rive_test.dart                                                                                                             00:01 +0: loading /Users/taormina/Code/flame/packages/flame_rive/test/flame_rive_test.dart                                                                                                             00:01 +0: RiveComponents loadArtboard Load mainArtboard by default                                                                                                                                     00:01 +0 ~1: RiveComponents loadArtboard Load mainArtboard by default                                                                                                                                  00:01 +0 ~1: RiveComponents loadArtboard Load the Specified Artboard                                                                                                                                   00:01 +0 ~2: RiveComponents loadArtboard Load the Specified Artboard                                                                                                                                   00:01 +0 ~2: RiveComponents loadArtboard Load an artboard that does not exist                                                                                                                          00:01 +0 ~3: RiveComponents loadArtboard Load an artboard that does not exist                                                                                                                          00:01 +0 ~3: RiveComponents RiveComponent Can Add to FlameGame                                                                                                                                         00:01 +0 ~4: RiveComponents RiveComponent Can Add to FlameGame                                                                                                                                         00:01 +0 ~4: RiveComponents RiveComponent Can Add with TapCallbacks                                                                                                                                    00:01 +0 ~5: RiveComponents RiveComponent Can Add with TapCallbacks                                                                                                                                    00:01 +0 ~5: RiveComponents RiveAnimation Does not Animate when no controller is attach                                                                                                                00:01 +0 ~6: RiveComponents RiveAnimation Does not Animate when no controller is attach                                                                                                                00:01 +0 ~6: RiveComponents RiveAnimation Animate when controller is attach                                                                                                                            00:01 +0 ~7: RiveComponents RiveAnimation Animate when controller is attach                                                                                                                            00:01 +0 ~7: RiveComponents Antialiasing Default value                                                                                                                                                 00:01 +0 ~8: RiveComponents Antialiasing Default value                                                                                                                                                 00:01 +0 ~8: RiveComponents Antialiasing Can change to false                                                                                                                                           00:01 +0 ~9: RiveComponents Antialiasing Can change to false                                                                                                                                           00:01 +0 ~9: RiveComponents Component size use specific size                                                                                                                                           00:01 +0 ~10: RiveComponents Component size use specific size                                                                                                                                          00:01 +0 ~10: RiveComponents Component size default value (ArtboardSize)                                                                                                                               00:01 +0 ~11: RiveComponents Component size default value (ArtboardSize)                                                                                                                               00:01 +0 ~11: All tests skipped.                                                                                                                                                                       
flame_rive: SUCCESS
--------------------------------------------------------------------------------
flame_riverpod:
Resolving dependencies in `/Users/taormina/Code/flame`...
Downloading packages...
  _fe_analyzer_shared 85.0.0 (92.0.0 available)
  analyzer 7.7.1 (9.0.0 available)
  async 2.11.0 (2.13.0 available)
  bloc 8.1.4 (9.1.0 available)
  boolean_selector 2.1.1 (2.1.2 available)
  build 3.1.0 (4.0.2 available)
  build_resolvers 3.0.3 (3.0.4 available)
  build_runner 2.7.1 (2.10.1 available)
  build_runner_core 9.3.1 (9.3.2 available)
  characters 1.4.0 (1.4.1 available)
  charcode 1.3.1 (1.4.0 available)
  cli_launcher 0.3.1 (0.3.2+1 available)
  dart_style 3.1.1 (3.1.2 available)
  dartdoc 8.3.4 (9.0.0 available)
  devtools_app_shared 0.3.1 (0.4.0 available)
  devtools_extensions 0.3.1 (0.4.0 available)
  devtools_shared 11.2.1 (12.0.0 available)
  dtd 2.5.1 (4.0.0 available)
  file 7.0.0 (7.0.1 available)
  flutter_bloc 8.1.6 (9.1.1 available)
  flutter_riverpod 2.6.1 (3.0.3 available)
  glob 2.1.2 (2.1.3 available)
  http 1.2.2 (1.5.0 available)
  http_parser 4.1.0 (4.1.2 available)
  io 1.0.4 (1.0.5 available)
  js 0.6.7 (0.7.2 available)
  json_rpc_2 3.0.3 (4.0.0 available)
  material_color_utilities 0.11.1 (0.13.0 available)
  melos 7.0.0-dev.10 (7.3.0 available)
  mockito 5.5.0 (5.5.1 available)
  mustache_template 2.0.0 (2.0.2 available)
  platform 3.1.5 (3.1.6 available)
  pool 1.5.1 (1.5.2 available)
  process 5.0.2 (5.0.5 available)
  quiver 3.2.1 (3.2.2 available)
  riverpod 2.6.1 (3.0.3 available)
  source_gen 3.1.0 (4.0.2 available)
  source_span 1.10.0 (1.10.1 available)
  string_scanner 1.3.0 (1.4.1 available)
  term_glyph 1.2.1 (1.2.2 available)
Got dependencies in `/Users/taormina/Code/flame`!
40 packages have newer versions incompatible with dependency constraints.
Try `flutter pub outdated` for more information.
00:00 +0: loading /Users/taormina/Code/flame/packages/flame_riverpod/test/widget_test.dart                                                                                                             00:00 +0: Test registration and de-registration of GameWidget build callbacks                                                                                                                          00:01 +0: Test registration and de-registration of GameWidget build callbacks                                                                                                                          00:01 +1: Test registration and de-registration of GameWidget build callbacks                                                                                                                          00:01 +1: Test registration and de-registration of Provider listeners                                                                                                                                  00:01 +2: Test registration and de-registration of Provider listeners                                                                                                                                  00:01 +2: Test registration and de-registration of Game Provider listeners                                                                                                                             00:01 +3: Test registration and de-registration of Game Provider listeners                                                                                                                             00:01 +3: All tests passed!                                                                                                                                                                            
flame_riverpod: SUCCESS
--------------------------------------------------------------------------------
flame_riverpod_example:
Resolving dependencies in `/Users/taormina/Code/flame`...
Downloading packages...
  _fe_analyzer_shared 85.0.0 (92.0.0 available)
  analyzer 7.7.1 (9.0.0 available)
  async 2.11.0 (2.13.0 available)
  bloc 8.1.4 (9.1.0 available)
  boolean_selector 2.1.1 (2.1.2 available)
  build 3.1.0 (4.0.2 available)
  build_resolvers 3.0.3 (3.0.4 available)
  build_runner 2.7.1 (2.10.1 available)
  build_runner_core 9.3.1 (9.3.2 available)
  characters 1.4.0 (1.4.1 available)
  charcode 1.3.1 (1.4.0 available)
  cli_launcher 0.3.1 (0.3.2+1 available)
  dart_style 3.1.1 (3.1.2 available)
  dartdoc 8.3.4 (9.0.0 available)
  devtools_app_shared 0.3.1 (0.4.0 available)
  devtools_extensions 0.3.1 (0.4.0 available)
  devtools_shared 11.2.1 (12.0.0 available)
  dtd 2.5.1 (4.0.0 available)
  file 7.0.0 (7.0.1 available)
  flutter_bloc 8.1.6 (9.1.1 available)
  flutter_riverpod 2.6.1 (3.0.3 available)
  glob 2.1.2 (2.1.3 available)
  http 1.2.2 (1.5.0 available)
  http_parser 4.1.0 (4.1.2 available)
  io 1.0.4 (1.0.5 available)
  js 0.6.7 (0.7.2 available)
  json_rpc_2 3.0.3 (4.0.0 available)
  material_color_utilities 0.11.1 (0.13.0 available)
  melos 7.0.0-dev.10 (7.3.0 available)
  mockito 5.5.0 (5.5.1 available)
  mustache_template 2.0.0 (2.0.2 available)
  platform 3.1.5 (3.1.6 available)
  pool 1.5.1 (1.5.2 available)
  process 5.0.2 (5.0.5 available)
  quiver 3.2.1 (3.2.2 available)
  riverpod 2.6.1 (3.0.3 available)
  source_gen 3.1.0 (4.0.2 available)
  source_span 1.10.0 (1.10.1 available)
  string_scanner 1.3.0 (1.4.1 available)
  term_glyph 1.2.1 (1.2.2 available)
Got dependencies in `/Users/taormina/Code/flame`!
40 packages have newer versions incompatible with dependency constraints.
Try `flutter pub outdated` for more information.
00:00 +0: loading /Users/taormina/Code/flame/packages/flame_riverpod/example/test/widget_test.dart                                                                                                     00:00 +0: Test equality of Flutter Text Widget and Flame Text Component                                                                                                                                00:01 +0: Test equality of Flutter Text Widget and Flame Text Component                                                                                                                                00:01 +1: Test equality of Flutter Text Widget and Flame Text Component                                                                                                                                00:01 +1: All tests passed!                                                                                                                                                                            
flame_riverpod_example: SUCCESS
--------------------------------------------------------------------------------
flame_spine:
Resolving dependencies in `/Users/taormina/Code/flame`...
Downloading packages...
  _fe_analyzer_shared 85.0.0 (92.0.0 available)
  analyzer 7.7.1 (9.0.0 available)
  async 2.11.0 (2.13.0 available)
  bloc 8.1.4 (9.1.0 available)
  boolean_selector 2.1.1 (2.1.2 available)
  build 3.1.0 (4.0.2 available)
  build_resolvers 3.0.3 (3.0.4 available)
  build_runner 2.7.1 (2.10.1 available)
  build_runner_core 9.3.1 (9.3.2 available)
  characters 1.4.0 (1.4.1 available)
  charcode 1.3.1 (1.4.0 available)
  cli_launcher 0.3.1 (0.3.2+1 available)
  dart_style 3.1.1 (3.1.2 available)
  dartdoc 8.3.4 (9.0.0 available)
  devtools_app_shared 0.3.1 (0.4.0 available)
  devtools_extensions 0.3.1 (0.4.0 available)
  devtools_shared 11.2.1 (12.0.0 available)
  dtd 2.5.1 (4.0.0 available)
  file 7.0.0 (7.0.1 available)
  flutter_bloc 8.1.6 (9.1.1 available)
  flutter_riverpod 2.6.1 (3.0.3 available)
  glob 2.1.2 (2.1.3 available)
  http 1.2.2 (1.5.0 available)
  http_parser 4.1.0 (4.1.2 available)
  io 1.0.4 (1.0.5 available)
  js 0.6.7 (0.7.2 available)
  json_rpc_2 3.0.3 (4.0.0 available)
  material_color_utilities 0.11.1 (0.13.0 available)
  melos 7.0.0-dev.10 (7.3.0 available)
  mockito 5.5.0 (5.5.1 available)
  mustache_template 2.0.0 (2.0.2 available)
  platform 3.1.5 (3.1.6 available)
  pool 1.5.1 (1.5.2 available)
  process 5.0.2 (5.0.5 available)
  quiver 3.2.1 (3.2.2 available)
  riverpod 2.6.1 (3.0.3 available)
  source_gen 3.1.0 (4.0.2 available)
  source_span 1.10.0 (1.10.1 available)
  string_scanner 1.3.0 (1.4.1 available)
  term_glyph 1.2.1 (1.2.2 available)
Got dependencies in `/Users/taormina/Code/flame`!
40 packages have newer versions incompatible with dependency constraints.
Try `flutter pub outdated` for more information.
00:00 +0: loading /Users/taormina/Code/flame/packages/flame_spine/test/flame_spine_test.dart                                                                                                           00:00 +0: flame_spine                                                                                                                                                                                  00:00 +1: flame_spine                                                                                                                                                                                  00:00 +1: All tests passed!                                                                                                                                                                            
flame_spine: SUCCESS
--------------------------------------------------------------------------------
flame_splash_screen:
Resolving dependencies in `/Users/taormina/Code/flame`...
Downloading packages...
  _fe_analyzer_shared 85.0.0 (92.0.0 available)
  analyzer 7.7.1 (9.0.0 available)
  async 2.11.0 (2.13.0 available)
  bloc 8.1.4 (9.1.0 available)
  boolean_selector 2.1.1 (2.1.2 available)
  build 3.1.0 (4.0.2 available)
  build_resolvers 3.0.3 (3.0.4 available)
  build_runner 2.7.1 (2.10.1 available)
  build_runner_core 9.3.1 (9.3.2 available)
  characters 1.4.0 (1.4.1 available)
  charcode 1.3.1 (1.4.0 available)
  cli_launcher 0.3.1 (0.3.2+1 available)
  dart_style 3.1.1 (3.1.2 available)
  dartdoc 8.3.4 (9.0.0 available)
  devtools_app_shared 0.3.1 (0.4.0 available)
  devtools_extensions 0.3.1 (0.4.0 available)
  devtools_shared 11.2.1 (12.0.0 available)
  dtd 2.5.1 (4.0.0 available)
  file 7.0.0 (7.0.1 available)
  flutter_bloc 8.1.6 (9.1.1 available)
  flutter_riverpod 2.6.1 (3.0.3 available)
  glob 2.1.2 (2.1.3 available)
  http 1.2.2 (1.5.0 available)
  http_parser 4.1.0 (4.1.2 available)
  io 1.0.4 (1.0.5 available)
  js 0.6.7 (0.7.2 available)
  json_rpc_2 3.0.3 (4.0.0 available)
  material_color_utilities 0.11.1 (0.13.0 available)
  melos 7.0.0-dev.10 (7.3.0 available)
  mockito 5.5.0 (5.5.1 available)
  mustache_template 2.0.0 (2.0.2 available)
  platform 3.1.5 (3.1.6 available)
  pool 1.5.1 (1.5.2 available)
  process 5.0.2 (5.0.5 available)
  quiver 3.2.1 (3.2.2 available)
  riverpod 2.6.1 (3.0.3 available)
  source_gen 3.1.0 (4.0.2 available)
  source_span 1.10.0 (1.10.1 available)
  string_scanner 1.3.0 (1.4.1 available)
  term_glyph 1.2.1 (1.2.2 available)
Got dependencies in `/Users/taormina/Code/flame`!
40 packages have newer versions incompatible with dependency constraints.
Try `flutter pub outdated` for more information.
00:00 +0: loading /Users/taormina/Code/flame/packages/flame_splash_screen/test/theme_test.dart                                                                                                         00:00 +0: /Users/taormina/Code/flame/packages/flame_splash_screen/test/theme_test.dart: white                                                                                                          00:00 +1: /Users/taormina/Code/flame/packages/flame_splash_screen/test/theme_test.dart: white                                                                                                          00:00 +1: /Users/taormina/Code/flame/packages/flame_splash_screen/test/theme_test.dart: dark                                                                                                           00:00 +2: /Users/taormina/Code/flame/packages/flame_splash_screen/test/theme_test.dart: dark                                                                                                           00:00 +2: loading /Users/taormina/Code/flame/packages/flame_splash_screen/test/controller_test.dart                                                                                                    00:00 +2: /Users/taormina/Code/flame/packages/flame_splash_screen/test/controller_test.dart: Without autostart Do not let it start before setup                                                        00:00 +3: /Users/taormina/Code/flame/packages/flame_splash_screen/test/controller_test.dart: Without autostart Do not let it start before setup                                                        00:00 +3: /Users/taormina/Code/flame/packages/flame_splash_screen/test/controller_test.dart: Without autostart Idle after setup                                                                        00:00 +4: /Users/taormina/Code/flame/packages/flame_splash_screen/test/controller_test.dart: Without autostart Idle after setup                                                                        00:00 +4: /Users/taormina/Code/flame/packages/flame_splash_screen/test/controller_test.dart: Without autostart Started after .start()                                                                  00:00 +5: /Users/taormina/Code/flame/packages/flame_splash_screen/test/controller_test.dart: Without autostart Started after .start()                                                                  00:00 +5: /Users/taormina/Code/flame/packages/flame_splash_screen/test/controller_test.dart: Without autostart Calls onFinish after steps                                                              00:01 +5: /Users/taormina/Code/flame/packages/flame_splash_screen/test/controller_test.dart: Without autostart Calls onFinish after steps                                                              00:02 +5: /Users/taormina/Code/flame/packages/flame_splash_screen/test/controller_test.dart: Without autostart Calls onFinish after steps                                                              00:03 +5: /Users/taormina/Code/flame/packages/flame_splash_screen/test/controller_test.dart: Without autostart Calls onFinish after steps                                                              00:04 +5: /Users/taormina/Code/flame/packages/flame_splash_screen/test/controller_test.dart: Without autostart Calls onFinish after steps                                                              00:05 +5: /Users/taormina/Code/flame/packages/flame_splash_screen/test/controller_test.dart: Without autostart Calls onFinish after steps                                                              00:05 +6: /Users/taormina/Code/flame/packages/flame_splash_screen/test/controller_test.dart: Without autostart Calls onFinish after steps                                                              00:05 +6: /Users/taormina/Code/flame/packages/flame_splash_screen/test/controller_test.dart: With autostart Started automatically                                                                      00:05 +7: /Users/taormina/Code/flame/packages/flame_splash_screen/test/controller_test.dart: With autostart Started automatically                                                                      00:05 +7: /Users/taormina/Code/flame/packages/flame_splash_screen/test/controller_test.dart: With autostart Calls onFinish after steps                                                                 00:06 +7: /Users/taormina/Code/flame/packages/flame_splash_screen/test/controller_test.dart: With autostart Calls onFinish after steps                                                                 00:07 +7: /Users/taormina/Code/flame/packages/flame_splash_screen/test/controller_test.dart: With autostart Calls onFinish after steps                                                                 00:08 +7: /Users/taormina/Code/flame/packages/flame_splash_screen/test/controller_test.dart: With autostart Calls onFinish after steps                                                                 00:09 +7: /Users/taormina/Code/flame/packages/flame_splash_screen/test/controller_test.dart: With autostart Calls onFinish after steps                                                                 00:10 +7: /Users/taormina/Code/flame/packages/flame_splash_screen/test/controller_test.dart: With autostart Calls onFinish after steps                                                                 00:10 +8: /Users/taormina/Code/flame/packages/flame_splash_screen/test/controller_test.dart: With autostart Calls onFinish after steps                                                                 00:10 +8: /Users/taormina/Code/flame/packages/flame_splash_screen/test/controller_test.dart: With autostart Do not let it start again                                                                  00:10 +9: /Users/taormina/Code/flame/packages/flame_splash_screen/test/controller_test.dart: With autostart Do not let it start again                                                                  00:10 +9: All tests passed!                                                                                                                                                                            
flame_splash_screen: SUCCESS
--------------------------------------------------------------------------------
flame_sprite_fusion:
Resolving dependencies in `/Users/taormina/Code/flame`...
Downloading packages...
  _fe_analyzer_shared 85.0.0 (92.0.0 available)
  analyzer 7.7.1 (9.0.0 available)
  async 2.11.0 (2.13.0 available)
  bloc 8.1.4 (9.1.0 available)
  boolean_selector 2.1.1 (2.1.2 available)
  build 3.1.0 (4.0.2 available)
  build_resolvers 3.0.3 (3.0.4 available)
  build_runner 2.7.1 (2.10.1 available)
  build_runner_core 9.3.1 (9.3.2 available)
  characters 1.4.0 (1.4.1 available)
  charcode 1.3.1 (1.4.0 available)
  cli_launcher 0.3.1 (0.3.2+1 available)
  dart_style 3.1.1 (3.1.2 available)
  dartdoc 8.3.4 (9.0.0 available)
  devtools_app_shared 0.3.1 (0.4.0 available)
  devtools_extensions 0.3.1 (0.4.0 available)
  devtools_shared 11.2.1 (12.0.0 available)
  dtd 2.5.1 (4.0.0 available)
  file 7.0.0 (7.0.1 available)
  flutter_bloc 8.1.6 (9.1.1 available)
  flutter_riverpod 2.6.1 (3.0.3 available)
  glob 2.1.2 (2.1.3 available)
  http 1.2.2 (1.5.0 available)
  http_parser 4.1.0 (4.1.2 available)
  io 1.0.4 (1.0.5 available)
  js 0.6.7 (0.7.2 available)
  json_rpc_2 3.0.3 (4.0.0 available)
  material_color_utilities 0.11.1 (0.13.0 available)
  melos 7.0.0-dev.10 (7.3.0 available)
  mockito 5.5.0 (5.5.1 available)
  mustache_template 2.0.0 (2.0.2 available)
  platform 3.1.5 (3.1.6 available)
  pool 1.5.1 (1.5.2 available)
  process 5.0.2 (5.0.5 available)
  quiver 3.2.1 (3.2.2 available)
  riverpod 2.6.1 (3.0.3 available)
  source_gen 3.1.0 (4.0.2 available)
  source_span 1.10.0 (1.10.1 available)
  string_scanner 1.3.0 (1.4.1 available)
  term_glyph 1.2.1 (1.2.2 available)
Got dependencies in `/Users/taormina/Code/flame`!
40 packages have newer versions incompatible with dependency constraints.
Try `flutter pub outdated` for more information.
00:00 +0: loading /Users/taormina/Code/flame/packages/flame_sprite_fusion/test/sprite_fusion_tilemap_component_test.dart                                                                               00:00 +0: loading /Users/taormina/Code/flame/packages/flame_sprite_fusion/test/sprite_fusion_data_test.dart                                                                                            00:00 +0: /Users/taormina/Code/flame/packages/flame_sprite_fusion/test/sprite_fusion_data_test.dart: SpriteFusionTileData creation test                                                                00:00 +1: /Users/taormina/Code/flame/packages/flame_sprite_fusion/test/sprite_fusion_tilemap_component_test.dart: SpriteFusionTilemapComponent creation test                                           00:00 +2: /Users/taormina/Code/flame/packages/flame_sprite_fusion/test/sprite_fusion_tilemap_component_test.dart: SpriteFusionTilemapComponent creation test                                           00:00 +3: /Users/taormina/Code/flame/packages/flame_sprite_fusion/test/sprite_fusion_tilemap_component_test.dart: SpriteFusionTilemapComponent creation test                                           00:00 +4: /Users/taormina/Code/flame/packages/flame_sprite_fusion/test/sprite_fusion_tilemap_component_test.dart: SpriteFusionTilemapComponent creation test                                           00:00 +5: /Users/taormina/Code/flame/packages/flame_sprite_fusion/test/sprite_fusion_tilemap_component_test.dart: SpriteFusionTilemapComponent creation test                                           00:00 +6: /Users/taormina/Code/flame/packages/flame_sprite_fusion/test/sprite_fusion_tilemap_component_test.dart: SpriteFusionTilemapComponent creation test                                           00:00 +7: /Users/taormina/Code/flame/packages/flame_sprite_fusion/test/sprite_fusion_tilemap_component_test.dart: SpriteFusionTilemapComponent creation test                                           00:00 +8: /Users/taormina/Code/flame/packages/flame_sprite_fusion/test/sprite_fusion_tilemap_component_test.dart: SpriteFusionTilemapComponent creation test                                           00:00 +9: /Users/taormina/Code/flame/packages/flame_sprite_fusion/test/sprite_fusion_tilemap_component_test.dart: SpriteFusionTilemapComponent creation test                                           00:00 +10: /Users/taormina/Code/flame/packages/flame_sprite_fusion/test/sprite_fusion_tilemap_component_test.dart: SpriteFusionTilemapComponent creation test                                          00:01 +10: /Users/taormina/Code/flame/packages/flame_sprite_fusion/test/sprite_fusion_tilemap_component_test.dart: SpriteFusionTilemapComponent creation test                                          00:01 +11: /Users/taormina/Code/flame/packages/flame_sprite_fusion/test/sprite_fusion_tilemap_component_test.dart: SpriteFusionTilemapComponent creation test                                          00:01 +12: /Users/taormina/Code/flame/packages/flame_sprite_fusion/test/sprite_fusion_tilemap_component_test.dart: SpriteFusionTilemapComponent creation test                                          00:01 +13: /Users/taormina/Code/flame/packages/flame_sprite_fusion/test/sprite_fusion_tilemap_component_test.dart: SpriteFusionTilemapComponent creation test                                          00:01 +14: /Users/taormina/Code/flame/packages/flame_sprite_fusion/test/sprite_fusion_data_test.dart: SpriteFusionLayerData creation test with map                                                     00:01 +15: /Users/taormina/Code/flame/packages/flame_sprite_fusion/test/sprite_fusion_data_test.dart: SpriteFusionLayerData creation test with map                                                     00:01 +15: /Users/taormina/Code/flame/packages/flame_sprite_fusion/test/sprite_fusion_data_test.dart: SpriteFusionTilemapData creation test                                                            00:01 +16: /Users/taormina/Code/flame/packages/flame_sprite_fusion/test/sprite_fusion_tilemap_component_test.dart: SpriteFusionTilemapComponent loads map from file                                    00:01 +17: /Users/taormina/Code/flame/packages/flame_sprite_fusion/test/sprite_fusion_tilemap_component_test.dart: SpriteFusionTilemapComponent loads map from file                                    00:01 +18: /Users/taormina/Code/flame/packages/flame_sprite_fusion/test/sprite_fusion_tilemap_component_test.dart: SpriteFusionTilemapComponent loads map from file                                    00:01 +19: /Users/taormina/Code/flame/packages/flame_sprite_fusion/test/sprite_fusion_tilemap_component_test.dart: SpriteFusionTilemapComponent loads map from file                                    00:01 +20: /Users/taormina/Code/flame/packages/flame_sprite_fusion/test/sprite_fusion_tilemap_component_test.dart: SpriteFusionTilemapComponent loads map from file                                    00:01 +21: /Users/taormina/Code/flame/packages/flame_sprite_fusion/test/sprite_fusion_tilemap_component_test.dart: SpriteFusionTilemapComponent loads map from file                                    00:01 +22: /Users/taormina/Code/flame/packages/flame_sprite_fusion/test/sprite_fusion_tilemap_component_test.dart: SpriteFusionTilemapComponent loads map from file                                    00:01 +22: /Users/taormina/Code/flame/packages/flame_sprite_fusion/test/sprite_fusion_tilemap_component_test.dart: SpriteFusionTilemapComponent component size matches the map size                    00:01 +23: /Users/taormina/Code/flame/packages/flame_sprite_fusion/test/sprite_fusion_tilemap_component_test.dart: SpriteFusionTilemapComponent component size matches the map size                    00:01 +23: /Users/taormina/Code/flame/packages/flame_sprite_fusion/test/sprite_fusion_tilemap_component_test.dart: SpriteFusionTilemapComponent renders the map correctly                              00:01 +24: /Users/taormina/Code/flame/packages/flame_sprite_fusion/test/sprite_fusion_tilemap_component_test.dart: SpriteFusionTilemapComponent renders the map correctly                              00:01 +24: /Users/taormina/Code/flame/packages/flame_sprite_fusion/test/sprite_fusion_tilemap_component_test.dart: SpriteFusionTilemapComponent position is respected when rendering                   00:01 +25: /Users/taormina/Code/flame/packages/flame_sprite_fusion/test/sprite_fusion_tilemap_component_test.dart: SpriteFusionTilemapComponent position is respected when rendering                   00:01 +25: /Users/taormina/Code/flame/packages/flame_sprite_fusion/test/sprite_fusion_tilemap_component_test.dart: SpriteFusionTilemapComponent anchor is respected when rendering                     00:01 +26: /Users/taormina/Code/flame/packages/flame_sprite_fusion/test/sprite_fusion_tilemap_component_test.dart: SpriteFusionTilemapComponent anchor is respected when rendering                     00:01 +26: /Users/taormina/Code/flame/packages/flame_sprite_fusion/test/sprite_fusion_tilemap_component_test.dart: SpriteFusionTilemapComponent scale is respected when rendering                      00:01 +27: /Users/taormina/Code/flame/packages/flame_sprite_fusion/test/sprite_fusion_tilemap_component_test.dart: SpriteFusionTilemapComponent scale is respected when rendering                      00:01 +27: /Users/taormina/Code/flame/packages/flame_sprite_fusion/test/sprite_fusion_tilemap_component_test.dart: SpriteFusionTilemapComponent angle is respected when rendering                      00:01 +28: /Users/taormina/Code/flame/packages/flame_sprite_fusion/test/sprite_fusion_tilemap_component_test.dart: SpriteFusionTilemapComponent angle is respected when rendering                      00:01 +28: All tests passed!                                                                                                                                                                           
flame_sprite_fusion: SUCCESS
--------------------------------------------------------------------------------
flame_steering_behaviors:
Resolving dependencies in `/Users/taormina/Code/flame`...
Downloading packages...
  _fe_analyzer_shared 85.0.0 (92.0.0 available)
  analyzer 7.7.1 (9.0.0 available)
  async 2.11.0 (2.13.0 available)
  bloc 8.1.4 (9.1.0 available)
  boolean_selector 2.1.1 (2.1.2 available)
  build 3.1.0 (4.0.2 available)
  build_resolvers 3.0.3 (3.0.4 available)
  build_runner 2.7.1 (2.10.1 available)
  build_runner_core 9.3.1 (9.3.2 available)
  characters 1.4.0 (1.4.1 available)
  charcode 1.3.1 (1.4.0 available)
  cli_launcher 0.3.1 (0.3.2+1 available)
  dart_style 3.1.1 (3.1.2 available)
  dartdoc 8.3.4 (9.0.0 available)
  devtools_app_shared 0.3.1 (0.4.0 available)
  devtools_extensions 0.3.1 (0.4.0 available)
  devtools_shared 11.2.1 (12.0.0 available)
  dtd 2.5.1 (4.0.0 available)
  file 7.0.0 (7.0.1 available)
  flutter_bloc 8.1.6 (9.1.1 available)
  flutter_riverpod 2.6.1 (3.0.3 available)
  glob 2.1.2 (2.1.3 available)
  http 1.2.2 (1.5.0 available)
  http_parser 4.1.0 (4.1.2 available)
  io 1.0.4 (1.0.5 available)
  js 0.6.7 (0.7.2 available)
  json_rpc_2 3.0.3 (4.0.0 available)
  material_color_utilities 0.11.1 (0.13.0 available)
  melos 7.0.0-dev.10 (7.3.0 available)
  mockito 5.5.0 (5.5.1 available)
  mustache_template 2.0.0 (2.0.2 available)
  platform 3.1.5 (3.1.6 available)
  pool 1.5.1 (1.5.2 available)
  process 5.0.2 (5.0.5 available)
  quiver 3.2.1 (3.2.2 available)
  riverpod 2.6.1 (3.0.3 available)
  source_gen 3.1.0 (4.0.2 available)
  source_span 1.10.0 (1.10.1 available)
  string_scanner 1.3.0 (1.4.1 available)
  term_glyph 1.2.1 (1.2.2 available)
Got dependencies in `/Users/taormina/Code/flame`!
40 packages have newer versions incompatible with dependency constraints.
Try `flutter pub outdated` for more information.
00:00 +0: loading /Users/taormina/Code/flame/packages/flame_steering_behaviors/test/src/mixins/steerable_test.dart                                                                                     00:01 +0: loading /Users/taormina/Code/flame/packages/flame_steering_behaviors/test/src/mixins/steerable_test.dart                                                                                     00:01 +0: /Users/taormina/Code/flame/packages/flame_steering_behaviors/test/src/mixins/steerable_test.dart: Steerable add velocity delta to position and subtract the delta from velocity              00:01 +1: /Users/taormina/Code/flame/packages/flame_steering_behaviors/test/src/mixins/steerable_test.dart: Steerable add velocity delta to position and subtract the delta from velocity              00:01 +2: /Users/taormina/Code/flame/packages/flame_steering_behaviors/test/src/mixins/steering_test.dart: Steering update velocity by the linear acceleration from steering                           00:01 +3: /Users/taormina/Code/flame/packages/flame_steering_behaviors/test/src/behaviors/separation_behavior_test.dart: SeparationBehavior calculates the acceleration needed to separate             00:01 +4: /Users/taormina/Code/flame/packages/flame_steering_behaviors/test/src/behaviors/separation_behavior_test.dart: SeparationBehavior calculates the acceleration needed to separate             00:01 +5: /Users/taormina/Code/flame/packages/flame_steering_behaviors/test/src/behaviors/pursue_behavior_test.dart: PursueBehavior only pursue if target is within pursue distance                    00:01 +6: /Users/taormina/Code/flame/packages/flame_steering_behaviors/test/src/behaviors/wander_behavior_test.dart: WanderBehavior calculates the new angle and wandering force                       00:01 +7: /Users/taormina/Code/flame/packages/flame_steering_behaviors/test/src/mixins/steering_test.dart: Steering render current velocity as a line in debug mode                                    00:01 +8: /Users/taormina/Code/flame/packages/flame_steering_behaviors/test/src/behaviors/pursue_behavior_test.dart: PursueBehavior render pursue distance as a circle in debug mode                   00:01 +9: /Users/taormina/Code/flame/packages/flame_steering_behaviors/test/src/behaviors/pursue_behavior_test.dart: PursueBehavior render pursue distance as a circle in debug mode                   00:01 +9: loading /Users/taormina/Code/flame/packages/flame_steering_behaviors/test/src/behaviors/flee_behavior_test.dart                                                                              00:01 +9: /Users/taormina/Code/flame/packages/flame_steering_behaviors/test/src/behaviors/flee_behavior_test.dart: FleeBehavior only flee if target is within panic distance                           00:02 +9: /Users/taormina/Code/flame/packages/flame_steering_behaviors/test/src/behaviors/flee_behavior_test.dart: FleeBehavior only flee if target is within panic distance                           00:02 +10: /Users/taormina/Code/flame/packages/flame_steering_behaviors/test/src/behaviors/flee_behavior_test.dart: FleeBehavior only flee if target is within panic distance                          00:02 +11: /Users/taormina/Code/flame/packages/flame_steering_behaviors/test/src/behaviors/flee_behavior_test.dart: FleeBehavior only flee if target is within panic distance                          00:02 +12: /Users/taormina/Code/flame/packages/flame_steering_behaviors/test/src/behaviors/flee_behavior_test.dart: FleeBehavior only flee if target is within panic distance                          00:02 +13: /Users/taormina/Code/flame/packages/flame_steering_behaviors/test/src/behaviors/flee_behavior_test.dart: FleeBehavior only flee if target is within panic distance                          00:02 +14: /Users/taormina/Code/flame/packages/flame_steering_behaviors/test/src/behaviors/flee_behavior_test.dart: FleeBehavior only flee if target is within panic distance                          00:02 +15: /Users/taormina/Code/flame/packages/flame_steering_behaviors/test/src/behaviors/flee_behavior_test.dart: FleeBehavior only flee if target is within panic distance                          00:02 +16: /Users/taormina/Code/flame/packages/flame_steering_behaviors/test/src/behaviors/flee_behavior_test.dart: FleeBehavior only flee if target is within panic distance                          00:02 +17: /Users/taormina/Code/flame/packages/flame_steering_behaviors/test/src/steering/steering_core_test.dart: SteeringCore calculates the acceleration value towards the target                   00:02 +18: /Users/taormina/Code/flame/packages/flame_steering_behaviors/test/src/behaviors/flee_behavior_test.dart: FleeBehavior render panic distance as a circle in debug mode                       00:02 +19: /Users/taormina/Code/flame/packages/flame_steering_behaviors/test/src/behaviors/flee_behavior_test.dart: FleeBehavior render panic distance as a circle in debug mode                       00:02 +20: /Users/taormina/Code/flame/packages/flame_steering_behaviors/test/src/behaviors/flee_behavior_test.dart: FleeBehavior render panic distance as a circle in debug mode                       00:02 +21: /Users/taormina/Code/flame/packages/flame_steering_behaviors/test/src/behaviors/flee_behavior_test.dart: FleeBehavior render panic distance as a circle in debug mode                       00:02 +22: /Users/taormina/Code/flame/packages/flame_steering_behaviors/test/src/behaviors/flee_behavior_test.dart: FleeBehavior render panic distance as a circle in debug mode                       00:02 +23: /Users/taormina/Code/flame/packages/flame_steering_behaviors/test/src/behaviors/flee_behavior_test.dart: FleeBehavior render panic distance as a circle in debug mode                       00:02 +24: /Users/taormina/Code/flame/packages/flame_steering_behaviors/test/src/behaviors/flee_behavior_test.dart: FleeBehavior render panic distance as a circle in debug mode                       00:02 +24: All tests passed!                                                                                                                                                                           
flame_steering_behaviors: SUCCESS
--------------------------------------------------------------------------------
flame_steering_behaviors_example:
Resolving dependencies in `/Users/taormina/Code/flame`...
Downloading packages...
  _fe_analyzer_shared 85.0.0 (92.0.0 available)
  analyzer 7.7.1 (9.0.0 available)
  async 2.11.0 (2.13.0 available)
  bloc 8.1.4 (9.1.0 available)
  boolean_selector 2.1.1 (2.1.2 available)
  build 3.1.0 (4.0.2 available)
  build_resolvers 3.0.3 (3.0.4 available)
  build_runner 2.7.1 (2.10.1 available)
  build_runner_core 9.3.1 (9.3.2 available)
  characters 1.4.0 (1.4.1 available)
  charcode 1.3.1 (1.4.0 available)
  cli_launcher 0.3.1 (0.3.2+1 available)
  dart_style 3.1.1 (3.1.2 available)
  dartdoc 8.3.4 (9.0.0 available)
  devtools_app_shared 0.3.1 (0.4.0 available)
  devtools_extensions 0.3.1 (0.4.0 available)
  devtools_shared 11.2.1 (12.0.0 available)
  dtd 2.5.1 (4.0.0 available)
  file 7.0.0 (7.0.1 available)
  flutter_bloc 8.1.6 (9.1.1 available)
  flutter_riverpod 2.6.1 (3.0.3 available)
  glob 2.1.2 (2.1.3 available)
  http 1.2.2 (1.5.0 available)
  http_parser 4.1.0 (4.1.2 available)
  io 1.0.4 (1.0.5 available)
  js 0.6.7 (0.7.2 available)
  json_rpc_2 3.0.3 (4.0.0 available)
  material_color_utilities 0.11.1 (0.13.0 available)
  melos 7.0.0-dev.10 (7.3.0 available)
  mockito 5.5.0 (5.5.1 available)
  mustache_template 2.0.0 (2.0.2 available)
  platform 3.1.5 (3.1.6 available)
  pool 1.5.1 (1.5.2 available)
  process 5.0.2 (5.0.5 available)
  quiver 3.2.1 (3.2.2 available)
  riverpod 2.6.1 (3.0.3 available)
  source_gen 3.1.0 (4.0.2 available)
  source_span 1.10.0 (1.10.1 available)
  string_scanner 1.3.0 (1.4.1 available)
  term_glyph 1.2.1 (1.2.2 available)
Got dependencies in `/Users/taormina/Code/flame`!
40 packages have newer versions incompatible with dependency constraints.
Try `flutter pub outdated` for more information.
00:00 +0: loading /Users/taormina/Code/flame/packages/flame_steering_behaviors/example/test/src/behaviors/screen_collision_behavior_test.dart                                                          00:01 +0: loading /Users/taormina/Code/flame/packages/flame_steering_behaviors/example/test/src/behaviors/screen_collision_behavior_test.dart                                                          00:01 +0: /Users/taormina/Code/flame/packages/flame_steering_behaviors/example/test/src/behaviors/screen_collision_behavior_test.dart: ScreenCollisionBehavior does not move the parent entity         00:01 +1: /Users/taormina/Code/flame/packages/flame_steering_behaviors/example/test/src/behaviors/screen_collision_behavior_test.dart: ScreenCollisionBehavior does not move the parent entity         00:01 +2: /Users/taormina/Code/flame/packages/flame_steering_behaviors/example/test/src/example_game_test.dart: ExampleGame generates the correct components                                           00:01 +3: /Users/taormina/Code/flame/packages/flame_steering_behaviors/example/test/src/example_game_test.dart: ExampleGame generates the correct components                                           00:01 +4: /Users/taormina/Code/flame/packages/flame_steering_behaviors/example/test/src/example_game_test.dart: ExampleGame generates the correct components                                           00:01 +5: /Users/taormina/Code/flame/packages/flame_steering_behaviors/example/test/src/example_game_test.dart: ExampleGame generates the correct components                                           00:01 +6: /Users/taormina/Code/flame/packages/flame_steering_behaviors/example/test/src/example_game_test.dart: ExampleGame generates the correct components                                           00:01 +7: /Users/taormina/Code/flame/packages/flame_steering_behaviors/example/test/src/entities/dot_test.dart: Dot loads correctly                                                                    00:01 +8: /Users/taormina/Code/flame/packages/flame_steering_behaviors/example/test/src/entities/dot_test.dart: Dot loads correctly                                                                    00:01 +8: /Users/taormina/Code/flame/packages/flame_steering_behaviors/example/test/src/entities/dot_test.dart: Dot has correct max velocity                                                           00:01 +9: /Users/taormina/Code/flame/packages/flame_steering_behaviors/example/test/src/entities/dot_test.dart: Dot has correct max velocity                                                           00:01 +9: All tests passed!                                                                                                                                                                            
flame_steering_behaviors_example: SUCCESS
--------------------------------------------------------------------------------
flame_svg:
Resolving dependencies in `/Users/taormina/Code/flame`...
Downloading packages...
  _fe_analyzer_shared 85.0.0 (92.0.0 available)
  analyzer 7.7.1 (9.0.0 available)
  async 2.11.0 (2.13.0 available)
  bloc 8.1.4 (9.1.0 available)
  boolean_selector 2.1.1 (2.1.2 available)
  build 3.1.0 (4.0.2 available)
  build_resolvers 3.0.3 (3.0.4 available)
  build_runner 2.7.1 (2.10.1 available)
  build_runner_core 9.3.1 (9.3.2 available)
  characters 1.4.0 (1.4.1 available)
  charcode 1.3.1 (1.4.0 available)
  cli_launcher 0.3.1 (0.3.2+1 available)
  dart_style 3.1.1 (3.1.2 available)
  dartdoc 8.3.4 (9.0.0 available)
  devtools_app_shared 0.3.1 (0.4.0 available)
  devtools_extensions 0.3.1 (0.4.0 available)
  devtools_shared 11.2.1 (12.0.0 available)
  dtd 2.5.1 (4.0.0 available)
  file 7.0.0 (7.0.1 available)
  flutter_bloc 8.1.6 (9.1.1 available)
  flutter_riverpod 2.6.1 (3.0.3 available)
  glob 2.1.2 (2.1.3 available)
  http 1.2.2 (1.5.0 available)
  http_parser 4.1.0 (4.1.2 available)
  io 1.0.4 (1.0.5 available)
  js 0.6.7 (0.7.2 available)
  json_rpc_2 3.0.3 (4.0.0 available)
  material_color_utilities 0.11.1 (0.13.0 available)
  melos 7.0.0-dev.10 (7.3.0 available)
  mockito 5.5.0 (5.5.1 available)
  mustache_template 2.0.0 (2.0.2 available)
  platform 3.1.5 (3.1.6 available)
  pool 1.5.1 (1.5.2 available)
  process 5.0.2 (5.0.5 available)
  quiver 3.2.1 (3.2.2 available)
  riverpod 2.6.1 (3.0.3 available)
  source_gen 3.1.0 (4.0.2 available)
  source_span 1.10.0 (1.10.1 available)
  string_scanner 1.3.0 (1.4.1 available)
  term_glyph 1.2.1 (1.2.2 available)
Got dependencies in `/Users/taormina/Code/flame`!
40 packages have newer versions incompatible with dependency constraints.
Try `flutter pub outdated` for more information.
00:00 +0: loading /Users/taormina/Code/flame/packages/flame_svg/test/svg_component_test.dart                                                                                                           00:01 +0: loading /Users/taormina/Code/flame/packages/flame_svg/test/svg_component_test.dart                                                                                                           00:01 +0: /Users/taormina/Code/flame/packages/flame_svg/test/svg_component_test.dart: SvgComponent disposes the svg instance when it is removed                                                        00:01 +1: /Users/taormina/Code/flame/packages/flame_svg/test/svg_component_test.dart: SvgComponent disposes the svg instance when it is removed                                                        00:01 +1: /Users/taormina/Code/flame/packages/flame_svg/test/svg_component_test.dart: SvgComponent disposes the old svg instance when a new one is received                                            00:01 +2: /Users/taormina/Code/flame/packages/flame_svg/test/svg_component_test.dart: SvgComponent disposes the old svg instance when a new one is received                                            00:01 +2: loading /Users/taormina/Code/flame/packages/flame_svg/test/svg_test.dart                                                                                                                     00:01 +2: /Users/taormina/Code/flame/packages/flame_svg/test/svg_test.dart: Svg multiple calls to dispose should not throw error                                                                       00:01 +3: /Users/taormina/Code/flame/packages/flame_svg/test/svg_test.dart: Svg multiple calls to dispose should not throw error                                                                       00:01 +3: /Users/taormina/Code/flame/packages/flame_svg/test/svg_test.dart: Svg load from svg string                                                                                                   00:01 +4: /Users/taormina/Code/flame/packages/flame_svg/test/svg_test.dart: Svg load from svg string                                                                                                   00:01 +4: /Users/taormina/Code/flame/packages/flame_svg/test/svg_test.dart: Svg render sharply                                                                                                         00:02 +4: /Users/taormina/Code/flame/packages/flame_svg/test/svg_test.dart: Svg render sharply                                                                                                         00:02 +4: /Users/taormina/Code/flame/packages/flame_svg/test/svg_test.dart: Svg render sharply                                                                                                         
══╡ EXCEPTION CAUGHT BY FLUTTER TEST FRAMEWORK ╞════════════════════════════════════════════════════
The following assertion was thrown while running async test code:
Golden "_goldens/render_sharply.png": Pixel test failed, 0.01%, 548px diff detected.
Failure feedback can be found at /Users/taormina/Code/flame/packages/flame_svg/test/failures

When the exception was thrown, this was the stack:
#0      LocalFileComparator.compare (package:flutter_test/src/_goldens_io.dart:108:5)
<asynchronous suspension>
#1      MatchesGoldenFile.matchAsync.<anonymous closure> (package:flutter_test/src/_matchers_io.dart:124:32)
<asynchronous suspension>
<asynchronous suspension>
#3      _expect.<anonymous closure> (package:matcher/src/expect/expect.dart:123:26)
<asynchronous suspension>
<asynchronous suspension>
#5      expectLater.<anonymous closure> (package:flutter_test/src/widget_tester.dart:508:19)
<asynchronous suspension>
#6      main.<anonymous closure>.<anonymous closure> (file:///Users/taormina/Code/flame/packages/flame_svg/test/svg_test.dart:90:9)
<asynchronous suspension>
#7      testWidgets.<anonymous closure>.<anonymous closure> (package:flutter_test/src/widget_tester.dart:192:15)
<asynchronous suspension>
#8      TestWidgetsFlutterBinding._runTestBody (package:flutter_test/src/binding.dart:1059:5)
<asynchronous suspension>
<asynchronous suspension>
(elided 3 frames from dart:async and package:stack_trace)

The exception was caught asynchronously.
════════════════════════════════════════════════════════════════════════════════════════════════════
00:02 +4 -1: /Users/taormina/Code/flame/packages/flame_svg/test/svg_test.dart: Svg render sharply [E]                                                                                                  
  Test failed. See exception logs above.
  The test description was: render sharply
  

To run this test again: /opt/homebrew/Caskroom/flutter/3.3.10/flutter/bin/cache/dart-sdk/bin/dart test /Users/taormina/Code/flame/packages/flame_svg/test/svg_test.dart -p vm --plain-name 'Svg render sharply'
00:02 +4 -1: /Users/taormina/Code/flame/packages/flame_svg/test/svg_test.dart: Svg render sharply with viewfinder zoom                                                                                 00:02 +4 -1: /Users/taormina/Code/flame/packages/flame_svg/test/svg_test.dart: Svg render sharply with viewfinder zoom                                                                                 
══╡ EXCEPTION CAUGHT BY FLUTTER TEST FRAMEWORK ╞════════════════════════════════════════════════════
The following assertion was thrown while running async test code:
Golden "_goldens/render_sharply_with_viewfinder_zoom.png": Pixel test failed, 0.35%, 35px diff
detected.
Failure feedback can be found at /Users/taormina/Code/flame/packages/flame_svg/test/failures

When the exception was thrown, this was the stack:
#0      LocalFileComparator.compare (package:flutter_test/src/_goldens_io.dart:108:5)
<asynchronous suspension>
#1      MatchesGoldenFile.matchAsync.<anonymous closure> (package:flutter_test/src/_matchers_io.dart:124:32)
<asynchronous suspension>
<asynchronous suspension>
#3      _expect.<anonymous closure> (package:matcher/src/expect/expect.dart:123:26)
<asynchronous suspension>
<asynchronous suspension>
#5      expectLater.<anonymous closure> (package:flutter_test/src/widget_tester.dart:508:19)
<asynchronous suspension>
#6      main.<anonymous closure>.<anonymous closure> (file:///Users/taormina/Code/flame/packages/flame_svg/test/svg_test.dart:124:9)
<asynchronous suspension>
#7      testWidgets.<anonymous closure>.<anonymous closure> (package:flutter_test/src/widget_tester.dart:192:15)
<asynchronous suspension>
#8      TestWidgetsFlutterBinding._runTestBody (package:flutter_test/src/binding.dart:1059:5)
<asynchronous suspension>
<asynchronous suspension>
(elided 3 frames from dart:async and package:stack_trace)

The exception was caught asynchronously.
════════════════════════════════════════════════════════════════════════════════════════════════════
00:02 +4 -2: /Users/taormina/Code/flame/packages/flame_svg/test/svg_test.dart: Svg render sharply with viewfinder zoom [E]                                                                             
  Test failed. See exception logs above.
  The test description was: render sharply with viewfinder zoom
  

To run this test again: /opt/homebrew/Caskroom/flutter/3.3.10/flutter/bin/cache/dart-sdk/bin/dart test /Users/taormina/Code/flame/packages/flame_svg/test/svg_test.dart -p vm --plain-name 'Svg render sharply with viewfinder zoom'
00:02 +4 -2: Some tests failed.                                                                                                                                                                        
--------------------------------------------------------------------------------
flame_test:
Resolving dependencies in `/Users/taormina/Code/flame`...
Downloading packages...
  _fe_analyzer_shared 85.0.0 (92.0.0 available)
  analyzer 7.7.1 (9.0.0 available)
  async 2.11.0 (2.13.0 available)
  bloc 8.1.4 (9.1.0 available)
  boolean_selector 2.1.1 (2.1.2 available)
  build 3.1.0 (4.0.2 available)
  build_resolvers 3.0.3 (3.0.4 available)
  build_runner 2.7.1 (2.10.1 available)
  build_runner_core 9.3.1 (9.3.2 available)
  characters 1.4.0 (1.4.1 available)
  charcode 1.3.1 (1.4.0 available)
  cli_launcher 0.3.1 (0.3.2+1 available)
  dart_style 3.1.1 (3.1.2 available)
  dartdoc 8.3.4 (9.0.0 available)
  devtools_app_shared 0.3.1 (0.4.0 available)
  devtools_extensions 0.3.1 (0.4.0 available)
  devtools_shared 11.2.1 (12.0.0 available)
  dtd 2.5.1 (4.0.0 available)
  file 7.0.0 (7.0.1 available)
  flutter_bloc 8.1.6 (9.1.1 available)
  flutter_riverpod 2.6.1 (3.0.3 available)
  glob 2.1.2 (2.1.3 available)
  http 1.2.2 (1.5.0 available)
  http_parser 4.1.0 (4.1.2 available)
  io 1.0.4 (1.0.5 available)
  js 0.6.7 (0.7.2 available)
  json_rpc_2 3.0.3 (4.0.0 available)
  material_color_utilities 0.11.1 (0.13.0 available)
  melos 7.0.0-dev.10 (7.3.0 available)
  mockito 5.5.0 (5.5.1 available)
  mustache_template 2.0.0 (2.0.2 available)
  platform 3.1.5 (3.1.6 available)
  pool 1.5.1 (1.5.2 available)
  process 5.0.2 (5.0.5 available)
  quiver 3.2.1 (3.2.2 available)
  riverpod 2.6.1 (3.0.3 available)
  source_gen 3.1.0 (4.0.2 available)
  source_span 1.10.0 (1.10.1 available)
  string_scanner 1.3.0 (1.4.1 available)
  term_glyph 1.2.1 (1.2.2 available)
Got dependencies in `/Users/taormina/Code/flame`!
40 packages have newer versions incompatible with dependency constraints.
Try `flutter pub outdated` for more information.
00:00 +0: loading /Users/taormina/Code/flame/packages/flame_test/test/debug_text_formatter_test.dart                                                                                                   00:01 +0: loading /Users/taormina/Code/flame/packages/flame_test/test/debug_text_formatter_test.dart                                                                                                   00:01 +0: loading /Users/taormina/Code/flame/packages/flame_test/test/fails_assert_test.dart                                                                                                           00:01 +0: /Users/taormina/Code/flame/packages/flame_test/test/fails_assert_test.dart: failsAssert without message                                                                                      00:01 +1: /Users/taormina/Code/flame/packages/flame_test/test/debug_text_formatter_test.dart: DebugTextFormatter Render debug text                                                                     00:01 +2: /Users/taormina/Code/flame/packages/flame_test/test/debug_text_formatter_test.dart: DebugTextFormatter Render debug text                                                                     00:01 +3: /Users/taormina/Code/flame/packages/flame_test/test/debug_text_formatter_test.dart: DebugTextFormatter Render debug text                                                                     00:01 +4: /Users/taormina/Code/flame/packages/flame_test/test/debug_text_formatter_test.dart: DebugTextFormatter Render debug text                                                                     00:01 +5: /Users/taormina/Code/flame/packages/flame_test/test/debug_text_formatter_test.dart: DebugTextFormatter Render debug text                                                                     00:01 +6: /Users/taormina/Code/flame/packages/flame_test/test/debug_text_formatter_test.dart: DebugTextFormatter Render debug text                                                                     00:01 +7: /Users/taormina/Code/flame/packages/flame_test/test/debug_text_formatter_test.dart: DebugTextFormatter Render debug text                                                                     00:01 +8: /Users/taormina/Code/flame/packages/flame_test/test/debug_text_formatter_test.dart: DebugTextFormatter Render debug text                                                                     00:01 +9: /Users/taormina/Code/flame/packages/flame_test/test/debug_text_formatter_test.dart: DebugTextFormatter Render debug text                                                                     00:01 +10: /Users/taormina/Code/flame/packages/flame_test/test/debug_text_formatter_test.dart: DebugTextFormatter Render debug text                                                                    00:01 +11: /Users/taormina/Code/flame/packages/flame_test/test/debug_text_formatter_test.dart: DebugTextFormatter Render debug text                                                                    00:01 +12: /Users/taormina/Code/flame/packages/flame_test/test/debug_text_formatter_test.dart: DebugTextFormatter Render debug text                                                                    00:01 +13: /Users/taormina/Code/flame/packages/flame_test/test/debug_text_formatter_test.dart: DebugTextFormatter Render debug text                                                                    00:01 +14: /Users/taormina/Code/flame/packages/flame_test/test/debug_text_formatter_test.dart: DebugTextFormatter Render debug text                                                                    00:01 +15: /Users/taormina/Code/flame/packages/flame_test/test/debug_text_formatter_test.dart: DebugTextFormatter Render debug text                                                                    00:01 +16: /Users/taormina/Code/flame/packages/flame_test/test/debug_text_formatter_test.dart: DebugTextFormatter Render debug text                                                                    00:01 +17: /Users/taormina/Code/flame/packages/flame_test/test/debug_text_formatter_test.dart: DebugTextFormatter Render debug text                                                                    00:01 +18: /Users/taormina/Code/flame/packages/flame_test/test/debug_text_formatter_test.dart: DebugTextFormatter Render debug text                                                                    00:01 +19: /Users/taormina/Code/flame/packages/flame_test/test/debug_text_formatter_test.dart: DebugTextFormatter Render debug text                                                                    00:01 +20: /Users/taormina/Code/flame/packages/flame_test/test/debug_text_formatter_test.dart: DebugTextFormatter Render debug text                                                                    00:01 +21: /Users/taormina/Code/flame/packages/flame_test/test/debug_text_formatter_test.dart: DebugTextFormatter Render debug text                                                                    00:01 +21: loading /Users/taormina/Code/flame/packages/flame_test/test/close_to_quaternion_test.dart                                                                                                   00:01 +21: /Users/taormina/Code/flame/packages/flame_test/test/close_to_quaternion_test.dart: closeToQuaternion matches normally                                                                       00:01 +22: /Users/taormina/Code/flame/packages/flame_test/test/close_to_quaternion_test.dart: closeToQuaternion matches normally                                                                       00:01 +22: /Users/taormina/Code/flame/packages/flame_test/test/close_to_quaternion_test.dart: closeToQuaternion fails on type mismatch                                                                 00:01 +23: /Users/taormina/Code/flame/packages/flame_test/test/close_to_quaternion_test.dart: closeToQuaternion fails on type mismatch                                                                 00:01 +23: /Users/taormina/Code/flame/packages/flame_test/test/close_to_quaternion_test.dart: closeToQuaternion fails on value mismatch                                                                00:01 +24: /Users/taormina/Code/flame/packages/flame_test/test/close_to_quaternion_test.dart: closeToQuaternion fails on value mismatch                                                                00:01 +24: loading /Users/taormina/Code/flame/packages/flame_test/test/random_test_test.dart                                                                                                           00:01 +24: /Users/taormina/Code/flame/packages/flame_test/test/random_test_test.dart: testRandom Uses different seed each time a [seed=2097106304]                                                     00:01 +25: /Users/taormina/Code/flame/packages/flame_test/test/random_test_test.dart: testRandom Uses different seed each time a [seed=2097106304]                                                     00:01 +25: /Users/taormina/Code/flame/packages/flame_test/test/random_test_test.dart: testRandom Uses different seed each time a [seed=2464901240]                                                     00:01 +26: /Users/taormina/Code/flame/packages/flame_test/test/random_test_test.dart: testRandom Uses different seed each time a [seed=2464901240]                                                     00:01 +26: /Users/taormina/Code/flame/packages/flame_test/test/random_test_test.dart: testRandom Uses different seed each time a [seed=917504153]                                                      00:01 +27: /Users/taormina/Code/flame/packages/flame_test/test/random_test_test.dart: testRandom Uses different seed each time a [seed=917504153]                                                      00:01 +27: /Users/taormina/Code/flame/packages/flame_test/test/random_test_test.dart: testRandom Uses different seed each time a [seed=730126042]                                                      00:01 +28: /Users/taormina/Code/flame/packages/flame_test/test/random_test_test.dart: testRandom Uses different seed each time a [seed=730126042]                                                      00:01 +28: /Users/taormina/Code/flame/packages/flame_test/test/random_test_test.dart: testRandom Uses different seed each time a [seed=4230022442]                                                     00:01 +29: /Users/taormina/Code/flame/packages/flame_test/test/random_test_test.dart: testRandom Uses different seed each time a [seed=4230022442]                                                     00:01 +29: /Users/taormina/Code/flame/packages/flame_test/test/random_test_test.dart: testRandom Uses different seed each time a [seed=3443755358]                                                     00:01 +30: /Users/taormina/Code/flame/packages/flame_test/test/random_test_test.dart: testRandom Uses different seed each time a [seed=3443755358]                                                     00:01 +30: /Users/taormina/Code/flame/packages/flame_test/test/random_test_test.dart: testRandom Uses different seed each time a [seed=3159619770]                                                     00:01 +31: /Users/taormina/Code/flame/packages/flame_test/test/random_test_test.dart: testRandom Uses different seed each time a [seed=3159619770]                                                     00:01 +31: /Users/taormina/Code/flame/packages/flame_test/test/random_test_test.dart: testRandom Uses different seed each time a [seed=2989034926]                                                     00:01 +32: /Users/taormina/Code/flame/packages/flame_test/test/random_test_test.dart: testRandom Uses different seed each time a [seed=2989034926]                                                     00:01 +32: /Users/taormina/Code/flame/packages/flame_test/test/random_test_test.dart: testRandom Uses different seed each time a [seed=635058171]                                                      00:01 +33: /Users/taormina/Code/flame/packages/flame_test/test/random_test_test.dart: testRandom Uses different seed each time a [seed=635058171]                                                      00:01 +33: /Users/taormina/Code/flame/packages/flame_test/test/random_test_test.dart: testRandom Uses different seed each time a [seed=2777212827]                                                     00:01 +34: /Users/taormina/Code/flame/packages/flame_test/test/random_test_test.dart: testRandom Uses different seed each time a [seed=2777212827]                                                     00:01 +34: /Users/taormina/Code/flame/packages/flame_test/test/random_test_test.dart: testRandom Uses different seed each time a [seed=2354639398]                                                     00:01 +35: /Users/taormina/Code/flame/packages/flame_test/test/random_test_test.dart: testRandom Uses different seed each time a [seed=2354639398]                                                     00:01 +35: /Users/taormina/Code/flame/packages/flame_test/test/random_test_test.dart: testRandom Uses different seed each time a [seed=2672487341]                                                     00:01 +36: /Users/taormina/Code/flame/packages/flame_test/test/random_test_test.dart: testRandom Uses different seed each time a [seed=2672487341]                                                     00:01 +36: /Users/taormina/Code/flame/packages/flame_test/test/random_test_test.dart: testRandom Uses different seed each time a [seed=3368057875]                                                     00:01 +37: /Users/taormina/Code/flame/packages/flame_test/test/random_test_test.dart: testRandom Uses different seed each time a [seed=3368057875]                                                     00:01 +37: /Users/taormina/Code/flame/packages/flame_test/test/random_test_test.dart: testRandom Uses different seed each time a [seed=500106615]                                                      00:01 +38: /Users/taormina/Code/flame/packages/flame_test/test/random_test_test.dart: testRandom Uses different seed each time a [seed=500106615]                                                      00:01 +38: /Users/taormina/Code/flame/packages/flame_test/test/random_test_test.dart: testRandom Uses different seed each time a [seed=1499580074]                                                     00:01 +39: /Users/taormina/Code/flame/packages/flame_test/test/random_test_test.dart: testRandom Uses different seed each time a [seed=1499580074]                                                     00:01 +39: /Users/taormina/Code/flame/packages/flame_test/test/random_test_test.dart: testRandom Uses different seed each time a [seed=2019429248]                                                     00:01 +40: /Users/taormina/Code/flame/packages/flame_test/test/random_test_test.dart: testRandom Uses different seed each time a [seed=2019429248]                                                     00:01 +40: /Users/taormina/Code/flame/packages/flame_test/test/random_test_test.dart: testRandom Uses different seed each time a [seed=4283372807]                                                     00:01 +41: /Users/taormina/Code/flame/packages/flame_test/test/random_test_test.dart: testRandom Uses different seed each time a [seed=4283372807]                                                     00:01 +41: /Users/taormina/Code/flame/packages/flame_test/test/random_test_test.dart: testRandom Uses different seed each time a [seed=2016798582]                                                     00:01 +42: /Users/taormina/Code/flame/packages/flame_test/test/random_test_test.dart: testRandom Uses different seed each time a [seed=2016798582]                                                     00:01 +42: /Users/taormina/Code/flame/packages/flame_test/test/random_test_test.dart: testRandom Uses different seed each time a [seed=2338332472]                                                     00:01 +43: /Users/taormina/Code/flame/packages/flame_test/test/random_test_test.dart: testRandom Uses different seed each time a [seed=2338332472]                                                     00:01 +43: /Users/taormina/Code/flame/packages/flame_test/test/random_test_test.dart: testRandom Uses different seed each time a [seed=50289156]                                                       00:01 +44: /Users/taormina/Code/flame/packages/flame_test/test/random_test_test.dart: testRandom Uses different seed each time a [seed=50289156]                                                       00:01 +44: /Users/taormina/Code/flame/packages/flame_test/test/random_test_test.dart: testRandom Uses different seed each time a [seed=3334770241]                                                     00:01 +45: /Users/taormina/Code/flame/packages/flame_test/test/random_test_test.dart: testRandom Uses different seed each time a [seed=3334770241]                                                     00:01 +45: /Users/taormina/Code/flame/packages/flame_test/test/random_test_test.dart: testRandom Uses different seed each time a [seed=643537460]                                                      00:01 +46: /Users/taormina/Code/flame/packages/flame_test/test/random_test_test.dart: testRandom Uses different seed each time a [seed=643537460]                                                      00:01 +46: /Users/taormina/Code/flame/packages/flame_test/test/random_test_test.dart: testRandom Uses different seed each time a [seed=3063293631]                                                     00:01 +47: /Users/taormina/Code/flame/packages/flame_test/test/random_test_test.dart: testRandom Uses different seed each time a [seed=3063293631]                                                     00:01 +47: /Users/taormina/Code/flame/packages/flame_test/test/random_test_test.dart: testRandom Uses different seed each time a [seed=192932080]                                                      00:01 +48: /Users/taormina/Code/flame/packages/flame_test/test/random_test_test.dart: testRandom Uses different seed each time a [seed=192932080]                                                      00:01 +48: /Users/taormina/Code/flame/packages/flame_test/test/random_test_test.dart: testRandom Uses different seed each time a [seed=360296154]                                                      00:01 +49: /Users/taormina/Code/flame/packages/flame_test/test/random_test_test.dart: testRandom Uses different seed each time a [seed=360296154]                                                      00:01 +49: /Users/taormina/Code/flame/packages/flame_test/test/random_test_test.dart: testRandom Uses different seed each time a [seed=514247642]                                                      00:01 +50: /Users/taormina/Code/flame/packages/flame_test/test/random_test_test.dart: testRandom Uses different seed each time a [seed=514247642]                                                      00:01 +50: /Users/taormina/Code/flame/packages/flame_test/test/random_test_test.dart: testRandom Uses different seed each time a [seed=4033514828]                                                     00:01 +51: /Users/taormina/Code/flame/packages/flame_test/test/random_test_test.dart: testRandom Uses different seed each time a [seed=4033514828]                                                     00:01 +51: /Users/taormina/Code/flame/packages/flame_test/test/random_test_test.dart: testRandom Uses different seed each time a [seed=1712130340]                                                     00:01 +52: /Users/taormina/Code/flame/packages/flame_test/test/random_test_test.dart: testRandom Uses different seed each time a [seed=1712130340]                                                     00:01 +52: /Users/taormina/Code/flame/packages/flame_test/test/random_test_test.dart: testRandom Uses different seed each time a [seed=2885650587]                                                     00:01 +53: /Users/taormina/Code/flame/packages/flame_test/test/random_test_test.dart: testRandom Uses different seed each time a [seed=2885650587]                                                     00:01 +53: /Users/taormina/Code/flame/packages/flame_test/test/random_test_test.dart: testRandom Uses different seed each time a [seed=2744695520]                                                     00:01 +54: /Users/taormina/Code/flame/packages/flame_test/test/random_test_test.dart: testRandom Uses different seed each time a [seed=2744695520]                                                     00:01 +54: /Users/taormina/Code/flame/packages/flame_test/test/random_test_test.dart: testRandom Uses different seed each time a [seed=4246797876]                                                     00:01 +55: /Users/taormina/Code/flame/packages/flame_test/test/random_test_test.dart: testRandom Uses different seed each time a [seed=4246797876]                                                     00:01 +55: /Users/taormina/Code/flame/packages/flame_test/test/random_test_test.dart: testRandom Uses different seed each time a [seed=2807905417]                                                     00:01 +56: /Users/taormina/Code/flame/packages/flame_test/test/random_test_test.dart: testRandom Uses different seed each time a [seed=2807905417]                                                     00:01 +56: /Users/taormina/Code/flame/packages/flame_test/test/random_test_test.dart: testRandom Uses different seed each time a [seed=2423812842]                                                     00:01 +57: /Users/taormina/Code/flame/packages/flame_test/test/random_test_test.dart: testRandom Uses different seed each time a [seed=2423812842]                                                     00:01 +57: /Users/taormina/Code/flame/packages/flame_test/test/random_test_test.dart: testRandom Uses different seed each time a [seed=2213671579]                                                     00:01 +58: /Users/taormina/Code/flame/packages/flame_test/test/random_test_test.dart: testRandom Uses different seed each time a [seed=2213671579]                                                     00:01 +58: /Users/taormina/Code/flame/packages/flame_test/test/random_test_test.dart: testRandom Uses different seed each time a [seed=2770487402]                                                     00:01 +59: /Users/taormina/Code/flame/packages/flame_test/test/close_to_vector_test.dart: closeToVector matches normally                                                                               00:01 +60: /Users/taormina/Code/flame/packages/flame_test/test/close_to_vector_test.dart: closeToVector matches normally                                                                               00:01 +61: /Users/taormina/Code/flame/packages/flame_test/test/close_to_vector_test.dart: closeToVector matches normally                                                                               00:01 +62: /Users/taormina/Code/flame/packages/flame_test/test/close_to_vector_test.dart: closeToVector matches normally                                                                               00:01 +63: /Users/taormina/Code/flame/packages/flame_test/test/close_to_vector_test.dart: closeToVector matches normally                                                                               00:01 +64: /Users/taormina/Code/flame/packages/flame_test/test/close_to_vector_test.dart: closeToVector matches normally                                                                               00:01 +65: /Users/taormina/Code/flame/packages/flame_test/test/close_to_vector_test.dart: closeToVector matches normally                                                                               00:01 +66: /Users/taormina/Code/flame/packages/flame_test/test/close_to_vector_test.dart: closeToVector matches normally                                                                               00:01 +67: /Users/taormina/Code/flame/packages/flame_test/test/close_to_vector_test.dart: closeToVector matches normally                                                                               00:01 +68: /Users/taormina/Code/flame/packages/flame_test/test/close_to_vector_test.dart: closeToVector matches normally                                                                               00:01 +69: /Users/taormina/Code/flame/packages/flame_test/test/close_to_vector_test.dart: closeToVector matches normally                                                                               00:01 +69: /Users/taormina/Code/flame/packages/flame_test/test/random_test_test.dart: testRandom Uses different seed each time a [seed=3628736960]                                                     00:01 +70: /Users/taormina/Code/flame/packages/flame_test/test/close_to_vector_test.dart: closeToVector fails on type mismatch - double                                                                00:01 +71: /Users/taormina/Code/flame/packages/flame_test/test/close_to_vector_test.dart: closeToVector fails on type mismatch - double                                                                00:01 +72: /Users/taormina/Code/flame/packages/flame_test/test/close_to_vector_test.dart: closeToVector fails on type mismatch - double                                                                00:01 +73: /Users/taormina/Code/flame/packages/flame_test/test/flame_async_test.dart: runs all the async tests                                                                                         00:01 +74: /Users/taormina/Code/flame/packages/flame_test/test/flame_async_test.dart: runs all the async tests                                                                                         00:01 +75: /Users/taormina/Code/flame/packages/flame_test/test/flame_async_test.dart: runs all the async tests                                                                                         00:01 +76: /Users/taormina/Code/flame/packages/flame_test/test/flame_async_test.dart: runs all the async tests                                                                                         00:01 +77: /Users/taormina/Code/flame/packages/flame_test/test/flame_async_test.dart: runs all the async tests                                                                                         00:01 +78: /Users/taormina/Code/flame/packages/flame_test/test/flame_async_test.dart: runs all the async tests                                                                                         00:01 +79: /Users/taormina/Code/flame/packages/flame_test/test/flame_async_test.dart: runs all the async tests                                                                                         00:01 +80: /Users/taormina/Code/flame/packages/flame_test/test/flame_async_test.dart: runs all the async tests                                                                                         00:01 +81: /Users/taormina/Code/flame/packages/flame_test/test/flame_async_test.dart: runs all the async tests                                                                                         00:01 +82: /Users/taormina/Code/flame/packages/flame_test/test/flame_async_test.dart: runs all the async tests                                                                                         00:01 +83: /Users/taormina/Code/flame/packages/flame_test/test/flame_async_test.dart: runs all the async tests                                                                                         00:01 +84: /Users/taormina/Code/flame/packages/flame_test/test/flame_async_test.dart: runs all the async tests                                                                                         00:01 +85: /Users/taormina/Code/flame/packages/flame_test/test/flame_async_test.dart: runs all the async tests                                                                                         00:01 +86: /Users/taormina/Code/flame/packages/flame_test/test/flame_async_test.dart: runs all the async tests                                                                                         00:01 +87: /Users/taormina/Code/flame/packages/flame_test/test/flame_async_test.dart: runs all the async tests                                                                                         00:01 +88: /Users/taormina/Code/flame/packages/flame_test/test/flame_async_test.dart: runs all the async tests                                                                                         00:01 +89: /Users/taormina/Code/flame/packages/flame_test/test/flame_async_test.dart: runs all the async tests                                                                                         00:01 +90: /Users/taormina/Code/flame/packages/flame_test/test/flame_async_test.dart: runs all the async tests                                                                                         00:01 +91: /Users/taormina/Code/flame/packages/flame_test/test/flame_async_test.dart: runs all the async tests                                                                                         00:01 +92: /Users/taormina/Code/flame/packages/flame_test/test/flame_async_test.dart: runs all the async tests                                                                                         00:01 +93: /Users/taormina/Code/flame/packages/flame_test/test/random_test_test.dart: testRandom Repeat count works c [seed=1835789408]                                                                00:01 +94: /Users/taormina/Code/flame/packages/flame_test/test/random_test_test.dart: testRandom Repeat count works c [seed=1835789408]                                                                00:01 +94: /Users/taormina/Code/flame/packages/flame_test/test/random_test_test.dart: testRandom Repeat count works c [seed=828982529]                                                                 00:01 +95: /Users/taormina/Code/flame/packages/flame_test/test/random_test_test.dart: testRandom Repeat count works c [seed=828982529]                                                                 00:01 +95: /Users/taormina/Code/flame/packages/flame_test/test/random_test_test.dart: testRandom Repeat count works c [seed=2249251757]                                                                00:01 +96: /Users/taormina/Code/flame/packages/flame_test/test/random_test_test.dart: testRandom Repeat count works c [seed=2249251757]                                                                00:01 +96: /Users/taormina/Code/flame/packages/flame_test/test/random_test_test.dart: testRandom Repeat count works c [seed=2100350027]                                                                00:01 +97: /Users/taormina/Code/flame/packages/flame_test/test/random_test_test.dart: testRandom Repeat count works c [seed=2100350027]                                                                00:01 +97: /Users/taormina/Code/flame/packages/flame_test/test/random_test_test.dart: testRandom Repeat count works c [seed=3074100836]                                                                00:01 +98: /Users/taormina/Code/flame/packages/flame_test/test/random_test_test.dart: testRandom Repeat count works c [seed=3074100836]                                                                00:01 +98: /Users/taormina/Code/flame/packages/flame_test/test/random_test_test.dart: testRandom Repeat count works c [seed=644765129]                                                                 00:01 +99: /Users/taormina/Code/flame/packages/flame_test/test/random_test_test.dart: testRandom Repeat count works c [seed=644765129]                                                                 00:01 +99: /Users/taormina/Code/flame/packages/flame_test/test/random_test_test.dart: testRandom Repeat count works c [seed=3863846560]                                                                00:01 +100: /Users/taormina/Code/flame/packages/flame_test/test/random_test_test.dart: testRandom Repeat count works c [seed=3863846560]                                                               00:01 +100: /Users/taormina/Code/flame/packages/flame_test/test/random_test_test.dart: testRandom Repeat count works c [seed=3830164163]                                                               00:01 +101: /Users/taormina/Code/flame/packages/flame_test/test/random_test_test.dart: testRandom Repeat count works c [seed=3830164163]                                                               00:01 +101: /Users/taormina/Code/flame/packages/flame_test/test/random_test_test.dart: testRandom Repeat count works c [seed=731922090]                                                                00:01 +102: /Users/taormina/Code/flame/packages/flame_test/test/random_test_test.dart: testRandom Repeat count works c [seed=731922090]                                                                00:01 +102: /Users/taormina/Code/flame/packages/flame_test/test/random_test_test.dart: testRandom Repeat count works c [seed=2729839521]                                                               00:01 +103: /Users/taormina/Code/flame/packages/flame_test/test/random_test_test.dart: testRandom Repeat count works c [seed=2729839521]                                                               00:01 +103: /Users/taormina/Code/flame/packages/flame_test/test/random_test_test.dart: testRandom Repeat count works c [seed=3437279810]                                                               00:01 +104: /Users/taormina/Code/flame/packages/flame_test/test/random_test_test.dart: testRandom Repeat count works c [seed=3437279810]                                                               00:01 +104: /Users/taormina/Code/flame/packages/flame_test/test/random_test_test.dart: testRandom Repeat count works verify                                                                            00:01 +105: /Users/taormina/Code/flame/packages/flame_test/test/random_test_test.dart: testRandom Repeat count works verify                                                                            00:02 +105: /Users/taormina/Code/flame/packages/flame_test/test/random_test_test.dart: testRandom Repeat count works verify                                                                            00:02 +105: loading /Users/taormina/Code/flame/packages/flame_test/test/golden_test.dart                                                                                                               00:02 +105: /Users/taormina/Code/flame/packages/flame_test/test/golden_test.dart: Golden tests renders correctly                                                                                       00:02 +106: /Users/taormina/Code/flame/packages/flame_test/test/golden_test.dart: Golden tests renders correctly                                                                                       00:02 +107: /Users/taormina/Code/flame/packages/flame_test/test/golden_test.dart: Golden tests renders correctly                                                                                       00:02 +108: /Users/taormina/Code/flame/packages/flame_test/test/golden_test.dart: Golden tests renders correctly                                                                                       00:02 +109: /Users/taormina/Code/flame/packages/flame_test/test/golden_test.dart: Golden tests renders correctly                                                                                       00:02 +110: /Users/taormina/Code/flame/packages/flame_test/test/golden_test.dart: Golden tests renders correctly                                                                                       00:02 +111: /Users/taormina/Code/flame/packages/flame_test/test/golden_test.dart: Golden tests renders correctly                                                                                       00:02 +112: /Users/taormina/Code/flame/packages/flame_test/test/golden_test.dart: Golden tests renders correctly                                                                                       00:02 +113: /Users/taormina/Code/flame/packages/flame_test/test/golden_test.dart: Golden tests renders correctly                                                                                       00:02 +114: /Users/taormina/Code/flame/packages/flame_test/test/golden_test.dart: Golden tests renders correctly                                                                                       00:02 +115: /Users/taormina/Code/flame/packages/flame_test/test/golden_test.dart: Golden tests renders correctly                                                                                       00:02 +116: /Users/taormina/Code/flame/packages/flame_test/test/golden_test.dart: Golden tests renders correctly                                                                                       00:02 +117: /Users/taormina/Code/flame/packages/flame_test/test/golden_test.dart: Golden tests renders correctly                                                                                       00:02 +118: /Users/taormina/Code/flame/packages/flame_test/test/golden_test.dart: Golden tests renders correctly                                                                                       00:02 +119: /Users/taormina/Code/flame/packages/flame_test/test/golden_test.dart: Golden tests renders correctly                                                                                       00:02 +119: /Users/taormina/Code/flame/packages/flame_test/test/golden_test.dart: Golden tests Same test but with testGolden                                                                           00:02 +120: /Users/taormina/Code/flame/packages/flame_test/test/golden_test.dart: Golden tests Same test but with testGolden                                                                           00:02 +120: /Users/taormina/Code/flame/packages/flame_test/test/golden_test.dart: Golden tests Same test, but with smaller size                                                                        00:02 +121: /Users/taormina/Code/flame/packages/flame_test/test/golden_test.dart: Golden tests Same test, but with smaller size                                                                        00:02 +121: /Users/taormina/Code/flame/packages/flame_test/test/golden_test.dart: Golden tests skipped test                                                                                            00:02 +121 ~1: /Users/taormina/Code/flame/packages/flame_test/test/golden_test.dart: Golden tests skipped test                                                                                         00:02 +121 ~1: All tests passed!                                                                                                                                                                       
flame_test: SUCCESS
--------------------------------------------------------------------------------
flame_test_example:
Resolving dependencies in `/Users/taormina/Code/flame`...
Downloading packages...
  _fe_analyzer_shared 85.0.0 (92.0.0 available)
  analyzer 7.7.1 (9.0.0 available)
  async 2.11.0 (2.13.0 available)
  bloc 8.1.4 (9.1.0 available)
  boolean_selector 2.1.1 (2.1.2 available)
  build 3.1.0 (4.0.2 available)
  build_resolvers 3.0.3 (3.0.4 available)
  build_runner 2.7.1 (2.10.1 available)
  build_runner_core 9.3.1 (9.3.2 available)
  characters 1.4.0 (1.4.1 available)
  charcode 1.3.1 (1.4.0 available)
  cli_launcher 0.3.1 (0.3.2+1 available)
  dart_style 3.1.1 (3.1.2 available)
  dartdoc 8.3.4 (9.0.0 available)
  devtools_app_shared 0.3.1 (0.4.0 available)
  devtools_extensions 0.3.1 (0.4.0 available)
  devtools_shared 11.2.1 (12.0.0 available)
  dtd 2.5.1 (4.0.0 available)
  file 7.0.0 (7.0.1 available)
  flutter_bloc 8.1.6 (9.1.1 available)
  flutter_riverpod 2.6.1 (3.0.3 available)
  glob 2.1.2 (2.1.3 available)
  http 1.2.2 (1.5.0 available)
  http_parser 4.1.0 (4.1.2 available)
  io 1.0.4 (1.0.5 available)
  js 0.6.7 (0.7.2 available)
  json_rpc_2 3.0.3 (4.0.0 available)
  material_color_utilities 0.11.1 (0.13.0 available)
  melos 7.0.0-dev.10 (7.3.0 available)
  mockito 5.5.0 (5.5.1 available)
  mustache_template 2.0.0 (2.0.2 available)
  platform 3.1.5 (3.1.6 available)
  pool 1.5.1 (1.5.2 available)
  process 5.0.2 (5.0.5 available)
  quiver 3.2.1 (3.2.2 available)
  riverpod 2.6.1 (3.0.3 available)
  source_gen 3.1.0 (4.0.2 available)
  source_span 1.10.0 (1.10.1 available)
  string_scanner 1.3.0 (1.4.1 available)
  term_glyph 1.2.1 (1.2.2 available)
Got dependencies in `/Users/taormina/Code/flame`!
40 packages have newer versions incompatible with dependency constraints.
Try `flutter pub outdated` for more information.
00:00 +0: loading /Users/taormina/Code/flame/packages/flame_test/example/test/main_test.dart                                                                                                           00:00 +0: /Users/taormina/Code/flame/packages/flame_test/example/test/main_test.dart: flame_test can test vector2                                                                                      00:00 +1: /Users/taormina/Code/flame/packages/flame_test/example/test/main_test.dart: flame_test can test vector2                                                                                      00:00 +1: /Users/taormina/Code/flame/packages/flame_test/example/test/main_test.dart: flame_test can test double                                                                                       00:00 +2: /Users/taormina/Code/flame/packages/flame_test/example/test/main_test.dart: flame_test can test double                                                                                       00:01 +2: /Users/taormina/Code/flame/packages/flame_test/example/test/main_test.dart: flame_test can test double                                                                                       00:01 +2: loading /Users/taormina/Code/flame/packages/flame_test/example/test/flame_test_test.dart                                                                                                     00:01 +2: /Users/taormina/Code/flame/packages/flame_test/example/test/flame_test_test.dart: flameTest can load the game                                                                                00:01 +3: /Users/taormina/Code/flame/packages/flame_test/example/test/flame_test_test.dart: flameTest can load the game                                                                                00:01 +3: /Users/taormina/Code/flame/packages/flame_test/example/test/flame_test_test.dart: flameTest render the game widget                                                                           00:01 +4: /Users/taormina/Code/flame/packages/flame_test/example/test/flame_test_test.dart: flameTest render the game widget                                                                           00:01 +4: /Users/taormina/Code/flame/packages/flame_test/example/test/flame_test_test.dart: flameTest render the background correctly                                                                  00:01 +5: /Users/taormina/Code/flame/packages/flame_test/example/test/flame_test_test.dart: flameTest render the background correctly                                                                  00:01 +5: All tests passed!                                                                                                                                                                            
flame_test_example: SUCCESS
--------------------------------------------------------------------------------
flame_texturepacker:
Resolving dependencies in `/Users/taormina/Code/flame`...
Downloading packages...
  _fe_analyzer_shared 85.0.0 (92.0.0 available)
  analyzer 7.7.1 (9.0.0 available)
  async 2.11.0 (2.13.0 available)
  bloc 8.1.4 (9.1.0 available)
  boolean_selector 2.1.1 (2.1.2 available)
  build 3.1.0 (4.0.2 available)
  build_resolvers 3.0.3 (3.0.4 available)
  build_runner 2.7.1 (2.10.1 available)
  build_runner_core 9.3.1 (9.3.2 available)
  characters 1.4.0 (1.4.1 available)
  charcode 1.3.1 (1.4.0 available)
  cli_launcher 0.3.1 (0.3.2+1 available)
  dart_style 3.1.1 (3.1.2 available)
  dartdoc 8.3.4 (9.0.0 available)
  devtools_app_shared 0.3.1 (0.4.0 available)
  devtools_extensions 0.3.1 (0.4.0 available)
  devtools_shared 11.2.1 (12.0.0 available)
  dtd 2.5.1 (4.0.0 available)
  file 7.0.0 (7.0.1 available)
  flutter_bloc 8.1.6 (9.1.1 available)
  flutter_riverpod 2.6.1 (3.0.3 available)
  glob 2.1.2 (2.1.3 available)
  http 1.2.2 (1.5.0 available)
  http_parser 4.1.0 (4.1.2 available)
  io 1.0.4 (1.0.5 available)
  js 0.6.7 (0.7.2 available)
  json_rpc_2 3.0.3 (4.0.0 available)
  material_color_utilities 0.11.1 (0.13.0 available)
  melos 7.0.0-dev.10 (7.3.0 available)
  mockito 5.5.0 (5.5.1 available)
  mustache_template 2.0.0 (2.0.2 available)
  platform 3.1.5 (3.1.6 available)
  pool 1.5.1 (1.5.2 available)
  process 5.0.2 (5.0.5 available)
  quiver 3.2.1 (3.2.2 available)
  riverpod 2.6.1 (3.0.3 available)
  source_gen 3.1.0 (4.0.2 available)
  source_span 1.10.0 (1.10.1 available)
  string_scanner 1.3.0 (1.4.1 available)
  term_glyph 1.2.1 (1.2.2 available)
Got dependencies in `/Users/taormina/Code/flame`!
40 packages have newer versions incompatible with dependency constraints.
Try `flutter pub outdated` for more information.
00:00 +0: loading /Users/taormina/Code/flame/packages/flame_texturepacker/test/region_test.dart                                                                                                        00:01 +0: loading /Users/taormina/Code/flame/packages/flame_texturepacker/test/region_test.dart                                                                                                        00:01 +0: /Users/taormina/Code/flame/packages/flame_texturepacker/test/region_test.dart: Region encodes and decodes all fields correctly                                                               00:01 +1: /Users/taormina/Code/flame/packages/flame_texturepacker/test/region_test.dart: Region encodes and decodes all fields correctly                                                               00:01 +1: /Users/taormina/Code/flame/packages/flame_texturepacker/test/region_test.dart: Region default values decode correctly                                                                        00:01 +2: /Users/taormina/Code/flame/packages/flame_texturepacker/test/region_test.dart: Region default values decode correctly                                                                        00:01 +2: /Users/taormina/Code/flame/packages/flame_texturepacker/test/region_test.dart: Region handles max values correctly                                                                           00:01 +3: /Users/taormina/Code/flame/packages/flame_texturepacker/test/region_test.dart: Region handles max values correctly                                                                           00:01 +3: loading /Users/taormina/Code/flame/packages/flame_texturepacker/test/legacy_format_test.dart                                                                                                 00:01 +3: /Users/taormina/Code/flame/packages/flame_texturepacker/test/legacy_format_test.dart: Multiple pages atlas Texture atlas contains 12 Sprites                                                 00:01 +4: /Users/taormina/Code/flame/packages/flame_texturepacker/test/flame_texturepacker_test.dart: TexturepackerLoader load atlas from storage                                                      00:01 +5: /Users/taormina/Code/flame/packages/flame_texturepacker/test/flame_texturepacker_test.dart: TexturepackerLoader load atlas from storage                                                      00:01 +6: /Users/taormina/Code/flame/packages/flame_texturepacker/test/flame_texturepacker_test.dart: TexturepackerLoader load atlas from storage                                                      00:01 +7: /Users/taormina/Code/flame/packages/flame_texturepacker/test/new_format_test.dart: Multiple pages atlas Texture atlas contains 12 Sprites                                                    00:01 +8: /Users/taormina/Code/flame/packages/flame_texturepacker/test/new_format_test.dart: Multiple pages atlas Texture atlas contains 12 Sprites                                                    00:01 +9: /Users/taormina/Code/flame/packages/flame_texturepacker/test/flame_texturepacker_test.dart: TexturepackerLoader load atlas from assets                                                       00:01 +10: /Users/taormina/Code/flame/packages/flame_texturepacker/test/flame_texturepacker_test.dart: TexturepackerLoader load atlas from assets                                                      00:01 +11: /Users/taormina/Code/flame/packages/flame_texturepacker/test/flame_texturepacker_test.dart: TexturepackerLoader load atlas from assets                                                      00:01 +12: /Users/taormina/Code/flame/packages/flame_texturepacker/test/flame_texturepacker_test.dart: TexturepackerLoader load atlas from assets                                                      00:01 +13: /Users/taormina/Code/flame/packages/flame_texturepacker/test/new_format_test.dart: Multiple pages atlas findSpriteByName will return 1 sprite                                               00:01 +14: /Users/taormina/Code/flame/packages/flame_texturepacker/test/legacy_format_test.dart: Single page atlas findSpritesByName will return 8 sprites                                             00:01 +15: /Users/taormina/Code/flame/packages/flame_texturepacker/test/flame_texturepacker_test.dart: TexturepackerLoader throws exception for invalid atlas path                                     00:01 +16: /Users/taormina/Code/flame/packages/flame_texturepacker/test/new_format_test.dart: Multiple pages atlas findSpriteByNameIndex will return 1 sprite                                          00:01 +17: /Users/taormina/Code/flame/packages/flame_texturepacker/test/new_format_test.dart: Multiple pages atlas findSpriteByNameIndex will return 1 sprite                                          00:01 +18: /Users/taormina/Code/flame/packages/flame_texturepacker/test/flame_texturepacker_test.dart: TexturepackerLoader only loads whitelisted path matches                                         00:01 +19: /Users/taormina/Code/flame/packages/flame_texturepacker/test/legacy_format_test.dart: Single page atlas findSpriteByNameIndex will return 1 sprite                                          00:01 +20: /Users/taormina/Code/flame/packages/flame_texturepacker/test/new_format_test.dart: Multiple pages atlas Sprite data is loaded correctly                                                     00:01 +21: /Users/taormina/Code/flame/packages/flame_texturepacker/test/new_format_test.dart: Multiple pages atlas Sprite data is loaded correctly                                                     00:01 +22: /Users/taormina/Code/flame/packages/flame_texturepacker/test/legacy_format_test.dart: Single page atlas Sprite data is loaded correctly                                                     00:01 +23: /Users/taormina/Code/flame/packages/flame_texturepacker/test/new_format_test.dart: Multiple pages atlas Trimmed sprite data is loaded correctly                                             00:01 +24: /Users/taormina/Code/flame/packages/flame_texturepacker/test/legacy_format_test.dart: Single page atlas Trimmed sprite data is loaded correctly                                             00:01 +25: /Users/taormina/Code/flame/packages/flame_texturepacker/test/new_format_test.dart: Multiple pages atlas Sprite renders correctly                                                            00:01 +26: /Users/taormina/Code/flame/packages/flame_texturepacker/test/new_format_test.dart: Multiple pages atlas Sprite renders correctly                                                            00:01 +27: /Users/taormina/Code/flame/packages/flame_texturepacker/test/legacy_format_test.dart: Single page atlas Sprite renders correctly when rotated                                               00:01 +28: /Users/taormina/Code/flame/packages/flame_texturepacker/test/new_format_test.dart: Multiple pages atlas Sprite renders with correct anchor point                                            00:01 +29: /Users/taormina/Code/flame/packages/flame_texturepacker/test/legacy_format_test.dart: Single page atlas Sprite renders with correct anchor point                                            00:01 +30: /Users/taormina/Code/flame/packages/flame_texturepacker/test/new_format_test.dart: Multiple pages atlas Sprite renders correctly with default position                                      00:01 +31: /Users/taormina/Code/flame/packages/flame_texturepacker/test/legacy_format_test.dart: Single page atlas Sprite renders correctly with default position                                      00:01 +32: /Users/taormina/Code/flame/packages/flame_texturepacker/test/new_format_test.dart: Single page atlas Texture atlas contains 12 Sprites                                                      00:01 +33: /Users/taormina/Code/flame/packages/flame_texturepacker/test/new_format_test.dart: Single page atlas Texture atlas contains 12 Sprites                                                      00:01 +33: /Users/taormina/Code/flame/packages/flame_texturepacker/test/new_format_test.dart: Single page atlas findSpritesByName will return 8 sprites                                                00:01 +34: /Users/taormina/Code/flame/packages/flame_texturepacker/test/new_format_test.dart: Single page atlas findSpritesByName will return 8 sprites                                                00:01 +34: /Users/taormina/Code/flame/packages/flame_texturepacker/test/new_format_test.dart: Single page atlas findSpriteByName will return 1 sprite                                                  00:01 +35: /Users/taormina/Code/flame/packages/flame_texturepacker/test/new_format_test.dart: Single page atlas findSpriteByName will return 1 sprite                                                  00:01 +35: /Users/taormina/Code/flame/packages/flame_texturepacker/test/new_format_test.dart: Single page atlas Sprite data is loaded correctly                                                        00:01 +36: /Users/taormina/Code/flame/packages/flame_texturepacker/test/new_format_test.dart: Single page atlas Sprite data is loaded correctly                                                        00:01 +36: /Users/taormina/Code/flame/packages/flame_texturepacker/test/new_format_test.dart: Single page atlas Trimmed sprite data is loaded correctly                                                00:01 +37: /Users/taormina/Code/flame/packages/flame_texturepacker/test/new_format_test.dart: Single page atlas Trimmed sprite data is loaded correctly                                                00:01 +37: /Users/taormina/Code/flame/packages/flame_texturepacker/test/new_format_test.dart: Single page atlas Sprite renders correctly                                                               00:01 +38: /Users/taormina/Code/flame/packages/flame_texturepacker/test/new_format_test.dart: Single page atlas Sprite renders correctly                                                               00:01 +38: /Users/taormina/Code/flame/packages/flame_texturepacker/test/new_format_test.dart: Single page atlas Sprite renders with correct anchor point                                               00:01 +39: /Users/taormina/Code/flame/packages/flame_texturepacker/test/new_format_test.dart: Single page atlas Sprite renders with correct anchor point                                               00:01 +39: /Users/taormina/Code/flame/packages/flame_texturepacker/test/new_format_test.dart: Single page atlas Sprite renders correctly with default position                                         00:01 +40: /Users/taormina/Code/flame/packages/flame_texturepacker/test/new_format_test.dart: Single page atlas Sprite renders correctly with default position                                         00:01 +40: All tests passed!                                                                                                                                                                           
flame_texturepacker: SUCCESS
--------------------------------------------------------------------------------
flame_tiled:
Resolving dependencies in `/Users/taormina/Code/flame`...
Downloading packages...
  _fe_analyzer_shared 85.0.0 (92.0.0 available)
  analyzer 7.7.1 (9.0.0 available)
  async 2.11.0 (2.13.0 available)
  bloc 8.1.4 (9.1.0 available)
  boolean_selector 2.1.1 (2.1.2 available)
  build 3.1.0 (4.0.2 available)
  build_resolvers 3.0.3 (3.0.4 available)
  build_runner 2.7.1 (2.10.1 available)
  build_runner_core 9.3.1 (9.3.2 available)
  characters 1.4.0 (1.4.1 available)
  charcode 1.3.1 (1.4.0 available)
  cli_launcher 0.3.1 (0.3.2+1 available)
  dart_style 3.1.1 (3.1.2 available)
  dartdoc 8.3.4 (9.0.0 available)
  devtools_app_shared 0.3.1 (0.4.0 available)
  devtools_extensions 0.3.1 (0.4.0 available)
  devtools_shared 11.2.1 (12.0.0 available)
  dtd 2.5.1 (4.0.0 available)
  file 7.0.0 (7.0.1 available)
  flutter_bloc 8.1.6 (9.1.1 available)
  flutter_riverpod 2.6.1 (3.0.3 available)
  glob 2.1.2 (2.1.3 available)
  http 1.2.2 (1.5.0 available)
  http_parser 4.1.0 (4.1.2 available)
  io 1.0.4 (1.0.5 available)
  js 0.6.7 (0.7.2 available)
  json_rpc_2 3.0.3 (4.0.0 available)
  material_color_utilities 0.11.1 (0.13.0 available)
  melos 7.0.0-dev.10 (7.3.0 available)
  mockito 5.5.0 (5.5.1 available)
  mustache_template 2.0.0 (2.0.2 available)
  platform 3.1.5 (3.1.6 available)
  pool 1.5.1 (1.5.2 available)
  process 5.0.2 (5.0.5 available)
  quiver 3.2.1 (3.2.2 available)
  riverpod 2.6.1 (3.0.3 available)
  source_gen 3.1.0 (4.0.2 available)
  source_span 1.10.0 (1.10.1 available)
  string_scanner 1.3.0 (1.4.1 available)
  term_glyph 1.2.1 (1.2.2 available)
Got dependencies in `/Users/taormina/Code/flame`!
40 packages have newer versions incompatible with dependency constraints.
Try `flutter pub outdated` for more information.
00:00 +0: loading /Users/taormina/Code/flame/packages/flame_tiled/test/rectangle_bin_packer_test.dart                                                                                                  00:01 +0: loading /Users/taormina/Code/flame/packages/flame_tiled/test/rectangle_bin_packer_test.dart                                                                                                  00:01 +0: /Users/taormina/Code/flame/packages/flame_tiled/test/rectangle_bin_packer_test.dart: RectangleBinPacker asserts oversized requests                                                           00:01 +1: /Users/taormina/Code/flame/packages/flame_tiled/test/rectangle_bin_packer_test.dart: RectangleBinPacker asserts oversized requests                                                           00:01 +1: /Users/taormina/Code/flame/packages/flame_tiled/test/rectangle_bin_packer_test.dart: RectangleBinPacker handles full request                                                                 00:01 +2: /Users/taormina/Code/flame/packages/flame_tiled/test/rectangle_bin_packer_test.dart: RectangleBinPacker handles full request                                                                 00:01 +2: /Users/taormina/Code/flame/packages/flame_tiled/test/rectangle_bin_packer_test.dart: RectangleBinPacker bifurcates with one bottom bin when rect is full width                               00:01 +3: /Users/taormina/Code/flame/packages/flame_tiled/test/rectangle_bin_packer_test.dart: RectangleBinPacker bifurcates with one bottom bin when rect is full width                               00:01 +3: /Users/taormina/Code/flame/packages/flame_tiled/test/rectangle_bin_packer_test.dart: RectangleBinPacker bifurcates with one right bin when rect is full width                                00:01 +4: /Users/taormina/Code/flame/packages/flame_tiled/test/rectangle_bin_packer_test.dart: RectangleBinPacker bifurcates with one right bin when rect is full width                                00:01 +4: /Users/taormina/Code/flame/packages/flame_tiled/test/rectangle_bin_packer_test.dart: RectangleBinPacker sanity check                                                                         00:01 +5: /Users/taormina/Code/flame/packages/flame_tiled/test/rectangle_bin_packer_test.dart: RectangleBinPacker sanity check                                                                         00:01 +5: loading /Users/taormina/Code/flame/packages/flame_tiled/test/extensions_test.dart                                                                                                            00:01 +5: /Users/taormina/Code/flame/packages/flame_tiled/test/extensions_test.dart: TiledObjectHelpers position returns correct values                                                                00:01 +6: /Users/taormina/Code/flame/packages/flame_tiled/test/extensions_test.dart: TiledObjectHelpers position returns correct values                                                                00:01 +6: /Users/taormina/Code/flame/packages/flame_tiled/test/extensions_test.dart: TiledObjectHelpers size returns correct values                                                                    00:01 +7: /Users/taormina/Code/flame/packages/flame_tiled/test/extensions_test.dart: TiledObjectHelpers size returns correct values                                                                    00:01 +7: loading /Users/taormina/Code/flame/packages/flame_tiled/test/tile_atlas_test.dart                                                                                                            00:01 +7: /Users/taormina/Code/flame/packages/flame_tiled/test/tile_atlas_test.dart: TiledAtlas atlasKey returns sorted images                                                                         00:01 +8: /Users/taormina/Code/flame/packages/flame_tiled/test/tiled_component_sizes_test.dart: TiledComponent.computeSize orthogonal                                                                  00:01 +9: /Users/taormina/Code/flame/packages/flame_tiled/test/tile_atlas_test.dart: TiledAtlas loadImages handles empty map                                                                           00:01 +10: /Users/taormina/Code/flame/packages/flame_tiled/test/tile_atlas_test.dart: TiledAtlas loadImages handles empty map                                                                          00:01 +11: /Users/taormina/Code/flame/packages/flame_tiled/test/tile_atlas_test.dart: TiledAtlas loadImages handles empty map                                                                          00:01 +12: /Users/taormina/Code/flame/packages/flame_tiled/test/tile_atlas_test.dart: TiledAtlas loadImages handles empty map                                                                          00:01 +12: /Users/taormina/Code/flame/packages/flame_tiled/test/tiled_component_sizes_test.dart: TiledComponent.computeSize hexagonal                                                                  00:01 +13: /Users/taormina/Code/flame/packages/flame_tiled/test/tile_atlas_test.dart: TiledAtlas loadImages returns single image atlas for simple map                                                  00:01 +14: /Users/taormina/Code/flame/packages/flame_tiled/test/tile_atlas_test.dart: TiledAtlas loadImages returns single image atlas for simple map                                                  00:01 +15: /Users/taormina/Code/flame/packages/flame_tiled/test/tiled_test.dart: TiledComponent correct loads the file                                                                                 00:01 +16: /Users/taormina/Code/flame/packages/flame_tiled/test/tiled_test.dart: TiledComponent correct loads the file                                                                                 00:01 +17: /Users/taormina/Code/flame/packages/flame_tiled/test/tiled_test.dart: TiledComponent correct loads the file                                                                                 00:01 +18: /Users/taormina/Code/flame/packages/flame_tiled/test/tile_atlas_test.dart: TiledAtlas loadImages packs complex maps with multiple images using a custom spacing                             00:01 +19: /Users/taormina/Code/flame/packages/flame_tiled/test/tile_atlas_test.dart: TiledAtlas loadImages packs complex maps with multiple images using a custom spacing                             00:01 +20: /Users/taormina/Code/flame/packages/flame_tiled/test/tiled_test.dart: TiledComponent correct loads the file, with different prefix                                                          00:01 +21: /Users/taormina/Code/flame/packages/flame_tiled/test/tile_atlas_test.dart: TiledAtlas loadImages can ignore tilesets in the packing                                                         00:01 +22: /Users/taormina/Code/flame/packages/flame_tiled/test/tile_atlas_test.dart: TiledAtlas loadImages can ignore tilesets in the packing                                                         00:01 +23: /Users/taormina/Code/flame/packages/flame_tiled/test/tiled_test.dart: TiledComponent assigns key                                                                                            00:01 +24: /Users/taormina/Code/flame/packages/flame_tiled/test/tiled_test.dart: TiledComponent assigns key                                                                                            00:01 +25: /Users/taormina/Code/flame/packages/flame_tiled/test/tile_atlas_test.dart: ... Single tileset map Two maps with a same tileset but different tile alignment should be rendered differently  00:01 +26: /Users/taormina/Code/flame/packages/flame_tiled/test/tiled_test.dart: TiledComponent is positionable size, width, and height are readable - not writable                                    00:01 +27: /Users/taormina/Code/flame/packages/flame_tiled/test/tiled_test.dart: TiledComponent is positionable size, width, and height are readable - not writable                                    00:01 +27: /Users/taormina/Code/flame/packages/flame_tiled/test/tiled_test.dart: TiledComponent is positionable from constructor                                                                       00:01 +28: /Users/taormina/Code/flame/packages/flame_tiled/test/tiled_test.dart: TiledComponent is positionable from constructor                                                                       00:01 +28: /Users/taormina/Code/flame/packages/flame_tiled/test/tiled_test.dart: correctly loads external tileset                                                                                      00:01 +29: /Users/taormina/Code/flame/packages/flame_tiled/test/tiled_test.dart: correctly loads external tileset                                                                                      00:01 +29: /Users/taormina/Code/flame/packages/flame_tiled/test/tiled_test.dart: correctly loads external tileset with custom path                                                                     00:01 +30: /Users/taormina/Code/flame/packages/flame_tiled/test/tiled_test.dart: correctly loads external tileset with custom path                                                                     00:01 +30: /Users/taormina/Code/flame/packages/flame_tiled/test/tiled_test.dart: Layered tiles render correctly with layered sprite batch Correctly loads batches list                                 00:01 +31: /Users/taormina/Code/flame/packages/flame_tiled/test/tiled_test.dart: Layered tiles render correctly with layered sprite batch Correctly loads batches list                                 00:01 +31: /Users/taormina/Code/flame/packages/flame_tiled/test/tiled_test.dart: Layered tiles render correctly with layered sprite batch Canvas pixel dimensions match                                00:01 +32: /Users/taormina/Code/flame/packages/flame_tiled/test/tiled_test.dart: Layered tiles render correctly with layered sprite batch Canvas pixel dimensions match                                00:01 +32: /Users/taormina/Code/flame/packages/flame_tiled/test/tiled_test.dart: Layered tiles render correctly with layered sprite batch Base test - right tile pixel is red                          00:01 +33: /Users/taormina/Code/flame/packages/flame_tiled/test/tiled_test.dart: Layered tiles render correctly with layered sprite batch Base test - right tile pixel is red                          00:01 +33: /Users/taormina/Code/flame/packages/flame_tiled/test/tiled_test.dart: Layered tiles render correctly with layered sprite batch Left tile pixel is green                                     00:01 +34: /Users/taormina/Code/flame/packages/flame_tiled/test/tiled_test.dart: Layered tiles render correctly with layered sprite batch Left tile pixel is green                                     00:01 +34: /Users/taormina/Code/flame/packages/flame_tiled/test/tiled_test.dart: Flipped and rotated tiles render correctly with sprite batch: [useAtlas = true] Green tile pixels are in correct spots00:01 +35: /Users/taormina/Code/flame/packages/flame_tiled/test/tiled_test.dart: Flipped and rotated tiles render correctly with sprite batch: [useAtlas = true] Green tile pixels are in correct spots00:01 +35: /Users/taormina/Code/flame/packages/flame_tiled/test/tiled_test.dart: ... and rotated tiles render correctly with sprite batch: [useAtlas = false] Green tile pixels are in correct spots   00:01 +36: /Users/taormina/Code/flame/packages/flame_tiled/test/tiled_test.dart: ... and rotated tiles render correctly with sprite batch: [useAtlas = false] Green tile pixels are in correct spots   00:01 +36: /Users/taormina/Code/flame/packages/flame_tiled/test/tiled_test.dart: ignoring flip makes different texture and rendering result flip works with [ignoreFlip = false]                       00:01 +37: /Users/taormina/Code/flame/packages/flame_tiled/test/tiled_test.dart: ignoring flip makes different texture and rendering result flip works with [ignoreFlip = false]                       00:01 +37: /Users/taormina/Code/flame/packages/flame_tiled/test/tiled_test.dart: ignoring flip makes different texture and rendering result flip ignored with [ignoreFlip = true]                      00:01 +38: /Users/taormina/Code/flame/packages/flame_tiled/test/tiled_test.dart: ignoring flip makes different texture and rendering result flip ignored with [ignoreFlip = true]                      00:01 +38: /Users/taormina/Code/flame/packages/flame_tiled/test/tiled_test.dart: Test getLayer: Get Tile Layer                                                                                         00:01 +39: /Users/taormina/Code/flame/packages/flame_tiled/test/tiled_test.dart: Test getLayer: Get Tile Layer                                                                                         00:01 +39: /Users/taormina/Code/flame/packages/flame_tiled/test/tiled_test.dart: Test getLayer: Get Object Layer                                                                                       00:01 +40: /Users/taormina/Code/flame/packages/flame_tiled/test/tiled_test.dart: Test getLayer: Get Object Layer                                                                                       00:01 +40: /Users/taormina/Code/flame/packages/flame_tiled/test/tiled_test.dart: Test getLayer: Get Image Layer                                                                                        00:01 +41: /Users/taormina/Code/flame/packages/flame_tiled/test/tiled_test.dart: Test getLayer: Get Image Layer                                                                                        00:01 +41: /Users/taormina/Code/flame/packages/flame_tiled/test/tiled_test.dart: Test getLayer: Get Group Layer                                                                                        00:01 +42: /Users/taormina/Code/flame/packages/flame_tiled/test/tiled_test.dart: Test getLayer: Get Group Layer                                                                                        00:01 +42: /Users/taormina/Code/flame/packages/flame_tiled/test/tiled_test.dart: Test getLayer: Get no layer                                                                                           00:01 +43: /Users/taormina/Code/flame/packages/flame_tiled/test/tiled_test.dart: Test getLayer: Get no layer                                                                                           00:01 +43: /Users/taormina/Code/flame/packages/flame_tiled/test/tiled_test.dart: orthogonal with groups, offsets, opacity and parallax component size                                                  00:01 +44: /Users/taormina/Code/flame/packages/flame_tiled/test/tiled_test.dart: orthogonal with groups, offsets, opacity and parallax component size                                                  00:01 +44: /Users/taormina/Code/flame/packages/flame_tiled/test/tiled_test.dart: orthogonal with groups, offsets, opacity and parallax renders                                                         00:01 +45: /Users/taormina/Code/flame/packages/flame_tiled/test/tiled_test.dart: orthogonal with groups, offsets, opacity and parallax renders                                                         00:01 +45: /Users/taormina/Code/flame/packages/flame_tiled/test/tiled_test.dart: isometric component size                                                                                              00:01 +46: /Users/taormina/Code/flame/packages/flame_tiled/test/tiled_test.dart: isometric component size                                                                                              00:01 +46: /Users/taormina/Code/flame/packages/flame_tiled/test/tiled_test.dart: isometric renders                                                                                                     00:01 +47: /Users/taormina/Code/flame/packages/flame_tiled/test/tiled_test.dart: isometric renders                                                                                                     00:01 +47: /Users/taormina/Code/flame/packages/flame_tiled/test/tiled_test.dart: hexagonal flat + even staggered                                                                                       00:01 +48: /Users/taormina/Code/flame/packages/flame_tiled/test/tiled_test.dart: hexagonal flat + even staggered                                                                                       00:01 +48: /Users/taormina/Code/flame/packages/flame_tiled/test/tiled_test.dart: hexagonal flat + odd staggered                                                                                        00:01 +49: /Users/taormina/Code/flame/packages/flame_tiled/test/tiled_test.dart: hexagonal flat + odd staggered                                                                                        00:01 +49: /Users/taormina/Code/flame/packages/flame_tiled/test/tiled_test.dart: hexagonal pointy + even staggered                                                                                     00:01 +50: /Users/taormina/Code/flame/packages/flame_tiled/test/tiled_test.dart: hexagonal pointy + even staggered                                                                                     00:01 +50: /Users/taormina/Code/flame/packages/flame_tiled/test/tiled_test.dart: hexagonal pointy + odd staggered                                                                                      00:01 +51: /Users/taormina/Code/flame/packages/flame_tiled/test/tiled_test.dart: hexagonal pointy + odd staggered                                                                                      00:01 +51: /Users/taormina/Code/flame/packages/flame_tiled/test/tiled_test.dart: tile offset tile offset hexagonal                                                                                     00:01 +52: /Users/taormina/Code/flame/packages/flame_tiled/test/tiled_test.dart: tile offset tile offset hexagonal                                                                                     00:01 +52: /Users/taormina/Code/flame/packages/flame_tiled/test/tiled_test.dart: tile offset tile offset isometric                                                                                     00:01 +53: /Users/taormina/Code/flame/packages/flame_tiled/test/tiled_test.dart: tile offset tile offset isometric                                                                                     00:01 +53: /Users/taormina/Code/flame/packages/flame_tiled/test/tiled_test.dart: tile offset tile offset orthogonal                                                                                    00:01 +54: /Users/taormina/Code/flame/packages/flame_tiled/test/tiled_test.dart: tile offset tile offset orthogonal                                                                                    00:01 +54: /Users/taormina/Code/flame/packages/flame_tiled/test/tiled_test.dart: tile offset tile offset staggered                                                                                     00:01 +55: /Users/taormina/Code/flame/packages/flame_tiled/test/tiled_test.dart: tile offset tile offset staggered                                                                                     00:01 +55: /Users/taormina/Code/flame/packages/flame_tiled/test/tiled_test.dart: isometric staggered x + odd                                                                                           00:01 +56: /Users/taormina/Code/flame/packages/flame_tiled/test/tiled_test.dart: isometric staggered x + odd                                                                                           00:01 +56: /Users/taormina/Code/flame/packages/flame_tiled/test/tiled_test.dart: isometric staggered x + even + half sized                                                                             00:02 +56: /Users/taormina/Code/flame/packages/flame_tiled/test/tiled_test.dart: isometric staggered x + even + half sized                                                                             00:02 +57: /Users/taormina/Code/flame/packages/flame_tiled/test/tiled_test.dart: isometric staggered x + even + half sized                                                                             00:02 +57: /Users/taormina/Code/flame/packages/flame_tiled/test/tiled_test.dart: isometric staggered y + odd + half                                                                                    00:02 +58: /Users/taormina/Code/flame/packages/flame_tiled/test/tiled_test.dart: isometric staggered y + odd + half                                                                                    00:02 +58: /Users/taormina/Code/flame/packages/flame_tiled/test/tiled_test.dart: isometric staggered y + even                                                                                          00:02 +59: /Users/taormina/Code/flame/packages/flame_tiled/test/tiled_test.dart: isometric staggered y + even                                                                                          00:02 +59: /Users/taormina/Code/flame/packages/flame_tiled/test/tiled_test.dart: shifted and scaled regular                                                                                            00:02 +60: /Users/taormina/Code/flame/packages/flame_tiled/test/tiled_test.dart: shifted and scaled regular                                                                                            00:02 +60: /Users/taormina/Code/flame/packages/flame_tiled/test/tiled_test.dart: shifted and scaled smaller                                                                                            00:02 +61: /Users/taormina/Code/flame/packages/flame_tiled/test/tiled_test.dart: shifted and scaled smaller                                                                                            00:02 +61: /Users/taormina/Code/flame/packages/flame_tiled/test/tiled_test.dart: shifted and scaled larger                                                                                             00:02 +62: /Users/taormina/Code/flame/packages/flame_tiled/test/tiled_test.dart: shifted and scaled larger                                                                                             00:02 +62: /Users/taormina/Code/flame/packages/flame_tiled/test/tiled_test.dart: TileStack from all layers                                                                                             00:02 +63: /Users/taormina/Code/flame/packages/flame_tiled/test/tiled_test.dart: TileStack from all layers                                                                                             00:02 +63: /Users/taormina/Code/flame/packages/flame_tiled/test/tiled_test.dart: TileStack from some layers                                                                                            00:02 +64: /Users/taormina/Code/flame/packages/flame_tiled/test/tiled_test.dart: TileStack from some layers                                                                                            00:02 +64: /Users/taormina/Code/flame/packages/flame_tiled/test/tiled_test.dart: TileStack can be positioned together                                                                                  00:02 +64 -1: /Users/taormina/Code/flame/packages/flame_tiled/test/tiled_test.dart: TileStack can be positioned together [E]                                                                           
  Golden "goldens/tile_stack_all_move.png": Pixel test failed, 0.05%, 112px diff detected.
  Failure feedback can be found at /Users/taormina/Code/flame/packages/flame_tiled/test/failures
  package:flutter_test/src/_goldens_io.dart 108:5     LocalFileComparator.compare
  ===== asynchronous gap ===========================
  dart:async                                          _CustomZone.registerBinaryCallback
  package:flutter_test/src/_matchers_io.dart 78:30    MatchesGoldenFile.matchAsync
  package:matcher                                     expect
  package:flutter_test/src/widget_tester.dart 473:18  expect
  test/tiled_test.dart 927:7                          main.<fn>.<fn>
  ===== asynchronous gap ===========================
  dart:async                                          _CustomZone.registerUnaryCallback
  test/tiled_test.dart 926:23                         main.<fn>.<fn>
  

To run this test again: /opt/homebrew/Caskroom/flutter/3.3.10/flutter/bin/cache/dart-sdk/bin/dart test /Users/taormina/Code/flame/packages/flame_tiled/test/tiled_test.dart -p vm --plain-name 'TileStack can be positioned together'
00:02 +64 -1: /Users/taormina/Code/flame/packages/flame_tiled/test/tiled_test.dart: TileStack can be positioned singularly                                                                             00:02 +64 -2: /Users/taormina/Code/flame/packages/flame_tiled/test/tiled_test.dart: TileStack can be positioned singularly [E]                                                                         
  Golden "goldens/tile_stack_single_move.png": Pixel test failed, 0.07%, 152px diff detected.
  Failure feedback can be found at /Users/taormina/Code/flame/packages/flame_tiled/test/failures
  package:flutter_test/src/_goldens_io.dart 108:5     LocalFileComparator.compare
  ===== asynchronous gap ===========================
  dart:async                                          _CustomZone.registerBinaryCallback
  package:flutter_test/src/_matchers_io.dart 78:30    MatchesGoldenFile.matchAsync
  package:matcher                                     expect
  package:flutter_test/src/widget_tester.dart 473:18  expect
  test/tiled_test.dart 938:7                          main.<fn>.<fn>
  ===== asynchronous gap ===========================
  dart:async                                          _CustomZone.registerUnaryCallback
  test/tiled_test.dart 937:23                         main.<fn>.<fn>
  

To run this test again: /opt/homebrew/Caskroom/flutter/3.3.10/flutter/bin/cache/dart-sdk/bin/dart test /Users/taormina/Code/flame/packages/flame_tiled/test/tiled_test.dart -p vm --plain-name 'TileStack can be positioned singularly'
00:02 +64 -2: /Users/taormina/Code/flame/packages/flame_tiled/test/tiled_test.dart: animated tiles orthogonal handle single frame animations (orthogonal)                                              00:02 +65 -2: /Users/taormina/Code/flame/packages/flame_tiled/test/tiled_test.dart: animated tiles orthogonal handle single frame animations (orthogonal)                                              00:02 +66 -2: /Users/taormina/Code/flame/packages/flame_tiled/test/tiled_test.dart: animated tiles orthogonal handle single frame animations (orthogonal)                                              00:02 +66 -2: /Users/taormina/Code/flame/packages/flame_tiled/test/tiled_test.dart: animated tiles orthogonal renders (orthogonal)                                                                     00:02 +67 -2: /Users/taormina/Code/flame/packages/flame_tiled/test/tiled_test.dart: animated tiles orthogonal renders (orthogonal)                                                                     00:02 +67 -2: /Users/taormina/Code/flame/packages/flame_tiled/test/tiled_test.dart: animated tiles isometric handle single frame animations (isometric)                                                00:02 +68 -2: /Users/taormina/Code/flame/packages/flame_tiled/test/tiled_test.dart: animated tiles isometric handle single frame animations (isometric)                                                00:02 +69 -2: /Users/taormina/Code/flame/packages/flame_tiled/test/tiled_test.dart: animated tiles isometric handle single frame animations (isometric)                                                00:02 +69 -2: /Users/taormina/Code/flame/packages/flame_tiled/test/tiled_test.dart: animated tiles isometric renders (isometric)                                                                       00:02 +70 -2: /Users/taormina/Code/flame/packages/flame_tiled/test/tiled_test.dart: animated tiles isometric renders (isometric)                                                                       00:02 +70 -2: /Users/taormina/Code/flame/packages/flame_tiled/test/tiled_test.dart: animated tiles hexagonal handle single frame animations (hexagonal)                                                00:02 +71 -2: /Users/taormina/Code/flame/packages/flame_tiled/test/tiled_test.dart: animated tiles hexagonal handle single frame animations (hexagonal)                                                00:02 +72 -2: /Users/taormina/Code/flame/packages/flame_tiled/test/tiled_test.dart: animated tiles hexagonal handle single frame animations (hexagonal)                                                00:02 +72 -2: /Users/taormina/Code/flame/packages/flame_tiled/test/tiled_test.dart: animated tiles hexagonal renders (hexagonal)                                                                       00:02 +73 -2: /Users/taormina/Code/flame/packages/flame_tiled/test/tiled_test.dart: animated tiles hexagonal renders (hexagonal)                                                                       00:02 +73 -2: /Users/taormina/Code/flame/packages/flame_tiled/test/tiled_test.dart: animated tiles staggered handle single frame animations (staggered)                                                00:02 +74 -2: /Users/taormina/Code/flame/packages/flame_tiled/test/tiled_test.dart: animated tiles staggered handle single frame animations (staggered)                                                00:02 +75 -2: /Users/taormina/Code/flame/packages/flame_tiled/test/tiled_test.dart: animated tiles staggered handle single frame animations (staggered)                                                00:02 +75 -2: /Users/taormina/Code/flame/packages/flame_tiled/test/tiled_test.dart: animated tiles staggered renders (staggered)                                                                       00:02 +76 -2: /Users/taormina/Code/flame/packages/flame_tiled/test/tiled_test.dart: animated tiles staggered renders (staggered)                                                                       00:02 +76 -2: /Users/taormina/Code/flame/packages/flame_tiled/test/tiled_test.dart: oversized tiles orthogonal renders (orthogonal)                                                                    00:02 +77 -2: /Users/taormina/Code/flame/packages/flame_tiled/test/tiled_test.dart: oversized tiles orthogonal renders (orthogonal)                                                                    00:02 +77 -2: /Users/taormina/Code/flame/packages/flame_tiled/test/tiled_test.dart: oversized tiles isometric renders (isometric)                                                                      00:02 +78 -2: /Users/taormina/Code/flame/packages/flame_tiled/test/tiled_test.dart: oversized tiles isometric renders (isometric)                                                                      00:02 +78 -2: /Users/taormina/Code/flame/packages/flame_tiled/test/tiled_test.dart: oversized tiles hexagonal renders (hexagonal)                                                                      00:02 +79 -2: /Users/taormina/Code/flame/packages/flame_tiled/test/tiled_test.dart: oversized tiles hexagonal renders (hexagonal)                                                                      00:02 +79 -2: /Users/taormina/Code/flame/packages/flame_tiled/test/tiled_test.dart: oversized tiles staggered renders (staggered)                                                                      00:02 +80 -2: /Users/taormina/Code/flame/packages/flame_tiled/test/tiled_test.dart: oversized tiles staggered renders (staggered)                                                                      00:02 +80 -2: /Users/taormina/Code/flame/packages/flame_tiled/test/tiled_test.dart: RenderableTiledMap.TileData same TileData is found by layerId and layerIndex                                       00:02 +81 -2: /Users/taormina/Code/flame/packages/flame_tiled/test/tiled_test.dart: RenderableTiledMap.TileData same TileData is found by layerId and layerIndex                                       00:02 +81 -2: /Users/taormina/Code/flame/packages/flame_tiled/test/tiled_test.dart: RenderableTiledMap.TileData returns null for non-existent layer                                                    00:02 +82 -2: /Users/taormina/Code/flame/packages/flame_tiled/test/tiled_test.dart: RenderableTiledMap.TileData returns null for non-existent layer                                                    00:02 +82 -2: Some tests failed.                                                                                                                                                                       
--------------------------------------------------------------------------------
jenny:
Resolving dependencies in `/Users/taormina/Code/flame`...
Downloading packages...
  _fe_analyzer_shared 85.0.0 (92.0.0 available)
  analyzer 7.7.1 (9.0.0 available)
  async 2.11.0 (2.13.0 available)
  bloc 8.1.4 (9.1.0 available)
  boolean_selector 2.1.1 (2.1.2 available)
  build 3.1.0 (4.0.2 available)
  build_resolvers 3.0.3 (3.0.4 available)
  build_runner 2.7.1 (2.10.1 available)
  build_runner_core 9.3.1 (9.3.2 available)
  characters 1.4.0 (1.4.1 available)
  charcode 1.3.1 (1.4.0 available)
  cli_launcher 0.3.1 (0.3.2+1 available)
  dart_style 3.1.1 (3.1.2 available)
  dartdoc 8.3.4 (9.0.0 available)
  devtools_app_shared 0.3.1 (0.4.0 available)
  devtools_extensions 0.3.1 (0.4.0 available)
  devtools_shared 11.2.1 (12.0.0 available)
  dtd 2.5.1 (4.0.0 available)
  file 7.0.0 (7.0.1 available)
  flutter_bloc 8.1.6 (9.1.1 available)
  flutter_riverpod 2.6.1 (3.0.3 available)
  glob 2.1.2 (2.1.3 available)
  http 1.2.2 (1.5.0 available)
  http_parser 4.1.0 (4.1.2 available)
  io 1.0.4 (1.0.5 available)
  js 0.6.7 (0.7.2 available)
  json_rpc_2 3.0.3 (4.0.0 available)
  material_color_utilities 0.11.1 (0.13.0 available)
  melos 7.0.0-dev.10 (7.3.0 available)
  mockito 5.5.0 (5.5.1 available)
  mustache_template 2.0.0 (2.0.2 available)
  platform 3.1.5 (3.1.6 available)
  pool 1.5.1 (1.5.2 available)
  process 5.0.2 (5.0.5 available)
  quiver 3.2.1 (3.2.2 available)
  riverpod 2.6.1 (3.0.3 available)
  source_gen 3.1.0 (4.0.2 available)
  source_span 1.10.0 (1.10.1 available)
  string_scanner 1.3.0 (1.4.1 available)
  term_glyph 1.2.1 (1.2.2 available)
Got dependencies in `/Users/taormina/Code/flame`!
40 packages have newer versions incompatible with dependency constraints.
Try `flutter pub outdated` for more information.
00:00 +0: loading /Users/taormina/Code/flame/packages/flame_jenny/jenny/test/dialogue_view_test.dart                                                                                                   00:01 +0: loading /Users/taormina/Code/flame/packages/flame_jenny/jenny/test/dialogue_view_test.dart                                                                                                   00:01 +0: /Users/taormina/Code/flame/packages/flame_jenny/jenny/test/dialogue_view_test.dart: DialogueView run a sample dialogue                                                                       00:01 +1: /Users/taormina/Code/flame/packages/flame_jenny/jenny/test/dialogue_view_test.dart: DialogueView run a sample dialogue                                                                       00:01 +1: /Users/taormina/Code/flame/packages/flame_jenny/jenny/test/dialogue_view_test.dart: DialogueView run a sample dialogue using mixin                                                           00:01 +2: /Users/taormina/Code/flame/packages/flame_jenny/jenny/test/dialogue_view_test.dart: DialogueView run a sample dialogue using mixin                                                           00:01 +2: /Users/taormina/Code/flame/packages/flame_jenny/jenny/test/dialogue_view_test.dart: DialogueView jumps and visits                                                                            00:01 +3: /Users/taormina/Code/flame/packages/flame_jenny/jenny/test/dialogue_view_test.dart: DialogueView jumps and visits                                                                            00:01 +3: /Users/taormina/Code/flame/packages/flame_jenny/jenny/test/dialogue_view_test.dart: DialogueView stop line                                                                                   00:01 +4: /Users/taormina/Code/flame/packages/flame_jenny/jenny/test/dialogue_view_test.dart: DialogueView stop line                                                                                   00:01 +4: /Users/taormina/Code/flame/packages/flame_jenny/jenny/test/dialogue_view_test.dart: DialogueView dialogue view cannot be attached to two dialogue runners                                    00:01 +5: /Users/taormina/Code/flame/packages/flame_jenny/jenny/test/dialogue_view_test.dart: DialogueView dialogue view cannot be attached to two dialogue runners                                    00:01 +5: loading /Users/taormina/Code/flame/packages/flame_jenny/jenny/test/character_storage_test.dart                                                                                               00:01 +5: /Users/taormina/Code/flame/packages/flame_jenny/jenny/test/character_storage_test.dart: CharacterStorage Should store character                                                              00:01 +6: /Users/taormina/Code/flame/packages/flame_jenny/jenny/test/localization_test.dart: Localization en (English)                                                                                 00:01 +7: /Users/taormina/Code/flame/packages/flame_jenny/jenny/test/localization_test.dart: Localization en (English)                                                                                 00:01 +8: /Users/taormina/Code/flame/packages/flame_jenny/jenny/test/localization_test.dart: Localization en (English)                                                                                 00:01 +9: /Users/taormina/Code/flame/packages/flame_jenny/jenny/test/localization_test.dart: Localization en (English)                                                                                 00:01 +10: /Users/taormina/Code/flame/packages/flame_jenny/jenny/test/character_storage_test.dart: CharacterStorage Should clear all characters                                                        00:01 +11: /Users/taormina/Code/flame/packages/flame_jenny/jenny/test/localization_test.dart: Localization ja (Japanese)                                                                               00:01 +12: /Users/taormina/Code/flame/packages/flame_jenny/jenny/test/localization_test.dart: Localization ja (Japanese)                                                                               00:01 +12: /Users/taormina/Code/flame/packages/flame_jenny/jenny/test/localization_test.dart: Localization fr (French)                                                                                 00:01 +13: /Users/taormina/Code/flame/packages/flame_jenny/jenny/test/localization_test.dart: Localization fr (French)                                                                                 00:01 +13: /Users/taormina/Code/flame/packages/flame_jenny/jenny/test/localization_test.dart: Localization de (German)                                                                                 00:01 +14: /Users/taormina/Code/flame/packages/flame_jenny/jenny/test/localization_test.dart: Localization de (German)                                                                                 00:01 +14: /Users/taormina/Code/flame/packages/flame_jenny/jenny/test/localization_test.dart: Localization es (Spanish)                                                                                00:01 +15: /Users/taormina/Code/flame/packages/flame_jenny/jenny/test/localization_test.dart: Localization es (Spanish)                                                                                00:01 +15: /Users/taormina/Code/flame/packages/flame_jenny/jenny/test/localization_test.dart: Localization pl (Polish)                                                                                 00:01 +16: /Users/taormina/Code/flame/packages/flame_jenny/jenny/test/localization_test.dart: Localization pl (Polish)                                                                                 00:01 +16: /Users/taormina/Code/flame/packages/flame_jenny/jenny/test/localization_test.dart: Localization uk (Ukrainian)                                                                              00:01 +17: /Users/taormina/Code/flame/packages/flame_jenny/jenny/test/localization_test.dart: Localization uk (Ukrainian)                                                                              00:01 +17: loading /Users/taormina/Code/flame/packages/flame_jenny/jenny/test/parse/parse_test.dart                                                                                                    00:01 +17: /Users/taormina/Code/flame/packages/flame_jenny/jenny/test/parse/parse_test.dart: parse parseMain empty input                                                                               00:01 +18: /Users/taormina/Code/flame/packages/flame_jenny/jenny/test/parse/tokenize_test.dart: tokenize modeMain empty input                                                                          00:01 +19: /Users/taormina/Code/flame/packages/flame_jenny/jenny/test/parse/tokenize_test.dart: tokenize modeMain empty input                                                                          00:01 +19: /Users/taormina/Code/flame/packages/flame_jenny/jenny/test/parse/parse_test.dart: parse parseMain single node                                                                               00:01 +20: /Users/taormina/Code/flame/packages/flame_jenny/jenny/test/parse/parse_test.dart: parse parseMain single node                                                                               00:01 +21: /Users/taormina/Code/flame/packages/flame_jenny/jenny/test/parse/tokenize_test.dart: tokenize modeMain only header separator                                                                00:01 +22: /Users/taormina/Code/flame/packages/flame_jenny/jenny/test/parse/tokenize_test.dart: tokenize modeMain only header separator                                                                00:01 +23: /Users/taormina/Code/flame/packages/flame_jenny/jenny/test/parse/parse_test.dart: parse parseNodeHeader node with tags                                                                      00:01 +24: /Users/taormina/Code/flame/packages/flame_jenny/jenny/test/parse/tokenize_test.dart: tokenize modeMain main-mode tags                                                                       00:01 +25: /Users/taormina/Code/flame/packages/flame_jenny/jenny/test/parse/parse_test.dart: parse parseNodeHeader multiple colons                                                                     00:01 +26: /Users/taormina/Code/flame/packages/flame_jenny/jenny/test/parse/parse_test.dart: parse parseNodeHeader multiple colons                                                                     00:01 +27: /Users/taormina/Code/flame/packages/flame_jenny/jenny/test/parse/tokenize_test.dart: tokenize modeNodeHeader no header lines                                                                00:01 +28: /Users/taormina/Code/flame/packages/flame_jenny/jenny/test/parse/parse_test.dart: parse parseNodeHeader node without a title                                                                00:01 +29: /Users/taormina/Code/flame/packages/flame_jenny/jenny/test/parse/tokenize_test.dart: tokenize modeNodeHeader simple header                                                                  00:01 +30: /Users/taormina/Code/flame/packages/flame_jenny/jenny/test/parse/parse_test.dart: parse parseNodeHeader node with multiple titles                                                           00:01 +31: /Users/taormina/Code/flame/packages/flame_jenny/jenny/test/parse/parse_test.dart: parse parseNodeHeader node with multiple titles                                                           00:01 +32: /Users/taormina/Code/flame/packages/flame_jenny/jenny/test/parse/parse_test.dart: parse parseNodeHeader node with multiple titles                                                           00:01 +32: /Users/taormina/Code/flame/packages/flame_jenny/jenny/test/parse/tokenize_test.dart: tokenize modeNodeHeader empty continuation of header line                                              00:01 +33: /Users/taormina/Code/flame/packages/flame_jenny/jenny/test/parse/parse_test.dart: parse parseNodeHeader multiple nodes with same titles                                                     00:01 +34: /Users/taormina/Code/flame/packages/flame_jenny/jenny/test/parse/tokenize_test.dart: tokenize modeNodeHeader multiple colons                                                                00:01 +35: /Users/taormina/Code/flame/packages/flame_jenny/jenny/test/parse/parse_test.dart: parse parseNodeHeader Headers.yarn                                                                        00:01 +36: /Users/taormina/Code/flame/packages/flame_jenny/jenny/test/parse/parse_test.dart: parse parseNodeHeader Headers.yarn                                                                        00:01 +37: /Users/taormina/Code/flame/packages/flame_jenny/jenny/test/parse/parse_test.dart: parse parseNodeHeader Headers.yarn                                                                        00:01 +38: /Users/taormina/Code/flame/packages/flame_jenny/jenny/test/parse/tokenize_test.dart: tokenize modeNodeHeader without id                                                                     00:01 +38 ~1: /Users/taormina/Code/flame/packages/flame_jenny/jenny/test/parse/tokenize_test.dart: tokenize modeNodeHeader without id                                                                  00:01 +39 ~1: /Users/taormina/Code/flame/packages/flame_jenny/jenny/test/parse/tokenize_test.dart: tokenize modeNodeHeader without id                                                                  00:01 +39 ~1: /Users/taormina/Code/flame/packages/flame_jenny/jenny/test/parse/parse_test.dart: parse parseNodeBody indent in a body                                                                   00:01 +40 ~1: /Users/taormina/Code/flame/packages/flame_jenny/jenny/test/parse/tokenize_test.dart: tokenize modeNodeHeader short separator                                                             00:01 +41 ~1: /Users/taormina/Code/flame/packages/flame_jenny/jenny/test/parse/tokenize_test.dart: tokenize modeNodeHeader short separator                                                             00:01 +41 ~1: /Users/taormina/Code/flame/packages/flame_jenny/jenny/test/parse/parse_test.dart: parse parseStatementList multiple lines                                                                00:01 +42 ~1: /Users/taormina/Code/flame/packages/flame_jenny/jenny/test/parse/parse_test.dart: parse parseStatementList multiple lines                                                                00:01 +43 ~1: /Users/taormina/Code/flame/packages/flame_jenny/jenny/test/parse/tokenize_test.dart: tokenize modeNodeHeader explicit start&end of header                                                00:01 +44 ~1: /Users/taormina/Code/flame/packages/flame_jenny/jenny/test/parse/parse_test.dart: parse parseDialogueLine line with a speaker                                                            00:01 +45 ~1: /Users/taormina/Code/flame/packages/flame_jenny/jenny/test/parse/tokenize_test.dart: tokenize modeNodeHeader header with wrong content                                                   00:01 +46 ~1: /Users/taormina/Code/flame/packages/flame_jenny/jenny/test/parse/parse_test.dart: parse parseDialogueLine line with multiple expressions                                                 00:01 +47 ~1: /Users/taormina/Code/flame/packages/flame_jenny/jenny/test/parse/parse_test.dart: parse parseDialogueLine line with multiple expressions                                                 00:01 +48 ~1: /Users/taormina/Code/flame/packages/flame_jenny/jenny/test/parse/parse_test.dart: parse parseDialogueLine line with multiple expressions                                                 00:01 +49 ~1: /Users/taormina/Code/flame/packages/flame_jenny/jenny/test/parse/tokenize_test.dart: tokenize modeNodeBody indentation                                                                   00:01 +50 ~1: /Users/taormina/Code/flame/packages/flame_jenny/jenny/test/parse/parse_test.dart: parse parseDialogueLine line with hashtags                                                             00:01 +51 ~1: /Users/taormina/Code/flame/packages/flame_jenny/jenny/test/parse/tokenize_test.dart: tokenize modeNodeBody invalid indentation                                                           00:01 +52 ~1: /Users/taormina/Code/flame/packages/flame_jenny/jenny/test/parse/parse_test.dart: parse parseDialogueLine line starting with an escaped character                                        00:01 +53 ~1: /Users/taormina/Code/flame/packages/flame_jenny/jenny/test/parse/tokenize_test.dart: tokenize modeNodeBody de-indents at end of body                                                     00:01 +54 ~1: /Users/taormina/Code/flame/packages/flame_jenny/jenny/test/parse/parse_test.dart: parse parseDialogueLine line with a command                                                            00:01 +55 ~1: /Users/taormina/Code/flame/packages/flame_jenny/jenny/test/parse/tokenize_test.dart: tokenize modeNodeBody invalid body end                                                              00:01 +56 ~1: /Users/taormina/Code/flame/packages/flame_jenny/jenny/test/parse/tokenize_test.dart: tokenize modeNodeBody invalid body end                                                              00:01 +56 ~1: /Users/taormina/Code/flame/packages/flame_jenny/jenny/test/parse/tokenize_test.dart: tokenize modeNodeBodyLine option lines                                                              00:01 +57 ~1: /Users/taormina/Code/flame/packages/flame_jenny/jenny/test/parse/parse_test.dart: parse parseDialogueLine line with no content but a hashtag                                             00:01 +58 ~1: /Users/taormina/Code/flame/packages/flame_jenny/jenny/test/parse/parse_test.dart: parse parseDialogueLine line with no content but a hashtag                                             00:01 +58 ~1: /Users/taormina/Code/flame/packages/flame_jenny/jenny/test/parse/tokenize_test.dart: tokenize modeNodeBodyLine commands                                                                  00:01 +59 ~1: /Users/taormina/Code/flame/packages/flame_jenny/jenny/test/parse/parse_test.dart: parse parseOption simple options                                                                       00:01 +60 ~1: /Users/taormina/Code/flame/packages/flame_jenny/jenny/test/parse/tokenize_test.dart: tokenize modeNodeBodyLine line speakers                                                             00:01 +61 ~1: /Users/taormina/Code/flame/packages/flame_jenny/jenny/test/parse/parse_test.dart: parse parseOption speakers in options                                                                  00:01 +62 ~1: /Users/taormina/Code/flame/packages/flame_jenny/jenny/test/parse/tokenize_test.dart: tokenize modeNodeBodyLine repeated arrow                                                            00:01 +63 ~1: /Users/taormina/Code/flame/packages/flame_jenny/jenny/test/parse/parse_test.dart: parse parseOption option with a followup dialogue                                                      00:01 +64 ~1: /Users/taormina/Code/flame/packages/flame_jenny/jenny/test/parse/tokenize_test.dart: tokenize modeNodeBodyLine repeated character name                                                   00:01 +65 ~1: /Users/taormina/Code/flame/packages/flame_jenny/jenny/test/parse/parse_test.dart: parse parseOption option with a non-if command                                                         00:01 +66 ~1: /Users/taormina/Code/flame/packages/flame_jenny/jenny/test/parse/tokenize_test.dart: tokenize modeNodeBodyLine line with hash tags                                                       00:01 +67 ~1: /Users/taormina/Code/flame/packages/flame_jenny/jenny/test/parse/tokenize_test.dart: tokenize modeNodeBodyLine line with hash tags                                                       00:01 +67 ~1: /Users/taormina/Code/flame/packages/flame_jenny/jenny/test/parse/parse_test.dart: parse parseOption option with a non-boolean condition                                                  00:01 +68 ~1: /Users/taormina/Code/flame/packages/flame_jenny/jenny/test/parse/parse_test.dart: parse parseOption option with a non-boolean condition                                                  00:01 +69 ~1: /Users/taormina/Code/flame/packages/flame_jenny/jenny/test/parse/tokenize_test.dart: tokenize modeText escape sequences                                                                  00:01 +70 ~1: /Users/taormina/Code/flame/packages/flame_jenny/jenny/test/parse/parse_test.dart: parse parseOption option with multiple conditions                                                      00:01 +71 ~1: /Users/taormina/Code/flame/packages/flame_jenny/jenny/test/parse/parse_test.dart: parse parseOption option with multiple conditions                                                      00:01 +72 ~1: /Users/taormina/Code/flame/packages/flame_jenny/jenny/test/parse/parse_test.dart: parse parseOption option with multiple conditions                                                      00:01 +72 ~1: /Users/taormina/Code/flame/packages/flame_jenny/jenny/test/parse/tokenize_test.dart: tokenize modeText ">>" sequence                                                                     00:01 +73 ~1: /Users/taormina/Code/flame/packages/flame_jenny/jenny/test/parse/parse_test.dart: parse parseExpression complicated expressions                                                          00:01 +74 ~1: /Users/taormina/Code/flame/packages/flame_jenny/jenny/test/parse/parse_test.dart: parse parseExpression complicated expressions                                                          00:01 +75 ~1: /Users/taormina/Code/flame/packages/flame_jenny/jenny/test/parse/tokenize_test.dart: tokenize modeText missing escape sequence                                                           00:01 +76 ~1: /Users/taormina/Code/flame/packages/flame_jenny/jenny/test/parse/parse_test.dart: parse parseExpression unknown variable                                                                 00:01 +77 ~1: /Users/taormina/Code/flame/packages/flame_jenny/jenny/test/parse/tokenize_test.dart: tokenize modeText expressions                                                                       00:01 +78 ~1: /Users/taormina/Code/flame/packages/flame_jenny/jenny/test/parse/tokenize_test.dart: tokenize modeText expressions                                                                       00:01 +79 ~1: /Users/taormina/Code/flame/packages/flame_jenny/jenny/test/parse/tokenize_test.dart: tokenize modeText expressions                                                                       00:01 +79 ~1: /Users/taormina/Code/flame/packages/flame_jenny/jenny/test/parse/parse_test.dart: parse parseExpression invalid expression                                                               00:01 +80 ~1: /Users/taormina/Code/flame/packages/flame_jenny/jenny/test/parse/tokenize_test.dart: tokenize modeExpression expression with assorted tokens                                             00:01 +81 ~1: /Users/taormina/Code/flame/packages/flame_jenny/jenny/test/parse/tokenize_test.dart: tokenize modeExpression expression with assorted tokens                                             00:01 +81 ~1: /Users/taormina/Code/flame/packages/flame_jenny/jenny/test/parse/parse_test.dart: parse parseExpression mismatched parentheses                                                           00:01 +82 ~1: /Users/taormina/Code/flame/packages/flame_jenny/jenny/test/parse/parse_test.dart: parse parseExpression mismatched parentheses                                                           00:01 +83 ~1: /Users/taormina/Code/flame/packages/flame_jenny/jenny/test/parse/tokenize_test.dart: tokenize modeExpression expression with strings                                                     00:01 +84 ~1: /Users/taormina/Code/flame/packages/flame_jenny/jenny/test/parse/parse_test.dart: parse parseExpression invalid function expression                                                      00:01 +85 ~1: /Users/taormina/Code/flame/packages/flame_jenny/jenny/test/parse/parse_test.dart: parse parseExpression invalid function expression                                                      00:01 +85 ~1: /Users/taormina/Code/flame/packages/flame_jenny/jenny/test/parse/tokenize_test.dart: tokenize modeExpression expression with numbers                                                     00:01 +86 ~1: /Users/taormina/Code/flame/packages/flame_jenny/jenny/test/parse/parse_test.dart: parse parseCommand <<if>>                                                                              00:01 +87 ~1: /Users/taormina/Code/flame/packages/flame_jenny/jenny/test/parse/tokenize_test.dart: tokenize modeExpression close command within a plain text expression                                00:01 +88 ~1: /Users/taormina/Code/flame/packages/flame_jenny/jenny/test/parse/tokenize_test.dart: tokenize modeExpression close command within a plain text expression                                00:01 +88 ~1: /Users/taormina/Code/flame/packages/flame_jenny/jenny/test/parse/parse_test.dart: parse parseCommand <<elseif>>s                                                                         00:01 +89 ~1: /Users/taormina/Code/flame/packages/flame_jenny/jenny/test/parse/tokenize_test.dart: tokenize modeExpression invalid variable name                                                       00:01 +90 ~1: /Users/taormina/Code/flame/packages/flame_jenny/jenny/test/parse/tokenize_test.dart: tokenize modeExpression invalid variable name                                                       00:01 +90 ~1: /Users/taormina/Code/flame/packages/flame_jenny/jenny/test/parse/parse_test.dart: parse parseCommand no <<endif>> 1                                                                      00:01 +91 ~1: /Users/taormina/Code/flame/packages/flame_jenny/jenny/test/parse/tokenize_test.dart: tokenize modeExpression unicode variable names                                                      00:01 +92 ~1: /Users/taormina/Code/flame/packages/flame_jenny/jenny/test/parse/tokenize_test.dart: tokenize modeExpression unicode variable names                                                      00:01 +92 ~1: /Users/taormina/Code/flame/packages/flame_jenny/jenny/test/parse/tokenize_test.dart: tokenize modeExpression invalid string                                                              00:01 +93 ~1: /Users/taormina/Code/flame/packages/flame_jenny/jenny/test/parse/parse_test.dart: parse parseCommand no <<endif>> 2                                                                      00:01 +94 ~1: /Users/taormina/Code/flame/packages/flame_jenny/jenny/test/parse/parse_test.dart: parse parseCommand no <<endif>> 2                                                                      00:01 +94 ~1: /Users/taormina/Code/flame/packages/flame_jenny/jenny/test/parse/tokenize_test.dart: tokenize modeCommand normal commands                                                                00:01 +95 ~1: /Users/taormina/Code/flame/packages/flame_jenny/jenny/test/parse/tokenize_test.dart: tokenize modeCommand normal commands                                                                00:01 +96 ~1: /Users/taormina/Code/flame/packages/flame_jenny/jenny/test/parse/tokenize_test.dart: tokenize modeCommand normal commands                                                                00:01 +96 ~1: /Users/taormina/Code/flame/packages/flame_jenny/jenny/test/parse/parse_test.dart: parse parseCommand no indentation in <<if>>                                                            00:01 +97 ~1: /Users/taormina/Code/flame/packages/flame_jenny/jenny/test/parse/tokenize_test.dart: tokenize modeCommand if-else                                                                        00:01 +98 ~1: /Users/taormina/Code/flame/packages/flame_jenny/jenny/test/parse/tokenize_test.dart: tokenize modeCommand if-else                                                                        00:01 +98 ~1: /Users/taormina/Code/flame/packages/flame_jenny/jenny/test/parse/tokenize_test.dart: tokenize modeCommand user-defined commands                                                          00:01 +99 ~1: /Users/taormina/Code/flame/packages/flame_jenny/jenny/test/parse/parse_test.dart: parse parseCommand no indentation in <<else>>                                                          00:01 +100 ~1: /Users/taormina/Code/flame/packages/flame_jenny/jenny/test/parse/tokenize_test.dart: tokenize modeCommand closing brace                                                                 00:01 +101 ~1: /Users/taormina/Code/flame/packages/flame_jenny/jenny/test/parse/parse_test.dart: parse parseCommand double command on a line                                                           00:01 +102 ~1: /Users/taormina/Code/flame/packages/flame_jenny/jenny/test/parse/tokenize_test.dart: tokenize modeCommand incomplete command                                                            00:01 +103 ~1: /Users/taormina/Code/flame/packages/flame_jenny/jenny/test/parse/parse_test.dart: parse parseMarkupTag parse simple markup tag                                                          00:01 +104 ~1: /Users/taormina/Code/flame/packages/flame_jenny/jenny/test/parse/tokenize_test.dart: tokenize modeMarkup tokenize simple markup tag                                                     00:01 +105 ~1: /Users/taormina/Code/flame/packages/flame_jenny/jenny/test/parse/tokenize_test.dart: tokenize modeMarkup tokenize simple markup tag                                                     00:01 +105 ~1: /Users/taormina/Code/flame/packages/flame_jenny/jenny/test/parse/parse_test.dart: parse parseMarkupTag parse self-closing tag                                                           00:01 +106 ~1: /Users/taormina/Code/flame/packages/flame_jenny/jenny/test/parse/parse_test.dart: parse parseMarkupTag parse self-closing tag                                                           00:01 +107 ~1: /Users/taormina/Code/flame/packages/flame_jenny/jenny/test/parse/tokenize_test.dart: tokenize modeMarkup tokenize self-closing markup tag                                               00:01 +108 ~1: /Users/taormina/Code/flame/packages/flame_jenny/jenny/test/parse/parse_test.dart: parse parseMarkupTag parse nested tags                                                                00:01 +109 ~1: /Users/taormina/Code/flame/packages/flame_jenny/jenny/test/parse/parse_test.dart: parse parseMarkupTag parse nested tags                                                                00:01 +109 ~1: /Users/taormina/Code/flame/packages/flame_jenny/jenny/test/parse/tokenize_test.dart: tokenize modeMarkup tokenize complex markup tag                                                    00:01 +110 ~1: /Users/taormina/Code/flame/packages/flame_jenny/jenny/test/parse/parse_test.dart: parse parseMarkupTag markup tags at start of line                                                     00:01 +111 ~1: /Users/taormina/Code/flame/packages/flame_jenny/jenny/test/parse/parse_test.dart: parse parseMarkupTag markup tags at start of line                                                     00:01 +111 ~1: /Users/taormina/Code/flame/packages/flame_jenny/jenny/test/parse/tokenize_test.dart: tokenize modeMarkup whitespace after self-closing command                                          00:01 +112 ~1: /Users/taormina/Code/flame/packages/flame_jenny/jenny/test/parse/parse_test.dart: parse parseMarkupTag close-all tag [/]                                                                00:01 +113 ~1: /Users/taormina/Code/flame/packages/flame_jenny/jenny/test/parse/parse_test.dart: parse parseMarkupTag close-all tag [/]                                                                00:01 +113 ~1: /Users/taormina/Code/flame/packages/flame_jenny/jenny/test/parse/tokenize_test.dart: tokenize modeMarkup unclosed markup tag                                                            00:01 +114 ~1: /Users/taormina/Code/flame/packages/flame_jenny/jenny/test/parse/parse_test.dart: parse parseMarkupTag markup tag with parameters                                                       00:01 +115 ~1: /Users/taormina/Code/flame/packages/flame_jenny/jenny/test/parse/tokenize_test.dart: tokenize modeTextEnd hashtags in lines                                                             00:01 +116 ~1: /Users/taormina/Code/flame/packages/flame_jenny/jenny/test/parse/tokenize_test.dart: tokenize modeTextEnd hashtags in lines                                                             00:01 +116 ~1: /Users/taormina/Code/flame/packages/flame_jenny/jenny/test/parse/parse_test.dart: parse parseMarkupTag markup tag with bare parameters                                                  00:01 +117 ~1: /Users/taormina/Code/flame/packages/flame_jenny/jenny/test/parse/parse_test.dart: parse parseMarkupTag markup tag with bare parameters                                                  00:01 +118 ~1: /Users/taormina/Code/flame/packages/flame_jenny/jenny/test/parse/parse_test.dart: parse parseMarkupTag markup tag with bare parameters                                                  00:01 +118 ~1: /Users/taormina/Code/flame/packages/flame_jenny/jenny/test/parse/tokenize_test.dart: tokenize modeTextEnd commands in lines                                                             00:01 +119 ~1: /Users/taormina/Code/flame/packages/flame_jenny/jenny/test/parse/parse_test.dart: parse parseMarkupTag markup tags with inline expressions                                              00:01 +120 ~1: /Users/taormina/Code/flame/packages/flame_jenny/jenny/test/parse/tokenize_test.dart: tokenize modeTextEnd multiple commands and hashtags                                                00:01 +121 ~1: /Users/taormina/Code/flame/packages/flame_jenny/jenny/test/parse/tokenize_test.dart: tokenize modeTextEnd multiple commands and hashtags                                                00:01 +121 ~1: /Users/taormina/Code/flame/packages/flame_jenny/jenny/test/parse/parse_test.dart: parse parseMarkupTag more inline expressions                                                          00:01 +122 ~1: /Users/taormina/Code/flame/packages/flame_jenny/jenny/test/parse/parse_test.dart: parse parseMarkupTag more inline expressions                                                          00:01 +123 ~1: /Users/taormina/Code/flame/packages/flame_jenny/jenny/test/parse/parse_test.dart: parse parseMarkupTag more inline expressions                                                          00:01 +123 ~1: /Users/taormina/Code/flame/packages/flame_jenny/jenny/test/parse/tokenize_test.dart: tokenize errors long line, error near the start                                                    00:01 +124 ~1: /Users/taormina/Code/flame/packages/flame_jenny/jenny/test/parse/parse_test.dart: parse parseMarkupTag adjacent inline expressions 1                                                    00:01 +125 ~1: /Users/taormina/Code/flame/packages/flame_jenny/jenny/test/parse/parse_test.dart: parse parseMarkupTag adjacent inline expressions 1                                                    00:01 +125 ~1: /Users/taormina/Code/flame/packages/flame_jenny/jenny/test/parse/tokenize_test.dart: tokenize errors long line, error near the end                                                      00:01 +126 ~1: /Users/taormina/Code/flame/packages/flame_jenny/jenny/test/parse/parse_test.dart: parse parseMarkupTag adjacent inline expressions 2                                                    00:01 +127 ~1: /Users/taormina/Code/flame/packages/flame_jenny/jenny/test/parse/parse_test.dart: parse parseMarkupTag adjacent inline expressions 2                                                    00:01 +127 ~1: /Users/taormina/Code/flame/packages/flame_jenny/jenny/test/parse/tokenize_test.dart: tokenize errors long line, error in the middle                                                     00:01 +128 ~1: /Users/taormina/Code/flame/packages/flame_jenny/jenny/test/parse/tokenize_test.dart: tokenize errors long line, error in the middle                                                     00:01 +129 ~1: /Users/taormina/Code/flame/packages/flame_jenny/jenny/test/parse/tokenize_test.dart: tokenize errors long line, error in the middle                                                     00:01 +129 ~1: /Users/taormina/Code/flame/packages/flame_jenny/jenny/test/parse/parse_test.dart: parse parseMarkupTag errors invalid closing markup tag                                                00:01 +130 ~1: /Users/taormina/Code/flame/packages/flame_jenny/jenny/test/parse/tokenize_test.dart: tokenize errors error at end of line                                                               00:01 +131 ~1: /Users/taormina/Code/flame/packages/flame_jenny/jenny/test/parse/tokenize_test.dart: tokenize errors error at end of line                                                               00:01 +131 ~1: /Users/taormina/Code/flame/packages/flame_jenny/jenny/test/parse/parse_test.dart: parse parseMarkupTag errors closing tag without opening                                               00:01 +132 ~1: /Users/taormina/Code/flame/packages/flame_jenny/jenny/test/parse/parse_test.dart: parse parseMarkupTag errors closing tag without opening                                               00:01 +133 ~1: /Users/taormina/Code/flame/packages/flame_jenny/jenny/test/parse/parse_test.dart: parse parseMarkupTag errors closing tag without opening                                               00:01 +133 ~1: /Users/taormina/Code/flame/packages/flame_jenny/jenny/test/parse/parse_test.dart: parse parseMarkupTag errors close-all tag without opening                                             00:01 +134 ~1: /Users/taormina/Code/flame/packages/flame_jenny/jenny/test/parse/parse_test.dart: parse parseMarkupTag errors close-all tag without opening                                             00:01 +134 ~1: /Users/taormina/Code/flame/packages/flame_jenny/jenny/test/parse/parse_test.dart: parse parseMarkupTag errors incorrectly nested markup tags                                            00:01 +135 ~1: /Users/taormina/Code/flame/packages/flame_jenny/jenny/test/parse/parse_test.dart: parse parseMarkupTag errors incorrectly nested markup tags                                            00:01 +135 ~1: /Users/taormina/Code/flame/packages/flame_jenny/jenny/test/parse/parse_test.dart: parse parseMarkupTag errors unclosed markup tag                                                       00:01 +136 ~1: /Users/taormina/Code/flame/packages/flame_jenny/jenny/test/parse/parse_test.dart: parse parseMarkupTag errors unclosed markup tag                                                       00:01 +136 ~1: /Users/taormina/Code/flame/packages/flame_jenny/jenny/test/parse/parse_test.dart: parse parseMarkupTag errors unfinished markup tag                                                     00:01 +137 ~1: /Users/taormina/Code/flame/packages/flame_jenny/jenny/test/parse/parse_test.dart: parse parseMarkupTag errors unfinished markup tag                                                     00:01 +137 ~1: /Users/taormina/Code/flame/packages/flame_jenny/jenny/test/parse/parse_test.dart: parse parseMarkupTag errors repeated attribute name                                                   00:01 +138 ~1: /Users/taormina/Code/flame/packages/flame_jenny/jenny/test/parse/parse_test.dart: parse parseMarkupTag errors repeated attribute name                                                   00:01 +138 ~1: /Users/taormina/Code/flame/packages/flame_jenny/jenny/test/parse/parse_test.dart: parse parseMarkupTag errors invalid attribute content                                                 00:01 +139 ~1: /Users/taormina/Code/flame/packages/flame_jenny/jenny/test/parse/parse_test.dart: parse parseMarkupTag errors invalid attribute content                                                 00:01 +139 ~1: /Users/taormina/Code/flame/packages/flame_jenny/jenny/test/parse/parse_test.dart: parse Escaping.yarn                                                                                   00:01 +140 ~1: /Users/taormina/Code/flame/packages/flame_jenny/jenny/test/parse/parse_test.dart: parse Escaping.yarn                                                                                   00:01 +140 ~1: loading /Users/taormina/Code/flame/packages/flame_jenny/jenny/test/parse/ascii_test.dart                                                                                                00:01 +140 ~1: /Users/taormina/Code/flame/packages/flame_jenny/jenny/test/parse/ascii_test.dart: ASCII                                                                                                 00:01 +141 ~1: /Users/taormina/Code/flame/packages/flame_jenny/jenny/test/parse/ascii_test.dart: ASCII                                                                                                 00:01 +141 ~1: loading /Users/taormina/Code/flame/packages/flame_jenny/jenny/test/parse/token_test.dart                                                                                                00:01 +141 ~1: /Users/taormina/Code/flame/packages/flame_jenny/jenny/test/parse/token_test.dart: Token tokens without args                                                                             00:01 +142 ~1: /Users/taormina/Code/flame/packages/flame_jenny/jenny/test/parse/token_test.dart: Token tokens without args                                                                             00:01 +142 ~1: /Users/taormina/Code/flame/packages/flame_jenny/jenny/test/parse/token_test.dart: Token Token.text                                                                                      00:01 +143 ~1: /Users/taormina/Code/flame/packages/flame_jenny/jenny/test/parse/token_test.dart: Token Token.text                                                                                      00:01 +143 ~1: /Users/taormina/Code/flame/packages/flame_jenny/jenny/test/parse/token_test.dart: Token Token.number                                                                                    00:01 +144 ~1: /Users/taormina/Code/flame/packages/flame_jenny/jenny/test/parse/token_test.dart: Token Token.number                                                                                    00:01 +144 ~1: /Users/taormina/Code/flame/packages/flame_jenny/jenny/test/parse/token_test.dart: Token Token.id                                                                                        00:01 +145 ~1: /Users/taormina/Code/flame/packages/flame_jenny/jenny/test/parse/token_test.dart: Token Token.id                                                                                        00:01 +145 ~1: /Users/taormina/Code/flame/packages/flame_jenny/jenny/test/parse/token_test.dart: Token Token.variable                                                                                  00:01 +146 ~1: /Users/taormina/Code/flame/packages/flame_jenny/jenny/test/parse/token_test.dart: Token Token.variable                                                                                  00:01 +146 ~1: /Users/taormina/Code/flame/packages/flame_jenny/jenny/test/parse/token_test.dart: Token Token.person                                                                                    00:01 +147 ~1: /Users/taormina/Code/flame/packages/flame_jenny/jenny/test/parse/token_test.dart: Token Token.person                                                                                    00:01 +147 ~1: /Users/taormina/Code/flame/packages/flame_jenny/jenny/test/parse/token_test.dart: Token Token.command                                                                                   00:01 +148 ~1: /Users/taormina/Code/flame/packages/flame_jenny/jenny/test/parse/token_test.dart: Token Token.command                                                                                   00:01 +148 ~1: /Users/taormina/Code/flame/packages/flame_jenny/jenny/test/parse/token_test.dart: Token equality                                                                                        00:01 +149 ~1: /Users/taormina/Code/flame/packages/flame_jenny/jenny/test/parse/token_test.dart: Token equality                                                                                        00:01 +149 ~1: loading /Users/taormina/Code/flame/packages/flame_jenny/jenny/test/yarn_project_test.dart                                                                                               00:01 +149 ~1: /Users/taormina/Code/flame/packages/flame_jenny/jenny/test/yarn_project_test.dart: YarnProject set a locale                                                                             00:01 +150 ~1: /Users/taormina/Code/flame/packages/flame_jenny/jenny/test/command_storage_test.dart: CommandStorage A dialogue command                                                                 00:01 +151 ~1: /Users/taormina/Code/flame/packages/flame_jenny/jenny/test/command_storage_test.dart: CommandStorage A dialogue command                                                                 00:01 +152 ~1: /Users/taormina/Code/flame/packages/flame_jenny/jenny/test/variable_storage_test.dart: VariableStorage empty                                                                            00:01 +153 ~1: /Users/taormina/Code/flame/packages/flame_jenny/jenny/test/yarn_project_test.dart: YarnProject set locale after parsing                                                                 00:01 +154 ~1: /Users/taormina/Code/flame/packages/flame_jenny/jenny/test/yarn_project_test.dart: YarnProject set locale after parsing                                                                 00:01 +155 ~1: /Users/taormina/Code/flame/packages/flame_jenny/jenny/test/yarn_project_test.dart: YarnProject set locale after parsing                                                                 00:01 +156 ~1: /Users/taormina/Code/flame/packages/flame_jenny/jenny/test/command_storage_test.dart: CommandStorage An integer-argument command                                                        00:01 +157 ~1: /Users/taormina/Code/flame/packages/flame_jenny/jenny/test/command_storage_test.dart: CommandStorage An integer-argument command                                                        00:01 +158 ~1: /Users/taormina/Code/flame/packages/flame_jenny/jenny/test/command_storage_test.dart: CommandStorage An integer-argument command                                                        00:01 +159 ~1: /Users/taormina/Code/flame/packages/flame_jenny/jenny/test/command_storage_test.dart: CommandStorage An integer-argument command                                                        00:01 +160 ~1: /Users/taormina/Code/flame/packages/flame_jenny/jenny/test/command_storage_test.dart: CommandStorage An integer-argument command                                                        00:01 +160 ~1: /Users/taormina/Code/flame/packages/flame_jenny/jenny/test/variable_storage_test.dart: VariableStorage setVariable to unknown type                                                      00:01 +161 ~1: /Users/taormina/Code/flame/packages/flame_jenny/jenny/test/variable_storage_test.dart: VariableStorage setVariable to unknown type                                                      00:01 +162 ~1: /Users/taormina/Code/flame/packages/flame_jenny/jenny/test/command_storage_test.dart: CommandStorage A two-argument command                                                             00:01 +163 ~1: /Users/taormina/Code/flame/packages/flame_jenny/jenny/test/variable_storage_test.dart: VariableStorage setVariable to a different type                                                  00:01 +164 ~1: /Users/taormina/Code/flame/packages/flame_jenny/jenny/test/command_storage_test.dart: CommandStorage A three-argument command                                                           00:01 +165 ~1: /Users/taormina/Code/flame/packages/flame_jenny/jenny/test/variable_storage_test.dart: VariableStorage remove a variable                                                                00:01 +166 ~1: /Users/taormina/Code/flame/packages/flame_jenny/jenny/test/variable_storage_test.dart: VariableStorage remove a variable                                                                00:01 +166 ~1: /Users/taormina/Code/flame/packages/flame_jenny/jenny/test/command_storage_test.dart: CommandStorage A four-argument command                                                            00:01 +167 ~1: /Users/taormina/Code/flame/packages/flame_jenny/jenny/test/command_storage_test.dart: CommandStorage A four-argument command                                                            00:01 +168 ~1: /Users/taormina/Code/flame/packages/flame_jenny/jenny/test/command_storage_test.dart: CommandStorage A four-argument command                                                            00:01 +168 ~1: /Users/taormina/Code/flame/packages/flame_jenny/jenny/test/variable_storage_test.dart: VariableStorage clear variables including node visits                                            00:01 +169 ~1: /Users/taormina/Code/flame/packages/flame_jenny/jenny/test/command_storage_test.dart: CommandStorage A five-argument command                                                            00:01 +170 ~1: /Users/taormina/Code/flame/packages/flame_jenny/jenny/test/command_storage_test.dart: CommandStorage A five-argument command                                                            00:01 +170 ~1: /Users/taormina/Code/flame/packages/flame_jenny/jenny/test/command_storage_test.dart: CommandStorage Command with trailing booleans                                                     00:01 +171 ~1: /Users/taormina/Code/flame/packages/flame_jenny/jenny/test/command_storage_test.dart: CommandStorage Command with trailing booleans                                                     00:01 +171 ~1: /Users/taormina/Code/flame/packages/flame_jenny/jenny/test/command_storage_test.dart: CommandStorage errors Add a duplicate command                                                     00:01 +172 ~1: /Users/taormina/Code/flame/packages/flame_jenny/jenny/test/command_storage_test.dart: CommandStorage errors Add a duplicate command                                                     00:01 +172 ~1: /Users/taormina/Code/flame/packages/flame_jenny/jenny/test/command_storage_test.dart: CommandStorage errors Add a built-in command                                                      00:02 +172 ~1: /Users/taormina/Code/flame/packages/flame_jenny/jenny/test/command_storage_test.dart: CommandStorage errors Add a built-in command                                                      00:02 +173 ~1: /Users/taormina/Code/flame/packages/flame_jenny/jenny/test/command_storage_test.dart: CommandStorage errors Add a built-in command                                                      00:02 +173 ~1: /Users/taormina/Code/flame/packages/flame_jenny/jenny/test/command_storage_test.dart: CommandStorage errors Bad command name                                                            00:02 +174 ~1: /Users/taormina/Code/flame/packages/flame_jenny/jenny/test/command_storage_test.dart: CommandStorage errors Bad command name                                                            00:02 +174 ~1: /Users/taormina/Code/flame/packages/flame_jenny/jenny/test/command_storage_test.dart: CommandStorage errors Command with unsupported type                                               00:02 +175 ~1: /Users/taormina/Code/flame/packages/flame_jenny/jenny/test/command_storage_test.dart: CommandStorage errors Command with unsupported type                                               00:02 +175 ~1: /Users/taormina/Code/flame/packages/flame_jenny/jenny/test/command_storage_test.dart: CommandStorage errors Wrong number of arguments                                                   00:02 +176 ~1: /Users/taormina/Code/flame/packages/flame_jenny/jenny/test/command_storage_test.dart: CommandStorage errors Wrong number of arguments                                                   00:02 +176 ~1: /Users/taormina/Code/flame/packages/flame_jenny/jenny/test/command_storage_test.dart: CommandStorage errors Clear all commands                                                          00:02 +177 ~1: /Users/taormina/Code/flame/packages/flame_jenny/jenny/test/command_storage_test.dart: CommandStorage errors Clear all commands                                                          00:02 +177 ~1: /Users/taormina/Code/flame/packages/flame_jenny/jenny/test/command_storage_test.dart: CommandStorage errors Remove a command                                                            00:02 +178 ~1: /Users/taormina/Code/flame/packages/flame_jenny/jenny/test/command_storage_test.dart: CommandStorage errors Remove a command                                                            00:02 +178 ~1: /Users/taormina/Code/flame/packages/flame_jenny/jenny/test/command_storage_test.dart: ArgumentsLexer empty string                                                                       00:02 +179 ~1: /Users/taormina/Code/flame/packages/flame_jenny/jenny/test/command_storage_test.dart: ArgumentsLexer empty string                                                                       00:02 +179 ~1: /Users/taormina/Code/flame/packages/flame_jenny/jenny/test/command_storage_test.dart: ArgumentsLexer single argument                                                                    00:02 +180 ~1: /Users/taormina/Code/flame/packages/flame_jenny/jenny/test/command_storage_test.dart: ArgumentsLexer single argument                                                                    00:02 +180 ~1: /Users/taormina/Code/flame/packages/flame_jenny/jenny/test/command_storage_test.dart: ArgumentsLexer quoted argument                                                                    00:02 +181 ~1: /Users/taormina/Code/flame/packages/flame_jenny/jenny/test/command_storage_test.dart: ArgumentsLexer quoted argument                                                                    00:02 +181 ~1: /Users/taormina/Code/flame/packages/flame_jenny/jenny/test/command_storage_test.dart: ArgumentsLexer multiple arguments                                                                 00:02 +182 ~1: /Users/taormina/Code/flame/packages/flame_jenny/jenny/test/command_storage_test.dart: ArgumentsLexer multiple arguments                                                                 00:02 +182 ~1: /Users/taormina/Code/flame/packages/flame_jenny/jenny/test/command_storage_test.dart: ArgumentsLexer errors unterminated quoted string                                                  00:02 +183 ~1: /Users/taormina/Code/flame/packages/flame_jenny/jenny/test/command_storage_test.dart: ArgumentsLexer errors unterminated quoted string                                                  00:02 +183 ~1: /Users/taormina/Code/flame/packages/flame_jenny/jenny/test/command_storage_test.dart: ArgumentsLexer errors unrecognized escape sequence                                                00:02 +184 ~1: /Users/taormina/Code/flame/packages/flame_jenny/jenny/test/command_storage_test.dart: ArgumentsLexer errors unrecognized escape sequence                                                00:02 +184 ~1: /Users/taormina/Code/flame/packages/flame_jenny/jenny/test/command_storage_test.dart: ArgumentsLexer errors no space after a quoted string                                              00:02 +185 ~1: /Users/taormina/Code/flame/packages/flame_jenny/jenny/test/command_storage_test.dart: ArgumentsLexer errors no space after a quoted string                                              00:02 +185 ~1: loading /Users/taormina/Code/flame/packages/flame_jenny/jenny/test/function_storage_test.dart                                                                                           00:02 +185 ~1: /Users/taormina/Code/flame/packages/flame_jenny/jenny/test/function_storage_test.dart: FunctionStorage basic properties                                                                 00:02 +186 ~1: /Users/taormina/Code/flame/packages/flame_jenny/jenny/test/function_storage_test.dart: FunctionStorage basic properties                                                                 00:02 +186 ~1: /Users/taormina/Code/flame/packages/flame_jenny/jenny/test/function_storage_test.dart: FunctionStorage valid return types                                                               00:02 +187 ~1: /Users/taormina/Code/flame/packages/flame_jenny/jenny/test/function_storage_test.dart: FunctionStorage valid return types                                                               00:02 +187 ~1: /Users/taormina/Code/flame/packages/flame_jenny/jenny/test/function_storage_test.dart: FunctionStorage valid argument types                                                             00:02 +188 ~1: /Users/taormina/Code/flame/packages/flame_jenny/jenny/test/function_storage_test.dart: FunctionStorage valid argument types                                                             00:02 +188 ~1: /Users/taormina/Code/flame/packages/flame_jenny/jenny/test/function_storage_test.dart: FunctionStorage functions with different arities                                                 00:02 +189 ~1: /Users/taormina/Code/flame/packages/flame_jenny/jenny/test/function_storage_test.dart: FunctionStorage functions with different arities                                                 00:02 +189 ~1: /Users/taormina/Code/flame/packages/flame_jenny/jenny/test/function_storage_test.dart: FunctionStorage functions with optional arguments                                                00:02 +190 ~1: /Users/taormina/Code/flame/packages/flame_jenny/jenny/test/function_storage_test.dart: FunctionStorage functions with optional arguments                                                00:02 +190 ~1: /Users/taormina/Code/flame/packages/flame_jenny/jenny/test/function_storage_test.dart: FunctionStorage Functions.yarn                                                                   00:02 +191 ~1: /Users/taormina/Code/flame/packages/flame_jenny/jenny/test/function_storage_test.dart: FunctionStorage Functions.yarn                                                                   00:02 +191 ~1: /Users/taormina/Code/flame/packages/flame_jenny/jenny/test/function_storage_test.dart: FunctionStorage errors invalid function name                                                     00:02 +192 ~1: /Users/taormina/Code/flame/packages/flame_jenny/jenny/test/function_storage_test.dart: FunctionStorage errors invalid function name                                                     00:02 +192 ~1: /Users/taormina/Code/flame/packages/flame_jenny/jenny/test/function_storage_test.dart: FunctionStorage errors overriding builtin functions                                              00:02 +193 ~1: /Users/taormina/Code/flame/packages/flame_jenny/jenny/test/function_storage_test.dart: FunctionStorage errors overriding builtin functions                                              00:02 +193 ~1: /Users/taormina/Code/flame/packages/flame_jenny/jenny/test/function_storage_test.dart: FunctionStorage errors invalid return types                                                      00:02 +194 ~1: /Users/taormina/Code/flame/packages/flame_jenny/jenny/test/function_storage_test.dart: FunctionStorage errors invalid return types                                                      00:02 +194 ~1: /Users/taormina/Code/flame/packages/flame_jenny/jenny/test/function_storage_test.dart: FunctionStorage errors invalid argument types                                                    00:02 +195 ~1: /Users/taormina/Code/flame/packages/flame_jenny/jenny/test/function_storage_test.dart: FunctionStorage errors invalid argument types                                                    00:02 +195 ~1: /Users/taormina/Code/flame/packages/flame_jenny/jenny/test/function_storage_test.dart: FunctionStorage errors misplaced YarnProject argument                                            00:02 +196 ~1: /Users/taormina/Code/flame/packages/flame_jenny/jenny/test/function_storage_test.dart: FunctionStorage errors misplaced YarnProject argument                                            00:02 +196 ~1: /Users/taormina/Code/flame/packages/flame_jenny/jenny/test/function_storage_test.dart: FunctionStorage errors misplaced optional arguments                                              00:02 +197 ~1: /Users/taormina/Code/flame/packages/flame_jenny/jenny/test/function_storage_test.dart: FunctionStorage errors misplaced optional arguments                                              00:02 +197 ~1: /Users/taormina/Code/flame/packages/flame_jenny/jenny/test/function_storage_test.dart: FunctionStorage errors too few arguments in a function call                                      00:02 +198 ~1: /Users/taormina/Code/flame/packages/flame_jenny/jenny/test/function_storage_test.dart: FunctionStorage errors too few arguments in a function call                                      00:02 +198 ~1: /Users/taormina/Code/flame/packages/flame_jenny/jenny/test/function_storage_test.dart: FunctionStorage errors too many arguments in a function call                                     00:02 +199 ~1: /Users/taormina/Code/flame/packages/flame_jenny/jenny/test/dialogue_runner_test.dart: DialogueRunner plain dialogue                                                                     00:02 +200 ~1: /Users/taormina/Code/flame/packages/flame_jenny/jenny/test/dialogue_runner_test.dart: DialogueRunner plain dialogue                                                                     00:02 +201 ~1: /Users/taormina/Code/flame/packages/flame_jenny/jenny/test/dialogue_runner_test.dart: DialogueRunner plain dialogue                                                                     00:02 +202 ~1: /Users/taormina/Code/flame/packages/flame_jenny/jenny/test/dialogue_runner_test.dart: DialogueRunner plain dialogue                                                                     00:02 +203 ~1: /Users/taormina/Code/flame/packages/flame_jenny/jenny/test/structure/dialogue_option_test.dart: DialogueOption empty option                                                             00:02 +204 ~1: /Users/taormina/Code/flame/packages/flame_jenny/jenny/test/dialogue_runner_test.dart: DialogueRunner DialogueViews with delays                                                          00:02 +205 ~1: /Users/taormina/Code/flame/packages/flame_jenny/jenny/test/dialogue_runner_test.dart: DialogueRunner DialogueViews with delays                                                          00:02 +206 ~1: /Users/taormina/Code/flame/packages/flame_jenny/jenny/test/dialogue_runner_test.dart: DialogueRunner DialogueViews with delays                                                          00:02 +207 ~1: /Users/taormina/Code/flame/packages/flame_jenny/jenny/test/dialogue_runner_test.dart: DialogueRunner DialogueViews with delays                                                          00:02 +208 ~1: /Users/taormina/Code/flame/packages/flame_jenny/jenny/test/dialogue_runner_test.dart: DialogueRunner DialogueViews with delays                                                          00:02 +209 ~1: /Users/taormina/Code/flame/packages/flame_jenny/jenny/test/dialogue_runner_test.dart: DialogueRunner DialogueViews with delays                                                          00:02 +210 ~1: /Users/taormina/Code/flame/packages/flame_jenny/jenny/test/dialogue_runner_test.dart: DialogueRunner DialogueViews with delays                                                          00:02 +211 ~1: /Users/taormina/Code/flame/packages/flame_jenny/jenny/test/dialogue_runner_test.dart: DialogueRunner DialogueViews with delays                                                          00:02 +212 ~1: /Users/taormina/Code/flame/packages/flame_jenny/jenny/test/dialogue_runner_test.dart: DialogueRunner DialogueViews with delays                                                          00:02 +213 ~1: /Users/taormina/Code/flame/packages/flame_jenny/jenny/test/dialogue_runner_test.dart: DialogueRunner DialogueViews with delays                                                          00:02 +214 ~1: /Users/taormina/Code/flame/packages/flame_jenny/jenny/test/dialogue_runner_test.dart: DialogueRunner DialogueViews with delays                                                          00:02 +215 ~1: /Users/taormina/Code/flame/packages/flame_jenny/jenny/test/dialogue_runner_test.dart: DialogueRunner DialogueViews with delays                                                          00:03 +215 ~1: /Users/taormina/Code/flame/packages/flame_jenny/jenny/test/dialogue_runner_test.dart: DialogueRunner DialogueViews with delays                                                          00:03 +216 ~1: /Users/taormina/Code/flame/packages/flame_jenny/jenny/test/dialogue_runner_test.dart: DialogueRunner DialogueViews with delays                                                          00:03 +217 ~1: /Users/taormina/Code/flame/packages/flame_jenny/jenny/test/dialogue_runner_test.dart: DialogueRunner DialogueViews with delays                                                          00:03 +218 ~1: /Users/taormina/Code/flame/packages/flame_jenny/jenny/test/dialogue_runner_test.dart: DialogueRunner DialogueViews with delays                                                          00:03 +219 ~1: /Users/taormina/Code/flame/packages/flame_jenny/jenny/test/dialogue_runner_test.dart: DialogueRunner DialogueViews with delays                                                          00:03 +220 ~1: /Users/taormina/Code/flame/packages/flame_jenny/jenny/test/dialogue_runner_test.dart: DialogueRunner DialogueViews with delays                                                          00:03 +221 ~1: /Users/taormina/Code/flame/packages/flame_jenny/jenny/test/dialogue_runner_test.dart: DialogueRunner DialogueViews with delays                                                          00:03 +222 ~1: /Users/taormina/Code/flame/packages/flame_jenny/jenny/test/dialogue_runner_test.dart: DialogueRunner DialogueViews with delays                                                          00:03 +223 ~1: /Users/taormina/Code/flame/packages/flame_jenny/jenny/test/dialogue_runner_test.dart: DialogueRunner DialogueViews with delays                                                          00:03 +224 ~1: /Users/taormina/Code/flame/packages/flame_jenny/jenny/test/dialogue_runner_test.dart: DialogueRunner DialogueViews with delays                                                          00:03 +225 ~1: /Users/taormina/Code/flame/packages/flame_jenny/jenny/test/dialogue_runner_test.dart: DialogueRunner DialogueViews with delays                                                          00:03 +226 ~1: /Users/taormina/Code/flame/packages/flame_jenny/jenny/test/dialogue_runner_test.dart: DialogueRunner DialogueViews with delays                                                          00:03 +226 ~1: /Users/taormina/Code/flame/packages/flame_jenny/jenny/test/dialogue_runner_test.dart: DialogueRunner dialogue with choices                                                              00:03 +227 ~1: /Users/taormina/Code/flame/packages/flame_jenny/jenny/test/dialogue_runner_test.dart: DialogueRunner dialogue with choices                                                              00:03 +227 ~1: /Users/taormina/Code/flame/packages/flame_jenny/jenny/test/dialogue_runner_test.dart: DialogueRunner invalid dialogue choices                                                           00:03 +228 ~1: /Users/taormina/Code/flame/packages/flame_jenny/jenny/test/dialogue_runner_test.dart: DialogueRunner invalid dialogue choices                                                           00:03 +228 ~1: /Users/taormina/Code/flame/packages/flame_jenny/jenny/test/dialogue_runner_test.dart: DialogueRunner no decision-making views                                                           00:03 +229 ~1: /Users/taormina/Code/flame/packages/flame_jenny/jenny/test/dialogue_runner_test.dart: DialogueRunner no decision-making views                                                           00:03 +229 ~1: /Users/taormina/Code/flame/packages/flame_jenny/jenny/test/dialogue_runner_test.dart: DialogueRunner dialogue view that makes immediate choice selection                                00:03 +230 ~1: /Users/taormina/Code/flame/packages/flame_jenny/jenny/test/dialogue_runner_test.dart: DialogueRunner dialogue view that makes immediate choice selection                                00:03 +230 ~1: /Users/taormina/Code/flame/packages/flame_jenny/jenny/test/dialogue_runner_test.dart: DialogueRunner Example.plan                                                                       00:03 +231 ~1: /Users/taormina/Code/flame/packages/flame_jenny/jenny/test/dialogue_runner_test.dart: DialogueRunner Example.plan                                                                       00:03 +231 ~1: /Users/taormina/Code/flame/packages/flame_jenny/jenny/test/dialogue_runner_test.dart: DialogueRunner Compiler.plan                                                                      00:03 +232 ~1: /Users/taormina/Code/flame/packages/flame_jenny/jenny/test/dialogue_runner_test.dart: DialogueRunner Compiler.plan                                                                      00:03 +232 ~1: /Users/taormina/Code/flame/packages/flame_jenny/jenny/test/dialogue_runner_test.dart: DialogueRunner Dialogue runs node before finishing the previous one                               00:03 +233 ~1: /Users/taormina/Code/flame/packages/flame_jenny/jenny/test/dialogue_runner_test.dart: DialogueRunner Dialogue runs node before finishing the previous one                               00:03 +233 ~1: loading /Users/taormina/Code/flame/packages/flame_jenny/jenny/test/structure/expressions/operators/xor_test.dart                                                                        00:03 +233 ~1: /Users/taormina/Code/flame/packages/flame_jenny/jenny/test/structure/expressions/operators/xor_test.dart: Xor x ^ y                                                                     00:03 +234 ~1: /Users/taormina/Code/flame/packages/flame_jenny/jenny/test/structure/expressions/operators/divide_test.dart: Divide x / y                                                               00:03 +235 ~1: /Users/taormina/Code/flame/packages/flame_jenny/jenny/test/structure/expressions/operators/divide_test.dart: Divide x / y                                                               00:03 +236 ~1: /Users/taormina/Code/flame/packages/flame_jenny/jenny/test/structure/expressions/operators/divide_test.dart: Divide x / y                                                               00:03 +236 ~1: /Users/taormina/Code/flame/packages/flame_jenny/jenny/test/structure/expressions/operators/divide_test.dart: Divide x /= y                                                              00:03 +237 ~1: /Users/taormina/Code/flame/packages/flame_jenny/jenny/test/structure/expressions/operators/divide_test.dart: Divide x /= y                                                              00:03 +237 ~1: /Users/taormina/Code/flame/packages/flame_jenny/jenny/test/structure/expressions/operators/divide_test.dart: Divide division by zero                                                    00:03 +238 ~1: /Users/taormina/Code/flame/packages/flame_jenny/jenny/test/structure/expressions/operators/divide_test.dart: Divide division by zero                                                    00:03 +238 ~1: /Users/taormina/Code/flame/packages/flame_jenny/jenny/test/structure/expressions/operators/divide_test.dart: Divide wrong argument types                                                00:03 +239 ~1: /Users/taormina/Code/flame/packages/flame_jenny/jenny/test/structure/expressions/operators/divide_test.dart: Divide wrong argument types                                                00:03 +239 ~1: loading /Users/taormina/Code/flame/packages/flame_jenny/jenny/test/structure/expressions/operators/and_test.dart                                                                        00:03 +239 ~1: /Users/taormina/Code/flame/packages/flame_jenny/jenny/test/structure/expressions/operators/and_test.dart: And x && y                                                                    00:03 +240 ~1: /Users/taormina/Code/flame/packages/flame_jenny/jenny/test/structure/expressions/operators/not_test.dart: Not not                                                                       00:03 +241 ~1: /Users/taormina/Code/flame/packages/flame_jenny/jenny/test/structure/expressions/operators/negate_test.dart: Negate unary minus                                                         00:03 +242 ~1: /Users/taormina/Code/flame/packages/flame_jenny/jenny/test/structure/expressions/operators/negate_test.dart: Negate unary minus                                                         00:03 +243 ~1: /Users/taormina/Code/flame/packages/flame_jenny/jenny/test/structure/expressions/operators/not_test.dart: Not not with wrong type                                                       00:03 +244 ~1: /Users/taormina/Code/flame/packages/flame_jenny/jenny/test/structure/expressions/operators/negate_test.dart: Negate unary minus with wrong type                                         00:03 +245 ~1: /Users/taormina/Code/flame/packages/flame_jenny/jenny/test/structure/expressions/operators/negate_test.dart: Negate unary minus with wrong type                                         00:04 +245 ~1: /Users/taormina/Code/flame/packages/flame_jenny/jenny/test/structure/expressions/operators/negate_test.dart: Negate unary minus with wrong type                                         00:04 +245 ~1: loading /Users/taormina/Code/flame/packages/flame_jenny/jenny/test/structure/expressions/operators/add_test.dart                                                                        00:04 +245 ~1: /Users/taormina/Code/flame/packages/flame_jenny/jenny/test/structure/expressions/operators/add_test.dart: Add x + y                                                                     00:04 +246 ~1: /Users/taormina/Code/flame/packages/flame_jenny/jenny/test/structure/expressions/operators/add_test.dart: Add x + y                                                                     00:04 +246 ~1: /Users/taormina/Code/flame/packages/flame_jenny/jenny/test/structure/expressions/operators/add_test.dart: Add x += y                                                                    00:04 +247 ~1: /Users/taormina/Code/flame/packages/flame_jenny/jenny/test/structure/expressions/operators/add_test.dart: Add x += y                                                                    00:04 +247 ~1: /Users/taormina/Code/flame/packages/flame_jenny/jenny/test/structure/expressions/operators/add_test.dart: Add wrong argument types 1                                                    00:04 +248 ~1: /Users/taormina/Code/flame/packages/flame_jenny/jenny/test/structure/expressions/operators/add_test.dart: Add wrong argument types 1                                                    00:04 +248 ~1: /Users/taormina/Code/flame/packages/flame_jenny/jenny/test/structure/expressions/operators/add_test.dart: Add wrong argument types 2                                                    00:04 +249 ~1: /Users/taormina/Code/flame/packages/flame_jenny/jenny/test/structure/expressions/operators/add_test.dart: Add wrong argument types 2                                                    00:04 +249 ~1: loading /Users/taormina/Code/flame/packages/flame_jenny/jenny/test/structure/expressions/operators/equal_test.dart                                                                      00:04 +249 ~1: /Users/taormina/Code/flame/packages/flame_jenny/jenny/test/structure/expressions/operators/equal_test.dart: Equals x == y                                                               00:04 +250 ~1: /Users/taormina/Code/flame/packages/flame_jenny/jenny/test/structure/expressions/operators/multiply_test.dart: Multiply x * y                                                           00:04 +251 ~1: /Users/taormina/Code/flame/packages/flame_jenny/jenny/test/structure/expressions/operators/multiply_test.dart: Multiply x * y                                                           00:04 +252 ~1: /Users/taormina/Code/flame/packages/flame_jenny/jenny/test/structure/expressions/operators/not_equal_test.dart: NotEquals x != y                                                        00:04 +253 ~1: /Users/taormina/Code/flame/packages/flame_jenny/jenny/test/structure/expressions/operators/not_equal_test.dart: NotEquals x != y                                                        00:04 +254 ~1: /Users/taormina/Code/flame/packages/flame_jenny/jenny/test/structure/expressions/operators/subtract_test.dart: Subtract x - y                                                           00:04 +255 ~1: /Users/taormina/Code/flame/packages/flame_jenny/jenny/test/structure/expressions/operators/multiply_test.dart: Multiply wrong argument types                                            00:04 +256 ~1: /Users/taormina/Code/flame/packages/flame_jenny/jenny/test/structure/expressions/operators/not_equal_test.dart: NotEquals wrong argument types                                          00:04 +257 ~1: /Users/taormina/Code/flame/packages/flame_jenny/jenny/test/structure/expressions/operators/not_equal_test.dart: NotEquals wrong argument types                                          00:04 +258 ~1: /Users/taormina/Code/flame/packages/flame_jenny/jenny/test/structure/expressions/operators/not_equal_test.dart: NotEquals wrong argument types                                          00:04 +258 ~1: /Users/taormina/Code/flame/packages/flame_jenny/jenny/test/structure/expressions/operators/subtract_test.dart: Subtract wrong argument types 1                                          00:04 +259 ~1: /Users/taormina/Code/flame/packages/flame_jenny/jenny/test/structure/expressions/operators/subtract_test.dart: Subtract wrong argument types 1                                          00:04 +259 ~1: /Users/taormina/Code/flame/packages/flame_jenny/jenny/test/structure/expressions/operators/subtract_test.dart: Subtract wrong argument types 2                                          00:04 +260 ~1: /Users/taormina/Code/flame/packages/flame_jenny/jenny/test/structure/expressions/operators/subtract_test.dart: Subtract wrong argument types 2                                          00:04 +260 ~1: loading /Users/taormina/Code/flame/packages/flame_jenny/jenny/test/structure/expressions/operators/greater_than_test.dart                                                               00:04 +260 ~1: /Users/taormina/Code/flame/packages/flame_jenny/jenny/test/structure/expressions/operators/greater_than_test.dart: GreaterThan x > y                                                    00:04 +261 ~1: /Users/taormina/Code/flame/packages/flame_jenny/jenny/test/structure/expressions/operators/greater_than_test.dart: GreaterThan x > y                                                    00:04 +261 ~1: /Users/taormina/Code/flame/packages/flame_jenny/jenny/test/structure/expressions/operators/greater_than_test.dart: GreaterThan wrong argument types                                     00:04 +262 ~1: /Users/taormina/Code/flame/packages/flame_jenny/jenny/test/structure/expressions/operators/greater_than_test.dart: GreaterThan wrong argument types                                     00:04 +262 ~1: loading /Users/taormina/Code/flame/packages/flame_jenny/jenny/test/structure/expressions/operators/less_than_test.dart                                                                  00:04 +262 ~1: /Users/taormina/Code/flame/packages/flame_jenny/jenny/test/structure/expressions/operators/less_than_test.dart: LessThan x < y                                                          00:05 +262 ~1: /Users/taormina/Code/flame/packages/flame_jenny/jenny/test/structure/expressions/operators/less_than_test.dart: LessThan x < y                                                          00:05 +263 ~1: /Users/taormina/Code/flame/packages/flame_jenny/jenny/test/structure/expressions/operators/modulo_test.dart: Modulo x % y                                                               00:05 +264 ~1: /Users/taormina/Code/flame/packages/flame_jenny/jenny/test/structure/expressions/operators/modulo_test.dart: Modulo x % y                                                               00:05 +265 ~1: /Users/taormina/Code/flame/packages/flame_jenny/jenny/test/structure/expressions/operators/modulo_test.dart: Modulo x % y                                                               00:05 +265 ~1: /Users/taormina/Code/flame/packages/flame_jenny/jenny/test/structure/expressions/operators/modulo_test.dart: Modulo x %= y                                                              00:05 +266 ~1: /Users/taormina/Code/flame/packages/flame_jenny/jenny/test/structure/expressions/operators/modulo_test.dart: Modulo x %= y                                                              00:05 +266 ~1: /Users/taormina/Code/flame/packages/flame_jenny/jenny/test/structure/expressions/operators/modulo_test.dart: Modulo negative divisor                                                    00:05 +267 ~1: /Users/taormina/Code/flame/packages/flame_jenny/jenny/test/structure/expressions/operators/modulo_test.dart: Modulo negative divisor                                                    00:05 +267 ~1: /Users/taormina/Code/flame/packages/flame_jenny/jenny/test/structure/expressions/operators/modulo_test.dart: Modulo wrong argument types                                                00:05 +268 ~1: /Users/taormina/Code/flame/packages/flame_jenny/jenny/test/structure/expressions/operators/modulo_test.dart: Modulo wrong argument types                                                00:05 +268 ~1: loading /Users/taormina/Code/flame/packages/flame_jenny/jenny/test/structure/expressions/operators/greater_or_equal_test.dart                                                           00:05 +268 ~1: /Users/taormina/Code/flame/packages/flame_jenny/jenny/test/structure/expressions/operators/greater_or_equal_test.dart: GreaterOrEqual x >= y                                            00:05 +269 ~1: /Users/taormina/Code/flame/packages/flame_jenny/jenny/test/structure/expressions/operators/less_or_equal_test.dart: LessOrEqual x <= y                                                  00:05 +270 ~1: /Users/taormina/Code/flame/packages/flame_jenny/jenny/test/structure/expressions/operators/less_or_equal_test.dart: LessOrEqual x <= y                                                  00:05 +271 ~1: /Users/taormina/Code/flame/packages/flame_jenny/jenny/test/structure/expressions/operators/less_or_equal_test.dart: LessOrEqual x <= y                                                  00:05 +271 ~1: /Users/taormina/Code/flame/packages/flame_jenny/jenny/test/structure/expressions/operators/less_or_equal_test.dart: LessOrEqual wrong argument types                                    00:05 +272 ~1: /Users/taormina/Code/flame/packages/flame_jenny/jenny/test/structure/expressions/operators/less_or_equal_test.dart: LessOrEqual wrong argument types                                    00:05 +272 ~1: loading /Users/taormina/Code/flame/packages/flame_jenny/jenny/test/structure/expressions/literal_test.dart                                                                              00:05 +272 ~1: /Users/taormina/Code/flame/packages/flame_jenny/jenny/test/structure/expressions/literal_test.dart: NumLiteral simple literal                                                           00:05 +273 ~1: /Users/taormina/Code/flame/packages/flame_jenny/jenny/test/structure/expressions/literal_test.dart: NumLiteral simple literal                                                           00:05 +273 ~1: /Users/taormina/Code/flame/packages/flame_jenny/jenny/test/structure/expressions/literal_test.dart: NumLiteral constZero                                                                00:05 +274 ~1: /Users/taormina/Code/flame/packages/flame_jenny/jenny/test/structure/expressions/literal_test.dart: NumLiteral constZero                                                                00:05 +274 ~1: /Users/taormina/Code/flame/packages/flame_jenny/jenny/test/structure/expressions/literal_test.dart: NumLiteral various numeric literals                                                 00:05 +275 ~1: /Users/taormina/Code/flame/packages/flame_jenny/jenny/test/structure/expressions/functions/visited_test.dart: VisitedFn visit Start                                                     00:05 +276 ~1: /Users/taormina/Code/flame/packages/flame_jenny/jenny/test/structure/expressions/functions/visited_test.dart: VisitedFn visit Start                                                     00:05 +277 ~1: /Users/taormina/Code/flame/packages/flame_jenny/jenny/test/structure/expressions/functions/visited_test.dart: VisitedFn visit Start                                                     00:05 +278 ~1: /Users/taormina/Code/flame/packages/flame_jenny/jenny/test/structure/expressions/functions/visited_test.dart: VisitedFn visit Start                                                     00:05 +279 ~1: /Users/taormina/Code/flame/packages/flame_jenny/jenny/test/structure/expressions/functions/visited_test.dart: VisitedFn visit Start                                                     00:05 +280 ~1: /Users/taormina/Code/flame/packages/flame_jenny/jenny/test/structure/expressions/functions/visited_test.dart: VisitedFn visit Start                                                     00:05 +281 ~1: /Users/taormina/Code/flame/packages/flame_jenny/jenny/test/structure/expressions/functions/visited_test.dart: VisitedFn visit Start                                                     00:05 +282 ~1: /Users/taormina/Code/flame/packages/flame_jenny/jenny/test/structure/expressions/functions/round_test.dart: RoundFn round() normal case                                                 00:05 +283 ~1: /Users/taormina/Code/flame/packages/flame_jenny/jenny/test/structure/expressions/functions/round_test.dart: RoundFn round() normal case                                                 00:05 +284 ~1: /Users/taormina/Code/flame/packages/flame_jenny/jenny/test/structure/expressions/functions/round_test.dart: RoundFn round() normal case                                                 00:05 +285 ~1: /Users/taormina/Code/flame/packages/flame_jenny/jenny/test/structure/expressions/functions/round_test.dart: RoundFn round() normal case                                                 00:05 +286 ~1: /Users/taormina/Code/flame/packages/flame_jenny/jenny/test/structure/expressions/functions/round_test.dart: RoundFn round() normal case                                                 00:05 +287 ~1: /Users/taormina/Code/flame/packages/flame_jenny/jenny/test/structure/expressions/functions/round_test.dart: RoundFn round() normal case                                                 00:05 +288 ~1: /Users/taormina/Code/flame/packages/flame_jenny/jenny/test/structure/expressions/functions/round_test.dart: RoundFn round() normal case                                                 00:05 +289 ~1: /Users/taormina/Code/flame/packages/flame_jenny/jenny/test/structure/expressions/functions/number_test.dart: NumberFn number() normal case                                              00:05 +290 ~1: /Users/taormina/Code/flame/packages/flame_jenny/jenny/test/structure/expressions/functions/random_range_test.dart: RandomRangeFn normal invocation                                      00:05 +291 ~1: /Users/taormina/Code/flame/packages/flame_jenny/jenny/test/structure/expressions/functions/random_range_test.dart: RandomRangeFn normal invocation                                      00:05 +292 ~1: /Users/taormina/Code/flame/packages/flame_jenny/jenny/test/structure/expressions/functions/random_range_test.dart: RandomRangeFn normal invocation                                      00:05 +293 ~1: /Users/taormina/Code/flame/packages/flame_jenny/jenny/test/structure/expressions/functions/random_range_test.dart: RandomRangeFn normal invocation                                      00:05 +294 ~1: /Users/taormina/Code/flame/packages/flame_jenny/jenny/test/structure/expressions/functions/random_range_test.dart: RandomRangeFn normal invocation                                      00:05 +295 ~1: /Users/taormina/Code/flame/packages/flame_jenny/jenny/test/structure/expressions/functions/random_range_test.dart: RandomRangeFn normal invocation                                      00:05 +296 ~1: /Users/taormina/Code/flame/packages/flame_jenny/jenny/test/structure/expressions/functions/random_range_test.dart: RandomRangeFn normal invocation                                      00:05 +297 ~1: /Users/taormina/Code/flame/packages/flame_jenny/jenny/test/structure/expressions/functions/random_range_test.dart: RandomRangeFn normal invocation                                      00:05 +297 ~1: /Users/taormina/Code/flame/packages/flame_jenny/jenny/test/structure/expressions/functions/random_range_test.dart: RandomRangeFn random_range() stress test                             00:05 +298 ~1: /Users/taormina/Code/flame/packages/flame_jenny/jenny/test/structure/expressions/functions/random_range_test.dart: RandomRangeFn random_range() stress test                             00:05 +298 ~1: /Users/taormina/Code/flame/packages/flame_jenny/jenny/test/structure/expressions/functions/random_range_test.dart: RandomRangeFn random range with min == max                           00:05 +299 ~1: /Users/taormina/Code/flame/packages/flame_jenny/jenny/test/structure/expressions/functions/random_range_test.dart: RandomRangeFn random range with min == max                           00:05 +299 ~1: /Users/taormina/Code/flame/packages/flame_jenny/jenny/test/structure/expressions/functions/random_range_test.dart: RandomRangeFn random range with min > max                            00:05 +300 ~1: /Users/taormina/Code/flame/packages/flame_jenny/jenny/test/structure/expressions/functions/random_range_test.dart: RandomRangeFn random range with min > max                            00:05 +300 ~1: /Users/taormina/Code/flame/packages/flame_jenny/jenny/test/structure/expressions/functions/random_range_test.dart: RandomRangeFn too few arguments                                      00:05 +301 ~1: /Users/taormina/Code/flame/packages/flame_jenny/jenny/test/structure/expressions/functions/random_range_test.dart: RandomRangeFn too few arguments                                      00:05 +301 ~1: /Users/taormina/Code/flame/packages/flame_jenny/jenny/test/structure/expressions/functions/random_range_test.dart: RandomRangeFn invalid argument 1 type                                00:05 +302 ~1: /Users/taormina/Code/flame/packages/flame_jenny/jenny/test/structure/expressions/functions/random_range_test.dart: RandomRangeFn invalid argument 1 type                                00:05 +302 ~1: /Users/taormina/Code/flame/packages/flame_jenny/jenny/test/structure/expressions/functions/random_range_test.dart: RandomRangeFn invalid argument 2 type                                00:05 +303 ~1: /Users/taormina/Code/flame/packages/flame_jenny/jenny/test/structure/expressions/functions/random_range_test.dart: RandomRangeFn invalid argument 2 type                                00:06 +303 ~1: /Users/taormina/Code/flame/packages/flame_jenny/jenny/test/structure/expressions/functions/random_range_test.dart: RandomRangeFn invalid argument 2 type                                00:06 +303 ~1: loading /Users/taormina/Code/flame/packages/flame_jenny/jenny/test/structure/expressions/functions/string_test.dart                                                                     00:06 +303 ~1: /Users/taormina/Code/flame/packages/flame_jenny/jenny/test/structure/expressions/functions/string_test.dart: StringFn string() normal case                                              00:06 +304 ~1: /Users/taormina/Code/flame/packages/flame_jenny/jenny/test/structure/expressions/functions/string_test.dart: StringFn string() normal case                                              00:06 +304 ~1: /Users/taormina/Code/flame/packages/flame_jenny/jenny/test/structure/expressions/functions/string_test.dart: StringFn too few arguments                                                 00:06 +305 ~1: /Users/taormina/Code/flame/packages/flame_jenny/jenny/test/structure/expressions/functions/string_test.dart: StringFn too few arguments                                                 00:06 +305 ~1: /Users/taormina/Code/flame/packages/flame_jenny/jenny/test/structure/expressions/functions/string_test.dart: StringFn too many arguments                                                00:06 +306 ~1: /Users/taormina/Code/flame/packages/flame_jenny/jenny/test/structure/expressions/functions/ceil_test.dart: FloorFn floor() normal case                                                  00:06 +307 ~1: /Users/taormina/Code/flame/packages/flame_jenny/jenny/test/structure/expressions/functions/int_test.dart: IntFn int() normal case                                                       00:06 +308 ~1: /Users/taormina/Code/flame/packages/flame_jenny/jenny/test/structure/expressions/functions/floor_test.dart: FloorFn floor() normal case                                                 00:06 +309 ~1: /Users/taormina/Code/flame/packages/flame_jenny/jenny/test/structure/expressions/functions/round_places_test.dart: RoundPlacesFn round_places() normal case                             00:06 +310 ~1: /Users/taormina/Code/flame/packages/flame_jenny/jenny/test/structure/expressions/functions/round_places_test.dart: RoundPlacesFn round_places() normal case                             00:06 +310 ~1: /Users/taormina/Code/flame/packages/flame_jenny/jenny/test/structure/expressions/functions/round_places_test.dart: RoundPlacesFn too few arguments                                      00:06 +311 ~1: /Users/taormina/Code/flame/packages/flame_jenny/jenny/test/structure/expressions/functions/round_places_test.dart: RoundPlacesFn too few arguments                                      00:06 +311 ~1: /Users/taormina/Code/flame/packages/flame_jenny/jenny/test/structure/expressions/functions/round_places_test.dart: RoundPlacesFn too many arguments                                     00:06 +312 ~1: /Users/taormina/Code/flame/packages/flame_jenny/jenny/test/structure/expressions/functions/round_places_test.dart: RoundPlacesFn too many arguments                                     00:06 +312 ~1: /Users/taormina/Code/flame/packages/flame_jenny/jenny/test/structure/expressions/functions/round_places_test.dart: RoundPlacesFn first argument not numeric                             00:06 +313 ~1: /Users/taormina/Code/flame/packages/flame_jenny/jenny/test/structure/expressions/functions/round_places_test.dart: RoundPlacesFn first argument not numeric                             00:06 +313 ~1: /Users/taormina/Code/flame/packages/flame_jenny/jenny/test/structure/expressions/functions/round_places_test.dart: RoundPlacesFn second argument not numeric                            00:06 +314 ~1: /Users/taormina/Code/flame/packages/flame_jenny/jenny/test/structure/expressions/functions/round_places_test.dart: RoundPlacesFn second argument not numeric                            00:06 +314 ~1: loading /Users/taormina/Code/flame/packages/flame_jenny/jenny/test/structure/expressions/functions/random_test.dart                                                                     00:06 +314 ~1: /Users/taormina/Code/flame/packages/flame_jenny/jenny/test/structure/expressions/functions/random_test.dart: RandomFn normal case                                                       00:06 +315 ~1: /Users/taormina/Code/flame/packages/flame_jenny/jenny/test/structure/expressions/functions/if_test.dart: if() if() normal case                                                          00:06 +316 ~1: /Users/taormina/Code/flame/packages/flame_jenny/jenny/test/structure/expressions/functions/if_test.dart: if() if() normal case                                                          00:07 +316 ~1: /Users/taormina/Code/flame/packages/flame_jenny/jenny/test/structure/expressions/functions/if_test.dart: if() if() normal case                                                          00:07 +317 ~1: /Users/taormina/Code/flame/packages/flame_jenny/jenny/test/structure/expressions/functions/if_test.dart: if() if() normal case                                                          00:07 +317 ~1: /Users/taormina/Code/flame/packages/flame_jenny/jenny/test/structure/expressions/functions/if_test.dart: if() then/else evaluate only if necessary                                      00:07 +318 ~1: /Users/taormina/Code/flame/packages/flame_jenny/jenny/test/structure/expressions/functions/if_test.dart: if() then/else evaluate only if necessary                                      00:07 +318 ~1: /Users/taormina/Code/flame/packages/flame_jenny/jenny/test/structure/expressions/functions/if_test.dart: if() errors too few arguments                                                  00:07 +319 ~1: /Users/taormina/Code/flame/packages/flame_jenny/jenny/test/structure/expressions/functions/if_test.dart: if() errors too few arguments                                                  00:07 +319 ~1: /Users/taormina/Code/flame/packages/flame_jenny/jenny/test/structure/expressions/functions/if_test.dart: if() errors too many arguments                                                 00:07 +320 ~1: /Users/taormina/Code/flame/packages/flame_jenny/jenny/test/structure/expressions/functions/if_test.dart: if() errors too many arguments                                                 00:07 +320 ~1: /Users/taormina/Code/flame/packages/flame_jenny/jenny/test/structure/expressions/functions/if_test.dart: if() errors first argument is not boolean                                      00:07 +321 ~1: /Users/taormina/Code/flame/packages/flame_jenny/jenny/test/structure/expressions/functions/if_test.dart: if() errors first argument is not boolean                                      00:07 +321 ~1: /Users/taormina/Code/flame/packages/flame_jenny/jenny/test/structure/expressions/functions/if_test.dart: if() errors incompatible argument types                                        00:07 +322 ~1: /Users/taormina/Code/flame/packages/flame_jenny/jenny/test/structure/expressions/functions/if_test.dart: if() errors incompatible argument types                                        00:07 +322 ~1: loading /Users/taormina/Code/flame/packages/flame_jenny/jenny/test/structure/expressions/functions/decimal_test.dart                                                                    00:07 +322 ~1: /Users/taormina/Code/flame/packages/flame_jenny/jenny/test/structure/expressions/functions/decimal_test.dart: DecimalFn decimal() normal case                                           00:07 +323 ~1: /Users/taormina/Code/flame/packages/flame_jenny/jenny/test/structure/expressions/functions/bool_test.dart: BoolFn bool() normal case                                                    00:07 +324 ~1: /Users/taormina/Code/flame/packages/flame_jenny/jenny/test/structure/expressions/functions/bool_test.dart: BoolFn bool() normal case                                                    00:07 +324 ~1: /Users/taormina/Code/flame/packages/flame_jenny/jenny/test/structure/expressions/functions/bool_test.dart: BoolFn bool() with bad argument                                              00:07 +325 ~1: /Users/taormina/Code/flame/packages/flame_jenny/jenny/test/structure/expressions/functions/bool_test.dart: BoolFn bool() with bad argument                                              00:07 +325 ~1: /Users/taormina/Code/flame/packages/flame_jenny/jenny/test/structure/expressions/functions/bool_test.dart: BoolFn too few arguments                                                     00:07 +326 ~1: /Users/taormina/Code/flame/packages/flame_jenny/jenny/test/structure/expressions/functions/bool_test.dart: BoolFn too few arguments                                                     00:07 +326 ~1: /Users/taormina/Code/flame/packages/flame_jenny/jenny/test/structure/expressions/functions/bool_test.dart: BoolFn too many arguments                                                    00:07 +327 ~1: /Users/taormina/Code/flame/packages/flame_jenny/jenny/test/structure/expressions/functions/bool_test.dart: BoolFn too many arguments                                                    00:07 +327 ~1: loading /Users/taormina/Code/flame/packages/flame_jenny/jenny/test/structure/expressions/functions/dec_test.dart                                                                        00:07 +327 ~1: /Users/taormina/Code/flame/packages/flame_jenny/jenny/test/structure/expressions/functions/dec_test.dart: DecFn dec() normal case                                                       00:07 +328 ~1: /Users/taormina/Code/flame/packages/flame_jenny/jenny/test/structure/expressions/functions/dec_test.dart: DecFn dec() normal case                                                       00:07 +328 ~1: loading /Users/taormina/Code/flame/packages/flame_jenny/jenny/test/structure/expressions/functions/plural_test.dart                                                                     00:07 +328 ~1: /Users/taormina/Code/flame/packages/flame_jenny/jenny/test/structure/expressions/functions/plural_test.dart: PluralFn apples-apples-apples                                              00:07 +329 ~1: /Users/taormina/Code/flame/packages/flame_jenny/jenny/test/structure/expressions/functions/dice_test.dart: DiceFn simple invocation                                                     00:07 +330 ~1: /Users/taormina/Code/flame/packages/flame_jenny/jenny/test/structure/expressions/functions/dice_test.dart: DiceFn simple invocation                                                     00:07 +331 ~1: /Users/taormina/Code/flame/packages/flame_jenny/jenny/test/structure/expressions/functions/dice_test.dart: DiceFn simple invocation                                                     00:07 +332 ~1: /Users/taormina/Code/flame/packages/flame_jenny/jenny/test/structure/expressions/functions/dice_test.dart: DiceFn simple invocation                                                     00:07 +333 ~1: /Users/taormina/Code/flame/packages/flame_jenny/jenny/test/structure/expressions/functions/dice_test.dart: DiceFn simple invocation                                                     00:07 +334 ~1: /Users/taormina/Code/flame/packages/flame_jenny/jenny/test/structure/expressions/functions/dice_test.dart: DiceFn simple invocation                                                     00:07 +335 ~1: /Users/taormina/Code/flame/packages/flame_jenny/jenny/test/structure/expressions/functions/dice_test.dart: DiceFn simple invocation                                                     00:07 +336 ~1: /Users/taormina/Code/flame/packages/flame_jenny/jenny/test/structure/expressions/functions/visit_count_test.dart: VisitCountFn visit_count Start                                        00:07 +337 ~1: /Users/taormina/Code/flame/packages/flame_jenny/jenny/test/structure/expressions/functions/visit_count_test.dart: VisitCountFn visit_count Start                                        00:07 +338 ~1: /Users/taormina/Code/flame/packages/flame_jenny/jenny/test/structure/expressions/functions/visit_count_test.dart: VisitCountFn visit_count Start                                        00:07 +339 ~1: /Users/taormina/Code/flame/packages/flame_jenny/jenny/test/structure/expressions/functions/visit_count_test.dart: VisitCountFn visit_count Start                                        00:07 +340 ~1: /Users/taormina/Code/flame/packages/flame_jenny/jenny/test/structure/expressions/functions/visit_count_test.dart: VisitCountFn visit_count Start                                        00:07 +341 ~1: /Users/taormina/Code/flame/packages/flame_jenny/jenny/test/structure/expressions/functions/visit_count_test.dart: VisitCountFn visit_count Start                                        00:07 +342 ~1: /Users/taormina/Code/flame/packages/flame_jenny/jenny/test/structure/expressions/functions/user_defined_function_test.dart: NumericUserDefinedFn simple udf with numeric return type    00:07 +343 ~1: /Users/taormina/Code/flame/packages/flame_jenny/jenny/test/structure/expressions/functions/inc_test.dart: IncFn inc() normal case                                                       00:07 +344 ~1: /Users/taormina/Code/flame/packages/flame_jenny/jenny/test/structure/expressions/functions/inc_test.dart: IncFn inc() normal case                                                       00:07 +345 ~1: /Users/taormina/Code/flame/packages/flame_jenny/jenny/test/structure/expressions/functions/inc_test.dart: IncFn inc() normal case                                                       00:07 +346 ~1: /Users/taormina/Code/flame/packages/flame_jenny/jenny/test/structure/expressions/functions/inc_test.dart: IncFn inc() normal case                                                       00:07 +347 ~1: /Users/taormina/Code/flame/packages/flame_jenny/jenny/test/structure/expressions/functions/inc_test.dart: IncFn inc() normal case                                                       00:07 +348 ~1: /Users/taormina/Code/flame/packages/flame_jenny/jenny/test/structure/expressions/functions/visit_count_test.dart: VisitCountFn visit_count() with an unknown node                       00:07 +349 ~1: /Users/taormina/Code/flame/packages/flame_jenny/jenny/test/structure/expressions/functions/visit_count_test.dart: VisitCountFn visit_count() with an unknown node                       00:07 +349 ~1: /Users/taormina/Code/flame/packages/flame_jenny/jenny/test/structure/expressions/functions/visit_count_test.dart: VisitCountFn too few arguments                                        00:07 +350 ~1: /Users/taormina/Code/flame/packages/flame_jenny/jenny/test/structure/expressions/functions/visit_count_test.dart: VisitCountFn too few arguments                                        00:07 +350 ~1: /Users/taormina/Code/flame/packages/flame_jenny/jenny/test/structure/expressions/functions/visit_count_test.dart: VisitCountFn too many arguments                                       00:07 +351 ~1: /Users/taormina/Code/flame/packages/flame_jenny/jenny/test/structure/expressions/functions/visit_count_test.dart: VisitCountFn too many arguments                                       00:07 +351 ~1: /Users/taormina/Code/flame/packages/flame_jenny/jenny/test/structure/expressions/functions/visit_count_test.dart: VisitCountFn invalid argument type                                    00:07 +352 ~1: /Users/taormina/Code/flame/packages/flame_jenny/jenny/test/structure/expressions/functions/visit_count_test.dart: VisitCountFn invalid argument type                                    00:08 +352 ~1: /Users/taormina/Code/flame/packages/flame_jenny/jenny/test/structure/expressions/functions/visit_count_test.dart: VisitCountFn invalid argument type                                    00:08 +352 ~1: loading /Users/taormina/Code/flame/packages/flame_jenny/jenny/test/structure/expressions/arithmetic_test.dart                                                                           00:08 +352 ~1: /Users/taormina/Code/flame/packages/flame_jenny/jenny/test/structure/expressions/arithmetic_test.dart: arithmetic operations Expressions.yarn                                           00:08 +353 ~1: /Users/taormina/Code/flame/packages/flame_jenny/jenny/test/structure/commands/character_command_test.dart: CharacterCommand tokenize <<character>> command                              00:08 +354 ~1: /Users/taormina/Code/flame/packages/flame_jenny/jenny/test/structure/commands/character_command_test.dart: CharacterCommand tokenize <<character>> command                              00:08 +354 ~1: /Users/taormina/Code/flame/packages/flame_jenny/jenny/test/structure/commands/character_command_test.dart: CharacterCommand <<character>> command declares new characters               00:08 +355 ~1: /Users/taormina/Code/flame/packages/flame_jenny/jenny/test/structure/commands/character_command_test.dart: CharacterCommand <<character>> command declares new characters               00:08 +355 ~1: /Users/taormina/Code/flame/packages/flame_jenny/jenny/test/structure/commands/character_command_test.dart: CharacterCommand script with strict characters                               00:08 +356 ~1: /Users/taormina/Code/flame/packages/flame_jenny/jenny/test/structure/commands/local_command_test.dart: CommandLocal tokenize                                                            00:08 +357 ~1: /Users/taormina/Code/flame/packages/flame_jenny/jenny/test/structure/commands/local_command_test.dart: CommandLocal tokenize                                                            00:08 +358 ~1: /Users/taormina/Code/flame/packages/flame_jenny/jenny/test/structure/commands/local_command_test.dart: CommandLocal tokenize                                                            00:08 +359 ~1: /Users/taormina/Code/flame/packages/flame_jenny/jenny/test/structure/commands/local_command_test.dart: CommandLocal tokenize                                                            00:08 +360 ~1: /Users/taormina/Code/flame/packages/flame_jenny/jenny/test/structure/commands/local_command_test.dart: CommandLocal tokenize                                                            00:08 +361 ~1: /Users/taormina/Code/flame/packages/flame_jenny/jenny/test/structure/commands/declare_command_test.dart: DeclareCommand tokenize declare                                                00:08 +362 ~1: /Users/taormina/Code/flame/packages/flame_jenny/jenny/test/structure/commands/declare_command_test.dart: DeclareCommand tokenize declare                                                00:08 +363 ~1: /Users/taormina/Code/flame/packages/flame_jenny/jenny/test/structure/commands/declare_command_test.dart: DeclareCommand tokenize declare                                                00:08 +364 ~1: /Users/taormina/Code/flame/packages/flame_jenny/jenny/test/structure/commands/declare_command_test.dart: DeclareCommand tokenize declare                                                00:08 +365 ~1: /Users/taormina/Code/flame/packages/flame_jenny/jenny/test/structure/commands/visit_command_test.dart: VisitCommand tokenize bare-word node target                                      00:08 +366 ~1: /Users/taormina/Code/flame/packages/flame_jenny/jenny/test/structure/commands/local_command_test.dart: CommandLocal simple local command                                                00:08 +367 ~1: /Users/taormina/Code/flame/packages/flame_jenny/jenny/test/structure/commands/local_command_test.dart: CommandLocal simple local command                                                00:08 +368 ~1: /Users/taormina/Code/flame/packages/flame_jenny/jenny/test/structure/commands/local_command_test.dart: CommandLocal simple local command                                                00:08 +369 ~1: /Users/taormina/Code/flame/packages/flame_jenny/jenny/test/structure/commands/local_command_test.dart: CommandLocal simple local command                                                00:08 +370 ~1: /Users/taormina/Code/flame/packages/flame_jenny/jenny/test/structure/commands/visit_command_test.dart: VisitCommand <<visit>> command parsing                                           00:08 +371 ~1: /Users/taormina/Code/flame/packages/flame_jenny/jenny/test/structure/commands/visit_command_test.dart: VisitCommand <<visit>> command parsing                                           00:08 +372 ~1: /Users/taormina/Code/flame/packages/flame_jenny/jenny/test/structure/commands/visit_command_test.dart: VisitCommand <<visit>> command parsing                                           00:08 +373 ~1: /Users/taormina/Code/flame/packages/flame_jenny/jenny/test/structure/commands/visit_command_test.dart: VisitCommand <<visit>> command parsing                                           00:08 +374 ~1: /Users/taormina/Code/flame/packages/flame_jenny/jenny/test/structure/commands/visit_command_test.dart: VisitCommand <<visit>> command parsing                                           00:08 +375 ~1: /Users/taormina/Code/flame/packages/flame_jenny/jenny/test/structure/commands/declare_command_test.dart: DeclareCommand declare with value and type                                     00:08 +376 ~1: /Users/taormina/Code/flame/packages/flame_jenny/jenny/test/structure/commands/local_command_test.dart: CommandLocal errors declare local variable twice                                 00:08 +377 ~1: /Users/taormina/Code/flame/packages/flame_jenny/jenny/test/structure/commands/local_command_test.dart: CommandLocal errors declare local variable twice                                 00:08 +378 ~1: /Users/taormina/Code/flame/packages/flame_jenny/jenny/test/structure/commands/local_command_test.dart: CommandLocal errors declare local variable twice                                 00:08 +379 ~1: /Users/taormina/Code/flame/packages/flame_jenny/jenny/test/structure/commands/visit_command_test.dart: VisitCommand visiting another node                                               00:08 +380 ~1: /Users/taormina/Code/flame/packages/flame_jenny/jenny/test/structure/commands/visit_command_test.dart: VisitCommand visiting another node                                               00:08 +381 ~1: /Users/taormina/Code/flame/packages/flame_jenny/jenny/test/structure/commands/visit_command_test.dart: VisitCommand visiting another node                                               00:08 +382 ~1: /Users/taormina/Code/flame/packages/flame_jenny/jenny/test/structure/commands/visit_command_test.dart: VisitCommand visiting another node                                               00:08 +383 ~1: /Users/taormina/Code/flame/packages/flame_jenny/jenny/test/structure/commands/visit_command_test.dart: VisitCommand visiting another node                                               00:08 +384 ~1: /Users/taormina/Code/flame/packages/flame_jenny/jenny/test/structure/commands/declare_command_test.dart: DeclareCommand errors variable redeclaration                                   00:08 +385 ~1: /Users/taormina/Code/flame/packages/flame_jenny/jenny/test/structure/commands/declare_command_test.dart: DeclareCommand errors variable redeclaration                                   00:08 +385 ~1: /Users/taormina/Code/flame/packages/flame_jenny/jenny/test/structure/commands/visit_command_test.dart: VisitCommand nested visits                                                       00:08 +386 ~1: /Users/taormina/Code/flame/packages/flame_jenny/jenny/test/structure/commands/visit_command_test.dart: VisitCommand nested visits                                                       00:08 +387 ~1: /Users/taormina/Code/flame/packages/flame_jenny/jenny/test/structure/commands/declare_command_test.dart: DeclareCommand errors no type keyword after as 2                               00:08 +388 ~1: /Users/taormina/Code/flame/packages/flame_jenny/jenny/test/structure/commands/visit_command_test.dart: VisitCommand visit node from expression                                          00:08 +389 ~1: /Users/taormina/Code/flame/packages/flame_jenny/jenny/test/structure/commands/visit_command_test.dart: VisitCommand visit node from expression                                          00:08 +390 ~1: /Users/taormina/Code/flame/packages/flame_jenny/jenny/test/structure/commands/declare_command_test.dart: DeclareCommand errors declare inside a node                                    00:08 +391 ~1: /Users/taormina/Code/flame/packages/flame_jenny/jenny/test/structure/commands/declare_command_test.dart: DeclareCommand errors declare inside a node                                    00:08 +392 ~1: /Users/taormina/Code/flame/packages/flame_jenny/jenny/test/structure/commands/declare_command_test.dart: DeclareCommand errors declare inside a node                                    00:08 +392 ~1: /Users/taormina/Code/flame/packages/flame_jenny/jenny/test/structure/commands/visit_command_test.dart: VisitCommand errors <<visit>> at root level                                      00:08 +393 ~1: /Users/taormina/Code/flame/packages/flame_jenny/jenny/test/structure/commands/visit_command_test.dart: VisitCommand errors <<visit>> at root level                                      00:08 +393 ~1: /Users/taormina/Code/flame/packages/flame_jenny/jenny/test/structure/commands/visit_command_test.dart: VisitCommand errors <<visit>> invalid syntax                                     00:08 +394 ~1: /Users/taormina/Code/flame/packages/flame_jenny/jenny/test/structure/commands/visit_command_test.dart: VisitCommand errors <<visit>> invalid syntax                                     00:08 +394 ~1: /Users/taormina/Code/flame/packages/flame_jenny/jenny/test/structure/commands/visit_command_test.dart: VisitCommand errors <<visit>> with unknown destination                           00:08 +395 ~1: /Users/taormina/Code/flame/packages/flame_jenny/jenny/test/structure/commands/visit_command_test.dart: VisitCommand errors <<visit>> with unknown destination                           00:08 +395 ~1: loading /Users/taormina/Code/flame/packages/flame_jenny/jenny/test/structure/commands/user_defined_command_test.dart                                                                    00:08 +395 ~1: /Users/taormina/Code/flame/packages/flame_jenny/jenny/test/structure/commands/user_defined_command_test.dart: UserDefinedCommand tokenization                                           00:08 +396 ~1: /Users/taormina/Code/flame/packages/flame_jenny/jenny/test/structure/commands/user_defined_command_test.dart: UserDefinedCommand tokenization                                           00:08 +396 ~1: /Users/taormina/Code/flame/packages/flame_jenny/jenny/test/structure/commands/user_defined_command_test.dart: UserDefinedCommand parse simple dialogue command                          00:08 +397 ~1: /Users/taormina/Code/flame/packages/flame_jenny/jenny/test/structure/commands/user_defined_command_test.dart: UserDefinedCommand parse simple dialogue command                          00:08 +397 ~1: /Users/taormina/Code/flame/packages/flame_jenny/jenny/test/structure/commands/user_defined_command_test.dart: UserDefinedCommand execute a live command                                 00:08 +398 ~1: /Users/taormina/Code/flame/packages/flame_jenny/jenny/test/structure/commands/user_defined_command_test.dart: UserDefinedCommand execute a live command                                 00:08 +398 ~1: /Users/taormina/Code/flame/packages/flame_jenny/jenny/test/structure/commands/user_defined_command_test.dart: UserDefinedCommand undeclared user-defined command                        00:08 +399 ~1: /Users/taormina/Code/flame/packages/flame_jenny/jenny/test/structure/commands/user_defined_command_test.dart: UserDefinedCommand undeclared user-defined command                        00:08 +399 ~1: /Users/taormina/Code/flame/packages/flame_jenny/jenny/test/structure/commands/user_defined_command_test.dart: UserDefinedCommand markup within user-defined command                     00:08 +400 ~1: /Users/taormina/Code/flame/packages/flame_jenny/jenny/test/structure/commands/user_defined_command_test.dart: UserDefinedCommand markup within user-defined command                     00:08 +400 ~1: /Users/taormina/Code/flame/packages/flame_jenny/jenny/test/structure/commands/user_defined_command_test.dart: UserDefinedCommand evaluate a command multiple times                      00:08 +401 ~1: /Users/taormina/Code/flame/packages/flame_jenny/jenny/test/structure/commands/user_defined_command_test.dart: UserDefinedCommand evaluate a command multiple times                      00:08 +401 ~1: /Users/taormina/Code/flame/packages/flame_jenny/jenny/test/structure/commands/user_defined_command_test.dart: UserDefinedCommand access command arguments                               00:08 +402 ~1: /Users/taormina/Code/flame/packages/flame_jenny/jenny/test/structure/commands/user_defined_command_test.dart: UserDefinedCommand access command arguments                               00:08 +402 ~1: /Users/taormina/Code/flame/packages/flame_jenny/jenny/test/structure/commands/user_defined_command_test.dart: UserDefinedCommand Commands.yarn                                          00:08 +403 ~1: /Users/taormina/Code/flame/packages/flame_jenny/jenny/test/structure/commands/user_defined_command_test.dart: UserDefinedCommand Commands.yarn                                          00:08 +403 ~1: loading /Users/taormina/Code/flame/packages/flame_jenny/jenny/test/structure/commands/if_command_test.dart                                                                              00:08 +403 ~1: /Users/taormina/Code/flame/packages/flame_jenny/jenny/test/structure/commands/if_command_test.dart: IfCommand command name                                                              00:08 +404 ~1: /Users/taormina/Code/flame/packages/flame_jenny/jenny/test/structure/commands/if_command_test.dart: IfCommand command name                                                              00:08 +404 ~1: /Users/taormina/Code/flame/packages/flame_jenny/jenny/test/structure/commands/if_command_test.dart: IfCommand IfStatements.yarn                                                         00:08 +405 ~1: /Users/taormina/Code/flame/packages/flame_jenny/jenny/test/structure/commands/jump_command_test.dart: JumpCommand <<jump>> command                                                      00:08 +406 ~1: /Users/taormina/Code/flame/packages/flame_jenny/jenny/test/structure/commands/jump_command_test.dart: JumpCommand <<jump>> command                                                      00:08 +407 ~1: /Users/taormina/Code/flame/packages/flame_jenny/jenny/test/structure/commands/jump_command_test.dart: JumpCommand <<jump>> command                                                      00:08 +408 ~1: /Users/taormina/Code/flame/packages/flame_jenny/jenny/test/structure/commands/jump_command_test.dart: JumpCommand <<jump>> command                                                      00:08 +409 ~1: /Users/taormina/Code/flame/packages/flame_jenny/jenny/test/structure/commands/set_command_test.dart: SetCommand tokenize <<set>>                                                        00:08 +410 ~1: /Users/taormina/Code/flame/packages/flame_jenny/jenny/test/structure/commands/set_command_test.dart: SetCommand tokenize <<set>>                                                        00:08 +410 ~1: /Users/taormina/Code/flame/packages/flame_jenny/jenny/test/structure/commands/wait_command_test.dart: WaitCommand normal command <<wait>>                                               00:08 +411 ~1: /Users/taormina/Code/flame/packages/flame_jenny/jenny/test/structure/commands/wait_command_test.dart: WaitCommand normal command <<wait>>                                               00:08 +412 ~1: /Users/taormina/Code/flame/packages/flame_jenny/jenny/test/structure/commands/wait_command_test.dart: WaitCommand normal command <<wait>>                                               00:08 +413 ~1: /Users/taormina/Code/flame/packages/flame_jenny/jenny/test/structure/commands/wait_command_test.dart: WaitCommand normal command <<wait>>                                               00:08 +414 ~1: /Users/taormina/Code/flame/packages/flame_jenny/jenny/test/structure/commands/wait_command_test.dart: WaitCommand normal command <<wait>>                                               00:08 +415 ~1: /Users/taormina/Code/flame/packages/flame_jenny/jenny/test/structure/commands/wait_command_test.dart: WaitCommand normal command <<wait>>                                               00:08 +416 ~1: /Users/taormina/Code/flame/packages/flame_jenny/jenny/test/structure/commands/wait_command_test.dart: WaitCommand normal command <<wait>>                                               00:08 +417 ~1: /Users/taormina/Code/flame/packages/flame_jenny/jenny/test/structure/commands/wait_command_test.dart: WaitCommand normal command <<wait>>                                               00:08 +418 ~1: /Users/taormina/Code/flame/packages/flame_jenny/jenny/test/structure/commands/wait_command_test.dart: WaitCommand normal command <<wait>>                                               00:08 +419 ~1: /Users/taormina/Code/flame/packages/flame_jenny/jenny/test/structure/commands/wait_command_test.dart: WaitCommand normal command <<wait>>                                               00:08 +420 ~1: /Users/taormina/Code/flame/packages/flame_jenny/jenny/test/structure/commands/wait_command_test.dart: WaitCommand normal command <<wait>>                                               00:08 +421 ~1: /Users/taormina/Code/flame/packages/flame_jenny/jenny/test/structure/commands/wait_command_test.dart: WaitCommand normal command <<wait>>                                               00:08 +422 ~1: /Users/taormina/Code/flame/packages/flame_jenny/jenny/test/structure/commands/wait_command_test.dart: WaitCommand normal command <<wait>>                                               00:08 +423 ~1: /Users/taormina/Code/flame/packages/flame_jenny/jenny/test/structure/commands/wait_command_test.dart: WaitCommand normal command <<wait>>                                               00:09 +423 ~1: /Users/taormina/Code/flame/packages/flame_jenny/jenny/test/structure/commands/wait_command_test.dart: WaitCommand normal command <<wait>>                                               00:09 +424 ~1: /Users/taormina/Code/flame/packages/flame_jenny/jenny/test/structure/commands/wait_command_test.dart: WaitCommand normal command <<wait>>                                               00:09 +425 ~1: /Users/taormina/Code/flame/packages/flame_jenny/jenny/test/structure/commands/wait_command_test.dart: WaitCommand normal command <<wait>>                                               00:09 +426 ~1: /Users/taormina/Code/flame/packages/flame_jenny/jenny/test/structure/commands/wait_command_test.dart: WaitCommand normal command <<wait>>                                               00:09 +427 ~1: /Users/taormina/Code/flame/packages/flame_jenny/jenny/test/structure/commands/wait_command_test.dart: WaitCommand normal command <<wait>>                                               00:09 +428 ~1: /Users/taormina/Code/flame/packages/flame_jenny/jenny/test/structure/commands/wait_command_test.dart: WaitCommand normal command <<wait>>                                               00:09 +428 ~1: /Users/taormina/Code/flame/packages/flame_jenny/jenny/test/structure/commands/wait_command_test.dart: WaitCommand wrong argument type                                                   00:09 +429 ~1: /Users/taormina/Code/flame/packages/flame_jenny/jenny/test/structure/commands/wait_command_test.dart: WaitCommand wrong argument type                                                   00:09 +429 ~1: /Users/taormina/Code/flame/packages/flame_jenny/jenny/test/structure/commands/wait_command_test.dart: WaitCommand wrong command syntax                                                  00:09 +430 ~1: /Users/taormina/Code/flame/packages/flame_jenny/jenny/test/structure/commands/wait_command_test.dart: WaitCommand wrong command syntax                                                  00:09 +430 ~1: /Users/taormina/Code/flame/packages/flame_jenny/jenny/test/structure/commands/wait_command_test.dart: WaitCommand negative duration                                                     00:09 +431 ~1: /Users/taormina/Code/flame/packages/flame_jenny/jenny/test/structure/commands/wait_command_test.dart: WaitCommand negative duration                                                     00:09 +431 ~1: All tests passed!                                                                                                                                                                       
jenny: SUCCESS
--------------------------------------------------------------------------------

$ melos exec
  └> flutter test
     └> FAILED (in 3 packages)
        └> flame (with exit code 1)
        └> flame_svg (with exit code 1)
        └> flame_tiled (with exit code 1)

test:select
  └> FAILED

test
  └> FAILED
